[0.012s][info][gc,init] CardTable entry size: 512
[0.012s][info][gc     ] Using Parallel
[0.013s][info][gc,init] Version: 21+35-2513 (release)
[0.013s][info][gc,init] CPUs: 10 total, 10 available
[0.013s][info][gc,init] Memory: 32768M
[0.013s][info][gc,init] Large Page Support: Disabled
[0.013s][info][gc,init] NUMA Support: Disabled
[0.013s][info][gc,init] Compressed Oops: Enabled (Zero based)
[0.013s][info][gc,init] Alignments: Space 512K, Generation 512K, Heap 8M
[0.013s][info][gc,init] Heap Min Capacity: 8M
[0.013s][info][gc,init] Heap Initial Capacity: 512M
[0.013s][info][gc,init] Heap Max Capacity: 1G
[0.013s][info][gc,init] Pre-touch: Disabled
[0.013s][info][gc,init] Parallel Workers: 9
[0.022s][info][gc,metaspace] CDS archive(s) mapped at: [0x000000b800000000-0x000000b800ca4000-0x000000b800ca4000), size 13254656, SharedBaseAddress: 0x000000b800000000, ArchiveRelocationMode: 1.
[0.022s][info][gc,metaspace] Compressed class space mapped at: 0x000000b801000000-0x000000b841000000, reserved size: 1073741824
[0.022s][info][gc,metaspace] Narrow klass base: 0x000000b800000000, Narrow klass shift: 0, Narrow klass range: 0x100000000
[8.991s][info][gc,start    ] GC(0) Pause Young (System.gc())
[8.993s][debug][gc,age      ] GC(0) Desired survivor size 22020096 bytes, new threshold 7 (max threshold 15)
[8.994s][info ][gc,heap     ] GC(0) PSYoungGen: 28949K(153088K)->2515K(153088K) Eden: 28949K(131584K)->0K(131584K) From: 0K(21504K)->2515K(21504K)
[8.994s][info ][gc,heap     ] GC(0) ParOldGen: 1036K(349696K)->1044K(349696K)
[8.994s][info ][gc,metaspace] GC(0) Metaspace: 9377K(9664K)->9377K(9664K) NonClass: 8321K(8448K)->8321K(8448K) Class: 1055K(1216K)->1055K(1216K)
[8.994s][info ][gc          ] GC(0) Pause Young (System.gc()) 29M->3M(491M) 2.788ms
[8.994s][info ][gc,cpu      ] GC(0) User=0.01s Sys=0.01s Real=0.00s
[8.994s][info ][gc,start    ] GC(1) Pause Full (System.gc())
[8.994s][info ][gc,phases,start] GC(1) Marking Phase
[8.999s][info ][gc,phases      ] GC(1) Marking Phase 5.323ms
[8.999s][info ][gc,phases,start] GC(1) Summary Phase
[8.999s][info ][gc,phases      ] GC(1) Summary Phase 0.014ms
[8.999s][info ][gc,phases,start] GC(1) Adjust Roots
[9.001s][info ][gc,phases      ] GC(1) Adjust Roots 2.002ms
[9.001s][info ][gc,phases,start] GC(1) Compaction Phase
[9.005s][info ][gc,phases      ] GC(1) Compaction Phase 3.589ms
[9.005s][info ][gc,phases,start] GC(1) Post Compact
[9.005s][info ][gc,phases      ] GC(1) Post Compact 0.183ms
[9.005s][info ][gc,heap        ] GC(1) PSYoungGen: 2515K(153088K)->0K(153088K) Eden: 0K(131584K)->0K(131584K) From: 2515K(21504K)->0K(21504K)
[9.005s][info ][gc,heap        ] GC(1) ParOldGen: 1044K(349696K)->3353K(349696K)
[9.005s][info ][gc,metaspace   ] GC(1) Metaspace: 9377K(9664K)->9377K(9664K) NonClass: 8321K(8448K)->8321K(8448K) Class: 1055K(1216K)->1055K(1216K)
[9.005s][info ][gc             ] GC(1) Pause Full (System.gc()) 3M->3M(491M) 11.291ms
[9.005s][info ][gc,cpu         ] GC(1) User=0.04s Sys=0.01s Real=0.01s
[9.043s][info ][gc,start       ] GC(2) Pause Young (Allocation Failure)
[9.043s][debug][gc,age         ] GC(2) Desired survivor size 22020096 bytes, new threshold 7 (max threshold 15)
[9.043s][info ][gc,heap        ] GC(2) PSYoungGen: 131332K(153088K)->1341K(153088K) Eden: 131332K(131584K)->0K(131584K) From: 0K(21504K)->1341K(21504K)
[9.043s][info ][gc,heap        ] GC(2) ParOldGen: 3353K(349696K)->3361K(349696K)
[9.043s][info ][gc,metaspace   ] GC(2) Metaspace: 9552K(9856K)->9552K(9856K) NonClass: 8483K(8640K)->8483K(8640K) Class: 1069K(1216K)->1069K(1216K)
[9.043s][info ][gc             ] GC(2) Pause Young (Allocation Failure) 131M->4M(491M) 0.394ms
[9.043s][info ][gc,cpu         ] GC(2) User=0.00s Sys=0.00s Real=0.00s
[9.062s][info ][gc,start       ] GC(3) Pause Young (Allocation Failure)
[9.062s][debug][gc,age         ] GC(3) Desired survivor size 22020096 bytes, new threshold 7 (max threshold 15)
[9.062s][info ][gc,heap        ] GC(3) PSYoungGen: 132696K(153088K)->1159K(153088K) Eden: 131355K(131584K)->0K(131584K) From: 1341K(21504K)->1159K(21504K)
[9.062s][info ][gc,heap        ] GC(3) ParOldGen: 3361K(349696K)->3361K(349696K)
[9.062s][info ][gc,metaspace   ] GC(3) Metaspace: 9570K(9856K)->9570K(9856K) NonClass: 8501K(8640K)->8501K(8640K) Class: 1069K(1216K)->1069K(1216K)
[9.062s][info ][gc             ] GC(3) Pause Young (Allocation Failure) 132M->4M(491M) 0.324ms
[9.062s][info ][gc,cpu         ] GC(3) User=0.00s Sys=0.00s Real=0.00s
[9.071s][info ][gc,start       ] GC(4) Pause Young (Allocation Failure)
[9.072s][debug][gc,age         ] GC(4) Desired survivor size 22020096 bytes, new threshold 7 (max threshold 15)
[9.072s][info ][gc,heap        ] GC(4) PSYoungGen: 132447K(153088K)->1159K(153088K) Eden: 131287K(131584K)->0K(131584K) From: 1159K(21504K)->1159K(21504K)
[9.072s][info ][gc,heap        ] GC(4) ParOldGen: 3361K(349696K)->3361K(349696K)
[9.072s][info ][gc,metaspace   ] GC(4) Metaspace: 9573K(9856K)->9573K(9856K) NonClass: 8503K(8640K)->8503K(8640K) Class: 1069K(1216K)->1069K(1216K)
[9.072s][info ][gc             ] GC(4) Pause Young (Allocation Failure) 132M->4M(491M) 0.377ms
[9.072s][info ][gc,cpu         ] GC(4) User=0.00s Sys=0.00s Real=0.00s
[9.080s][info ][gc,start       ] GC(5) Pause Young (Allocation Failure)
[9.080s][debug][gc,age         ] GC(5) Desired survivor size 22020096 bytes, new threshold 7 (max threshold 15)
[9.080s][info ][gc,heap        ] GC(5) PSYoungGen: 132468K(153088K)->1159K(153088K) Eden: 131308K(131584K)->0K(131584K) From: 1159K(21504K)->1159K(21504K)
[9.080s][info ][gc,heap        ] GC(5) ParOldGen: 3361K(349696K)->3361K(349696K)
[9.080s][info ][gc,metaspace   ] GC(5) Metaspace: 9573K(9856K)->9573K(9856K) NonClass: 8504K(8640K)->8504K(8640K) Class: 1069K(1216K)->1069K(1216K)
[9.081s][info ][gc             ] GC(5) Pause Young (Allocation Failure) 132M->4M(491M) 0.327ms
[9.081s][info ][gc,cpu         ] GC(5) User=0.01s Sys=0.01s Real=0.00s
[9.089s][info ][gc,start       ] GC(6) Pause Young (Allocation Failure)
[9.089s][debug][gc,age         ] GC(6) Desired survivor size 2621440 bytes, new threshold 6 (max threshold 15)
[9.089s][info ][gc,heap        ] GC(6) PSYoungGen: 132610K(153088K)->1254K(264704K) Eden: 131450K(131584K)->0K(263168K) From: 1159K(21504K)->1254K(1536K)
[9.089s][info ][gc,heap        ] GC(6) ParOldGen: 3361K(349696K)->3361K(349696K)
[9.089s][info ][gc,metaspace   ] GC(6) Metaspace: 9573K(9856K)->9573K(9856K) NonClass: 8504K(8640K)->8504K(8640K) Class: 1069K(1216K)->1069K(1216K)
[9.089s][info ][gc             ] GC(6) Pause Young (Allocation Failure) 132M->4M(600M) 0.351ms
[9.089s][info ][gc,cpu         ] GC(6) User=0.01s Sys=0.00s Real=0.00s
[9.115s][info ][gc,start       ] GC(7) Pause Young (Allocation Failure)
[9.116s][debug][gc,age         ] GC(7) Desired survivor size 2621440 bytes, new threshold 5 (max threshold 15)
[9.116s][info ][gc,heap        ] GC(7) PSYoungGen: 264422K(264704K)->1329K(283648K) Eden: 263168K(263168K)->0K(281088K) From: 1254K(1536K)->1329K(2560K)
[9.116s][info ][gc,heap        ] GC(7) ParOldGen: 3361K(349696K)->3369K(349696K)
[9.116s][info ][gc,metaspace   ] GC(7) Metaspace: 9573K(9856K)->9573K(9856K) NonClass: 8504K(8640K)->8504K(8640K) Class: 1069K(1216K)->1069K(1216K)
[9.116s][info ][gc             ] GC(7) Pause Young (Allocation Failure) 261M->4M(618M) 0.452ms
[9.116s][info ][gc,cpu         ] GC(7) User=0.00s Sys=0.00s Real=0.01s
[9.144s][info ][gc,start       ] GC(8) Pause Young (Allocation Failure)
[9.145s][debug][gc,age         ] GC(8) Desired survivor size 2621440 bytes, new threshold 4 (max threshold 15)
[9.145s][info ][gc,heap        ] GC(8) PSYoungGen: 282302K(283648K)->486K(346624K) Eden: 280973K(281088K)->0K(344064K) From: 1329K(2560K)->486K(2560K)
[9.145s][info ][gc,heap        ] GC(8) ParOldGen: 3369K(349696K)->3978K(349696K)
[9.145s][info ][gc,metaspace   ] GC(8) Metaspace: 9573K(9856K)->9573K(9856K) NonClass: 8504K(8640K)->8504K(8640K) Class: 1069K(1216K)->1069K(1216K)
[9.145s][info ][gc             ] GC(8) Pause Young (Allocation Failure) 278M->4M(680M) 0.397ms
[9.145s][info ][gc,cpu         ] GC(8) User=0.00s Sys=0.00s Real=0.00s
[9.172s][info ][gc,start       ] GC(9) Pause Young (Allocation Failure)
[9.172s][debug][gc,age         ] GC(9) Desired survivor size 2621440 bytes, new threshold 3 (max threshold 15)
[9.172s][info ][gc,heap        ] GC(9) PSYoungGen: 344387K(346624K)->288K(346624K) Eden: 343901K(344064K)->0K(344064K) From: 486K(2560K)->288K(2560K)
[9.172s][info ][gc,heap        ] GC(9) ParOldGen: 3978K(349696K)->3978K(349696K)
[9.172s][info ][gc,metaspace   ] GC(9) Metaspace: 9573K(9856K)->9573K(9856K) NonClass: 8504K(8640K)->8504K(8640K) Class: 1069K(1216K)->1069K(1216K)
[9.172s][info ][gc             ] GC(9) Pause Young (Allocation Failure) 340M->4M(680M) 0.273ms
[9.172s][info ][gc,cpu         ] GC(9) User=0.00s Sys=0.00s Real=0.00s
[9.199s][info ][gc,start       ] GC(10) Pause Young (Allocation Failure)
[9.200s][debug][gc,age         ] GC(10) Desired survivor size 2621440 bytes, new threshold 2 (max threshold 15)
[9.200s][info ][gc,heap        ] GC(10) PSYoungGen: 344080K(346624K)->550K(346624K) Eden: 343792K(344064K)->0K(344064K) From: 288K(2560K)->550K(2560K)
[9.200s][info ][gc,heap        ] GC(10) ParOldGen: 3978K(349696K)->3986K(349696K)
[9.200s][info ][gc,metaspace   ] GC(10) Metaspace: 9573K(9856K)->9573K(9856K) NonClass: 8504K(8640K)->8504K(8640K) Class: 1069K(1216K)->1069K(1216K)
[9.200s][info ][gc             ] GC(10) Pause Young (Allocation Failure) 339M->4M(680M) 0.331ms
[9.200s][info ][gc,cpu         ] GC(10) User=0.00s Sys=0.00s Real=0.00s
[9.221s][info ][gc,start       ] GC(11) Pause Young (Allocation Failure)
[9.221s][debug][gc,age         ] GC(11) Desired survivor size 2621440 bytes, new threshold 1 (max threshold 15)
[9.221s][info ][gc,heap        ] GC(11) PSYoungGen: 344411K(346624K)->256K(346624K) Eden: 343860K(344064K)->0K(344064K) From: 550K(2560K)->256K(2560K)
[9.221s][info ][gc,heap        ] GC(11) ParOldGen: 3986K(349696K)->3986K(349696K)
[9.221s][info ][gc,metaspace   ] GC(11) Metaspace: 9573K(9856K)->9573K(9856K) NonClass: 8504K(8640K)->8504K(8640K) Class: 1069K(1216K)->1069K(1216K)
[9.221s][info ][gc             ] GC(11) Pause Young (Allocation Failure) 340M->4M(680M) 0.248ms
[9.221s][info ][gc,cpu         ] GC(11) User=0.00s Sys=0.00s Real=0.00s
[9.242s][info ][gc,start       ] GC(12) Pause Young (Allocation Failure)
[9.243s][debug][gc,age         ] GC(12) Desired survivor size 2621440 bytes, new threshold 1 (max threshold 15)
[9.243s][info ][gc,heap        ] GC(12) PSYoungGen: 344070K(346624K)->646K(346624K) Eden: 343814K(344064K)->0K(344064K) From: 256K(2560K)->646K(2560K)
[9.243s][info ][gc,heap        ] GC(12) ParOldGen: 3986K(349696K)->3986K(349696K)
[9.243s][info ][gc,metaspace   ] GC(12) Metaspace: 9573K(9856K)->9573K(9856K) NonClass: 8504K(8640K)->8504K(8640K) Class: 1069K(1216K)->1069K(1216K)
[9.243s][info ][gc             ] GC(12) Pause Young (Allocation Failure) 339M->4M(680M) 0.286ms
[9.243s][info ][gc,cpu         ] GC(12) User=0.00s Sys=0.00s Real=0.00s
[9.264s][info ][gc,start       ] GC(13) Pause Young (Allocation Failure)
[9.265s][debug][gc,age         ] GC(13) Desired survivor size 2621440 bytes, new threshold 1 (max threshold 15)
[9.265s][info ][gc,heap        ] GC(13) PSYoungGen: 344653K(346624K)->614K(346624K) Eden: 344006K(344064K)->0K(344064K) From: 646K(2560K)->614K(2560K)
[9.265s][info ][gc,heap        ] GC(13) ParOldGen: 3986K(349696K)->3986K(349696K)
[9.265s][info ][gc,metaspace   ] GC(13) Metaspace: 9573K(9856K)->9573K(9856K) NonClass: 8504K(8640K)->8504K(8640K) Class: 1069K(1216K)->1069K(1216K)
[9.265s][info ][gc             ] GC(13) Pause Young (Allocation Failure) 340M->4M(680M) 0.302ms
[9.265s][info ][gc,cpu         ] GC(13) User=0.00s Sys=0.00s Real=0.00s
[9.287s][info ][gc,start       ] GC(14) Pause Young (Allocation Failure)
[9.288s][debug][gc,age         ] GC(14) Desired survivor size 2621440 bytes, new threshold 1 (max threshold 15)
[9.288s][info ][gc,heap        ] GC(14) PSYoungGen: 344423K(346624K)->192K(346624K) Eden: 343808K(344064K)->0K(344064K) From: 614K(2560K)->192K(2560K)
[9.288s][info ][gc,heap        ] GC(14) ParOldGen: 3986K(349696K)->3986K(349696K)
[9.288s][info ][gc,metaspace   ] GC(14) Metaspace: 9573K(9856K)->9573K(9856K) NonClass: 8504K(8640K)->8504K(8640K) Class: 1069K(1216K)->1069K(1216K)
[9.288s][info ][gc             ] GC(14) Pause Young (Allocation Failure) 340M->4M(680M) 0.276ms
[9.288s][info ][gc,cpu         ] GC(14) User=0.01s Sys=0.00s Real=0.00s
[9.309s][info ][gc,start       ] GC(15) Pause Young (Allocation Failure)
[9.310s][debug][gc,age         ] GC(15) Desired survivor size 2621440 bytes, new threshold 1 (max threshold 15)
[9.310s][info ][gc,heap        ] GC(15) PSYoungGen: 344039K(346624K)->582K(332800K) Eden: 343847K(344064K)->0K(331776K) From: 192K(2560K)->582K(1024K)
[9.310s][info ][gc,heap        ] GC(15) ParOldGen: 3986K(349696K)->3986K(349696K)
[9.310s][info ][gc,metaspace   ] GC(15) Metaspace: 9573K(9856K)->9573K(9856K) NonClass: 8504K(8640K)->8504K(8640K) Class: 1069K(1216K)->1069K(1216K)
[9.310s][info ][gc             ] GC(15) Pause Young (Allocation Failure) 339M->4M(666M) 0.292ms
[9.310s][info ][gc,cpu         ] GC(15) User=0.00s Sys=0.00s Real=0.00s
[9.331s][info ][gc,start       ] GC(16) Pause Young (Allocation Failure)
[9.331s][debug][gc,age         ] GC(16) Desired survivor size 2621440 bytes, new threshold 1 (max threshold 15)
[9.331s][info ][gc,heap        ] GC(16) PSYoungGen: 332358K(332800K)->582K(321024K) Eden: 331776K(331776K)->0K(320000K) From: 582K(1024K)->582K(1024K)
[9.331s][info ][gc,heap        ] GC(16) ParOldGen: 3986K(349696K)->4018K(349696K)
[9.331s][info ][gc,metaspace   ] GC(16) Metaspace: 9573K(9856K)->9573K(9856K) NonClass: 8504K(8640K)->8504K(8640K) Class: 1069K(1216K)->1069K(1216K)
[9.331s][info ][gc             ] GC(16) Pause Young (Allocation Failure) 328M->4M(655M) 0.321ms
[9.331s][info ][gc,cpu         ] GC(16) User=0.00s Sys=0.00s Real=0.00s
[9.352s][info ][gc,start       ] GC(17) Pause Young (Allocation Failure)
[9.352s][debug][gc,age         ] GC(17) Desired survivor size 2097152 bytes, new threshold 1 (max threshold 15)
[9.352s][info ][gc,heap        ] GC(17) PSYoungGen: 320285K(321024K)->550K(311296K) Eden: 319702K(320000K)->0K(308736K) From: 582K(1024K)->550K(2560K)
[9.352s][info ][gc,heap        ] GC(17) ParOldGen: 4018K(349696K)->4018K(349696K)
[9.352s][info ][gc,metaspace   ] GC(17) Metaspace: 9573K(9856K)->9573K(9856K) NonClass: 8504K(8640K)->8504K(8640K) Class: 1069K(1216K)->1069K(1216K)
[9.352s][info ][gc             ] GC(17) Pause Young (Allocation Failure) 316M->4M(645M) 0.305ms
[9.352s][info ][gc,cpu         ] GC(17) User=0.01s Sys=0.00s Real=0.00s
[9.371s][info ][gc,start       ] GC(18) Pause Young (Allocation Failure)
[9.371s][debug][gc,age         ] GC(18) Desired survivor size 2097152 bytes, new threshold 1 (max threshold 15)
[9.371s][info ][gc,heap        ] GC(18) PSYoungGen: 309244K(311296K)->454K(298496K) Eden: 308694K(308736K)->0K(297984K) From: 550K(2560K)->454K(512K)
[9.371s][info ][gc,heap        ] GC(18) ParOldGen: 4018K(349696K)->4042K(349696K)
[9.371s][info ][gc,metaspace   ] GC(18) Metaspace: 9573K(9856K)->9573K(9856K) NonClass: 8504K(8640K)->8504K(8640K) Class: 1069K(1216K)->1069K(1216K)
[9.371s][info ][gc             ] GC(18) Pause Young (Allocation Failure) 305M->4M(633M) 0.242ms
[9.371s][info ][gc,cpu         ] GC(18) User=0.01s Sys=0.00s Real=0.00s
[9.389s][info ][gc,start       ] GC(19) Pause Young (Allocation Failure)
[9.389s][debug][gc,age         ] GC(19) Desired survivor size 2097152 bytes, new threshold 1 (max threshold 15)
[9.389s][info ][gc,heap        ] GC(19) PSYoungGen: 298133K(298496K)->486K(289792K) Eden: 297679K(297984K)->0K(287744K) From: 454K(512K)->486K(2048K)
[9.389s][info ][gc,heap        ] GC(19) ParOldGen: 4042K(349696K)->4042K(349696K)
[9.389s][info ][gc,metaspace   ] GC(19) Metaspace: 9573K(9856K)->9573K(9856K) NonClass: 8504K(8640K)->8504K(8640K) Class: 1069K(1216K)->1069K(1216K)
[9.389s][info ][gc             ] GC(19) Pause Young (Allocation Failure) 295M->4M(624M) 0.198ms
[9.389s][info ][gc,cpu         ] GC(19) User=0.00s Sys=0.00s Real=0.00s
[9.407s][info ][gc,start       ] GC(20) Pause Young (Allocation Failure)
[9.407s][debug][gc,age         ] GC(20) Desired survivor size 2097152 bytes, new threshold 1 (max threshold 15)
[9.407s][info ][gc,heap        ] GC(20) PSYoungGen: 287869K(289792K)->486K(278528K) Eden: 287382K(287744K)->0K(278016K) From: 486K(2048K)->486K(512K)
[9.407s][info ][gc,heap        ] GC(20) ParOldGen: 4042K(349696K)->4042K(349696K)
[9.407s][info ][gc,metaspace   ] GC(20) Metaspace: 9573K(9856K)->9573K(9856K) NonClass: 8504K(8640K)->8504K(8640K) Class: 1069K(1216K)->1069K(1216K)
[9.407s][info ][gc             ] GC(20) Pause Young (Allocation Failure) 285M->4M(613M) 0.266ms
[9.407s][info ][gc,cpu         ] GC(20) User=0.01s Sys=0.01s Real=0.00s
[9.424s][info ][gc,start       ] GC(21) Pause Young (Allocation Failure)
[9.424s][debug][gc,age         ] GC(21) Desired survivor size 2097152 bytes, new threshold 1 (max threshold 15)
[9.424s][info ][gc,heap        ] GC(21) PSYoungGen: 278396K(278528K)->64K(270848K) Eden: 277909K(278016K)->0K(268800K) From: 486K(512K)->64K(2048K)
[9.424s][info ][gc,heap        ] GC(21) ParOldGen: 4042K(349696K)->4042K(349696K)
[9.424s][info ][gc,metaspace   ] GC(21) Metaspace: 9573K(9856K)->9573K(9856K) NonClass: 8504K(8640K)->8504K(8640K) Class: 1069K(1216K)->1069K(1216K)
[9.424s][info ][gc             ] GC(21) Pause Young (Allocation Failure) 275M->4M(606M) 0.214ms
[9.424s][info ][gc,cpu         ] GC(21) User=0.01s Sys=0.00s Real=0.00s
[9.440s][info ][gc,start       ] GC(22) Pause Young (Allocation Failure)
[9.441s][debug][gc,age         ] GC(22) Desired survivor size 2097152 bytes, new threshold 1 (max threshold 15)
[9.441s][info ][gc,heap        ] GC(22) PSYoungGen: 268743K(270848K)->96K(340480K) Eden: 268679K(268800K)->0K(338432K) From: 64K(2048K)->96K(2048K)
[9.441s][info ][gc,heap        ] GC(22) ParOldGen: 4042K(349696K)->4042K(349696K)
[9.441s][info ][gc,metaspace   ] GC(22) Metaspace: 9573K(9856K)->9573K(9856K) NonClass: 8504K(8640K)->8504K(8640K) Class: 1069K(1216K)->1069K(1216K)
[9.441s][info ][gc             ] GC(22) Pause Young (Allocation Failure) 266M->4M(674M) 0.290ms
[9.441s][info ][gc,cpu         ] GC(22) User=0.00s Sys=0.00s Real=0.00s
[9.463s][info ][gc,start       ] GC(23) Pause Young (Allocation Failure)
[9.463s][debug][gc,age         ] GC(23) Desired survivor size 2097152 bytes, new threshold 1 (max threshold 15)
[9.463s][info ][gc,heap        ] GC(23) PSYoungGen: 338263K(340480K)->96K(327168K) Eden: 338167K(338432K)->0K(326656K) From: 96K(2048K)->96K(512K)
[9.463s][info ][gc,heap        ] GC(23) ParOldGen: 4042K(349696K)->4042K(349696K)
[9.463s][info ][gc,metaspace   ] GC(23) Metaspace: 9573K(9856K)->9573K(9856K) NonClass: 8504K(8640K)->8504K(8640K) Class: 1069K(1216K)->1069K(1216K)
[9.463s][info ][gc             ] GC(23) Pause Young (Allocation Failure) 334M->4M(661M) 0.252ms
[9.463s][info ][gc,cpu         ] GC(23) User=0.00s Sys=0.00s Real=0.00s
[9.487s][info ][gc,start       ] GC(24) Pause Young (Allocation Failure)
[9.487s][debug][gc,age         ] GC(24) Desired survivor size 2097152 bytes, new threshold 1 (max threshold 15)
[9.487s][info ][gc,heap        ] GC(24) PSYoungGen: 326752K(327168K)->96K(315904K) Eden: 326656K(326656K)->0K(315392K) From: 96K(512K)->96K(512K)
[9.487s][info ][gc,heap        ] GC(24) ParOldGen: 4042K(349696K)->4042K(349696K)
[9.487s][info ][gc,metaspace   ] GC(24) Metaspace: 9573K(9856K)->9573K(9856K) NonClass: 8504K(8640K)->8504K(8640K) Class: 1069K(1216K)->1069K(1216K)
[9.487s][info ][gc             ] GC(24) Pause Young (Allocation Failure) 323M->4M(650M) 0.228ms
[9.487s][info ][gc,cpu         ] GC(24) User=0.00s Sys=0.00s Real=0.00s
[9.511s][info ][gc,start       ] GC(25) Pause Young (Allocation Failure)
[9.511s][debug][gc,age         ] GC(25) Desired survivor size 2097152 bytes, new threshold 1 (max threshold 15)
[9.511s][info ][gc,heap        ] GC(25) PSYoungGen: 315448K(315904K)->96K(306688K) Eden: 315352K(315392K)->0K(304640K) From: 96K(512K)->96K(2048K)
[9.511s][info ][gc,heap        ] GC(25) ParOldGen: 4042K(349696K)->4042K(349696K)
[9.511s][info ][gc,metaspace   ] GC(25) Metaspace: 9573K(9856K)->9573K(9856K) NonClass: 8504K(8640K)->8504K(8640K) Class: 1069K(1216K)->1069K(1216K)
[9.511s][info ][gc             ] GC(25) Pause Young (Allocation Failure) 312M->4M(641M) 0.177ms
[9.511s][info ][gc,cpu         ] GC(25) User=0.00s Sys=0.00s Real=0.00s
[9.532s][info ][gc,start       ] GC(26) Pause Young (Allocation Failure)
[9.532s][debug][gc,age         ] GC(26) Desired survivor size 2097152 bytes, new threshold 1 (max threshold 15)
[9.532s][info ][gc,heap        ] GC(26) PSYoungGen: 304393K(306688K)->96K(294912K) Eden: 304297K(304640K)->0K(294400K) From: 96K(2048K)->96K(512K)
[9.532s][info ][gc,heap        ] GC(26) ParOldGen: 4042K(349696K)->4042K(349696K)
[9.532s][info ][gc,metaspace   ] GC(26) Metaspace: 9573K(9856K)->9573K(9856K) NonClass: 8504K(8640K)->8504K(8640K) Class: 1069K(1216K)->1069K(1216K)
[9.532s][info ][gc             ] GC(26) Pause Young (Allocation Failure) 301M->4M(629M) 0.277ms
[9.532s][info ][gc,cpu         ] GC(26) User=0.00s Sys=0.00s Real=0.00s
[9.553s][info ][gc,start       ] GC(27) Pause Young (Allocation Failure)
[9.553s][debug][gc,age         ] GC(27) Desired survivor size 1572864 bytes, new threshold 1 (max threshold 15)
[9.553s][info ][gc,heap        ] GC(27) PSYoungGen: 294243K(294912K)->518K(286720K) Eden: 294147K(294400K)->0K(284672K) From: 96K(512K)->518K(2048K)
[9.553s][info ][gc,heap        ] GC(27) ParOldGen: 4042K(349696K)->4042K(349696K)
[9.553s][info ][gc,metaspace   ] GC(27) Metaspace: 9573K(9856K)->9573K(9856K) NonClass: 8504K(8640K)->8504K(8640K) Class: 1069K(1216K)->1069K(1216K)
[9.553s][info ][gc             ] GC(27) Pause Young (Allocation Failure) 291M->4M(621M) 0.206ms
[9.553s][info ][gc,cpu         ] GC(27) User=0.00s Sys=0.00s Real=0.00s
[9.574s][info ][gc,start       ] GC(28) Pause Young (Allocation Failure)
[9.574s][debug][gc,age         ] GC(28) Desired survivor size 1572864 bytes, new threshold 1 (max threshold 15)
[9.574s][info ][gc,heap        ] GC(28) PSYoungGen: 285190K(286720K)->128K(275456K) Eden: 284672K(284672K)->0K(274944K) From: 518K(2048K)->128K(512K)
[9.574s][info ][gc,heap        ] GC(28) ParOldGen: 4042K(349696K)->4042K(349696K)
[9.574s][info ][gc,metaspace   ] GC(28) Metaspace: 9574K(9856K)->9574K(9856K) NonClass: 8505K(8640K)->8505K(8640K) Class: 1069K(1216K)->1069K(1216K)
[9.574s][info ][gc             ] GC(28) Pause Young (Allocation Failure) 282M->4M(610M) 0.294ms
[9.574s][info ][gc,cpu         ] GC(28) User=0.00s Sys=0.00s Real=0.00s
[9.594s][info ][gc,start       ] GC(29) Pause Young (Allocation Failure)
[9.594s][debug][gc,age         ] GC(29) Desired survivor size 1572864 bytes, new threshold 1 (max threshold 15)
[9.594s][info ][gc,heap        ] GC(29) PSYoungGen: 275072K(275456K)->486K(267264K) Eden: 274944K(274944K)->0K(265728K) From: 128K(512K)->486K(1536K)
[9.594s][info ][gc,heap        ] GC(29) ParOldGen: 4042K(349696K)->4090K(349696K)
[9.594s][info ][gc,metaspace   ] GC(29) Metaspace: 9574K(9856K)->9574K(9856K) NonClass: 8505K(8640K)->8505K(8640K) Class: 1069K(1216K)->1069K(1216K)
[9.594s][info ][gc             ] GC(29) Pause Young (Allocation Failure) 272M->4M(602M) 0.236ms
[9.594s][info ][gc,cpu         ] GC(29) User=0.00s Sys=0.00s Real=0.00s
[9.614s][info ][gc,start       ] GC(30) Pause Young (Allocation Failure)
[9.614s][debug][gc,age         ] GC(30) Desired survivor size 1572864 bytes, new threshold 1 (max threshold 15)
[9.614s][info ][gc,heap        ] GC(30) PSYoungGen: 266104K(267264K)->96K(257536K) Eden: 265617K(265728K)->0K(257024K) From: 486K(1536K)->96K(512K)
[9.614s][info ][gc,heap        ] GC(30) ParOldGen: 4090K(349696K)->4090K(349696K)
[9.614s][info ][gc,metaspace   ] GC(30) Metaspace: 9574K(9856K)->9574K(9856K) NonClass: 8505K(8640K)->8505K(8640K) Class: 1069K(1216K)->1069K(1216K)
[9.614s][info ][gc             ] GC(30) Pause Young (Allocation Failure) 263M->4M(593M) 0.301ms
[9.614s][info ][gc,cpu         ] GC(30) User=0.00s Sys=0.01s Real=0.00s
[9.633s][info ][gc,start       ] GC(31) Pause Young (Allocation Failure)
[9.633s][debug][gc,age         ] GC(31) Desired survivor size 1572864 bytes, new threshold 1 (max threshold 15)
[9.633s][info ][gc,heap        ] GC(31) PSYoungGen: 256921K(257536K)->96K(250368K) Eden: 256825K(257024K)->0K(248832K) From: 96K(512K)->96K(1536K)
[9.633s][info ][gc,heap        ] GC(31) ParOldGen: 4090K(349696K)->4090K(349696K)
[9.633s][info ][gc,metaspace   ] GC(31) Metaspace: 9574K(9856K)->9574K(9856K) NonClass: 8505K(8640K)->8505K(8640K) Class: 1069K(1216K)->1069K(1216K)
[9.633s][info ][gc             ] GC(31) Pause Young (Allocation Failure) 254M->4M(586M) 0.257ms
[9.633s][info ][gc,cpu         ] GC(31) User=0.00s Sys=0.00s Real=0.00s
[9.652s][info ][gc,start       ] GC(32) Pause Young (Allocation Failure)
[9.652s][debug][gc,age         ] GC(32) Desired survivor size 1572864 bytes, new threshold 1 (max threshold 15)
[9.652s][info ][gc,heap        ] GC(32) PSYoungGen: 248687K(250368K)->486K(241664K) Eden: 248591K(248832K)->0K(241152K) From: 96K(1536K)->486K(512K)
[9.652s][info ][gc,heap        ] GC(32) ParOldGen: 4090K(349696K)->4090K(349696K)
[9.652s][info ][gc,metaspace   ] GC(32) Metaspace: 9574K(9856K)->9574K(9856K) NonClass: 8505K(8640K)->8505K(8640K) Class: 1069K(1216K)->1069K(1216K)
[9.652s][info ][gc             ] GC(32) Pause Young (Allocation Failure) 246M->4M(577M) 0.224ms
[9.652s][info ][gc,cpu         ] GC(32) User=0.00s Sys=0.00s Real=0.00s
[9.669s][info ][gc,start       ] GC(33) Pause Young (Allocation Failure)
[9.669s][debug][gc,age         ] GC(33) Desired survivor size 1572864 bytes, new threshold 1 (max threshold 15)
[9.670s][info ][gc,heap        ] GC(33) PSYoungGen: 241638K(241664K)->96K(235008K) Eden: 241152K(241152K)->0K(233472K) From: 486K(512K)->96K(1536K)
[9.670s][info ][gc,heap        ] GC(33) ParOldGen: 4090K(349696K)->4090K(349696K)
[9.670s][info ][gc,metaspace   ] GC(33) Metaspace: 9574K(9856K)->9574K(9856K) NonClass: 8505K(8640K)->8505K(8640K) Class: 1069K(1216K)->1069K(1216K)
[9.670s][info ][gc             ] GC(33) Pause Young (Allocation Failure) 239M->4M(571M) 0.242ms
[9.670s][info ][gc,cpu         ] GC(33) User=0.00s Sys=0.00s Real=0.00s
[9.687s][info ][gc,start       ] GC(34) Pause Young (Allocation Failure)
[9.687s][debug][gc,age         ] GC(34) Desired survivor size 1572864 bytes, new threshold 1 (max threshold 15)
[9.687s][info ][gc,heap        ] GC(34) PSYoungGen: 233227K(235008K)->96K(226816K) Eden: 233131K(233472K)->0K(226304K) From: 96K(1536K)->96K(512K)
[9.687s][info ][gc,heap        ] GC(34) ParOldGen: 4090K(349696K)->4090K(349696K)
[9.687s][info ][gc,metaspace   ] GC(34) Metaspace: 9574K(9856K)->9574K(9856K) NonClass: 8505K(8640K)->8505K(8640K) Class: 1069K(1216K)->1069K(1216K)
[9.687s][info ][gc             ] GC(34) Pause Young (Allocation Failure) 231M->4M(563M) 0.289ms
[9.687s][info ][gc,cpu         ] GC(34) User=0.00s Sys=0.00s Real=0.00s
[9.704s][info ][gc,start       ] GC(35) Pause Young (Allocation Failure)
[9.704s][debug][gc,age         ] GC(35) Desired survivor size 1572864 bytes, new threshold 1 (max threshold 15)
[9.704s][info ][gc,heap        ] GC(35) PSYoungGen: 226262K(226816K)->96K(284672K) Eden: 226166K(226304K)->0K(283136K) From: 96K(512K)->96K(1536K)
[9.704s][info ][gc,heap        ] GC(35) ParOldGen: 4090K(349696K)->4090K(349696K)
[9.704s][info ][gc,metaspace   ] GC(35) Metaspace: 9574K(9856K)->9574K(9856K) NonClass: 8505K(8640K)->8505K(8640K) Class: 1069K(1216K)->1069K(1216K)
[9.704s][info ][gc             ] GC(35) Pause Young (Allocation Failure) 224M->4M(619M) 0.255ms
[9.704s][info ][gc,cpu         ] GC(35) User=0.00s Sys=0.00s Real=0.00s
[9.725s][info ][gc,start       ] GC(36) Pause Young (Allocation Failure)
[9.725s][debug][gc,age         ] GC(36) Desired survivor size 1572864 bytes, new threshold 1 (max threshold 15)
[9.725s][info ][gc,heap        ] GC(36) PSYoungGen: 283155K(284672K)->486K(332288K) Eden: 283059K(283136K)->0K(330752K) From: 96K(1536K)->486K(1536K)
[9.725s][info ][gc,heap        ] GC(36) ParOldGen: 4090K(349696K)->4090K(349696K)
[9.725s][info ][gc,metaspace   ] GC(36) Metaspace: 9574K(9856K)->9574K(9856K) NonClass: 8505K(8640K)->8505K(8640K) Class: 1069K(1216K)->1069K(1216K)
[9.725s][info ][gc             ] GC(36) Pause Young (Allocation Failure) 280M->4M(666M) 0.295ms
[9.725s][info ][gc,cpu         ] GC(36) User=0.00s Sys=0.00s Real=0.00s
[9.749s][info ][gc,start       ] GC(37) Pause Young (Allocation Failure)
[9.750s][debug][gc,age         ] GC(37) Desired survivor size 1572864 bytes, new threshold 1 (max threshold 15)
[9.750s][info ][gc,heap        ] GC(37) PSYoungGen: 331224K(332288K)->96K(319488K) Eden: 330737K(330752K)->0K(318976K) From: 486K(1536K)->96K(512K)
[9.750s][info ][gc,heap        ] GC(37) ParOldGen: 4090K(349696K)->4090K(349696K)
[9.750s][info ][gc,metaspace   ] GC(37) Metaspace: 9574K(9856K)->9574K(9856K) NonClass: 8505K(8640K)->8505K(8640K) Class: 1069K(1216K)->1069K(1216K)
[9.750s][info ][gc             ] GC(37) Pause Young (Allocation Failure) 327M->4M(653M) 0.283ms
[9.750s][info ][gc,cpu         ] GC(37) User=0.00s Sys=0.00s Real=0.00s
[9.772s][info ][gc,start       ] GC(38) Pause Young (Allocation Failure)
[9.772s][debug][gc,age         ] GC(38) Desired survivor size 1048576 bytes, new threshold 1 (max threshold 15)
[9.773s][info ][gc,heap        ] GC(38) PSYoungGen: 319072K(319488K)->96K(308224K) Eden: 318976K(318976K)->0K(307712K) From: 96K(512K)->96K(512K)
[9.773s][info ][gc,heap        ] GC(38) ParOldGen: 4090K(349696K)->4090K(349696K)
[9.773s][info ][gc,metaspace   ] GC(38) Metaspace: 9574K(9856K)->9574K(9856K) NonClass: 8505K(8640K)->8505K(8640K) Class: 1069K(1216K)->1069K(1216K)
[9.773s][info ][gc             ] GC(38) Pause Young (Allocation Failure) 315M->4M(642M) 0.265ms
[9.773s][info ][gc,cpu         ] GC(38) User=0.00s Sys=0.00s Real=0.00s
[9.795s][info ][gc,start       ] GC(39) Pause Young (Allocation Failure)
[9.795s][debug][gc,age         ] GC(39) Desired survivor size 1048576 bytes, new threshold 1 (max threshold 15)
[9.795s][info ][gc,heap        ] GC(39) PSYoungGen: 307684K(308224K)->96K(297984K) Eden: 307588K(307712K)->0K(296960K) From: 96K(512K)->96K(1024K)
[9.795s][info ][gc,heap        ] GC(39) ParOldGen: 4090K(349696K)->4090K(349696K)
[9.795s][info ][gc,metaspace   ] GC(39) Metaspace: 9574K(9856K)->9574K(9856K) NonClass: 8505K(8640K)->8505K(8640K) Class: 1069K(1216K)->1069K(1216K)
[9.795s][info ][gc             ] GC(39) Pause Young (Allocation Failure) 304M->4M(632M) 0.296ms
[9.795s][info ][gc,cpu         ] GC(39) User=0.00s Sys=0.00s Real=0.01s
[9.817s][info ][gc,start       ] GC(40) Pause Young (Allocation Failure)
[9.817s][debug][gc,age         ] GC(40) Desired survivor size 1048576 bytes, new threshold 1 (max threshold 15)
[9.817s][info ][gc,heap        ] GC(40) PSYoungGen: 297056K(297984K)->518K(287744K) Eden: 296960K(296960K)->0K(286720K) From: 96K(1024K)->518K(1024K)
[9.817s][info ][gc,heap        ] GC(40) ParOldGen: 4090K(349696K)->4090K(349696K)
[9.817s][info ][gc,metaspace   ] GC(40) Metaspace: 9574K(9856K)->9574K(9856K) NonClass: 8505K(8640K)->8505K(8640K) Class: 1069K(1216K)->1069K(1216K)
[9.817s][info ][gc             ] GC(40) Pause Young (Allocation Failure) 294M->4M(622M) 0.292ms
[9.817s][info ][gc,cpu         ] GC(40) User=0.00s Sys=0.00s Real=0.00s
[9.838s][info ][gc,start       ] GC(41) Pause Young (Allocation Failure)
[9.838s][debug][gc,age         ] GC(41) Desired survivor size 1048576 bytes, new threshold 1 (max threshold 15)
[9.839s][info ][gc,heap        ] GC(41) PSYoungGen: 286939K(287744K)->486K(277504K) Eden: 286421K(286720K)->0K(276992K) From: 518K(1024K)->486K(512K)
[9.839s][info ][gc,heap        ] GC(41) ParOldGen: 4090K(349696K)->4122K(349696K)
[9.839s][info ][gc,metaspace   ] GC(41) Metaspace: 9574K(9856K)->9574K(9856K) NonClass: 8505K(8640K)->8505K(8640K) Class: 1069K(1216K)->1069K(1216K)
[9.839s][info ][gc             ] GC(41) Pause Young (Allocation Failure) 284M->4M(612M) 0.259ms
[9.839s][info ][gc,cpu         ] GC(41) User=0.00s Sys=0.00s Real=0.00s
[9.859s][info ][gc,start       ] GC(42) Pause Young (Allocation Failure)
[9.859s][debug][gc,age         ] GC(42) Desired survivor size 1048576 bytes, new threshold 1 (max threshold 15)
[9.859s][info ][gc,heap        ] GC(42) PSYoungGen: 277478K(277504K)->96K(268288K) Eden: 276992K(276992K)->0K(267776K) From: 486K(512K)->96K(512K)
[9.859s][info ][gc,heap        ] GC(42) ParOldGen: 4122K(349696K)->4122K(349696K)
[9.859s][info ][gc,metaspace   ] GC(42) Metaspace: 9574K(9856K)->9574K(9856K) NonClass: 8505K(8640K)->8505K(8640K) Class: 1069K(1216K)->1069K(1216K)
[9.859s][info ][gc             ] GC(42) Pause Young (Allocation Failure) 275M->4M(603M) 0.277ms
[9.859s][info ][gc,cpu         ] GC(42) User=0.00s Sys=0.00s Real=0.00s
[9.879s][info ][gc,start       ] GC(43) Pause Young (Allocation Failure)
[9.879s][debug][gc,age         ] GC(43) Desired survivor size 1048576 bytes, new threshold 1 (max threshold 15)
[9.879s][info ][gc,heap        ] GC(43) PSYoungGen: 267774K(268288K)->96K(260096K) Eden: 267678K(267776K)->0K(259072K) From: 96K(512K)->96K(1024K)
[9.879s][info ][gc,heap        ] GC(43) ParOldGen: 4122K(349696K)->4122K(349696K)
[9.879s][info ][gc,metaspace   ] GC(43) Metaspace: 9574K(9856K)->9574K(9856K) NonClass: 8505K(8640K)->8505K(8640K) Class: 1069K(1216K)->1069K(1216K)
[9.879s][info ][gc             ] GC(43) Pause Young (Allocation Failure) 265M->4M(595M) 0.285ms
[9.879s][info ][gc,cpu         ] GC(43) User=0.00s Sys=0.00s Real=0.00s
[9.897s][info ][gc,start       ] GC(44) Pause Young (Allocation Failure)
[9.898s][debug][gc,age         ] GC(44) Desired survivor size 1048576 bytes, new threshold 1 (max threshold 15)
[9.898s][info ][gc,heap        ] GC(44) PSYoungGen: 259168K(260096K)->486K(251392K) Eden: 259072K(259072K)->0K(250880K) From: 96K(1024K)->486K(512K)
[9.898s][info ][gc,heap        ] GC(44) ParOldGen: 4122K(349696K)->4122K(349696K)
[9.898s][info ][gc,metaspace   ] GC(44) Metaspace: 9574K(9856K)->9574K(9856K) NonClass: 8505K(8640K)->8505K(8640K) Class: 1069K(1216K)->1069K(1216K)
[9.898s][info ][gc             ] GC(44) Pause Young (Allocation Failure) 257M->4M(587M) 0.241ms
[9.898s][info ][gc,cpu         ] GC(44) User=0.00s Sys=0.00s Real=0.00s
[9.916s][info ][gc,start       ] GC(45) Pause Young (Allocation Failure)
[9.916s][debug][gc,age         ] GC(45) Desired survivor size 1048576 bytes, new threshold 1 (max threshold 15)
[9.916s][info ][gc,heap        ] GC(45) PSYoungGen: 251059K(251392K)->486K(307200K) Eden: 250572K(250880K)->0K(306176K) From: 486K(512K)->486K(1024K)
[9.916s][info ][gc,heap        ] GC(45) ParOldGen: 4122K(349696K)->4122K(349696K)
[9.916s][info ][gc,metaspace   ] GC(45) Metaspace: 9574K(9856K)->9574K(9856K) NonClass: 8505K(8640K)->8505K(8640K) Class: 1069K(1216K)->1069K(1216K)
[9.916s][info ][gc             ] GC(45) Pause Young (Allocation Failure) 249M->4M(641M) 0.255ms
[9.916s][info ][gc,cpu         ] GC(45) User=0.00s Sys=0.00s Real=0.00s
[9.939s][info ][gc,start       ] GC(46) Pause Young (Allocation Failure)
[9.939s][debug][gc,age         ] GC(46) Desired survivor size 1048576 bytes, new threshold 1 (max threshold 15)
[9.939s][info ][gc,heap        ] GC(46) PSYoungGen: 306634K(307200K)->486K(296448K) Eden: 306147K(306176K)->0K(295936K) From: 486K(1024K)->486K(512K)
[9.939s][info ][gc,heap        ] GC(46) ParOldGen: 4122K(349696K)->4122K(349696K)
[9.939s][info ][gc,metaspace   ] GC(46) Metaspace: 9574K(9856K)->9574K(9856K) NonClass: 8505K(8640K)->8505K(8640K) Class: 1069K(1216K)->1069K(1216K)
[9.939s][info ][gc             ] GC(46) Pause Young (Allocation Failure) 303M->4M(631M) 0.264ms
[9.939s][info ][gc,cpu         ] GC(46) User=0.00s Sys=0.00s Real=0.00s
[9.961s][info ][gc,start       ] GC(47) Pause Young (Allocation Failure)
[9.961s][debug][gc,age         ] GC(47) Desired survivor size 1048576 bytes, new threshold 1 (max threshold 15)
[9.961s][info ][gc,heap        ] GC(47) PSYoungGen: 296422K(296448K)->486K(286720K) Eden: 295936K(295936K)->0K(285696K) From: 486K(512K)->486K(1024K)
[9.961s][info ][gc,heap        ] GC(47) ParOldGen: 4122K(349696K)->4122K(349696K)
[9.961s][info ][gc,metaspace   ] GC(47) Metaspace: 9574K(9856K)->9574K(9856K) NonClass: 8505K(8640K)->8505K(8640K) Class: 1069K(1216K)->1069K(1216K)
[9.961s][info ][gc             ] GC(47) Pause Young (Allocation Failure) 293M->4M(621M) 0.207ms
[9.961s][info ][gc,cpu         ] GC(47) User=0.00s Sys=0.00s Real=0.00s
[9.982s][info ][gc,start       ] GC(48) Pause Young (Allocation Failure)
[9.982s][debug][gc,age         ] GC(48) Desired survivor size 1048576 bytes, new threshold 1 (max threshold 15)
[9.982s][info ][gc,heap        ] GC(48) PSYoungGen: 286182K(286720K)->486K(276480K) Eden: 285696K(285696K)->0K(275968K) From: 486K(1024K)->486K(512K)
[9.982s][info ][gc,heap        ] GC(48) ParOldGen: 4122K(349696K)->4122K(349696K)
[9.982s][info ][gc,metaspace   ] GC(48) Metaspace: 9574K(9856K)->9574K(9856K) NonClass: 8505K(8640K)->8505K(8640K) Class: 1069K(1216K)->1069K(1216K)
[9.982s][info ][gc             ] GC(48) Pause Young (Allocation Failure) 283M->4M(611M) 0.264ms
[9.982s][info ][gc,cpu         ] GC(48) User=0.00s Sys=0.00s Real=0.00s
[10.002s][info ][gc,start       ] GC(49) Pause Young (Allocation Failure)
[10.002s][debug][gc,age         ] GC(49) Desired survivor size 1048576 bytes, new threshold 1 (max threshold 15)
[10.002s][info ][gc,heap        ] GC(49) PSYoungGen: 276454K(276480K)->486K(267776K) Eden: 275968K(275968K)->0K(266752K) From: 486K(512K)->486K(1024K)
[10.002s][info ][gc,heap        ] GC(49) ParOldGen: 4122K(349696K)->4122K(349696K)
[10.002s][info ][gc,metaspace   ] GC(49) Metaspace: 9574K(9856K)->9574K(9856K) NonClass: 8505K(8640K)->8505K(8640K) Class: 1069K(1216K)->1069K(1216K)
[10.002s][info ][gc             ] GC(49) Pause Young (Allocation Failure) 274M->4M(603M) 0.262ms
[10.002s][info ][gc,cpu         ] GC(49) User=0.00s Sys=0.00s Real=0.00s
[10.022s][info ][gc,start       ] GC(50) Pause Young (Allocation Failure)
[10.022s][debug][gc,age         ] GC(50) Desired survivor size 1048576 bytes, new threshold 1 (max threshold 15)
[10.022s][info ][gc,heap        ] GC(50) PSYoungGen: 266985K(267776K)->96K(258560K) Eden: 266498K(266752K)->0K(258048K) From: 486K(1024K)->96K(512K)
[10.022s][info ][gc,heap        ] GC(50) ParOldGen: 4122K(349696K)->4122K(349696K)
[10.022s][info ][gc,metaspace   ] GC(50) Metaspace: 9574K(9856K)->9574K(9856K) NonClass: 8505K(8640K)->8505K(8640K) Class: 1069K(1216K)->1069K(1216K)
[10.022s][info ][gc             ] GC(50) Pause Young (Allocation Failure) 264M->4M(594M) 0.223ms
[10.022s][info ][gc,cpu         ] GC(50) User=0.00s Sys=0.00s Real=0.00s
[10.041s][info ][gc,start       ] GC(51) Pause Young (Allocation Failure)
[10.041s][debug][gc,age         ] GC(51) Desired survivor size 1048576 bytes, new threshold 1 (max threshold 15)
[10.041s][info ][gc,heap        ] GC(51) PSYoungGen: 258144K(258560K)->96K(250880K) Eden: 258048K(258048K)->0K(249856K) From: 96K(512K)->96K(1024K)
[10.041s][info ][gc,heap        ] GC(51) ParOldGen: 4122K(349696K)->4122K(349696K)
[10.041s][info ][gc,metaspace   ] GC(51) Metaspace: 9574K(9856K)->9574K(9856K) NonClass: 8505K(8640K)->8505K(8640K) Class: 1069K(1216K)->1069K(1216K)
[10.041s][info ][gc             ] GC(51) Pause Young (Allocation Failure) 256M->4M(586M) 0.250ms
[10.041s][info ][gc,cpu         ] GC(51) User=0.00s Sys=0.00s Real=0.00s
[10.059s][info ][gc,start       ] GC(52) Pause Young (Allocation Failure)
[10.060s][debug][gc,age         ] GC(52) Desired survivor size 1048576 bytes, new threshold 1 (max threshold 15)
[10.060s][info ][gc,heap        ] GC(52) PSYoungGen: 249867K(250880K)->96K(242688K) Eden: 249771K(249856K)->0K(242176K) From: 96K(1024K)->96K(512K)
[10.060s][info ][gc,heap        ] GC(52) ParOldGen: 4122K(349696K)->4122K(349696K)
[10.060s][info ][gc,metaspace   ] GC(52) Metaspace: 9574K(9856K)->9574K(9856K) NonClass: 8505K(8640K)->8505K(8640K) Class: 1069K(1216K)->1069K(1216K)
[10.060s][info ][gc             ] GC(52) Pause Young (Allocation Failure) 248M->4M(578M) 0.246ms
[10.060s][info ][gc,cpu         ] GC(52) User=0.01s Sys=0.00s Real=0.00s
[10.077s][info ][gc,start       ] GC(53) Pause Young (Allocation Failure)
[10.078s][debug][gc,age         ] GC(53) Desired survivor size 1048576 bytes, new threshold 1 (max threshold 15)
[10.078s][info ][gc,heap        ] GC(53) PSYoungGen: 242146K(242688K)->96K(235520K) Eden: 242050K(242176K)->0K(234496K) From: 96K(512K)->96K(1024K)
[10.078s][info ][gc,heap        ] GC(53) ParOldGen: 4122K(349696K)->4122K(349696K)
[10.078s][info ][gc,metaspace   ] GC(53) Metaspace: 9574K(9856K)->9574K(9856K) NonClass: 8505K(8640K)->8505K(8640K) Class: 1069K(1216K)->1069K(1216K)
[10.078s][info ][gc             ] GC(53) Pause Young (Allocation Failure) 240M->4M(571M) 0.255ms
[10.078s][info ][gc,cpu         ] GC(53) User=0.00s Sys=0.00s Real=0.00s
[10.095s][info ][gc,start       ] GC(54) Pause Young (Allocation Failure)
[10.095s][debug][gc,age         ] GC(54) Desired survivor size 1048576 bytes, new threshold 1 (max threshold 15)
[10.095s][info ][gc,heap        ] GC(54) PSYoungGen: 234459K(235520K)->486K(284672K) Eden: 234363K(234496K)->0K(284160K) From: 96K(1024K)->486K(512K)
[10.095s][info ][gc,heap        ] GC(54) ParOldGen: 4122K(349696K)->4122K(349696K)
[10.095s][info ][gc,metaspace   ] GC(54) Metaspace: 9574K(9856K)->9574K(9856K) NonClass: 8505K(8640K)->8505K(8640K) Class: 1069K(1216K)->1069K(1216K)
[10.095s][info ][gc             ] GC(54) Pause Young (Allocation Failure) 232M->4M(619M) 0.262ms
[10.095s][info ][gc,cpu         ] GC(54) User=0.00s Sys=0.00s Real=0.00s
[10.116s][info ][gc,start       ] GC(55) Pause Young (Allocation Failure)
[10.116s][debug][gc,age         ] GC(55) Desired survivor size 1048576 bytes, new threshold 1 (max threshold 15)
[10.116s][info ][gc,heap        ] GC(55) PSYoungGen: 284292K(284672K)->64K(275968K) Eden: 283805K(284160K)->0K(274944K) From: 486K(512K)->64K(1024K)
[10.116s][info ][gc,heap        ] GC(55) ParOldGen: 4122K(349696K)->4122K(349696K)
[10.116s][info ][gc,metaspace   ] GC(55) Metaspace: 9574K(9856K)->9574K(9856K) NonClass: 8505K(8640K)->8505K(8640K) Class: 1069K(1216K)->1069K(1216K)
[10.116s][info ][gc             ] GC(55) Pause Young (Allocation Failure) 281M->4M(611M) 0.245ms
[10.116s][info ][gc,cpu         ] GC(55) User=0.00s Sys=0.00s Real=0.00s
[10.136s][info ][gc,start       ] GC(56) Pause Young (Allocation Failure)
[10.136s][debug][gc,age         ] GC(56) Desired survivor size 1048576 bytes, new threshold 1 (max threshold 15)
[10.136s][info ][gc,heap        ] GC(56) PSYoungGen: 275008K(275968K)->96K(266240K) Eden: 274944K(274944K)->0K(265728K) From: 64K(1024K)->96K(512K)
[10.136s][info ][gc,heap        ] GC(56) ParOldGen: 4122K(349696K)->4122K(349696K)
[10.136s][info ][gc,metaspace   ] GC(56) Metaspace: 9574K(9856K)->9574K(9856K) NonClass: 8505K(8640K)->8505K(8640K) Class: 1069K(1216K)->1069K(1216K)
[10.136s][info ][gc             ] GC(56) Pause Young (Allocation Failure) 272M->4M(601M) 0.252ms
[10.136s][info ][gc,cpu         ] GC(56) User=0.00s Sys=0.00s Real=0.00s
[10.156s][info ][gc,start       ] GC(57) Pause Young (Allocation Failure)
[10.156s][debug][gc,age         ] GC(57) Desired survivor size 1048576 bytes, new threshold 1 (max threshold 15)
[10.156s][info ][gc,heap        ] GC(57) PSYoungGen: 265783K(266240K)->486K(258048K) Eden: 265687K(265728K)->0K(257024K) From: 96K(512K)->486K(1024K)
[10.156s][info ][gc,heap        ] GC(57) ParOldGen: 4122K(349696K)->4122K(349696K)
[10.156s][info ][gc,metaspace   ] GC(57) Metaspace: 9574K(9856K)->9574K(9856K) NonClass: 8505K(8640K)->8505K(8640K) Class: 1069K(1216K)->1069K(1216K)
[10.156s][info ][gc             ] GC(57) Pause Young (Allocation Failure) 263M->4M(593M) 0.246ms
[10.156s][info ][gc,cpu         ] GC(57) User=0.00s Sys=0.00s Real=0.00s
[10.174s][info ][gc,start       ] GC(58) Pause Young (Allocation Failure)
[10.175s][debug][gc,age         ] GC(58) Desired survivor size 1048576 bytes, new threshold 1 (max threshold 15)
[10.175s][info ][gc,heap        ] GC(58) PSYoungGen: 257510K(258048K)->486K(249344K) Eden: 257024K(257024K)->0K(248832K) From: 486K(1024K)->486K(512K)
[10.175s][info ][gc,heap        ] GC(58) ParOldGen: 4122K(349696K)->4122K(349696K)
[10.175s][info ][gc,metaspace   ] GC(58) Metaspace: 9574K(9856K)->9574K(9856K) NonClass: 8505K(8640K)->8505K(8640K) Class: 1069K(1216K)->1069K(1216K)
[10.175s][info ][gc             ] GC(58) Pause Young (Allocation Failure) 255M->4M(585M) 0.263ms
[10.175s][info ][gc,cpu         ] GC(58) User=0.00s Sys=0.00s Real=0.00s
[10.193s][info ][gc,start       ] GC(59) Pause Young (Allocation Failure)
[10.193s][debug][gc,age         ] GC(59) Desired survivor size 1048576 bytes, new threshold 1 (max threshold 15)
[10.193s][info ][gc,heap        ] GC(59) PSYoungGen: 249098K(249344K)->96K(242176K) Eden: 248611K(248832K)->0K(241152K) From: 486K(512K)->96K(1024K)
[10.193s][info ][gc,heap        ] GC(59) ParOldGen: 4122K(349696K)->4122K(349696K)
[10.193s][info ][gc,metaspace   ] GC(59) Metaspace: 9574K(9856K)->9574K(9856K) NonClass: 8505K(8640K)->8505K(8640K) Class: 1069K(1216K)->1069K(1216K)
[10.193s][info ][gc             ] GC(59) Pause Young (Allocation Failure) 247M->4M(578M) 0.239ms
[10.193s][info ][gc,cpu         ] GC(59) User=0.00s Sys=0.00s Real=0.00s
[10.211s][info ][gc,start       ] GC(60) Pause Young (Allocation Failure)
[10.211s][debug][gc,age         ] GC(60) Desired survivor size 1048576 bytes, new threshold 1 (max threshold 15)
[10.211s][info ][gc,heap        ] GC(60) PSYoungGen: 241248K(242176K)->486K(233984K) Eden: 241152K(241152K)->0K(233472K) From: 96K(1024K)->486K(512K)
[10.211s][info ][gc,heap        ] GC(60) ParOldGen: 4122K(349696K)->4122K(349696K)
[10.211s][info ][gc,metaspace   ] GC(60) Metaspace: 9574K(9856K)->9574K(9856K) NonClass: 8505K(8640K)->8505K(8640K) Class: 1069K(1216K)->1069K(1216K)
[10.211s][info ][gc             ] GC(60) Pause Young (Allocation Failure) 239M->4M(570M) 0.249ms
[10.211s][info ][gc,cpu         ] GC(60) User=0.00s Sys=0.00s Real=0.00s
[10.228s][info ][gc,start       ] GC(61) Pause Young (Allocation Failure)
[10.228s][debug][gc,age         ] GC(61) Desired survivor size 1048576 bytes, new threshold 1 (max threshold 15)
[10.228s][info ][gc,heap        ] GC(61) PSYoungGen: 233664K(233984K)->486K(281600K) Eden: 233177K(233472K)->0K(280576K) From: 486K(512K)->486K(1024K)
[10.228s][info ][gc,heap        ] GC(61) ParOldGen: 4122K(349696K)->4122K(349696K)
[10.228s][info ][gc,metaspace   ] GC(61) Metaspace: 9574K(9856K)->9574K(9856K) NonClass: 8505K(8640K)->8505K(8640K) Class: 1069K(1216K)->1069K(1216K)
[10.228s][info ][gc             ] GC(61) Pause Young (Allocation Failure) 232M->4M(616M) 0.256ms
[10.228s][info ][gc,cpu         ] GC(61) User=0.00s Sys=0.00s Real=0.00s
[10.249s][info ][gc,start       ] GC(62) Pause Young (Allocation Failure)
[10.249s][debug][gc,age         ] GC(62) Desired survivor size 1048576 bytes, new threshold 1 (max threshold 15)
[10.249s][info ][gc,heap        ] GC(62) PSYoungGen: 280853K(281600K)->96K(271872K) Eden: 280366K(280576K)->0K(271360K) From: 486K(1024K)->96K(512K)
[10.249s][info ][gc,heap        ] GC(62) ParOldGen: 4122K(349696K)->4122K(349696K)
[10.249s][info ][gc,metaspace   ] GC(62) Metaspace: 9574K(9856K)->9574K(9856K) NonClass: 8505K(8640K)->8505K(8640K) Class: 1069K(1216K)->1069K(1216K)
[10.249s][info ][gc             ] GC(62) Pause Young (Allocation Failure) 278M->4M(607M) 0.234ms
[10.249s][info ][gc,cpu         ] GC(62) User=0.00s Sys=0.00s Real=0.00s
[10.269s][info ][gc,start       ] GC(63) Pause Young (Allocation Failure)
[10.269s][debug][gc,age         ] GC(63) Desired survivor size 1048576 bytes, new threshold 1 (max threshold 15)
[10.269s][info ][gc,heap        ] GC(63) PSYoungGen: 271414K(271872K)->486K(263680K) Eden: 271318K(271360K)->0K(262656K) From: 96K(512K)->486K(1024K)
[10.269s][info ][gc,heap        ] GC(63) ParOldGen: 4122K(349696K)->4122K(349696K)
[10.269s][info ][gc,metaspace   ] GC(63) Metaspace: 9574K(9856K)->9574K(9856K) NonClass: 8505K(8640K)->8505K(8640K) Class: 1069K(1216K)->1069K(1216K)
[10.269s][info ][gc             ] GC(63) Pause Young (Allocation Failure) 269M->4M(599M) 0.238ms
[10.269s][info ][gc,cpu         ] GC(63) User=0.00s Sys=0.01s Real=0.00s
[10.289s][info ][gc,start       ] GC(64) Pause Young (Allocation Failure)
[10.289s][debug][gc,age         ] GC(64) Desired survivor size 1048576 bytes, new threshold 1 (max threshold 15)
[10.289s][info ][gc,heap        ] GC(64) PSYoungGen: 262798K(263680K)->486K(254464K) Eden: 262311K(262656K)->0K(253952K) From: 486K(1024K)->486K(512K)
[10.289s][info ][gc,heap        ] GC(64) ParOldGen: 4122K(349696K)->4122K(349696K)
[10.289s][info ][gc,metaspace   ] GC(64) Metaspace: 9574K(9856K)->9574K(9856K) NonClass: 8505K(8640K)->8505K(8640K) Class: 1069K(1216K)->1069K(1216K)
[10.289s][info ][gc             ] GC(64) Pause Young (Allocation Failure) 260M->4M(590M) 0.226ms
[10.289s][info ][gc,cpu         ] GC(64) User=0.00s Sys=0.00s Real=0.00s
[10.307s][info ][gc,start       ] GC(65) Pause Young (Allocation Failure)
[10.308s][debug][gc,age         ] GC(65) Desired survivor size 1048576 bytes, new threshold 1 (max threshold 15)
[10.308s][info ][gc,heap        ] GC(65) PSYoungGen: 254380K(254464K)->96K(246784K) Eden: 253894K(253952K)->0K(245760K) From: 486K(512K)->96K(1024K)
[10.308s][info ][gc,heap        ] GC(65) ParOldGen: 4122K(349696K)->4122K(349696K)
[10.308s][info ][gc,metaspace   ] GC(65) Metaspace: 9574K(9856K)->9574K(9856K) NonClass: 8505K(8640K)->8505K(8640K) Class: 1069K(1216K)->1069K(1216K)
[10.308s][info ][gc             ] GC(65) Pause Young (Allocation Failure) 252M->4M(582M) 0.231ms
[10.308s][info ][gc,cpu         ] GC(65) User=0.00s Sys=0.00s Real=0.00s
[10.326s][info ][gc,start       ] GC(66) Pause Young (Allocation Failure)
[10.326s][debug][gc,age         ] GC(66) Desired survivor size 1048576 bytes, new threshold 1 (max threshold 15)
[10.326s][info ][gc,heap        ] GC(66) PSYoungGen: 245845K(246784K)->96K(238592K) Eden: 245749K(245760K)->0K(238080K) From: 96K(1024K)->96K(512K)
[10.326s][info ][gc,heap        ] GC(66) ParOldGen: 4122K(349696K)->4122K(349696K)
[10.326s][info ][gc,metaspace   ] GC(66) Metaspace: 9574K(9856K)->9574K(9856K) NonClass: 8505K(8640K)->8505K(8640K) Class: 1069K(1216K)->1069K(1216K)
[10.326s][info ][gc             ] GC(66) Pause Young (Allocation Failure) 244M->4M(574M) 0.279ms
[10.326s][info ][gc,cpu         ] GC(66) User=0.00s Sys=0.00s Real=0.00s
[10.343s][info ][gc,start       ] GC(67) Pause Young (Allocation Failure)
[10.343s][debug][gc,age         ] GC(67) Desired survivor size 1048576 bytes, new threshold 1 (max threshold 15)
[10.343s][info ][gc,heap        ] GC(67) PSYoungGen: 238176K(238592K)->96K(286720K) Eden: 238080K(238080K)->0K(285696K) From: 96K(512K)->96K(1024K)
[10.343s][info ][gc,heap        ] GC(67) ParOldGen: 4122K(349696K)->4122K(349696K)
[10.343s][info ][gc,metaspace   ] GC(67) Metaspace: 9574K(9856K)->9574K(9856K) NonClass: 8505K(8640K)->8505K(8640K) Class: 1069K(1216K)->1069K(1216K)
[10.343s][info ][gc             ] GC(67) Pause Young (Allocation Failure) 236M->4M(621M) 0.246ms
[10.343s][info ][gc,cpu         ] GC(67) User=0.00s Sys=0.00s Real=0.00s
[10.364s][info ][gc,start       ] GC(68) Pause Young (Allocation Failure)
[10.364s][debug][gc,age         ] GC(68) Desired survivor size 1048576 bytes, new threshold 1 (max threshold 15)
[10.365s][info ][gc,heap        ] GC(68) PSYoungGen: 285733K(286720K)->96K(276480K) Eden: 285637K(285696K)->0K(275968K) From: 96K(1024K)->96K(512K)
[10.365s][info ][gc,heap        ] GC(68) ParOldGen: 4122K(349696K)->4122K(349696K)
[10.365s][info ][gc,metaspace   ] GC(68) Metaspace: 9574K(9856K)->9574K(9856K) NonClass: 8505K(8640K)->8505K(8640K) Class: 1069K(1216K)->1069K(1216K)
[10.365s][info ][gc             ] GC(68) Pause Young (Allocation Failure) 283M->4M(611M) 0.256ms
[10.365s][info ][gc,cpu         ] GC(68) User=0.00s Sys=0.00s Real=0.00s
[10.385s][info ][gc,start       ] GC(69) Pause Young (Allocation Failure)
[10.385s][debug][gc,age         ] GC(69) Desired survivor size 1048576 bytes, new threshold 1 (max threshold 15)
[10.385s][info ][gc,heap        ] GC(69) PSYoungGen: 275888K(276480K)->486K(267776K) Eden: 275792K(275968K)->0K(266752K) From: 96K(512K)->486K(1024K)
[10.385s][info ][gc,heap        ] GC(69) ParOldGen: 4122K(349696K)->4122K(349696K)
[10.385s][info ][gc,metaspace   ] GC(69) Metaspace: 9574K(9856K)->9574K(9856K) NonClass: 8505K(8640K)->8505K(8640K) Class: 1069K(1216K)->1069K(1216K)
[10.385s][info ][gc             ] GC(69) Pause Young (Allocation Failure) 273M->4M(603M) 0.247ms
[10.385s][info ][gc,cpu         ] GC(69) User=0.00s Sys=0.00s Real=0.00s
[10.405s][info ][gc,start       ] GC(70) Pause Young (Allocation Failure)
[10.405s][debug][gc,age         ] GC(70) Desired survivor size 1048576 bytes, new threshold 1 (max threshold 15)
[10.405s][info ][gc,heap        ] GC(70) PSYoungGen: 266964K(267776K)->64K(258560K) Eden: 266477K(266752K)->0K(258048K) From: 486K(1024K)->64K(512K)
[10.405s][info ][gc,heap        ] GC(70) ParOldGen: 4122K(349696K)->4122K(349696K)
[10.405s][info ][gc,metaspace   ] GC(70) Metaspace: 9574K(9856K)->9574K(9856K) NonClass: 8505K(8640K)->8505K(8640K) Class: 1069K(1216K)->1069K(1216K)
[10.405s][info ][gc             ] GC(70) Pause Young (Allocation Failure) 264M->4M(594M) 0.273ms
[10.405s][info ][gc,cpu         ] GC(70) User=0.00s Sys=0.00s Real=0.00s
[10.423s][info ][gc,start       ] GC(71) Pause Young (Allocation Failure)
[10.423s][debug][gc,age         ] GC(71) Desired survivor size 1048576 bytes, new threshold 1 (max threshold 15)
[10.423s][info ][gc,heap        ] GC(71) PSYoungGen: 258112K(258560K)->486K(310784K) Eden: 258048K(258048K)->0K(309760K) From: 64K(512K)->486K(1024K)
[10.423s][info ][gc,heap        ] GC(71) ParOldGen: 4122K(349696K)->4122K(349696K)
[10.424s][info ][gc,metaspace   ] GC(71) Metaspace: 9574K(9856K)->9574K(9856K) NonClass: 8505K(8640K)->8505K(8640K) Class: 1069K(1216K)->1069K(1216K)
[10.424s][info ][gc             ] GC(71) Pause Young (Allocation Failure) 256M->4M(645M) 0.262ms
[10.424s][info ][gc,cpu         ] GC(71) User=0.00s Sys=0.00s Real=0.00s
[10.446s][info ][gc,start       ] GC(72) Pause Young (Allocation Failure)
[10.447s][debug][gc,age         ] GC(72) Desired survivor size 1048576 bytes, new threshold 1 (max threshold 15)
[10.447s][info ][gc,heap        ] GC(72) PSYoungGen: 310105K(310784K)->64K(299520K) Eden: 309619K(309760K)->0K(299008K) From: 486K(1024K)->64K(512K)
[10.447s][info ][gc,heap        ] GC(72) ParOldGen: 4122K(349696K)->4122K(349696K)
[10.447s][info ][gc,metaspace   ] GC(72) Metaspace: 9574K(9856K)->9574K(9856K) NonClass: 8505K(8640K)->8505K(8640K) Class: 1069K(1216K)->1069K(1216K)
[10.447s][info ][gc             ] GC(72) Pause Young (Allocation Failure) 306M->4M(634M) 0.266ms
[10.447s][info ][gc,cpu         ] GC(72) User=0.00s Sys=0.00s Real=0.00s
[10.468s][info ][gc,start       ] GC(73) Pause Young (Allocation Failure)
[10.468s][debug][gc,age         ] GC(73) Desired survivor size 1048576 bytes, new threshold 1 (max threshold 15)
[10.468s][info ][gc,heap        ] GC(73) PSYoungGen: 299072K(299520K)->486K(289792K) Eden: 299008K(299008K)->0K(288768K) From: 64K(512K)->486K(1024K)
[10.468s][info ][gc,heap        ] GC(73) ParOldGen: 4122K(349696K)->4122K(349696K)
[10.468s][info ][gc,metaspace   ] GC(73) Metaspace: 9574K(9856K)->9574K(9856K) NonClass: 8505K(8640K)->8505K(8640K) Class: 1069K(1216K)->1069K(1216K)
[10.468s][info ][gc             ] GC(73) Pause Young (Allocation Failure) 296M->4M(624M) 0.236ms
[10.468s][info ][gc,cpu         ] GC(73) User=0.00s Sys=0.00s Real=0.00s
[10.490s][info ][gc,start       ] GC(74) Pause Young (Allocation Failure)
[10.490s][debug][gc,age         ] GC(74) Desired survivor size 1048576 bytes, new threshold 1 (max threshold 15)
[10.490s][info ][gc,heap        ] GC(74) PSYoungGen: 288953K(289792K)->64K(279552K) Eden: 288467K(288768K)->0K(279040K) From: 486K(1024K)->64K(512K)
[10.490s][info ][gc,heap        ] GC(74) ParOldGen: 4122K(349696K)->4122K(349696K)
[10.490s][info ][gc,metaspace   ] GC(74) Metaspace: 9574K(9856K)->9574K(9856K) NonClass: 8505K(8640K)->8505K(8640K) Class: 1069K(1216K)->1069K(1216K)
[10.490s][info ][gc             ] GC(74) Pause Young (Allocation Failure) 286M->4M(614M) 0.291ms
[10.490s][info ][gc,cpu         ] GC(74) User=0.00s Sys=0.00s Real=0.00s
[10.510s][info ][gc,start       ] GC(75) Pause Young (Allocation Failure)
[10.510s][debug][gc,age         ] GC(75) Desired survivor size 1048576 bytes, new threshold 1 (max threshold 15)
[10.510s][info ][gc,heap        ] GC(75) PSYoungGen: 279104K(279552K)->486K(270848K) Eden: 279040K(279040K)->0K(269824K) From: 64K(512K)->486K(1024K)
[10.510s][info ][gc,heap        ] GC(75) ParOldGen: 4122K(349696K)->4122K(349696K)
[10.510s][info ][gc,metaspace   ] GC(75) Metaspace: 9574K(9856K)->9574K(9856K) NonClass: 8505K(8640K)->8505K(8640K) Class: 1069K(1216K)->1069K(1216K)
[10.510s][info ][gc             ] GC(75) Pause Young (Allocation Failure) 276M->4M(606M) 0.257ms
[10.510s][info ][gc,cpu         ] GC(75) User=0.00s Sys=0.00s Real=0.00s
[10.530s][info ][gc,start       ] GC(76) Pause Young (Allocation Failure)
[10.530s][debug][gc,age         ] GC(76) Desired survivor size 1048576 bytes, new threshold 1 (max threshold 15)
[10.530s][info ][gc,heap        ] GC(76) PSYoungGen: 270200K(270848K)->96K(261632K) Eden: 269714K(269824K)->0K(261120K) From: 486K(1024K)->96K(512K)
[10.530s][info ][gc,heap        ] GC(76) ParOldGen: 4122K(349696K)->4122K(349696K)
[10.530s][info ][gc,metaspace   ] GC(76) Metaspace: 9574K(9856K)->9574K(9856K) NonClass: 8505K(8640K)->8505K(8640K) Class: 1069K(1216K)->1069K(1216K)
[10.530s][info ][gc             ] GC(76) Pause Young (Allocation Failure) 267M->4M(597M) 0.252ms
[10.530s][info ][gc,cpu         ] GC(76) User=0.00s Sys=0.00s Real=0.00s
[10.549s][info ][gc,start       ] GC(77) Pause Young (Allocation Failure)
[10.549s][debug][gc,age         ] GC(77) Desired survivor size 1048576 bytes, new threshold 1 (max threshold 15)
[10.549s][info ][gc,heap        ] GC(77) PSYoungGen: 261216K(261632K)->96K(314368K) Eden: 261120K(261120K)->0K(313344K) From: 96K(512K)->96K(1024K)
[10.549s][info ][gc,heap        ] GC(77) ParOldGen: 4122K(349696K)->4122K(349696K)
[10.549s][info ][gc,metaspace   ] GC(77) Metaspace: 9574K(9856K)->9574K(9856K) NonClass: 8505K(8640K)->8505K(8640K) Class: 1069K(1216K)->1069K(1216K)
[10.549s][info ][gc             ] GC(77) Pause Young (Allocation Failure) 259M->4M(648M) 0.270ms
[10.549s][info ][gc,cpu         ] GC(77) User=0.00s Sys=0.00s Real=0.00s
[10.572s][info ][gc,start       ] GC(78) Pause Young (Allocation Failure)
[10.572s][debug][gc,age         ] GC(78) Desired survivor size 1048576 bytes, new threshold 1 (max threshold 15)
[10.572s][info ][gc,heap        ] GC(78) PSYoungGen: 313293K(314368K)->96K(303104K) Eden: 313197K(313344K)->0K(302592K) From: 96K(1024K)->96K(512K)
[10.572s][info ][gc,heap        ] GC(78) ParOldGen: 4122K(349696K)->4122K(349696K)
[10.572s][info ][gc,metaspace   ] GC(78) Metaspace: 9574K(9856K)->9574K(9856K) NonClass: 8505K(8640K)->8505K(8640K) Class: 1069K(1216K)->1069K(1216K)
[10.572s][info ][gc             ] GC(78) Pause Young (Allocation Failure) 309M->4M(637M) 0.263ms
[10.572s][info ][gc,cpu         ] GC(78) User=0.00s Sys=0.00s Real=0.00s
[10.595s][info ][gc,start       ] GC(79) Pause Young (Allocation Failure)
[10.595s][debug][gc,age         ] GC(79) Desired survivor size 1048576 bytes, new threshold 1 (max threshold 15)
[10.595s][info ][gc,heap        ] GC(79) PSYoungGen: 302640K(303104K)->64K(293376K) Eden: 302544K(302592K)->0K(292352K) From: 96K(512K)->64K(1024K)
[10.595s][info ][gc,heap        ] GC(79) ParOldGen: 4122K(349696K)->4122K(349696K)
[10.595s][info ][gc,metaspace   ] GC(79) Metaspace: 9574K(9856K)->9574K(9856K) NonClass: 8505K(8640K)->8505K(8640K) Class: 1069K(1216K)->1069K(1216K)
[10.595s][info ][gc             ] GC(79) Pause Young (Allocation Failure) 299M->4M(628M) 0.270ms
[10.595s][info ][gc,cpu         ] GC(79) User=0.00s Sys=0.01s Real=0.00s
[10.616s][info ][gc,start       ] GC(80) Pause Young (Allocation Failure)
[10.616s][debug][gc,age         ] GC(80) Desired survivor size 1048576 bytes, new threshold 1 (max threshold 15)
[10.616s][info ][gc,heap        ] GC(80) PSYoungGen: 292159K(293376K)->96K(283136K) Eden: 292095K(292352K)->0K(282624K) From: 64K(1024K)->96K(512K)
[10.616s][info ][gc,heap        ] GC(80) ParOldGen: 4122K(349696K)->4122K(349696K)
[10.616s][info ][gc,metaspace   ] GC(80) Metaspace: 9574K(9856K)->9574K(9856K) NonClass: 8505K(8640K)->8505K(8640K) Class: 1069K(1216K)->1069K(1216K)
[10.616s][info ][gc             ] GC(80) Pause Young (Allocation Failure) 289M->4M(618M) 0.252ms
[10.616s][info ][gc,cpu         ] GC(80) User=0.00s Sys=0.00s Real=0.00s
[10.637s][info ][gc,start       ] GC(81) Pause Young (Allocation Failure)
[10.637s][debug][gc,age         ] GC(81) Desired survivor size 1048576 bytes, new threshold 1 (max threshold 15)
[10.637s][info ][gc,heap        ] GC(81) PSYoungGen: 282382K(283136K)->486K(274432K) Eden: 282286K(282624K)->0K(273408K) From: 96K(512K)->486K(1024K)
[10.637s][info ][gc,heap        ] GC(81) ParOldGen: 4122K(349696K)->4122K(349696K)
[10.637s][info ][gc,metaspace   ] GC(81) Metaspace: 9574K(9856K)->9574K(9856K) NonClass: 8505K(8640K)->8505K(8640K) Class: 1069K(1216K)->1069K(1216K)
[10.637s][info ][gc             ] GC(81) Pause Young (Allocation Failure) 279M->4M(609M) 0.285ms
[10.637s][info ][gc,cpu         ] GC(81) User=0.00s Sys=0.00s Real=0.00s
[10.657s][info ][gc,start       ] GC(82) Pause Young (Allocation Failure)
[10.657s][debug][gc,age         ] GC(82) Desired survivor size 1048576 bytes, new threshold 1 (max threshold 15)
[10.658s][info ][gc,heap        ] GC(82) PSYoungGen: 273522K(274432K)->486K(264704K) Eden: 273036K(273408K)->0K(264192K) From: 486K(1024K)->486K(512K)
[10.658s][info ][gc,heap        ] GC(82) ParOldGen: 4122K(349696K)->4122K(349696K)
[10.658s][info ][gc,metaspace   ] GC(82) Metaspace: 9574K(9856K)->9574K(9856K) NonClass: 8505K(8640K)->8505K(8640K) Class: 1069K(1216K)->1069K(1216K)
[10.658s][info ][gc             ] GC(82) Pause Young (Allocation Failure) 271M->4M(600M) 0.237ms
[10.658s][info ][gc,cpu         ] GC(82) User=0.00s Sys=0.00s Real=0.00s
[10.677s][info ][gc,start       ] GC(83) Pause Young (Allocation Failure)
[10.677s][debug][gc,age         ] GC(83) Desired survivor size 1048576 bytes, new threshold 1 (max threshold 15)
[10.677s][info ][gc,heap        ] GC(83) PSYoungGen: 264358K(264704K)->486K(256512K) Eden: 263871K(264192K)->0K(255488K) From: 486K(512K)->486K(1024K)
[10.677s][info ][gc,heap        ] GC(83) ParOldGen: 4122K(349696K)->4122K(349696K)
[10.677s][info ][gc,metaspace   ] GC(83) Metaspace: 9574K(9856K)->9574K(9856K) NonClass: 8505K(8640K)->8505K(8640K) Class: 1069K(1216K)->1069K(1216K)
[10.677s][info ][gc             ] GC(83) Pause Young (Allocation Failure) 262M->4M(592M) 0.240ms
[10.677s][info ][gc,cpu         ] GC(83) User=0.00s Sys=0.00s Real=0.00s
[10.696s][info ][gc,start       ] GC(84) Pause Young (Allocation Failure)
[10.696s][debug][gc,age         ] GC(84) Desired survivor size 1048576 bytes, new threshold 1 (max threshold 15)
[10.696s][info ][gc,heap        ] GC(84) PSYoungGen: 255974K(256512K)->64K(247808K) Eden: 255488K(255488K)->0K(247296K) From: 486K(1024K)->64K(512K)
[10.696s][info ][gc,heap        ] GC(84) ParOldGen: 4122K(349696K)->4122K(349696K)
[10.696s][info ][gc,metaspace   ] GC(84) Metaspace: 9574K(9856K)->9574K(9856K) NonClass: 8505K(8640K)->8505K(8640K) Class: 1069K(1216K)->1069K(1216K)
[10.696s][info ][gc             ] GC(84) Pause Young (Allocation Failure) 254M->4M(583M) 0.261ms
[10.696s][info ][gc,cpu         ] GC(84) User=0.00s Sys=0.00s Real=0.00s
[10.714s][info ][gc,start       ] GC(85) Pause Young (Allocation Failure)
[10.714s][debug][gc,age         ] GC(85) Desired survivor size 1048576 bytes, new threshold 1 (max threshold 15)
[10.714s][info ][gc,heap        ] GC(85) PSYoungGen: 247058K(247808K)->486K(240640K) Eden: 246994K(247296K)->0K(239616K) From: 64K(512K)->486K(1024K)
[10.714s][info ][gc,heap        ] GC(85) ParOldGen: 4122K(349696K)->4122K(349696K)
[10.714s][info ][gc,metaspace   ] GC(85) Metaspace: 9574K(9856K)->9574K(9856K) NonClass: 8505K(8640K)->8505K(8640K) Class: 1069K(1216K)->1069K(1216K)
[10.714s][info ][gc             ] GC(85) Pause Young (Allocation Failure) 245M->4M(576M) 0.241ms
[10.714s][info ][gc,cpu         ] GC(85) User=0.00s Sys=0.00s Real=0.00s
[10.731s][info ][gc,start       ] GC(86) Pause Young (Allocation Failure)
[10.732s][debug][gc,age         ] GC(86) Desired survivor size 1048576 bytes, new threshold 1 (max threshold 15)
[10.732s][info ][gc,heap        ] GC(86) PSYoungGen: 240102K(240640K)->96K(288256K) Eden: 239616K(239616K)->0K(287744K) From: 486K(1024K)->96K(512K)
[10.732s][info ][gc,heap        ] GC(86) ParOldGen: 4122K(349696K)->4122K(349696K)
[10.732s][info ][gc,metaspace   ] GC(86) Metaspace: 9574K(9856K)->9574K(9856K) NonClass: 8505K(8640K)->8505K(8640K) Class: 1069K(1216K)->1069K(1216K)
[10.732s][info ][gc             ] GC(86) Pause Young (Allocation Failure) 238M->4M(623M) 0.244ms
[10.732s][info ][gc,cpu         ] GC(86) User=0.00s Sys=0.00s Real=0.00s
[10.753s][info ][gc,start       ] GC(87) Pause Young (Allocation Failure)
[10.753s][debug][gc,age         ] GC(87) Desired survivor size 1048576 bytes, new threshold 1 (max threshold 15)
[10.753s][info ][gc,heap        ] GC(87) PSYoungGen: 287750K(288256K)->486K(318464K) Eden: 287654K(287744K)->0K(317440K) From: 96K(512K)->486K(1024K)
[10.753s][info ][gc,heap        ] GC(87) ParOldGen: 4122K(349696K)->4122K(349696K)
[10.753s][info ][gc,metaspace   ] GC(87) Metaspace: 9574K(9856K)->9574K(9856K) NonClass: 8505K(8640K)->8505K(8640K) Class: 1069K(1216K)->1069K(1216K)
[10.753s][info ][gc             ] GC(87) Pause Young (Allocation Failure) 285M->4M(652M) 0.293ms
[10.753s][info ][gc,cpu         ] GC(87) User=0.00s Sys=0.00s Real=0.00s
[10.776s][info ][gc,start       ] GC(88) Pause Young (Allocation Failure)
[10.776s][debug][gc,age         ] GC(88) Desired survivor size 1048576 bytes, new threshold 1 (max threshold 15)
[10.776s][info ][gc,heap        ] GC(88) PSYoungGen: 317926K(318464K)->454K(307200K) Eden: 317440K(317440K)->0K(306688K) From: 486K(1024K)->454K(512K)
[10.776s][info ][gc,heap        ] GC(88) ParOldGen: 4122K(349696K)->4122K(349696K)
[10.776s][info ][gc,metaspace   ] GC(88) Metaspace: 9574K(9856K)->9574K(9856K) NonClass: 8505K(8640K)->8505K(8640K) Class: 1069K(1216K)->1069K(1216K)
[10.776s][info ][gc             ] GC(88) Pause Young (Allocation Failure) 314M->4M(641M) 0.274ms
[10.776s][info ][gc,cpu         ] GC(88) User=0.00s Sys=0.00s Real=0.00s
[10.799s][info ][gc,start       ] GC(89) Pause Young (Allocation Failure)
[10.799s][debug][gc,age         ] GC(89) Desired survivor size 1048576 bytes, new threshold 1 (max threshold 15)
[10.799s][info ][gc,heap        ] GC(89) PSYoungGen: 307031K(307200K)->64K(297472K) Eden: 306576K(306688K)->0K(296448K) From: 454K(512K)->64K(1024K)
[10.799s][info ][gc,heap        ] GC(89) ParOldGen: 4122K(349696K)->4122K(349696K)
[10.799s][info ][gc,metaspace   ] GC(89) Metaspace: 9574K(9856K)->9574K(9856K) NonClass: 8505K(8640K)->8505K(8640K) Class: 1069K(1216K)->1069K(1216K)
[10.799s][info ][gc             ] GC(89) Pause Young (Allocation Failure) 303M->4M(632M) 0.247ms
[10.799s][info ][gc,cpu         ] GC(89) User=0.00s Sys=0.00s Real=0.00s
[10.821s][info ][gc,start       ] GC(90) Pause Young (Allocation Failure)
[10.821s][debug][gc,age         ] GC(90) Desired survivor size 1048576 bytes, new threshold 1 (max threshold 15)
[10.821s][info ][gc,heap        ] GC(90) PSYoungGen: 296166K(297472K)->486K(286720K) Eden: 296102K(296448K)->0K(286208K) From: 64K(1024K)->486K(512K)
[10.821s][info ][gc,heap        ] GC(90) ParOldGen: 4122K(349696K)->4122K(349696K)
[10.821s][info ][gc,metaspace   ] GC(90) Metaspace: 9574K(9856K)->9574K(9856K) NonClass: 8505K(8640K)->8505K(8640K) Class: 1069K(1216K)->1069K(1216K)
[10.821s][info ][gc             ] GC(90) Pause Young (Allocation Failure) 293M->4M(621M) 0.232ms
[10.821s][info ][gc,cpu         ] GC(90) User=0.00s Sys=0.00s Real=0.00s
[10.842s][info ][gc,start       ] GC(91) Pause Young (Allocation Failure)
[10.842s][debug][gc,age         ] GC(91) Desired survivor size 1048576 bytes, new threshold 1 (max threshold 15)
[10.842s][info ][gc,heap        ] GC(91) PSYoungGen: 286677K(286720K)->96K(277504K) Eden: 286190K(286208K)->0K(276480K) From: 486K(512K)->96K(1024K)
[10.842s][info ][gc,heap        ] GC(91) ParOldGen: 4122K(349696K)->4122K(349696K)
[10.842s][info ][gc,metaspace   ] GC(91) Metaspace: 9574K(9856K)->9574K(9856K) NonClass: 8505K(8640K)->8505K(8640K) Class: 1069K(1216K)->1069K(1216K)
[10.842s][info ][gc             ] GC(91) Pause Young (Allocation Failure) 283M->4M(612M) 0.255ms
[10.842s][info ][gc,cpu         ] GC(91) User=0.00s Sys=0.00s Real=0.00s
[10.862s][info ][gc,start       ] GC(92) Pause Young (Allocation Failure)
[10.862s][debug][gc,age         ] GC(92) Desired survivor size 1048576 bytes, new threshold 1 (max threshold 15)
[10.862s][info ][gc,heap        ] GC(92) PSYoungGen: 276576K(277504K)->96K(267776K) Eden: 276480K(276480K)->0K(267264K) From: 96K(1024K)->96K(512K)
[10.862s][info ][gc,heap        ] GC(92) ParOldGen: 4122K(349696K)->4122K(349696K)
[10.862s][info ][gc,metaspace   ] GC(92) Metaspace: 9574K(9856K)->9574K(9856K) NonClass: 8505K(8640K)->8505K(8640K) Class: 1069K(1216K)->1069K(1216K)
[10.862s][info ][gc             ] GC(92) Pause Young (Allocation Failure) 274M->4M(603M) 0.246ms
[10.862s][info ][gc,cpu         ] GC(92) User=0.00s Sys=0.00s Real=0.00s
[10.882s][info ][gc,start       ] GC(93) Pause Young (Allocation Failure)
[10.882s][debug][gc,age         ] GC(93) Desired survivor size 1048576 bytes, new threshold 1 (max threshold 15)
[10.882s][info ][gc,heap        ] GC(93) PSYoungGen: 266994K(267776K)->64K(259584K) Eden: 266898K(267264K)->0K(258560K) From: 96K(512K)->64K(1024K)
[10.882s][info ][gc,heap        ] GC(93) ParOldGen: 4122K(349696K)->4122K(349696K)
[10.882s][info ][gc,metaspace   ] GC(93) Metaspace: 9574K(9856K)->9574K(9856K) NonClass: 8505K(8640K)->8505K(8640K) Class: 1069K(1216K)->1069K(1216K)
[10.882s][info ][gc             ] GC(93) Pause Young (Allocation Failure) 264M->4M(595M) 0.224ms
[10.882s][info ][gc,cpu         ] GC(93) User=0.00s Sys=0.00s Real=0.00s
[10.900s][info ][gc,start       ] GC(94) Pause Young (Allocation Failure)
[10.901s][debug][gc,age         ] GC(94) Desired survivor size 1048576 bytes, new threshold 1 (max threshold 15)
[10.901s][info ][gc,heap        ] GC(94) PSYoungGen: 258624K(259584K)->486K(250880K) Eden: 258560K(258560K)->0K(250368K) From: 64K(1024K)->486K(512K)
[10.901s][info ][gc,heap        ] GC(94) ParOldGen: 4122K(349696K)->4122K(349696K)
[10.901s][info ][gc,metaspace   ] GC(94) Metaspace: 9574K(9856K)->9574K(9856K) NonClass: 8505K(8640K)->8505K(8640K) Class: 1069K(1216K)->1069K(1216K)
[10.901s][info ][gc             ] GC(94) Pause Young (Allocation Failure) 256M->4M(586M) 0.277ms
[10.901s][info ][gc,cpu         ] GC(94) User=0.00s Sys=0.00s Real=0.00s
[10.919s][info ][gc,start       ] GC(95) Pause Young (Allocation Failure)
[10.919s][debug][gc,age         ] GC(95) Desired survivor size 1048576 bytes, new threshold 1 (max threshold 15)
[10.919s][info ][gc,heap        ] GC(95) PSYoungGen: 250720K(250880K)->96K(301568K) Eden: 250233K(250368K)->0K(300544K) From: 486K(512K)->96K(1024K)
[10.919s][info ][gc,heap        ] GC(95) ParOldGen: 4122K(349696K)->4122K(349696K)
[10.919s][info ][gc,metaspace   ] GC(95) Metaspace: 9574K(9856K)->9574K(9856K) NonClass: 8505K(8640K)->8505K(8640K) Class: 1069K(1216K)->1069K(1216K)
[10.919s][info ][gc             ] GC(95) Pause Young (Allocation Failure) 248M->4M(636M) 0.284ms
[10.919s][info ][gc,cpu         ] GC(95) User=0.00s Sys=0.00s Real=0.00s
[10.941s][info ][gc,start       ] GC(96) Pause Young (Allocation Failure)
[10.941s][debug][gc,age         ] GC(96) Desired survivor size 1048576 bytes, new threshold 1 (max threshold 15)
[10.941s][info ][gc,heap        ] GC(96) PSYoungGen: 300640K(301568K)->486K(344576K) Eden: 300544K(300544K)->0K(343552K) From: 96K(1024K)->486K(1024K)
[10.941s][info ][gc,heap        ] GC(96) ParOldGen: 4122K(349696K)->4122K(349696K)
[10.941s][info ][gc,metaspace   ] GC(96) Metaspace: 9574K(9856K)->9574K(9856K) NonClass: 8505K(8640K)->8505K(8640K) Class: 1069K(1216K)->1069K(1216K)
[10.941s][info ][gc             ] GC(96) Pause Young (Allocation Failure) 297M->4M(678M) 0.277ms
[10.941s][info ][gc,cpu         ] GC(96) User=0.00s Sys=0.00s Real=0.00s
[10.968s][info ][gc,start       ] GC(97) Pause Young (Allocation Failure)
[10.968s][debug][gc,age         ] GC(97) Desired survivor size 1048576 bytes, new threshold 1 (max threshold 15)
[10.968s][info ][gc,heap        ] GC(97) PSYoungGen: 343964K(344576K)->64K(331776K) Eden: 343477K(343552K)->0K(331264K) From: 486K(1024K)->64K(512K)
[10.968s][info ][gc,heap        ] GC(97) ParOldGen: 4122K(349696K)->4122K(349696K)
[10.968s][info ][gc,metaspace   ] GC(97) Metaspace: 9574K(9856K)->9574K(9856K) NonClass: 8505K(8640K)->8505K(8640K) Class: 1069K(1216K)->1069K(1216K)
[10.968s][info ][gc             ] GC(97) Pause Young (Allocation Failure) 339M->4M(665M) 0.230ms
[10.968s][info ][gc,cpu         ] GC(97) User=0.00s Sys=0.00s Real=0.00s
[10.992s][info ][gc,start       ] GC(98) Pause Young (Allocation Failure)
[10.993s][debug][gc,age         ] GC(98) Desired survivor size 1048576 bytes, new threshold 1 (max threshold 15)
[10.993s][info ][gc,heap        ] GC(98) PSYoungGen: 331150K(331776K)->96K(320000K) Eden: 331086K(331264K)->0K(319488K) From: 64K(512K)->96K(512K)
[10.993s][info ][gc,heap        ] GC(98) ParOldGen: 4122K(349696K)->4122K(349696K)
[10.993s][info ][gc,metaspace   ] GC(98) Metaspace: 9574K(9856K)->9574K(9856K) NonClass: 8505K(8640K)->8505K(8640K) Class: 1069K(1216K)->1069K(1216K)
[10.993s][info ][gc             ] GC(98) Pause Young (Allocation Failure) 327M->4M(654M) 0.238ms
[10.993s][info ][gc,cpu         ] GC(98) User=0.00s Sys=0.00s Real=0.00s
[11.015s][info ][gc,start       ] GC(99) Pause Young (Allocation Failure)
[11.016s][debug][gc,age         ] GC(99) Desired survivor size 1048576 bytes, new threshold 1 (max threshold 15)
[11.016s][info ][gc,heap        ] GC(99) PSYoungGen: 319584K(320000K)->96K(309248K) Eden: 319488K(319488K)->0K(308224K) From: 96K(512K)->96K(1024K)
[11.016s][info ][gc,heap        ] GC(99) ParOldGen: 4122K(349696K)->4122K(349696K)
[11.016s][info ][gc,metaspace   ] GC(99) Metaspace: 9574K(9856K)->9574K(9856K) NonClass: 8505K(8640K)->8505K(8640K) Class: 1069K(1216K)->1069K(1216K)
[11.016s][info ][gc             ] GC(99) Pause Young (Allocation Failure) 316M->4M(643M) 0.233ms
[11.016s][info ][gc,cpu         ] GC(99) User=0.00s Sys=0.00s Real=0.00s
[11.038s][info ][gc,start       ] GC(100) Pause Young (Allocation Failure)
[11.038s][debug][gc,age         ] GC(100) Desired survivor size 1048576 bytes, new threshold 1 (max threshold 15)
[11.038s][info ][gc,heap        ] GC(100) PSYoungGen: 308076K(309248K)->486K(297984K) Eden: 307980K(308224K)->0K(297472K) From: 96K(1024K)->486K(512K)
[11.039s][info ][gc,heap        ] GC(100) ParOldGen: 4122K(349696K)->4122K(349696K)
[11.039s][info ][gc,metaspace   ] GC(100) Metaspace: 9574K(9856K)->9574K(9856K) NonClass: 8505K(8640K)->8505K(8640K) Class: 1069K(1216K)->1069K(1216K)
[11.039s][info ][gc             ] GC(100) Pause Young (Allocation Failure) 304M->4M(632M) 0.228ms
[11.039s][info ][gc,cpu         ] GC(100) User=0.00s Sys=0.00s Real=0.00s
[11.060s][info ][gc,start       ] GC(101) Pause Young (Allocation Failure)
[11.060s][debug][gc,age         ] GC(101) Desired survivor size 1048576 bytes, new threshold 1 (max threshold 15)
[11.060s][info ][gc,heap        ] GC(101) PSYoungGen: 297958K(297984K)->486K(288256K) Eden: 297472K(297472K)->0K(287232K) From: 486K(512K)->486K(1024K)
[11.060s][info ][gc,heap        ] GC(101) ParOldGen: 4122K(349696K)->4122K(349696K)
[11.060s][info ][gc,metaspace   ] GC(101) Metaspace: 9574K(9856K)->9574K(9856K) NonClass: 8505K(8640K)->8505K(8640K) Class: 1069K(1216K)->1069K(1216K)
[11.060s][info ][gc             ] GC(101) Pause Young (Allocation Failure) 295M->4M(623M) 0.246ms
[11.060s][info ][gc,cpu         ] GC(101) User=0.01s Sys=0.00s Real=0.00s
[11.081s][info ][gc,start       ] GC(102) Pause Young (Allocation Failure)
[11.081s][debug][gc,age         ] GC(102) Desired survivor size 1048576 bytes, new threshold 1 (max threshold 15)
[11.081s][info ][gc,heap        ] GC(102) PSYoungGen: 287708K(288256K)->486K(278016K) Eden: 287221K(287232K)->0K(277504K) From: 486K(1024K)->486K(512K)
[11.081s][info ][gc,heap        ] GC(102) ParOldGen: 4122K(349696K)->4122K(349696K)
[11.081s][info ][gc,metaspace   ] GC(102) Metaspace: 9574K(9856K)->9574K(9856K) NonClass: 8505K(8640K)->8505K(8640K) Class: 1069K(1216K)->1069K(1216K)
[11.081s][info ][gc             ] GC(102) Pause Young (Allocation Failure) 284M->4M(613M) 0.245ms
[11.081s][info ][gc,cpu         ] GC(102) User=0.00s Sys=0.00s Real=0.00s
[11.101s][info ][gc,start       ] GC(103) Pause Young (Allocation Failure)
[11.102s][debug][gc,age         ] GC(103) Desired survivor size 1048576 bytes, new threshold 1 (max threshold 15)
[11.102s][info ][gc,heap        ] GC(103) PSYoungGen: 277990K(278016K)->96K(269312K) Eden: 277504K(277504K)->0K(268288K) From: 486K(512K)->96K(1024K)
[11.102s][info ][gc,heap        ] GC(103) ParOldGen: 4122K(349696K)->4122K(349696K)
[11.102s][info ][gc,metaspace   ] GC(103) Metaspace: 9574K(9856K)->9574K(9856K) NonClass: 8505K(8640K)->8505K(8640K) Class: 1069K(1216K)->1069K(1216K)
[11.102s][info ][gc             ] GC(103) Pause Young (Allocation Failure) 275M->4M(604M) 0.239ms
[11.102s][info ][gc,cpu         ] GC(103) User=0.00s Sys=0.00s Real=0.00s
[11.121s][info ][gc,start       ] GC(104) Pause Young (Allocation Failure)
[11.121s][debug][gc,age         ] GC(104) Desired survivor size 1048576 bytes, new threshold 1 (max threshold 15)
[11.121s][info ][gc,heap        ] GC(104) PSYoungGen: 268181K(269312K)->486K(260096K) Eden: 268085K(268288K)->0K(259584K) From: 96K(1024K)->486K(512K)
[11.121s][info ][gc,heap        ] GC(104) ParOldGen: 4122K(349696K)->4122K(349696K)
[11.121s][info ][gc,metaspace   ] GC(104) Metaspace: 9574K(9856K)->9574K(9856K) NonClass: 8505K(8640K)->8505K(8640K) Class: 1069K(1216K)->1069K(1216K)
[11.121s][info ][gc             ] GC(104) Pause Young (Allocation Failure) 265M->4M(595M) 0.251ms
[11.121s][info ][gc,cpu         ] GC(104) User=0.00s Sys=0.00s Real=0.00s
[11.140s][info ][gc,start       ] GC(105) Pause Young (Allocation Failure)
[11.140s][debug][gc,age         ] GC(105) Desired survivor size 1048576 bytes, new threshold 1 (max threshold 15)
[11.140s][info ][gc,heap        ] GC(105) PSYoungGen: 260070K(260096K)->96K(252416K) Eden: 259584K(259584K)->0K(251392K) From: 486K(512K)->96K(1024K)
[11.140s][info ][gc,heap        ] GC(105) ParOldGen: 4122K(349696K)->4122K(349696K)
[11.140s][info ][gc,metaspace   ] GC(105) Metaspace: 9574K(9856K)->9574K(9856K) NonClass: 8505K(8640K)->8505K(8640K) Class: 1069K(1216K)->1069K(1216K)
[11.140s][info ][gc             ] GC(105) Pause Young (Allocation Failure) 258M->4M(588M) 0.267ms
[11.140s][info ][gc,cpu         ] GC(105) User=0.00s Sys=0.00s Real=0.00s
[11.159s][info ][gc,start       ] GC(106) Pause Young (Allocation Failure)
[11.159s][debug][gc,age         ] GC(106) Desired survivor size 1048576 bytes, new threshold 1 (max threshold 15)
[11.159s][info ][gc,heap        ] GC(106) PSYoungGen: 251461K(252416K)->96K(243712K) Eden: 251365K(251392K)->0K(243200K) From: 96K(1024K)->96K(512K)
[11.159s][info ][gc,heap        ] GC(106) ParOldGen: 4122K(349696K)->4122K(349696K)
[11.159s][info ][gc,metaspace   ] GC(106) Metaspace: 9574K(9856K)->9574K(9856K) NonClass: 8505K(8640K)->8505K(8640K) Class: 1069K(1216K)->1069K(1216K)
[11.159s][info ][gc             ] GC(106) Pause Young (Allocation Failure) 249M->4M(579M) 0.264ms
[11.159s][info ][gc,cpu         ] GC(106) User=0.00s Sys=0.00s Real=0.00s
[11.177s][info ][gc,start       ] GC(107) Pause Young (Allocation Failure)
[11.177s][debug][gc,age         ] GC(107) Desired survivor size 1048576 bytes, new threshold 1 (max threshold 15)
[11.177s][info ][gc,heap        ] GC(107) PSYoungGen: 243246K(243712K)->486K(292864K) Eden: 243150K(243200K)->0K(291840K) From: 96K(512K)->486K(1024K)
[11.177s][info ][gc,heap        ] GC(107) ParOldGen: 4122K(349696K)->4122K(349696K)
[11.177s][info ][gc,metaspace   ] GC(107) Metaspace: 9574K(9856K)->9574K(9856K) NonClass: 8505K(8640K)->8505K(8640K) Class: 1069K(1216K)->1069K(1216K)
[11.177s][info ][gc             ] GC(107) Pause Young (Allocation Failure) 241M->4M(627M) 0.248ms
[11.177s][info ][gc,cpu         ] GC(107) User=0.00s Sys=0.00s Real=0.00s
[11.198s][info ][gc,start       ] GC(108) Pause Young (Allocation Failure)
[11.199s][debug][gc,age         ] GC(108) Desired survivor size 1048576 bytes, new threshold 1 (max threshold 15)
[11.199s][info ][gc,heap        ] GC(108) PSYoungGen: 292186K(292864K)->96K(282624K) Eden: 291699K(291840K)->0K(282112K) From: 486K(1024K)->96K(512K)
[11.199s][info ][gc,heap        ] GC(108) ParOldGen: 4122K(349696K)->4122K(349696K)
[11.199s][info ][gc,metaspace   ] GC(108) Metaspace: 9574K(9856K)->9574K(9856K) NonClass: 8505K(8640K)->8505K(8640K) Class: 1069K(1216K)->1069K(1216K)
[11.199s][info ][gc             ] GC(108) Pause Young (Allocation Failure) 289M->4M(617M) 0.254ms
[11.199s][info ][gc,cpu         ] GC(108) User=0.00s Sys=0.00s Real=0.00s
[11.219s][info ][gc,start       ] GC(109) Pause Young (Allocation Failure)
[11.220s][debug][gc,age         ] GC(109) Desired survivor size 1048576 bytes, new threshold 1 (max threshold 15)
[11.220s][info ][gc,heap        ] GC(109) PSYoungGen: 282085K(282624K)->96K(273920K) Eden: 281989K(282112K)->0K(272896K) From: 96K(512K)->96K(1024K)
[11.220s][info ][gc,heap        ] GC(109) ParOldGen: 4122K(349696K)->4122K(349696K)
[11.220s][info ][gc,metaspace   ] GC(109) Metaspace: 9574K(9856K)->9574K(9856K) NonClass: 8505K(8640K)->8505K(8640K) Class: 1069K(1216K)->1069K(1216K)
[11.220s][info ][gc             ] GC(109) Pause Young (Allocation Failure) 279M->4M(609M) 0.263ms
[11.220s][info ][gc,cpu         ] GC(109) User=0.01s Sys=0.00s Real=0.00s
[11.240s][info ][gc,start       ] GC(110) Pause Young (Allocation Failure)
[11.240s][debug][gc,age         ] GC(110) Desired survivor size 1048576 bytes, new threshold 1 (max threshold 15)
[11.240s][info ][gc,heap        ] GC(110) PSYoungGen: 272729K(273920K)->486K(264704K) Eden: 272633K(272896K)->0K(264192K) From: 96K(1024K)->486K(512K)
[11.240s][info ][gc,heap        ] GC(110) ParOldGen: 4122K(349696K)->4122K(349696K)
[11.240s][info ][gc,metaspace   ] GC(110) Metaspace: 9574K(9856K)->9574K(9856K) NonClass: 8505K(8640K)->8505K(8640K) Class: 1069K(1216K)->1069K(1216K)
[11.240s][info ][gc             ] GC(110) Pause Young (Allocation Failure) 270M->4M(600M) 0.259ms
[11.240s][info ][gc,cpu         ] GC(110) User=0.00s Sys=0.01s Real=0.00s
[11.259s][info ][gc,start       ] GC(111) Pause Young (Allocation Failure)
[11.259s][debug][gc,age         ] GC(111) Desired survivor size 1048576 bytes, new threshold 1 (max threshold 15)
[11.259s][info ][gc,heap        ] GC(111) PSYoungGen: 264353K(264704K)->486K(256512K) Eden: 263867K(264192K)->0K(255488K) From: 486K(512K)->486K(1024K)
[11.259s][info ][gc,heap        ] GC(111) ParOldGen: 4122K(349696K)->4122K(349696K)
[11.259s][info ][gc,metaspace   ] GC(111) Metaspace: 9574K(9856K)->9574K(9856K) NonClass: 8505K(8640K)->8505K(8640K) Class: 1069K(1216K)->1069K(1216K)
[11.259s][info ][gc             ] GC(111) Pause Young (Allocation Failure) 262M->4M(592M) 0.257ms
[11.259s][info ][gc,cpu         ] GC(111) User=0.01s Sys=0.00s Real=0.00s
[11.278s][info ][gc,start       ] GC(112) Pause Young (Allocation Failure)
[11.278s][debug][gc,age         ] GC(112) Desired survivor size 1048576 bytes, new threshold 1 (max threshold 15)
[11.278s][info ][gc,heap        ] GC(112) PSYoungGen: 255974K(256512K)->96K(307200K) Eden: 255488K(255488K)->0K(306688K) From: 486K(1024K)->96K(512K)
[11.278s][info ][gc,heap        ] GC(112) ParOldGen: 4122K(349696K)->4122K(349696K)
[11.278s][info ][gc,metaspace   ] GC(112) Metaspace: 9574K(9856K)->9574K(9856K) NonClass: 8505K(8640K)->8505K(8640K) Class: 1069K(1216K)->1069K(1216K)
[11.278s][info ][gc             ] GC(112) Pause Young (Allocation Failure) 254M->4M(641M) 0.281ms
[11.278s][info ][gc,cpu         ] GC(112) User=0.00s Sys=0.00s Real=0.00s
[11.301s][info ][gc,start       ] GC(113) Pause Young (Allocation Failure)
[11.301s][debug][gc,age         ] GC(113) Desired survivor size 1048576 bytes, new threshold 1 (max threshold 15)
[11.301s][info ][gc,heap        ] GC(113) PSYoungGen: 306494K(307200K)->486K(339968K) Eden: 306398K(306688K)->0K(338944K) From: 96K(512K)->486K(1024K)
[11.301s][info ][gc,heap        ] GC(113) ParOldGen: 4122K(349696K)->4122K(349696K)
[11.301s][info ][gc,metaspace   ] GC(113) Metaspace: 9574K(9856K)->9574K(9856K) NonClass: 8505K(8640K)->8505K(8640K) Class: 1069K(1216K)->1069K(1216K)
[11.301s][info ][gc             ] GC(113) Pause Young (Allocation Failure) 303M->4M(673M) 0.334ms
[11.301s][info ][gc,cpu         ] GC(113) User=0.00s Sys=0.00s Real=0.00s
[11.326s][info ][gc,start       ] GC(114) Pause Young (Allocation Failure)
[11.326s][debug][gc,age         ] GC(114) Desired survivor size 1048576 bytes, new threshold 1 (max threshold 15)
[11.326s][info ][gc,heap        ] GC(114) PSYoungGen: 339430K(339968K)->486K(327680K) Eden: 338944K(338944K)->0K(327168K) From: 486K(1024K)->486K(512K)
[11.326s][info ][gc,heap        ] GC(114) ParOldGen: 4122K(349696K)->4122K(349696K)
[11.326s][info ][gc,metaspace   ] GC(114) Metaspace: 9574K(9856K)->9574K(9856K) NonClass: 8505K(8640K)->8505K(8640K) Class: 1069K(1216K)->1069K(1216K)
[11.326s][info ][gc             ] GC(114) Pause Young (Allocation Failure) 335M->4M(661M) 0.247ms
[11.326s][info ][gc,cpu         ] GC(114) User=0.00s Sys=0.00s Real=0.00s
[11.350s][info ][gc,start       ] GC(115) Pause Young (Allocation Failure)
[11.351s][debug][gc,age         ] GC(115) Desired survivor size 1048576 bytes, new threshold 1 (max threshold 15)
[11.351s][info ][gc,heap        ] GC(115) PSYoungGen: 327497K(327680K)->454K(347648K) Eden: 327010K(327168K)->0K(346624K) From: 486K(512K)->454K(1024K)
[11.351s][info ][gc,heap        ] GC(115) ParOldGen: 4122K(349696K)->4122K(349696K)
[11.351s][info ][gc,metaspace   ] GC(115) Metaspace: 9574K(9856K)->9574K(9856K) NonClass: 8505K(8640K)->8505K(8640K) Class: 1069K(1216K)->1069K(1216K)
[11.351s][info ][gc             ] GC(115) Pause Young (Allocation Failure) 323M->4M(681M) 0.328ms
[11.351s][info ][gc,cpu         ] GC(115) User=0.01s Sys=0.00s Real=0.00s
[11.377s][info ][gc,start       ] GC(116) Pause Young (Allocation Failure)
[11.377s][debug][gc,age         ] GC(116) Desired survivor size 1048576 bytes, new threshold 1 (max threshold 15)
[11.377s][info ][gc,heap        ] GC(116) PSYoungGen: 346805K(347648K)->96K(334848K) Eden: 346351K(346624K)->0K(334336K) From: 454K(1024K)->96K(512K)
[11.377s][info ][gc,heap        ] GC(116) ParOldGen: 4122K(349696K)->4122K(349696K)
[11.377s][info ][gc,metaspace   ] GC(116) Metaspace: 9574K(9856K)->9574K(9856K) NonClass: 8505K(8640K)->8505K(8640K) Class: 1069K(1216K)->1069K(1216K)
[11.377s][info ][gc             ] GC(116) Pause Young (Allocation Failure) 342M->4M(668M) 0.233ms
[11.377s][info ][gc,cpu         ] GC(116) User=0.00s Sys=0.00s Real=0.00s
[11.402s][info ][gc,start       ] GC(117) Pause Young (Allocation Failure)
[11.402s][debug][gc,age         ] GC(117) Desired survivor size 1048576 bytes, new threshold 1 (max threshold 15)
[11.402s][info ][gc,heap        ] GC(117) PSYoungGen: 334372K(334848K)->96K(323584K) Eden: 334276K(334336K)->0K(322560K) From: 96K(512K)->96K(1024K)
[11.402s][info ][gc,heap        ] GC(117) ParOldGen: 4122K(349696K)->4122K(349696K)
[11.402s][info ][gc,metaspace   ] GC(117) Metaspace: 9574K(9856K)->9574K(9856K) NonClass: 8505K(8640K)->8505K(8640K) Class: 1069K(1216K)->1069K(1216K)
[11.402s][info ][gc             ] GC(117) Pause Young (Allocation Failure) 330M->4M(657M) 0.235ms
[11.402s][info ][gc,cpu         ] GC(117) User=0.00s Sys=0.00s Real=0.00s
[11.426s][info ][gc,start       ] GC(118) Pause Young (Allocation Failure)
[11.426s][debug][gc,age         ] GC(118) Desired survivor size 1048576 bytes, new threshold 1 (max threshold 15)
[11.426s][info ][gc,heap        ] GC(118) PSYoungGen: 322288K(323584K)->454K(311808K) Eden: 322192K(322560K)->0K(311296K) From: 96K(1024K)->454K(512K)
[11.426s][info ][gc,heap        ] GC(118) ParOldGen: 4122K(349696K)->4122K(349696K)
[11.426s][info ][gc,metaspace   ] GC(118) Metaspace: 9574K(9856K)->9574K(9856K) NonClass: 8505K(8640K)->8505K(8640K) Class: 1069K(1216K)->1069K(1216K)
[11.426s][info ][gc             ] GC(118) Pause Young (Allocation Failure) 318M->4M(646M) 0.328ms
[11.426s][info ][gc,cpu         ] GC(118) User=0.00s Sys=0.00s Real=0.00s
[11.449s][info ][gc,start       ] GC(119) Pause Young (Allocation Failure)
[11.449s][debug][gc,age         ] GC(119) Desired survivor size 1048576 bytes, new threshold 1 (max threshold 15)
[11.449s][info ][gc,heap        ] GC(119) PSYoungGen: 311393K(311808K)->486K(301568K) Eden: 310938K(311296K)->0K(300544K) From: 454K(512K)->486K(1024K)
[11.449s][info ][gc,heap        ] GC(119) ParOldGen: 4122K(349696K)->4122K(349696K)
[11.449s][info ][gc,metaspace   ] GC(119) Metaspace: 9574K(9856K)->9574K(9856K) NonClass: 8505K(8640K)->8505K(8640K) Class: 1069K(1216K)->1069K(1216K)
[11.449s][info ][gc             ] GC(119) Pause Young (Allocation Failure) 308M->4M(636M) 0.218ms
[11.449s][info ][gc,cpu         ] GC(119) User=0.00s Sys=0.00s Real=0.00s
[11.471s][info ][gc,start       ] GC(120) Pause Young (Allocation Failure)
[11.471s][debug][gc,age         ] GC(120) Desired survivor size 1048576 bytes, new threshold 1 (max threshold 15)
[11.471s][info ][gc,heap        ] GC(120) PSYoungGen: 300952K(301568K)->454K(290816K) Eden: 300465K(300544K)->0K(290304K) From: 486K(1024K)->454K(512K)
[11.471s][info ][gc,heap        ] GC(120) ParOldGen: 4122K(349696K)->4122K(349696K)
[11.471s][info ][gc,metaspace   ] GC(120) Metaspace: 9574K(9856K)->9574K(9856K) NonClass: 8505K(8640K)->8505K(8640K) Class: 1069K(1216K)->1069K(1216K)
[11.471s][info ][gc             ] GC(120) Pause Young (Allocation Failure) 297M->4M(625M) 0.259ms
[11.471s][info ][gc,cpu         ] GC(120) User=0.00s Sys=0.00s Real=0.00s
[11.492s][info ][gc,start       ] GC(121) Pause Young (Allocation Failure)
[11.492s][debug][gc,age         ] GC(121) Desired survivor size 1048576 bytes, new threshold 1 (max threshold 15)
[11.492s][info ][gc,heap        ] GC(121) PSYoungGen: 290758K(290816K)->486K(281600K) Eden: 290304K(290304K)->0K(280576K) From: 454K(512K)->486K(1024K)
[11.492s][info ][gc,heap        ] GC(121) ParOldGen: 4122K(349696K)->4122K(349696K)
[11.492s][info ][gc,metaspace   ] GC(121) Metaspace: 9574K(9856K)->9574K(9856K) NonClass: 8505K(8640K)->8505K(8640K) Class: 1069K(1216K)->1069K(1216K)
[11.492s][info ][gc             ] GC(121) Pause Young (Allocation Failure) 287M->4M(616M) 0.244ms
[11.492s][info ][gc,cpu         ] GC(121) User=0.00s Sys=0.00s Real=0.00s
[11.513s][info ][gc,start       ] GC(122) Pause Young (Allocation Failure)
[11.513s][debug][gc,age         ] GC(122) Desired survivor size 1048576 bytes, new threshold 1 (max threshold 15)
[11.513s][info ][gc,heap        ] GC(122) PSYoungGen: 281007K(281600K)->64K(271872K) Eden: 280520K(280576K)->0K(271360K) From: 486K(1024K)->64K(512K)
[11.513s][info ][gc,heap        ] GC(122) ParOldGen: 4122K(349696K)->4122K(349696K)
[11.513s][info ][gc,metaspace   ] GC(122) Metaspace: 9574K(9856K)->9574K(9856K) NonClass: 8505K(8640K)->8505K(8640K) Class: 1069K(1216K)->1069K(1216K)
[11.513s][info ][gc             ] GC(122) Pause Young (Allocation Failure) 278M->4M(607M) 0.267ms
[11.513s][info ][gc,cpu         ] GC(122) User=0.00s Sys=0.00s Real=0.00s
[11.532s][info ][gc,start       ] GC(123) Pause Young (Allocation Failure)
[11.532s][debug][gc,age         ] GC(123) Desired survivor size 1048576 bytes, new threshold 1 (max threshold 15)
[11.532s][info ][gc,heap        ] GC(123) PSYoungGen: 271249K(271872K)->96K(263680K) Eden: 271185K(271360K)->0K(262656K) From: 64K(512K)->96K(1024K)
[11.532s][info ][gc,heap        ] GC(123) ParOldGen: 4122K(349696K)->4122K(349696K)
[11.532s][info ][gc,metaspace   ] GC(123) Metaspace: 9574K(9856K)->9574K(9856K) NonClass: 8505K(8640K)->8505K(8640K) Class: 1069K(1216K)->1069K(1216K)
[11.532s][info ][gc             ] GC(123) Pause Young (Allocation Failure) 268M->4M(599M) 0.223ms
[11.532s][info ][gc,cpu         ] GC(123) User=0.00s Sys=0.00s Real=0.00s
[11.552s][info ][gc,start       ] GC(124) Pause Young (Allocation Failure)
[11.552s][debug][gc,age         ] GC(124) Desired survivor size 1048576 bytes, new threshold 1 (max threshold 15)
[11.552s][info ][gc,heap        ] GC(124) PSYoungGen: 262740K(263680K)->486K(254464K) Eden: 262644K(262656K)->0K(253952K) From: 96K(1024K)->486K(512K)
[11.552s][info ][gc,heap        ] GC(124) ParOldGen: 4122K(349696K)->4122K(349696K)
[11.552s][info ][gc,metaspace   ] GC(124) Metaspace: 9574K(9856K)->9574K(9856K) NonClass: 8505K(8640K)->8505K(8640K) Class: 1069K(1216K)->1069K(1216K)
[11.552s][info ][gc             ] GC(124) Pause Young (Allocation Failure) 260M->4M(590M) 0.267ms
[11.552s][info ][gc,cpu         ] GC(124) User=0.00s Sys=0.00s Real=0.00s
[11.571s][info ][gc,start       ] GC(125) Pause Young (Allocation Failure)
[11.571s][debug][gc,age         ] GC(125) Desired survivor size 1048576 bytes, new threshold 1 (max threshold 15)
[11.571s][info ][gc,heap        ] GC(125) PSYoungGen: 254438K(254464K)->96K(246784K) Eden: 253952K(253952K)->0K(245760K) From: 486K(512K)->96K(1024K)
[11.571s][info ][gc,heap        ] GC(125) ParOldGen: 4122K(349696K)->4122K(349696K)
[11.571s][info ][gc,metaspace   ] GC(125) Metaspace: 9574K(9856K)->9574K(9856K) NonClass: 8505K(8640K)->8505K(8640K) Class: 1069K(1216K)->1069K(1216K)
[11.571s][info ][gc             ] GC(125) Pause Young (Allocation Failure) 252M->4M(582M) 0.254ms
[11.571s][info ][gc,cpu         ] GC(125) User=0.00s Sys=0.00s Real=0.00s
[11.589s][info ][gc,start       ] GC(126) Pause Young (Allocation Failure)
[11.589s][debug][gc,age         ] GC(126) Desired survivor size 1048576 bytes, new threshold 1 (max threshold 15)
[11.589s][info ][gc,heap        ] GC(126) PSYoungGen: 245738K(246784K)->96K(238592K) Eden: 245642K(245760K)->0K(238080K) From: 96K(1024K)->96K(512K)
[11.589s][info ][gc,heap        ] GC(126) ParOldGen: 4122K(349696K)->4122K(349696K)
[11.589s][info ][gc,metaspace   ] GC(126) Metaspace: 9574K(9856K)->9574K(9856K) NonClass: 8505K(8640K)->8505K(8640K) Class: 1069K(1216K)->1069K(1216K)
[11.589s][info ][gc             ] GC(126) Pause Young (Allocation Failure) 244M->4M(574M) 0.263ms
[11.589s][info ][gc,cpu         ] GC(126) User=0.00s Sys=0.00s Real=0.00s
[11.607s][info ][gc,start       ] GC(127) Pause Young (Allocation Failure)
[11.607s][debug][gc,age         ] GC(127) Desired survivor size 1048576 bytes, new threshold 1 (max threshold 15)
[11.607s][info ][gc,heap        ] GC(127) PSYoungGen: 238108K(238592K)->96K(231936K) Eden: 238012K(238080K)->0K(230912K) From: 96K(512K)->96K(1024K)
[11.607s][info ][gc,heap        ] GC(127) ParOldGen: 4122K(349696K)->4122K(349696K)
[11.607s][info ][gc,metaspace   ] GC(127) Metaspace: 9574K(9856K)->9574K(9856K) NonClass: 8505K(8640K)->8505K(8640K) Class: 1069K(1216K)->1069K(1216K)
[11.607s][info ][gc             ] GC(127) Pause Young (Allocation Failure) 236M->4M(568M) 0.240ms
[11.607s][info ][gc,cpu         ] GC(127) User=0.00s Sys=0.00s Real=0.00s
[11.624s][info ][gc,start       ] GC(128) Pause Young (Allocation Failure)
[11.624s][debug][gc,age         ] GC(128) Desired survivor size 1048576 bytes, new threshold 1 (max threshold 15)
[11.624s][info ][gc,heap        ] GC(128) PSYoungGen: 230939K(231936K)->96K(224256K) Eden: 230843K(230912K)->0K(223744K) From: 96K(1024K)->96K(512K)
[11.624s][info ][gc,heap        ] GC(128) ParOldGen: 4122K(349696K)->4122K(349696K)
[11.624s][info ][gc,metaspace   ] GC(128) Metaspace: 9574K(9856K)->9574K(9856K) NonClass: 8505K(8640K)->8505K(8640K) Class: 1069K(1216K)->1069K(1216K)
[11.624s][info ][gc             ] GC(128) Pause Young (Allocation Failure) 229M->4M(560M) 0.240ms
[11.624s][info ][gc,cpu         ] GC(128) User=0.00s Sys=0.00s Real=0.00s
[11.641s][info ][gc,start       ] GC(129) Pause Young (Allocation Failure)
[11.641s][debug][gc,age         ] GC(129) Desired survivor size 1048576 bytes, new threshold 1 (max threshold 15)
[11.641s][info ][gc,heap        ] GC(129) PSYoungGen: 223658K(224256K)->64K(269824K) Eden: 223562K(223744K)->0K(268800K) From: 96K(512K)->64K(1024K)
[11.641s][info ][gc,heap        ] GC(129) ParOldGen: 4122K(349696K)->4122K(349696K)
[11.641s][info ][gc,metaspace   ] GC(129) Metaspace: 9574K(9856K)->9574K(9856K) NonClass: 8505K(8640K)->8505K(8640K) Class: 1069K(1216K)->1069K(1216K)
[11.641s][info ][gc             ] GC(129) Pause Young (Allocation Failure) 222M->4M(605M) 0.264ms
[11.641s][info ][gc,cpu         ] GC(129) User=0.00s Sys=0.00s Real=0.00s
[11.661s][info ][gc,start       ] GC(130) Pause Young (Allocation Failure)
[11.661s][debug][gc,age         ] GC(130) Desired survivor size 1048576 bytes, new threshold 1 (max threshold 15)
[11.661s][info ][gc,heap        ] GC(130) PSYoungGen: 268499K(269824K)->64K(323072K) Eden: 268435K(268800K)->0K(322560K) From: 64K(1024K)->64K(512K)
[11.661s][info ][gc,heap        ] GC(130) ParOldGen: 4122K(349696K)->4122K(349696K)
[11.661s][info ][gc,metaspace   ] GC(130) Metaspace: 9574K(9856K)->9574K(9856K) NonClass: 8505K(8640K)->8505K(8640K) Class: 1069K(1216K)->1069K(1216K)
[11.661s][info ][gc             ] GC(130) Pause Young (Allocation Failure) 266M->4M(657M) 0.273ms
[11.661s][info ][gc,cpu         ] GC(130) User=0.00s Sys=0.00s Real=0.00s
[11.684s][info ][gc,start       ] GC(131) Pause Young (Allocation Failure)
[11.685s][debug][gc,age         ] GC(131) Desired survivor size 1048576 bytes, new threshold 1 (max threshold 15)
[11.685s][info ][gc,heap        ] GC(131) PSYoungGen: 322624K(323072K)->486K(312320K) Eden: 322560K(322560K)->0K(311296K) From: 64K(512K)->486K(1024K)
[11.685s][info ][gc,heap        ] GC(131) ParOldGen: 4122K(349696K)->4122K(349696K)
[11.685s][info ][gc,metaspace   ] GC(131) Metaspace: 9574K(9856K)->9574K(9856K) NonClass: 8505K(8640K)->8505K(8640K) Class: 1069K(1216K)->1069K(1216K)
[11.685s][info ][gc             ] GC(131) Pause Young (Allocation Failure) 319M->4M(646M) 0.248ms
[11.685s][info ][gc,cpu         ] GC(131) User=0.00s Sys=0.00s Real=0.00s
[11.708s][info ][gc,start       ] GC(132) Pause Young (Allocation Failure)
[11.708s][debug][gc,age         ] GC(132) Desired survivor size 1048576 bytes, new threshold 1 (max threshold 15)
[11.708s][info ][gc,heap        ] GC(132) PSYoungGen: 311585K(312320K)->96K(301056K) Eden: 311098K(311296K)->0K(300544K) From: 486K(1024K)->96K(512K)
[11.708s][info ][gc,heap        ] GC(132) ParOldGen: 4122K(349696K)->4122K(349696K)
[11.708s][info ][gc,metaspace   ] GC(132) Metaspace: 9574K(9856K)->9574K(9856K) NonClass: 8505K(8640K)->8505K(8640K) Class: 1069K(1216K)->1069K(1216K)
[11.708s][info ][gc             ] GC(132) Pause Young (Allocation Failure) 308M->4M(635M) 0.276ms
[11.708s][info ][gc,cpu         ] GC(132) User=0.00s Sys=0.00s Real=0.00s
[11.729s][info ][gc,start       ] GC(133) Pause Young (Allocation Failure)
[11.730s][debug][gc,age         ] GC(133) Desired survivor size 1048576 bytes, new threshold 1 (max threshold 15)
[11.730s][info ][gc,heap        ] GC(133) PSYoungGen: 300640K(301056K)->486K(291328K) Eden: 300544K(300544K)->0K(290304K) From: 96K(512K)->486K(1024K)
[11.730s][info ][gc,heap        ] GC(133) ParOldGen: 4122K(349696K)->4122K(349696K)
[11.730s][info ][gc,metaspace   ] GC(133) Metaspace: 9574K(9856K)->9574K(9856K) NonClass: 8505K(8640K)->8505K(8640K) Class: 1069K(1216K)->1069K(1216K)
[11.730s][info ][gc             ] GC(133) Pause Young (Allocation Failure) 297M->4M(626M) 0.267ms
[11.730s][info ][gc,cpu         ] GC(133) User=0.00s Sys=0.00s Real=0.00s
[11.751s][info ][gc,start       ] GC(134) Pause Young (Allocation Failure)
[11.751s][debug][gc,age         ] GC(134) Desired survivor size 1048576 bytes, new threshold 1 (max threshold 15)
[11.751s][info ][gc,heap        ] GC(134) PSYoungGen: 290535K(291328K)->96K(281088K) Eden: 290048K(290304K)->0K(280576K) From: 486K(1024K)->96K(512K)
[11.751s][info ][gc,heap        ] GC(134) ParOldGen: 4122K(349696K)->4122K(349696K)
[11.751s][info ][gc,metaspace   ] GC(134) Metaspace: 9574K(9856K)->9574K(9856K) NonClass: 8505K(8640K)->8505K(8640K) Class: 1069K(1216K)->1069K(1216K)
[11.751s][info ][gc             ] GC(134) Pause Young (Allocation Failure) 287M->4M(616M) 0.280ms
[11.751s][info ][gc,cpu         ] GC(134) User=0.00s Sys=0.00s Real=0.00s
[11.771s][info ][gc,start       ] GC(135) Pause Young (Allocation Failure)
[11.771s][debug][gc,age         ] GC(135) Desired survivor size 1048576 bytes, new threshold 1 (max threshold 15)
[11.772s][info ][gc,heap        ] GC(135) PSYoungGen: 280672K(281088K)->454K(272384K) Eden: 280576K(280576K)->0K(271360K) From: 96K(512K)->454K(1024K)
[11.772s][info ][gc,heap        ] GC(135) ParOldGen: 4122K(349696K)->4122K(349696K)
[11.772s][info ][gc,metaspace   ] GC(135) Metaspace: 9574K(9856K)->9574K(9856K) NonClass: 8505K(8640K)->8505K(8640K) Class: 1069K(1216K)->1069K(1216K)
[11.772s][info ][gc             ] GC(135) Pause Young (Allocation Failure) 278M->4M(607M) 0.296ms
[11.772s][info ][gc,cpu         ] GC(135) User=0.00s Sys=0.00s Real=0.00s
[11.791s][info ][gc,start       ] GC(136) Pause Young (Allocation Failure)
[11.792s][debug][gc,age         ] GC(136) Desired survivor size 1048576 bytes, new threshold 1 (max threshold 15)
[11.792s][info ][gc,heap        ] GC(136) PSYoungGen: 271799K(272384K)->96K(263168K) Eden: 271344K(271360K)->0K(262656K) From: 454K(1024K)->96K(512K)
[11.792s][info ][gc,heap        ] GC(136) ParOldGen: 4122K(349696K)->4122K(349696K)
[11.792s][info ][gc,metaspace   ] GC(136) Metaspace: 9574K(9856K)->9574K(9856K) NonClass: 8505K(8640K)->8505K(8640K) Class: 1069K(1216K)->1069K(1216K)
[11.792s][info ][gc             ] GC(136) Pause Young (Allocation Failure) 269M->4M(598M) 0.253ms
[11.792s][info ][gc,cpu         ] GC(136) User=0.00s Sys=0.00s Real=0.00s
[11.811s][info ][gc,start       ] GC(137) Pause Young (Allocation Failure)
[11.811s][debug][gc,age         ] GC(137) Desired survivor size 1048576 bytes, new threshold 1 (max threshold 15)
[11.811s][info ][gc,heap        ] GC(137) PSYoungGen: 262528K(263168K)->96K(254976K) Eden: 262432K(262656K)->0K(253952K) From: 96K(512K)->96K(1024K)
[11.811s][info ][gc,heap        ] GC(137) ParOldGen: 4122K(349696K)->4122K(349696K)
[11.811s][info ][gc,metaspace   ] GC(137) Metaspace: 9574K(9856K)->9574K(9856K) NonClass: 8505K(8640K)->8505K(8640K) Class: 1069K(1216K)->1069K(1216K)
[11.811s][info ][gc             ] GC(137) Pause Young (Allocation Failure) 260M->4M(590M) 0.219ms
[11.811s][info ][gc,cpu         ] GC(137) User=0.00s Sys=0.00s Real=0.00s
[11.830s][info ][gc,start       ] GC(138) Pause Young (Allocation Failure)
[11.830s][debug][gc,age         ] GC(138) Desired survivor size 1048576 bytes, new threshold 1 (max threshold 15)
[11.830s][info ][gc,heap        ] GC(138) PSYoungGen: 253724K(254976K)->96K(246272K) Eden: 253628K(253952K)->0K(245760K) From: 96K(1024K)->96K(512K)
[11.830s][info ][gc,heap        ] GC(138) ParOldGen: 4122K(349696K)->4122K(349696K)
[11.830s][info ][gc,metaspace   ] GC(138) Metaspace: 9574K(9856K)->9574K(9856K) NonClass: 8505K(8640K)->8505K(8640K) Class: 1069K(1216K)->1069K(1216K)
[11.830s][info ][gc             ] GC(138) Pause Young (Allocation Failure) 251M->4M(582M) 0.230ms
[11.830s][info ][gc,cpu         ] GC(138) User=0.00s Sys=0.00s Real=0.00s
[11.848s][info ][gc,start       ] GC(139) Pause Young (Allocation Failure)
[11.849s][debug][gc,age         ] GC(139) Desired survivor size 1048576 bytes, new threshold 1 (max threshold 15)
[11.849s][info ][gc,heap        ] GC(139) PSYoungGen: 245601K(246272K)->486K(239104K) Eden: 245505K(245760K)->0K(238080K) From: 96K(512K)->486K(1024K)
[11.849s][info ][gc,heap        ] GC(139) ParOldGen: 4122K(349696K)->4122K(349696K)
[11.849s][info ][gc,metaspace   ] GC(139) Metaspace: 9574K(9856K)->9574K(9856K) NonClass: 8505K(8640K)->8505K(8640K) Class: 1069K(1216K)->1069K(1216K)
[11.849s][info ][gc             ] GC(139) Pause Young (Allocation Failure) 243M->4M(575M) 0.224ms
[11.849s][info ][gc,cpu         ] GC(139) User=0.00s Sys=0.00s Real=0.00s
[11.866s][info ][gc,start       ] GC(140) Pause Young (Allocation Failure)
[11.866s][debug][gc,age         ] GC(140) Desired survivor size 1048576 bytes, new threshold 1 (max threshold 15)
[11.866s][info ][gc,heap        ] GC(140) PSYoungGen: 238566K(239104K)->486K(231424K) Eden: 238080K(238080K)->0K(230912K) From: 486K(1024K)->486K(512K)
[11.866s][info ][gc,heap        ] GC(140) ParOldGen: 4122K(349696K)->4122K(349696K)
[11.866s][info ][gc,metaspace   ] GC(140) Metaspace: 9574K(9856K)->9574K(9856K) NonClass: 8505K(8640K)->8505K(8640K) Class: 1069K(1216K)->1069K(1216K)
[11.866s][info ][gc             ] GC(140) Pause Young (Allocation Failure) 237M->4M(567M) 0.260ms
[11.866s][info ][gc,cpu         ] GC(140) User=0.00s Sys=0.01s Real=0.00s
[11.883s][info ][gc,start       ] GC(141) Pause Young (Allocation Failure)
[11.883s][debug][gc,age         ] GC(141) Desired survivor size 1048576 bytes, new threshold 1 (max threshold 15)
[11.883s][info ][gc,heap        ] GC(141) PSYoungGen: 231324K(231424K)->486K(224768K) Eden: 230838K(230912K)->0K(223744K) From: 486K(512K)->486K(1024K)
[11.883s][info ][gc,heap        ] GC(141) ParOldGen: 4122K(349696K)->4122K(349696K)
[11.883s][info ][gc,metaspace   ] GC(141) Metaspace: 9574K(9856K)->9574K(9856K) NonClass: 8505K(8640K)->8505K(8640K) Class: 1069K(1216K)->1069K(1216K)
[11.883s][info ][gc             ] GC(141) Pause Young (Allocation Failure) 229M->4M(561M) 0.248ms
[11.883s][info ][gc,cpu         ] GC(141) User=0.00s Sys=0.00s Real=0.00s
[11.900s][info ][gc,start       ] GC(142) Pause Young (Allocation Failure)
[11.900s][debug][gc,age         ] GC(142) Desired survivor size 1048576 bytes, new threshold 1 (max threshold 15)
[11.900s][info ][gc,heap        ] GC(142) PSYoungGen: 224230K(224768K)->486K(269312K) Eden: 223744K(223744K)->0K(268800K) From: 486K(1024K)->486K(512K)
[11.900s][info ][gc,heap        ] GC(142) ParOldGen: 4122K(349696K)->4122K(349696K)
[11.900s][info ][gc,metaspace   ] GC(142) Metaspace: 9574K(9856K)->9574K(9856K) NonClass: 8505K(8640K)->8505K(8640K) Class: 1069K(1216K)->1069K(1216K)
[11.900s][info ][gc             ] GC(142) Pause Young (Allocation Failure) 223M->4M(604M) 0.259ms
[11.900s][info ][gc,cpu         ] GC(142) User=0.00s Sys=0.00s Real=0.00s
[11.920s][info ][gc,start       ] GC(143) Pause Young (Allocation Failure)
[11.920s][debug][gc,age         ] GC(143) Desired survivor size 1048576 bytes, new threshold 1 (max threshold 15)
[11.920s][info ][gc,heap        ] GC(143) PSYoungGen: 268923K(269312K)->486K(261120K) Eden: 268436K(268800K)->0K(260096K) From: 486K(512K)->486K(1024K)
[11.920s][info ][gc,heap        ] GC(143) ParOldGen: 4122K(349696K)->4122K(349696K)
[11.920s][info ][gc,metaspace   ] GC(143) Metaspace: 9574K(9856K)->9574K(9856K) NonClass: 8505K(8640K)->8505K(8640K) Class: 1069K(1216K)->1069K(1216K)
[11.920s][info ][gc             ] GC(143) Pause Young (Allocation Failure) 266M->4M(596M) 0.219ms
[11.920s][info ][gc,cpu         ] GC(143) User=0.00s Sys=0.00s Real=0.00s
[11.940s][info ][gc,start       ] GC(144) Pause Young (Allocation Failure)
[11.940s][debug][gc,age         ] GC(144) Desired survivor size 1048576 bytes, new threshold 1 (max threshold 15)
[11.940s][info ][gc,heap        ] GC(144) PSYoungGen: 260206K(261120K)->486K(252416K) Eden: 259719K(260096K)->0K(251904K) From: 486K(1024K)->486K(512K)
[11.940s][info ][gc,heap        ] GC(144) ParOldGen: 4122K(349696K)->4122K(349696K)
[11.940s][info ][gc,metaspace   ] GC(144) Metaspace: 9574K(9856K)->9574K(9856K) NonClass: 8505K(8640K)->8505K(8640K) Class: 1069K(1216K)->1069K(1216K)
[11.940s][info ][gc             ] GC(144) Pause Young (Allocation Failure) 258M->4M(588M) 0.229ms
[11.940s][info ][gc,cpu         ] GC(144) User=0.00s Sys=0.00s Real=0.00s
[11.958s][info ][gc,start       ] GC(145) Pause Young (Allocation Failure)
[11.959s][debug][gc,age         ] GC(145) Desired survivor size 1048576 bytes, new threshold 1 (max threshold 15)
[11.959s][info ][gc,heap        ] GC(145) PSYoungGen: 252049K(252416K)->64K(244736K) Eden: 251562K(251904K)->0K(243712K) From: 486K(512K)->64K(1024K)
[11.959s][info ][gc,heap        ] GC(145) ParOldGen: 4122K(349696K)->4122K(349696K)
[11.959s][info ][gc,metaspace   ] GC(145) Metaspace: 9574K(9856K)->9574K(9856K) NonClass: 8505K(8640K)->8505K(8640K) Class: 1069K(1216K)->1069K(1216K)
[11.959s][info ][gc             ] GC(145) Pause Young (Allocation Failure) 250M->4M(580M) 0.230ms
[11.959s][info ][gc,cpu         ] GC(145) User=0.00s Sys=0.00s Real=0.00s
[11.976s][info ][gc,start       ] GC(146) Pause Young (Allocation Failure)
[11.977s][debug][gc,age         ] GC(146) Desired survivor size 1048576 bytes, new threshold 1 (max threshold 15)
[11.977s][info ][gc,heap        ] GC(146) PSYoungGen: 243391K(244736K)->96K(236544K) Eden: 243327K(243712K)->0K(236032K) From: 64K(1024K)->96K(512K)
[11.977s][info ][gc,heap        ] GC(146) ParOldGen: 4122K(349696K)->4122K(349696K)
[11.977s][info ][gc,metaspace   ] GC(146) Metaspace: 9574K(9856K)->9574K(9856K) NonClass: 8505K(8640K)->8505K(8640K) Class: 1069K(1216K)->1069K(1216K)
[11.977s][info ][gc             ] GC(146) Pause Young (Allocation Failure) 241M->4M(572M) 0.402ms
[11.977s][info ][gc,cpu         ] GC(146) User=0.00s Sys=0.00s Real=0.00s
[11.994s][info ][gc,start       ] GC(147) Pause Young (Allocation Failure)
[11.994s][debug][gc,age         ] GC(147) Desired survivor size 1048576 bytes, new threshold 1 (max threshold 15)
[11.994s][info ][gc,heap        ] GC(147) PSYoungGen: 235820K(236544K)->96K(229888K) Eden: 235724K(236032K)->0K(228864K) From: 96K(512K)->96K(1024K)
[11.994s][info ][gc,heap        ] GC(147) ParOldGen: 4122K(349696K)->4122K(349696K)
[11.994s][info ][gc,metaspace   ] GC(147) Metaspace: 9574K(9856K)->9574K(9856K) NonClass: 8505K(8640K)->8505K(8640K) Class: 1069K(1216K)->1069K(1216K)
[11.994s][info ][gc             ] GC(147) Pause Young (Allocation Failure) 234M->4M(566M) 0.237ms
[11.994s][info ][gc,cpu         ] GC(147) User=0.00s Sys=0.00s Real=0.00s
[12.011s][info ][gc,start       ] GC(148) Pause Young (Allocation Failure)
[12.011s][debug][gc,age         ] GC(148) Desired survivor size 1048576 bytes, new threshold 1 (max threshold 15)
[12.011s][info ][gc,heap        ] GC(148) PSYoungGen: 228600K(229888K)->64K(275456K) Eden: 228504K(228864K)->0K(274944K) From: 96K(1024K)->64K(512K)
[12.011s][info ][gc,heap        ] GC(148) ParOldGen: 4122K(349696K)->4122K(349696K)
[12.011s][info ][gc,metaspace   ] GC(148) Metaspace: 9574K(9856K)->9574K(9856K) NonClass: 8505K(8640K)->8505K(8640K) Class: 1069K(1216K)->1069K(1216K)
[12.011s][info ][gc             ] GC(148) Pause Young (Allocation Failure) 227M->4M(610M) 0.248ms
[12.011s][info ][gc,cpu         ] GC(148) User=0.00s Sys=0.00s Real=0.00s
[12.032s][info ][gc,start       ] GC(149) Pause Young (Allocation Failure)
[12.032s][debug][gc,age         ] GC(149) Desired survivor size 1048576 bytes, new threshold 1 (max threshold 15)
[12.032s][info ][gc,heap        ] GC(149) PSYoungGen: 275008K(275456K)->64K(331264K) Eden: 274944K(274944K)->0K(330240K) From: 64K(512K)->64K(1024K)
[12.032s][info ][gc,heap        ] GC(149) ParOldGen: 4122K(349696K)->4122K(349696K)
[12.032s][info ][gc,metaspace   ] GC(149) Metaspace: 9574K(9856K)->9574K(9856K) NonClass: 8505K(8640K)->8505K(8640K) Class: 1069K(1216K)->1069K(1216K)
[12.032s][info ][gc             ] GC(149) Pause Young (Allocation Failure) 272M->4M(665M) 0.268ms
[12.032s][info ][gc,cpu         ] GC(149) User=0.01s Sys=0.00s Real=0.00s
[12.056s][info ][gc,start       ] GC(150) Pause Young (Allocation Failure)
[12.056s][debug][gc,age         ] GC(150) Desired survivor size 1048576 bytes, new threshold 1 (max threshold 15)
[12.056s][info ][gc,heap        ] GC(150) PSYoungGen: 329962K(331264K)->486K(318976K) Eden: 329898K(330240K)->0K(318464K) From: 64K(1024K)->486K(512K)
[12.056s][info ][gc,heap        ] GC(150) ParOldGen: 4122K(349696K)->4122K(349696K)
[12.056s][info ][gc,metaspace   ] GC(150) Metaspace: 9574K(9856K)->9574K(9856K) NonClass: 8505K(8640K)->8505K(8640K) Class: 1069K(1216K)->1069K(1216K)
[12.056s][info ][gc             ] GC(150) Pause Young (Allocation Failure) 326M->4M(653M) 0.266ms
[12.056s][info ][gc,cpu         ] GC(150) User=0.00s Sys=0.00s Real=0.00s
[12.080s][info ][gc,start       ] GC(151) Pause Young (Allocation Failure)
[12.080s][debug][gc,age         ] GC(151) Desired survivor size 1048576 bytes, new threshold 1 (max threshold 15)
[12.080s][info ][gc,heap        ] GC(151) PSYoungGen: 318950K(318976K)->486K(308224K) Eden: 318464K(318464K)->0K(307200K) From: 486K(512K)->486K(1024K)
[12.080s][info ][gc,heap        ] GC(151) ParOldGen: 4122K(349696K)->4122K(349696K)
[12.080s][info ][gc,metaspace   ] GC(151) Metaspace: 9574K(9856K)->9574K(9856K) NonClass: 8505K(8640K)->8505K(8640K) Class: 1069K(1216K)->1069K(1216K)
[12.080s][info ][gc             ] GC(151) Pause Young (Allocation Failure) 315M->4M(642M) 0.277ms
[12.080s][info ][gc,cpu         ] GC(151) User=0.00s Sys=0.00s Real=0.00s
[12.102s][info ][gc,start       ] GC(152) Pause Young (Allocation Failure)
[12.103s][debug][gc,age         ] GC(152) Desired survivor size 1048576 bytes, new threshold 1 (max threshold 15)
[12.103s][info ][gc,heap        ] GC(152) PSYoungGen: 307445K(308224K)->486K(296960K) Eden: 306958K(307200K)->0K(296448K) From: 486K(1024K)->486K(512K)
[12.103s][info ][gc,heap        ] GC(152) ParOldGen: 4122K(349696K)->4122K(349696K)
[12.103s][info ][gc,metaspace   ] GC(152) Metaspace: 9574K(9856K)->9574K(9856K) NonClass: 8505K(8640K)->8505K(8640K) Class: 1069K(1216K)->1069K(1216K)
[12.103s][info ][gc             ] GC(152) Pause Young (Allocation Failure) 304M->4M(631M) 0.259ms
[12.103s][info ][gc,cpu         ] GC(152) User=0.00s Sys=0.00s Real=0.00s
[12.124s][info ][gc,start       ] GC(153) Pause Young (Allocation Failure)
[12.124s][debug][gc,age         ] GC(153) Desired survivor size 1048576 bytes, new threshold 1 (max threshold 15)
[12.124s][info ][gc,heap        ] GC(153) PSYoungGen: 296934K(296960K)->486K(287232K) Eden: 296448K(296448K)->0K(286208K) From: 486K(512K)->486K(1024K)
[12.124s][info ][gc,heap        ] GC(153) ParOldGen: 4122K(349696K)->4122K(349696K)
[12.124s][info ][gc,metaspace   ] GC(153) Metaspace: 9574K(9856K)->9574K(9856K) NonClass: 8505K(8640K)->8505K(8640K) Class: 1069K(1216K)->1069K(1216K)
[12.124s][info ][gc             ] GC(153) Pause Young (Allocation Failure) 294M->4M(622M) 0.255ms
[12.124s][info ][gc,cpu         ] GC(153) User=0.00s Sys=0.00s Real=0.00s
[12.145s][info ][gc,start       ] GC(154) Pause Young (Allocation Failure)
[12.146s][debug][gc,age         ] GC(154) Desired survivor size 1048576 bytes, new threshold 1 (max threshold 15)
[12.146s][info ][gc,heap        ] GC(154) PSYoungGen: 286491K(287232K)->96K(276992K) Eden: 286005K(286208K)->0K(276480K) From: 486K(1024K)->96K(512K)
[12.146s][info ][gc,heap        ] GC(154) ParOldGen: 4122K(349696K)->4122K(349696K)
[12.146s][info ][gc,metaspace   ] GC(154) Metaspace: 9574K(9856K)->9574K(9856K) NonClass: 8505K(8640K)->8505K(8640K) Class: 1069K(1216K)->1069K(1216K)
[12.146s][info ][gc             ] GC(154) Pause Young (Allocation Failure) 283M->4M(612M) 0.260ms
[12.146s][info ][gc,cpu         ] GC(154) User=0.00s Sys=0.00s Real=0.00s
[12.165s][info ][gc,start       ] GC(155) Pause Young (Allocation Failure)
[12.166s][debug][gc,age         ] GC(155) Desired survivor size 1048576 bytes, new threshold 1 (max threshold 15)
[12.166s][info ][gc,heap        ] GC(155) PSYoungGen: 276576K(276992K)->96K(268288K) Eden: 276480K(276480K)->0K(267264K) From: 96K(512K)->96K(1024K)
[12.166s][info ][gc,heap        ] GC(155) ParOldGen: 4122K(349696K)->4122K(349696K)
[12.166s][info ][gc,metaspace   ] GC(155) Metaspace: 9574K(9856K)->9574K(9856K) NonClass: 8505K(8640K)->8505K(8640K) Class: 1069K(1216K)->1069K(1216K)
[12.166s][info ][gc             ] GC(155) Pause Young (Allocation Failure) 274M->4M(603M) 0.228ms
[12.166s][info ][gc,cpu         ] GC(155) User=0.00s Sys=0.00s Real=0.00s
[12.185s][info ][gc,start       ] GC(156) Pause Young (Allocation Failure)
[12.186s][debug][gc,age         ] GC(156) Desired survivor size 1048576 bytes, new threshold 1 (max threshold 15)
[12.186s][info ][gc,heap        ] GC(156) PSYoungGen: 267320K(268288K)->486K(259072K) Eden: 267224K(267264K)->0K(258560K) From: 96K(1024K)->486K(512K)
[12.186s][info ][gc,heap        ] GC(156) ParOldGen: 4122K(349696K)->4122K(349696K)
[12.186s][info ][gc,metaspace   ] GC(156) Metaspace: 9574K(9856K)->9574K(9856K) NonClass: 8505K(8640K)->8505K(8640K) Class: 1069K(1216K)->1069K(1216K)
[12.186s][info ][gc             ] GC(156) Pause Young (Allocation Failure) 265M->4M(594M) 0.270ms
[12.186s][info ][gc,cpu         ] GC(156) User=0.00s Sys=0.00s Real=0.01s
[12.204s][info ][gc,start       ] GC(157) Pause Young (Allocation Failure)
[12.204s][debug][gc,age         ] GC(157) Desired survivor size 1048576 bytes, new threshold 1 (max threshold 15)
[12.204s][info ][gc,heap        ] GC(157) PSYoungGen: 259046K(259072K)->486K(251392K) Eden: 258560K(258560K)->0K(250368K) From: 486K(512K)->486K(1024K)
[12.204s][info ][gc,heap        ] GC(157) ParOldGen: 4122K(349696K)->4122K(349696K)
[12.204s][info ][gc,metaspace   ] GC(157) Metaspace: 9574K(9856K)->9574K(9856K) NonClass: 8505K(8640K)->8505K(8640K) Class: 1069K(1216K)->1069K(1216K)
[12.204s][info ][gc             ] GC(157) Pause Young (Allocation Failure) 257M->4M(587M) 0.260ms
[12.204s][info ][gc,cpu         ] GC(157) User=0.01s Sys=0.00s Real=0.00s
[12.223s][info ][gc,start       ] GC(158) Pause Young (Allocation Failure)
[12.223s][debug][gc,age         ] GC(158) Desired survivor size 1048576 bytes, new threshold 1 (max threshold 15)
[12.223s][info ][gc,heap        ] GC(158) PSYoungGen: 250688K(251392K)->96K(242688K) Eden: 250201K(250368K)->0K(242176K) From: 486K(1024K)->96K(512K)
[12.223s][info ][gc,heap        ] GC(158) ParOldGen: 4122K(349696K)->4122K(349696K)
[12.223s][info ][gc,metaspace   ] GC(158) Metaspace: 9574K(9856K)->9574K(9856K) NonClass: 8505K(8640K)->8505K(8640K) Class: 1069K(1216K)->1069K(1216K)
[12.223s][info ][gc             ] GC(158) Pause Young (Allocation Failure) 248M->4M(578M) 0.244ms
[12.223s][info ][gc,cpu         ] GC(158) User=0.00s Sys=0.00s Real=0.00s
[12.241s][info ][gc,start       ] GC(159) Pause Young (Allocation Failure)
[12.241s][debug][gc,age         ] GC(159) Desired survivor size 1048576 bytes, new threshold 1 (max threshold 15)
[12.241s][info ][gc,heap        ] GC(159) PSYoungGen: 241939K(242688K)->486K(235520K) Eden: 241843K(242176K)->0K(234496K) From: 96K(512K)->486K(1024K)
[12.241s][info ][gc,heap        ] GC(159) ParOldGen: 4122K(349696K)->4122K(349696K)
[12.241s][info ][gc,metaspace   ] GC(159) Metaspace: 9574K(9856K)->9574K(9856K) NonClass: 8505K(8640K)->8505K(8640K) Class: 1069K(1216K)->1069K(1216K)
[12.241s][info ][gc             ] GC(159) Pause Young (Allocation Failure) 240M->4M(571M) 0.202ms
[12.241s][info ][gc,cpu         ] GC(159) User=0.00s Sys=0.00s Real=0.00s
[12.258s][info ][gc,start       ] GC(160) Pause Young (Allocation Failure)
[12.259s][debug][gc,age         ] GC(160) Desired survivor size 1048576 bytes, new threshold 1 (max threshold 15)
[12.259s][info ][gc,heap        ] GC(160) PSYoungGen: 234834K(235520K)->96K(227840K) Eden: 234348K(234496K)->0K(227328K) From: 486K(1024K)->96K(512K)
[12.259s][info ][gc,heap        ] GC(160) ParOldGen: 4122K(349696K)->4122K(349696K)
[12.259s][info ][gc,metaspace   ] GC(160) Metaspace: 9574K(9856K)->9574K(9856K) NonClass: 8505K(8640K)->8505K(8640K) Class: 1069K(1216K)->1069K(1216K)
[12.259s][info ][gc             ] GC(160) Pause Young (Allocation Failure) 233M->4M(564M) 0.208ms
[12.259s][info ][gc,cpu         ] GC(160) User=0.00s Sys=0.00s Real=0.00s
[12.275s][info ][gc,start       ] GC(161) Pause Young (Allocation Failure)
[12.275s][debug][gc,age         ] GC(161) Desired survivor size 1048576 bytes, new threshold 1 (max threshold 15)
[12.275s][info ][gc,heap        ] GC(161) PSYoungGen: 227391K(227840K)->486K(221184K) Eden: 227295K(227328K)->0K(220160K) From: 96K(512K)->486K(1024K)
[12.275s][info ][gc,heap        ] GC(161) ParOldGen: 4122K(349696K)->4122K(349696K)
[12.275s][info ][gc,metaspace   ] GC(161) Metaspace: 9574K(9856K)->9574K(9856K) NonClass: 8505K(8640K)->8505K(8640K) Class: 1069K(1216K)->1069K(1216K)
[12.275s][info ][gc             ] GC(161) Pause Young (Allocation Failure) 226M->4M(557M) 0.255ms
[12.275s][info ][gc,cpu         ] GC(161) User=0.00s Sys=0.00s Real=0.01s
[12.292s][info ][gc,start       ] GC(162) Pause Young (Allocation Failure)
[12.292s][debug][gc,age         ] GC(162) Desired survivor size 1048576 bytes, new threshold 1 (max threshold 15)
[12.292s][info ][gc,heap        ] GC(162) PSYoungGen: 220265K(221184K)->96K(214016K) Eden: 219778K(220160K)->0K(213504K) From: 486K(1024K)->96K(512K)
[12.292s][info ][gc,heap        ] GC(162) ParOldGen: 4122K(349696K)->4122K(349696K)
[12.292s][info ][gc,metaspace   ] GC(162) Metaspace: 9574K(9856K)->9574K(9856K) NonClass: 8505K(8640K)->8505K(8640K) Class: 1069K(1216K)->1069K(1216K)
[12.292s][info ][gc             ] GC(162) Pause Young (Allocation Failure) 219M->4M(550M) 0.263ms
[12.292s][info ][gc,cpu         ] GC(162) User=0.00s Sys=0.00s Real=0.00s
[12.308s][info ][gc,start       ] GC(163) Pause Young (Allocation Failure)
[12.308s][debug][gc,age         ] GC(163) Desired survivor size 1048576 bytes, new threshold 1 (max threshold 15)
[12.308s][info ][gc,heap        ] GC(163) PSYoungGen: 213486K(214016K)->486K(257536K) Eden: 213390K(213504K)->0K(256512K) From: 96K(512K)->486K(1024K)
[12.308s][info ][gc,heap        ] GC(163) ParOldGen: 4122K(349696K)->4122K(349696K)
[12.308s][info ][gc,metaspace   ] GC(163) Metaspace: 9574K(9856K)->9574K(9856K) NonClass: 8505K(8640K)->8505K(8640K) Class: 1069K(1216K)->1069K(1216K)
[12.308s][info ][gc             ] GC(163) Pause Young (Allocation Failure) 212M->4M(593M) 0.248ms
[12.308s][info ][gc,cpu         ] GC(163) User=0.00s Sys=0.00s Real=0.00s
[12.326s][info ][gc,start       ] GC(164) Pause Young (Allocation Failure)
[12.326s][debug][gc,age         ] GC(164) Desired survivor size 1048576 bytes, new threshold 1 (max threshold 15)
[12.326s][info ][gc,heap        ] GC(164) PSYoungGen: 256998K(257536K)->96K(308736K) Eden: 256512K(256512K)->0K(308224K) From: 486K(1024K)->96K(512K)
[12.326s][info ][gc,heap        ] GC(164) ParOldGen: 4122K(349696K)->4122K(349696K)
[12.326s][info ][gc,metaspace   ] GC(164) Metaspace: 9574K(9856K)->9574K(9856K) NonClass: 8505K(8640K)->8505K(8640K) Class: 1069K(1216K)->1069K(1216K)
[12.326s][info ][gc             ] GC(164) Pause Young (Allocation Failure) 255M->4M(643M) 0.293ms
[12.327s][info ][gc,cpu         ] GC(164) User=0.00s Sys=0.00s Real=0.00s
[12.349s][info ][gc,start       ] GC(165) Pause Young (Allocation Failure)
[12.349s][debug][gc,age         ] GC(165) Desired survivor size 1048576 bytes, new threshold 1 (max threshold 15)
[12.349s][info ][gc,heap        ] GC(165) PSYoungGen: 308301K(308736K)->96K(298496K) Eden: 308205K(308224K)->0K(297472K) From: 96K(512K)->96K(1024K)
[12.349s][info ][gc,heap        ] GC(165) ParOldGen: 4122K(349696K)->4122K(349696K)
[12.349s][info ][gc,metaspace   ] GC(165) Metaspace: 9574K(9856K)->9574K(9856K) NonClass: 8505K(8640K)->8505K(8640K) Class: 1069K(1216K)->1069K(1216K)
[12.349s][info ][gc             ] GC(165) Pause Young (Allocation Failure) 305M->4M(633M) 0.239ms
[12.349s][info ][gc,cpu         ] GC(165) User=0.00s Sys=0.00s Real=0.00s
[12.371s][info ][gc,start       ] GC(166) Pause Young (Allocation Failure)
[12.371s][debug][gc,age         ] GC(166) Desired survivor size 1048576 bytes, new threshold 1 (max threshold 15)
[12.371s][info ][gc,heap        ] GC(166) PSYoungGen: 297548K(298496K)->96K(287744K) Eden: 297452K(297472K)->0K(287232K) From: 96K(1024K)->96K(512K)
[12.371s][info ][gc,heap        ] GC(166) ParOldGen: 4122K(349696K)->4122K(349696K)
[12.371s][info ][gc,metaspace   ] GC(166) Metaspace: 9574K(9856K)->9574K(9856K) NonClass: 8505K(8640K)->8505K(8640K) Class: 1069K(1216K)->1069K(1216K)
[12.371s][info ][gc             ] GC(166) Pause Young (Allocation Failure) 294M->4M(622M) 0.264ms
[12.371s][info ][gc,cpu         ] GC(166) User=0.00s Sys=0.00s Real=0.00s
[12.393s][info ][gc,start       ] GC(167) Pause Young (Allocation Failure)
[12.393s][debug][gc,age         ] GC(167) Desired survivor size 1048576 bytes, new threshold 1 (max threshold 15)
[12.393s][info ][gc,heap        ] GC(167) PSYoungGen: 286974K(287744K)->486K(278528K) Eden: 286878K(287232K)->0K(277504K) From: 96K(512K)->486K(1024K)
[12.393s][info ][gc,heap        ] GC(167) ParOldGen: 4122K(349696K)->4122K(349696K)
[12.393s][info ][gc,metaspace   ] GC(167) Metaspace: 9574K(9856K)->9574K(9856K) NonClass: 8505K(8640K)->8505K(8640K) Class: 1069K(1216K)->1069K(1216K)
[12.393s][info ][gc             ] GC(167) Pause Young (Allocation Failure) 284M->4M(613M) 0.270ms
[12.393s][info ][gc,cpu         ] GC(167) User=0.00s Sys=0.00s Real=0.00s
[12.413s][info ][gc,start       ] GC(168) Pause Young (Allocation Failure)
[12.413s][debug][gc,age         ] GC(168) Desired survivor size 1048576 bytes, new threshold 1 (max threshold 15)
[12.413s][info ][gc,heap        ] GC(168) PSYoungGen: 277809K(278528K)->64K(268800K) Eden: 277322K(277504K)->0K(268288K) From: 486K(1024K)->64K(512K)
[12.413s][info ][gc,heap        ] GC(168) ParOldGen: 4122K(349696K)->4122K(349696K)
[12.413s][info ][gc,metaspace   ] GC(168) Metaspace: 9574K(9856K)->9574K(9856K) NonClass: 8505K(8640K)->8505K(8640K) Class: 1069K(1216K)->1069K(1216K)
[12.413s][info ][gc             ] GC(168) Pause Young (Allocation Failure) 275M->4M(604M) 0.274ms
[12.413s][info ][gc,cpu         ] GC(168) User=0.00s Sys=0.00s Real=0.00s
[12.433s][info ][gc,start       ] GC(169) Pause Young (Allocation Failure)
[12.433s][debug][gc,age         ] GC(169) Desired survivor size 1048576 bytes, new threshold 1 (max threshold 15)
[12.433s][info ][gc,heap        ] GC(169) PSYoungGen: 268085K(268800K)->486K(260608K) Eden: 268021K(268288K)->0K(259584K) From: 64K(512K)->486K(1024K)
[12.433s][info ][gc,heap        ] GC(169) ParOldGen: 4122K(349696K)->4122K(349696K)
[12.433s][info ][gc,metaspace   ] GC(169) Metaspace: 9574K(9856K)->9574K(9856K) NonClass: 8505K(8640K)->8505K(8640K) Class: 1069K(1216K)->1069K(1216K)
[12.433s][info ][gc             ] GC(169) Pause Young (Allocation Failure) 265M->4M(596M) 0.227ms
[12.433s][info ][gc,cpu         ] GC(169) User=0.00s Sys=0.00s Real=0.00s
[12.452s][info ][gc,start       ] GC(170) Pause Young (Allocation Failure)
[12.452s][debug][gc,age         ] GC(170) Desired survivor size 1048576 bytes, new threshold 1 (max threshold 15)
[12.452s][info ][gc,heap        ] GC(170) PSYoungGen: 260070K(260608K)->486K(251904K) Eden: 259584K(259584K)->0K(251392K) From: 486K(1024K)->486K(512K)
[12.452s][info ][gc,heap        ] GC(170) ParOldGen: 4122K(349696K)->4122K(349696K)
[12.452s][info ][gc,metaspace   ] GC(170) Metaspace: 9574K(9856K)->9574K(9856K) NonClass: 8505K(8640K)->8505K(8640K) Class: 1069K(1216K)->1069K(1216K)
[12.452s][info ][gc             ] GC(170) Pause Young (Allocation Failure) 258M->4M(587M) 0.291ms
[12.452s][info ][gc,cpu         ] GC(170) User=0.00s Sys=0.00s Real=0.00s
[12.471s][info ][gc,start       ] GC(171) Pause Young (Allocation Failure)
[12.471s][debug][gc,age         ] GC(171) Desired survivor size 1048576 bytes, new threshold 1 (max threshold 15)
[12.471s][info ][gc,heap        ] GC(171) PSYoungGen: 251866K(251904K)->486K(244224K) Eden: 251380K(251392K)->0K(243200K) From: 486K(512K)->486K(1024K)
[12.471s][info ][gc,heap        ] GC(171) ParOldGen: 4122K(349696K)->4122K(349696K)
[12.471s][info ][gc,metaspace   ] GC(171) Metaspace: 9574K(9856K)->9574K(9856K) NonClass: 8505K(8640K)->8505K(8640K) Class: 1069K(1216K)->1069K(1216K)
[12.471s][info ][gc             ] GC(171) Pause Young (Allocation Failure) 249M->4M(580M) 0.224ms
[12.471s][info ][gc,cpu         ] GC(171) User=0.00s Sys=0.00s Real=0.00s
[12.489s][info ][gc,start       ] GC(172) Pause Young (Allocation Failure)
[12.489s][debug][gc,age         ] GC(172) Desired survivor size 1048576 bytes, new threshold 1 (max threshold 15)
[12.489s][info ][gc,heap        ] GC(172) PSYoungGen: 243644K(244224K)->96K(236032K) Eden: 243157K(243200K)->0K(235520K) From: 486K(1024K)->96K(512K)
[12.489s][info ][gc,heap        ] GC(172) ParOldGen: 4122K(349696K)->4122K(349696K)
[12.489s][info ][gc,metaspace   ] GC(172) Metaspace: 9574K(9856K)->9574K(9856K) NonClass: 8505K(8640K)->8505K(8640K) Class: 1069K(1216K)->1069K(1216K)
[12.489s][info ][gc             ] GC(172) Pause Young (Allocation Failure) 241M->4M(572M) 0.249ms
[12.489s][info ][gc,cpu         ] GC(172) User=0.00s Sys=0.00s Real=0.00s
[12.506s][info ][gc,start       ] GC(173) Pause Young (Allocation Failure)
[12.507s][debug][gc,age         ] GC(173) Desired survivor size 1048576 bytes, new threshold 1 (max threshold 15)
[12.507s][info ][gc,heap        ] GC(173) PSYoungGen: 235258K(236032K)->486K(229376K) Eden: 235162K(235520K)->0K(228352K) From: 96K(512K)->486K(1024K)
[12.507s][info ][gc,heap        ] GC(173) ParOldGen: 4122K(349696K)->4122K(349696K)
[12.507s][info ][gc,metaspace   ] GC(173) Metaspace: 9574K(9856K)->9574K(9856K) NonClass: 8505K(8640K)->8505K(8640K) Class: 1069K(1216K)->1069K(1216K)
[12.507s][info ][gc             ] GC(173) Pause Young (Allocation Failure) 233M->4M(565M) 0.225ms
[12.507s][info ][gc,cpu         ] GC(173) User=0.00s Sys=0.00s Real=0.00s
[12.523s][info ][gc,start       ] GC(174) Pause Young (Allocation Failure)
[12.524s][debug][gc,age         ] GC(174) Desired survivor size 1048576 bytes, new threshold 1 (max threshold 15)
[12.524s][info ][gc,heap        ] GC(174) PSYoungGen: 228738K(229376K)->64K(274944K) Eden: 228251K(228352K)->0K(274432K) From: 486K(1024K)->64K(512K)
[12.524s][info ][gc,heap        ] GC(174) ParOldGen: 4122K(349696K)->4122K(349696K)
[12.524s][info ][gc,metaspace   ] GC(174) Metaspace: 9574K(9856K)->9574K(9856K) NonClass: 8505K(8640K)->8505K(8640K) Class: 1069K(1216K)->1069K(1216K)
[12.524s][info ][gc             ] GC(174) Pause Young (Allocation Failure) 227M->4M(610M) 0.284ms
[12.524s][info ][gc,cpu         ] GC(174) User=0.00s Sys=0.00s Real=0.00s
[12.544s][info ][gc,start       ] GC(175) Pause Young (Allocation Failure)
[12.544s][debug][gc,age         ] GC(175) Desired survivor size 1048576 bytes, new threshold 1 (max threshold 15)
[12.544s][info ][gc,heap        ] GC(175) PSYoungGen: 274374K(274944K)->64K(330752K) Eden: 274310K(274432K)->0K(329728K) From: 64K(512K)->64K(1024K)
[12.544s][info ][gc,heap        ] GC(175) ParOldGen: 4122K(349696K)->4122K(349696K)
[12.544s][info ][gc,metaspace   ] GC(175) Metaspace: 9576K(9856K)->9576K(9856K) NonClass: 8507K(8640K)->8507K(8640K) Class: 1069K(1216K)->1069K(1216K)
[12.544s][info ][gc             ] GC(175) Pause Young (Allocation Failure) 271M->4M(664M) 0.250ms
[12.544s][info ][gc,cpu         ] GC(175) User=0.00s Sys=0.00s Real=0.00s
[12.568s][info ][gc,start       ] GC(176) Pause Young (Allocation Failure)
[12.568s][debug][gc,age         ] GC(176) Desired survivor size 1048576 bytes, new threshold 1 (max threshold 15)
[12.568s][info ][gc,heap        ] GC(176) PSYoungGen: 329533K(330752K)->64K(318464K) Eden: 329469K(329728K)->0K(317952K) From: 64K(1024K)->64K(512K)
[12.568s][info ][gc,heap        ] GC(176) ParOldGen: 4122K(349696K)->4122K(349696K)
[12.568s][info ][gc,metaspace   ] GC(176) Metaspace: 9576K(9856K)->9576K(9856K) NonClass: 8507K(8640K)->8507K(8640K) Class: 1069K(1216K)->1069K(1216K)
[12.568s][info ][gc             ] GC(176) Pause Young (Allocation Failure) 325M->4M(652M) 0.246ms
[12.568s][info ][gc,cpu         ] GC(176) User=0.00s Sys=0.00s Real=0.00s
[12.592s][info ][gc,start       ] GC(177) Pause Young (Allocation Failure)
[12.592s][debug][gc,age         ] GC(177) Desired survivor size 1048576 bytes, new threshold 1 (max threshold 15)
[12.592s][info ][gc,heap        ] GC(177) PSYoungGen: 318016K(318464K)->486K(308224K) Eden: 317952K(317952K)->0K(307200K) From: 64K(512K)->486K(1024K)
[12.592s][info ][gc,heap        ] GC(177) ParOldGen: 4122K(349696K)->4122K(349696K)
[12.592s][info ][gc,metaspace   ] GC(177) Metaspace: 9576K(9856K)->9576K(9856K) NonClass: 8507K(8640K)->8507K(8640K) Class: 1069K(1216K)->1069K(1216K)
[12.592s][info ][gc             ] GC(177) Pause Young (Allocation Failure) 314M->4M(642M) 0.259ms
[12.592s][info ][gc,cpu         ] GC(177) User=0.00s Sys=0.00s Real=0.00s
[12.614s][info ][gc,start       ] GC(178) Pause Young (Allocation Failure)
[12.615s][debug][gc,age         ] GC(178) Desired survivor size 1048576 bytes, new threshold 1 (max threshold 15)
[12.615s][info ][gc,heap        ] GC(178) PSYoungGen: 307475K(308224K)->486K(296960K) Eden: 306988K(307200K)->0K(296448K) From: 486K(1024K)->486K(512K)
[12.615s][info ][gc,heap        ] GC(178) ParOldGen: 4122K(349696K)->4122K(349696K)
[12.615s][info ][gc,metaspace   ] GC(178) Metaspace: 9576K(9856K)->9576K(9856K) NonClass: 8507K(8640K)->8507K(8640K) Class: 1069K(1216K)->1069K(1216K)
[12.615s][info ][gc             ] GC(178) Pause Young (Allocation Failure) 304M->4M(631M) 0.290ms
[12.615s][info ][gc,cpu         ] GC(178) User=0.00s Sys=0.00s Real=0.00s
[12.636s][info ][gc,start       ] GC(179) Pause Young (Allocation Failure)
[12.637s][debug][gc,age         ] GC(179) Desired survivor size 1048576 bytes, new threshold 1 (max threshold 15)
[12.637s][info ][gc,heap        ] GC(179) PSYoungGen: 296732K(296960K)->486K(287232K) Eden: 296245K(296448K)->0K(286208K) From: 486K(512K)->486K(1024K)
[12.637s][info ][gc,heap        ] GC(179) ParOldGen: 4122K(349696K)->4122K(349696K)
[12.637s][info ][gc,metaspace   ] GC(179) Metaspace: 9576K(9856K)->9576K(9856K) NonClass: 8507K(8640K)->8507K(8640K) Class: 1069K(1216K)->1069K(1216K)
[12.637s][info ][gc             ] GC(179) Pause Young (Allocation Failure) 293M->4M(622M) 0.238ms
[12.637s][info ][gc,cpu         ] GC(179) User=0.00s Sys=0.00s Real=0.00s
[12.657s][info ][gc,start       ] GC(180) Pause Young (Allocation Failure)
[12.657s][debug][gc,age         ] GC(180) Desired survivor size 1048576 bytes, new threshold 1 (max threshold 15)
[12.657s][info ][gc,heap        ] GC(180) PSYoungGen: 286694K(287232K)->96K(276992K) Eden: 286208K(286208K)->0K(276480K) From: 486K(1024K)->96K(512K)
[12.657s][info ][gc,heap        ] GC(180) ParOldGen: 4122K(349696K)->4122K(349696K)
[12.657s][info ][gc,metaspace   ] GC(180) Metaspace: 9576K(9856K)->9576K(9856K) NonClass: 8507K(8640K)->8507K(8640K) Class: 1069K(1216K)->1069K(1216K)
[12.657s][info ][gc             ] GC(180) Pause Young (Allocation Failure) 284M->4M(612M) 0.286ms
[12.657s][info ][gc,cpu         ] GC(180) User=0.00s Sys=0.00s Real=0.00s
[12.678s][info ][gc,start       ] GC(181) Pause Young (Allocation Failure)
[12.678s][debug][gc,age         ] GC(181) Desired survivor size 1048576 bytes, new threshold 1 (max threshold 15)
[12.678s][info ][gc,heap        ] GC(181) PSYoungGen: 276523K(276992K)->96K(268288K) Eden: 276427K(276480K)->0K(267264K) From: 96K(512K)->96K(1024K)
[12.678s][info ][gc,heap        ] GC(181) ParOldGen: 4122K(349696K)->4122K(349696K)
[12.678s][info ][gc,metaspace   ] GC(181) Metaspace: 9576K(9856K)->9576K(9856K) NonClass: 8507K(8640K)->8507K(8640K) Class: 1069K(1216K)->1069K(1216K)
[12.678s][info ][gc             ] GC(181) Pause Young (Allocation Failure) 274M->4M(603M) 0.250ms
[12.678s][info ][gc,cpu         ] GC(181) User=0.00s Sys=0.01s Real=0.00s
[12.698s][info ][gc,start       ] GC(182) Pause Young (Allocation Failure)
[12.698s][debug][gc,age         ] GC(182) Desired survivor size 1048576 bytes, new threshold 1 (max threshold 15)
[12.698s][info ][gc,heap        ] GC(182) PSYoungGen: 267360K(268288K)->64K(259072K) Eden: 267264K(267264K)->0K(258560K) From: 96K(1024K)->64K(512K)
[12.698s][info ][gc,heap        ] GC(182) ParOldGen: 4122K(349696K)->4122K(349696K)
[12.698s][info ][gc,metaspace   ] GC(182) Metaspace: 9576K(9856K)->9576K(9856K) NonClass: 8507K(8640K)->8507K(8640K) Class: 1069K(1216K)->1069K(1216K)
[12.698s][info ][gc             ] GC(182) Pause Young (Allocation Failure) 265M->4M(594M) 0.317ms
[12.698s][info ][gc,cpu         ] GC(182) User=0.00s Sys=0.00s Real=0.00s
[12.717s][info ][gc,start       ] GC(183) Pause Young (Allocation Failure)
[12.717s][debug][gc,age         ] GC(183) Desired survivor size 1048576 bytes, new threshold 1 (max threshold 15)
[12.717s][info ][gc,heap        ] GC(183) PSYoungGen: 258624K(259072K)->96K(311296K) Eden: 258560K(258560K)->0K(310272K) From: 64K(512K)->96K(1024K)
[12.717s][info ][gc,heap        ] GC(183) ParOldGen: 4122K(349696K)->4122K(349696K)
[12.717s][info ][gc,metaspace   ] GC(183) Metaspace: 9576K(9856K)->9576K(9856K) NonClass: 8507K(8640K)->8507K(8640K) Class: 1069K(1216K)->1069K(1216K)
[12.717s][info ][gc             ] GC(183) Pause Young (Allocation Failure) 256M->4M(645M) 0.279ms
[12.717s][info ][gc,cpu         ] GC(183) User=0.00s Sys=0.00s Real=0.00s
[12.740s][info ][gc,start       ] GC(184) Pause Young (Allocation Failure)
[12.740s][debug][gc,age         ] GC(184) Desired survivor size 1048576 bytes, new threshold 1 (max threshold 15)
[12.740s][info ][gc,heap        ] GC(184) PSYoungGen: 310051K(311296K)->96K(330752K) Eden: 309955K(310272K)->0K(329728K) From: 96K(1024K)->96K(1024K)
[12.740s][info ][gc,heap        ] GC(184) ParOldGen: 4122K(349696K)->4122K(349696K)
[12.740s][info ][gc,metaspace   ] GC(184) Metaspace: 9576K(9856K)->9576K(9856K) NonClass: 8507K(8640K)->8507K(8640K) Class: 1069K(1216K)->1069K(1216K)
[12.740s][info ][gc             ] GC(184) Pause Young (Allocation Failure) 306M->4M(664M) 0.347ms
[12.740s][info ][gc,cpu         ] GC(184) User=0.00s Sys=0.00s Real=0.00s
[12.764s][info ][gc,start       ] GC(185) Pause Young (Allocation Failure)
[12.765s][debug][gc,age         ] GC(185) Desired survivor size 1048576 bytes, new threshold 1 (max threshold 15)
[12.765s][info ][gc,heap        ] GC(185) PSYoungGen: 329771K(330752K)->96K(318464K) Eden: 329675K(329728K)->0K(317952K) From: 96K(1024K)->96K(512K)
[12.765s][info ][gc,heap        ] GC(185) ParOldGen: 4122K(349696K)->4122K(349696K)
[12.765s][info ][gc,metaspace   ] GC(185) Metaspace: 9576K(9856K)->9576K(9856K) NonClass: 8507K(8640K)->8507K(8640K) Class: 1069K(1216K)->1069K(1216K)
[12.765s][info ][gc             ] GC(185) Pause Young (Allocation Failure) 326M->4M(652M) 0.264ms
[12.765s][info ][gc,cpu         ] GC(185) User=0.00s Sys=0.00s Real=0.00s
[12.788s][info ][gc,start       ] GC(186) Pause Young (Allocation Failure)
[12.788s][debug][gc,age         ] GC(186) Desired survivor size 1048576 bytes, new threshold 1 (max threshold 15)
[12.788s][info ][gc,heap        ] GC(186) PSYoungGen: 318048K(318464K)->96K(307712K) Eden: 317952K(317952K)->0K(307200K) From: 96K(512K)->96K(512K)
[12.788s][info ][gc,heap        ] GC(186) ParOldGen: 4122K(349696K)->4122K(349696K)
[12.788s][info ][gc,metaspace   ] GC(186) Metaspace: 9576K(9856K)->9576K(9856K) NonClass: 8507K(8640K)->8507K(8640K) Class: 1069K(1216K)->1069K(1216K)
[12.788s][info ][gc             ] GC(186) Pause Young (Allocation Failure) 314M->4M(642M) 0.270ms
[12.788s][info ][gc,cpu         ] GC(186) User=0.00s Sys=0.00s Real=0.00s
[12.811s][info ][gc,start       ] GC(187) Pause Young (Allocation Failure)
[12.811s][debug][gc,age         ] GC(187) Desired survivor size 1048576 bytes, new threshold 1 (max threshold 15)
[12.811s][info ][gc,heap        ] GC(187) PSYoungGen: 307236K(307712K)->486K(297472K) Eden: 307140K(307200K)->0K(296448K) From: 96K(512K)->486K(1024K)
[12.811s][info ][gc,heap        ] GC(187) ParOldGen: 4122K(349696K)->4122K(349696K)
[12.811s][info ][gc,metaspace   ] GC(187) Metaspace: 9576K(9856K)->9576K(9856K) NonClass: 8507K(8640K)->8507K(8640K) Class: 1069K(1216K)->1069K(1216K)
[12.811s][info ][gc             ] GC(187) Pause Young (Allocation Failure) 304M->4M(632M) 0.239ms
[12.811s][info ][gc,cpu         ] GC(187) User=0.00s Sys=0.01s Real=0.00s
[12.832s][info ][gc,start       ] GC(188) Pause Young (Allocation Failure)
[12.833s][debug][gc,age         ] GC(188) Desired survivor size 1048576 bytes, new threshold 1 (max threshold 15)
[12.833s][info ][gc,heap        ] GC(188) PSYoungGen: 296934K(297472K)->64K(286720K) Eden: 296448K(296448K)->0K(286208K) From: 486K(1024K)->64K(512K)
[12.833s][info ][gc,heap        ] GC(188) ParOldGen: 4122K(349696K)->4122K(349696K)
[12.833s][info ][gc,metaspace   ] GC(188) Metaspace: 9576K(9856K)->9576K(9856K) NonClass: 8507K(8640K)->8507K(8640K) Class: 1069K(1216K)->1069K(1216K)
[12.833s][info ][gc             ] GC(188) Pause Young (Allocation Failure) 294M->4M(621M) 0.243ms
[12.833s][info ][gc,cpu         ] GC(188) User=0.00s Sys=0.00s Real=0.00s
[12.854s][info ][gc,start       ] GC(189) Pause Young (Allocation Failure)
[12.854s][debug][gc,age         ] GC(189) Desired survivor size 1048576 bytes, new threshold 1 (max threshold 15)
[12.854s][info ][gc,heap        ] GC(189) PSYoungGen: 286235K(286720K)->486K(277504K) Eden: 286171K(286208K)->0K(276480K) From: 64K(512K)->486K(1024K)
[12.854s][info ][gc,heap        ] GC(189) ParOldGen: 4122K(349696K)->4122K(349696K)
[12.854s][info ][gc,metaspace   ] GC(189) Metaspace: 9576K(9856K)->9576K(9856K) NonClass: 8507K(8640K)->8507K(8640K) Class: 1069K(1216K)->1069K(1216K)
[12.854s][info ][gc             ] GC(189) Pause Young (Allocation Failure) 283M->4M(612M) 0.221ms
[12.854s][info ][gc,cpu         ] GC(189) User=0.00s Sys=0.00s Real=0.00s
[12.874s][info ][gc,start       ] GC(190) Pause Young (Allocation Failure)
[12.874s][debug][gc,age         ] GC(190) Desired survivor size 1048576 bytes, new threshold 1 (max threshold 15)
[12.874s][info ][gc,heap        ] GC(190) PSYoungGen: 276966K(277504K)->96K(267776K) Eden: 276480K(276480K)->0K(267264K) From: 486K(1024K)->96K(512K)
[12.874s][info ][gc,heap        ] GC(190) ParOldGen: 4122K(349696K)->4122K(349696K)
[12.874s][info ][gc,metaspace   ] GC(190) Metaspace: 9576K(9856K)->9576K(9856K) NonClass: 8507K(8640K)->8507K(8640K) Class: 1069K(1216K)->1069K(1216K)
[12.874s][info ][gc             ] GC(190) Pause Young (Allocation Failure) 274M->4M(603M) 0.239ms
[12.874s][info ][gc,cpu         ] GC(190) User=0.00s Sys=0.00s Real=0.00s
[12.894s][info ][gc,start       ] GC(191) Pause Young (Allocation Failure)
[12.894s][debug][gc,age         ] GC(191) Desired survivor size 1048576 bytes, new threshold 1 (max threshold 15)
[12.894s][info ][gc,heap        ] GC(191) PSYoungGen: 266998K(267776K)->96K(259584K) Eden: 266902K(267264K)->0K(258560K) From: 96K(512K)->96K(1024K)
[12.894s][info ][gc,heap        ] GC(191) ParOldGen: 4122K(349696K)->4122K(349696K)
[12.894s][info ][gc,metaspace   ] GC(191) Metaspace: 9576K(9856K)->9576K(9856K) NonClass: 8507K(8640K)->8507K(8640K) Class: 1069K(1216K)->1069K(1216K)
[12.894s][info ][gc             ] GC(191) Pause Young (Allocation Failure) 264M->4M(595M) 0.280ms
[12.894s][info ][gc,cpu         ] GC(191) User=0.00s Sys=0.00s Real=0.00s
[12.913s][info ][gc,start       ] GC(192) Pause Young (Allocation Failure)
[12.914s][debug][gc,age         ] GC(192) Desired survivor size 1048576 bytes, new threshold 1 (max threshold 15)
[12.914s][info ][gc,heap        ] GC(192) PSYoungGen: 258619K(259584K)->486K(250880K) Eden: 258523K(258560K)->0K(250368K) From: 96K(1024K)->486K(512K)
[12.914s][info ][gc,heap        ] GC(192) ParOldGen: 4122K(349696K)->4122K(349696K)
[12.914s][info ][gc,metaspace   ] GC(192) Metaspace: 9576K(9856K)->9576K(9856K) NonClass: 8507K(8640K)->8507K(8640K) Class: 1069K(1216K)->1069K(1216K)
[12.914s][info ][gc             ] GC(192) Pause Young (Allocation Failure) 256M->4M(586M) 0.298ms
[12.914s][info ][gc,cpu         ] GC(192) User=0.00s Sys=0.00s Real=0.00s
[12.932s][info ][gc,start       ] GC(193) Pause Young (Allocation Failure)
[12.932s][debug][gc,age         ] GC(193) Desired survivor size 1048576 bytes, new threshold 1 (max threshold 15)
[12.932s][info ][gc,heap        ] GC(193) PSYoungGen: 250854K(250880K)->486K(243200K) Eden: 250368K(250368K)->0K(242176K) From: 486K(512K)->486K(1024K)
[12.932s][info ][gc,heap        ] GC(193) ParOldGen: 4122K(349696K)->4122K(349696K)
[12.932s][info ][gc,metaspace   ] GC(193) Metaspace: 9576K(9856K)->9576K(9856K) NonClass: 8507K(8640K)->8507K(8640K) Class: 1069K(1216K)->1069K(1216K)
[12.932s][info ][gc             ] GC(193) Pause Young (Allocation Failure) 249M->4M(579M) 0.228ms
[12.932s][info ][gc,cpu         ] GC(193) User=0.00s Sys=0.00s Real=0.00s
[12.950s][info ][gc,start       ] GC(194) Pause Young (Allocation Failure)
[12.950s][debug][gc,age         ] GC(194) Desired survivor size 1048576 bytes, new threshold 1 (max threshold 15)
[12.950s][info ][gc,heap        ] GC(194) PSYoungGen: 242396K(243200K)->486K(235008K) Eden: 241909K(242176K)->0K(234496K) From: 486K(1024K)->486K(512K)
[12.950s][info ][gc,heap        ] GC(194) ParOldGen: 4122K(349696K)->4122K(349696K)
[12.950s][info ][gc,metaspace   ] GC(194) Metaspace: 9576K(9856K)->9576K(9856K) NonClass: 8507K(8640K)->8507K(8640K) Class: 1069K(1216K)->1069K(1216K)
[12.950s][info ][gc             ] GC(194) Pause Young (Allocation Failure) 240M->4M(571M) 0.249ms
[12.950s][info ][gc,cpu         ] GC(194) User=0.00s Sys=0.01s Real=0.00s
[12.968s][info ][gc,start       ] GC(195) Pause Young (Allocation Failure)
[12.968s][debug][gc,age         ] GC(195) Desired survivor size 1048576 bytes, new threshold 1 (max threshold 15)
[12.968s][info ][gc,heap        ] GC(195) PSYoungGen: 234796K(235008K)->96K(282624K) Eden: 234309K(234496K)->0K(281600K) From: 486K(512K)->96K(1024K)
[12.968s][info ][gc,heap        ] GC(195) ParOldGen: 4122K(349696K)->4122K(349696K)
[12.968s][info ][gc,metaspace   ] GC(195) Metaspace: 9576K(9856K)->9576K(9856K) NonClass: 8507K(8640K)->8507K(8640K) Class: 1069K(1216K)->1069K(1216K)
[12.968s][info ][gc             ] GC(195) Pause Young (Allocation Failure) 233M->4M(617M) 0.312ms
[12.968s][info ][gc,cpu         ] GC(195) User=0.00s Sys=0.00s Real=0.00s
[12.988s][info ][gc,start       ] GC(196) Pause Young (Allocation Failure)
[12.989s][debug][gc,age         ] GC(196) Desired survivor size 1048576 bytes, new threshold 1 (max threshold 15)
[12.989s][info ][gc,heap        ] GC(196) PSYoungGen: 281536K(282624K)->486K(327680K) Eden: 281440K(281600K)->0K(326656K) From: 96K(1024K)->486K(1024K)
[12.989s][info ][gc,heap        ] GC(196) ParOldGen: 4122K(349696K)->4122K(349696K)
[12.989s][info ][gc,metaspace   ] GC(196) Metaspace: 9576K(9856K)->9576K(9856K) NonClass: 8507K(8640K)->8507K(8640K) Class: 1069K(1216K)->1069K(1216K)
[12.989s][info ][gc             ] GC(196) Pause Young (Allocation Failure) 278M->4M(661M) 0.301ms
[12.989s][info ][gc,cpu         ] GC(196) User=0.00s Sys=0.00s Real=0.00s
[13.013s][info ][gc,start       ] GC(197) Pause Young (Allocation Failure)
[13.013s][debug][gc,age         ] GC(197) Desired survivor size 1048576 bytes, new threshold 1 (max threshold 15)
[13.013s][info ][gc,heap        ] GC(197) PSYoungGen: 327049K(327680K)->486K(315904K) Eden: 326562K(326656K)->0K(315392K) From: 486K(1024K)->486K(512K)
[13.013s][info ][gc,heap        ] GC(197) ParOldGen: 4122K(349696K)->4122K(349696K)
[13.013s][info ][gc,metaspace   ] GC(197) Metaspace: 9576K(9856K)->9576K(9856K) NonClass: 8507K(8640K)->8507K(8640K) Class: 1069K(1216K)->1069K(1216K)
[13.013s][info ][gc             ] GC(197) Pause Young (Allocation Failure) 323M->4M(650M) 0.255ms
[13.013s][info ][gc,cpu         ] GC(197) User=0.00s Sys=0.00s Real=0.00s
[13.036s][info ][gc,start       ] GC(198) Pause Young (Allocation Failure)
[13.036s][debug][gc,age         ] GC(198) Desired survivor size 1048576 bytes, new threshold 1 (max threshold 15)
[13.036s][info ][gc,heap        ] GC(198) PSYoungGen: 315858K(315904K)->486K(305152K) Eden: 315371K(315392K)->0K(304640K) From: 486K(512K)->486K(512K)
[13.036s][info ][gc,heap        ] GC(198) ParOldGen: 4122K(349696K)->4122K(349696K)
[13.036s][info ][gc,metaspace   ] GC(198) Metaspace: 9576K(9856K)->9576K(9856K) NonClass: 8507K(8640K)->8507K(8640K) Class: 1069K(1216K)->1069K(1216K)
[13.036s][info ][gc             ] GC(198) Pause Young (Allocation Failure) 312M->4M(639M) 0.284ms
[13.036s][info ][gc,cpu         ] GC(198) User=0.00s Sys=0.00s Real=0.00s
[13.058s][info ][gc,start       ] GC(199) Pause Young (Allocation Failure)
[13.058s][debug][gc,age         ] GC(199) Desired survivor size 1048576 bytes, new threshold 1 (max threshold 15)
[13.058s][info ][gc,heap        ] GC(199) PSYoungGen: 304884K(305152K)->486K(295424K) Eden: 304397K(304640K)->0K(294400K) From: 486K(512K)->486K(1024K)
[13.058s][info ][gc,heap        ] GC(199) ParOldGen: 4122K(349696K)->4122K(349696K)
[13.058s][info ][gc,metaspace   ] GC(199) Metaspace: 9576K(9856K)->9576K(9856K) NonClass: 8507K(8640K)->8507K(8640K) Class: 1069K(1216K)->1069K(1216K)
[13.058s][info ][gc             ] GC(199) Pause Young (Allocation Failure) 301M->4M(630M) 0.205ms
[13.058s][info ][gc,cpu         ] GC(199) User=0.00s Sys=0.00s Real=0.00s
[13.080s][info ][gc,start       ] GC(200) Pause Young (Allocation Failure)
[13.080s][debug][gc,age         ] GC(200) Desired survivor size 1048576 bytes, new threshold 1 (max threshold 15)
[13.080s][info ][gc,heap        ] GC(200) PSYoungGen: 294739K(295424K)->486K(285184K) Eden: 294253K(294400K)->0K(284672K) From: 486K(1024K)->486K(512K)
[13.080s][info ][gc,heap        ] GC(200) ParOldGen: 4122K(349696K)->4122K(349696K)
[13.080s][info ][gc,metaspace   ] GC(200) Metaspace: 9576K(9856K)->9576K(9856K) NonClass: 8507K(8640K)->8507K(8640K) Class: 1069K(1216K)->1069K(1216K)
[13.081s][info ][gc             ] GC(200) Pause Young (Allocation Failure) 291M->4M(620M) 0.230ms
[13.081s][info ][gc,cpu         ] GC(200) User=0.00s Sys=0.00s Real=0.00s
[13.101s][info ][gc,start       ] GC(201) Pause Young (Allocation Failure)
[13.102s][debug][gc,age         ] GC(201) Desired survivor size 1048576 bytes, new threshold 1 (max threshold 15)
[13.102s][info ][gc,heap        ] GC(201) PSYoungGen: 285074K(285184K)->96K(275968K) Eden: 284587K(284672K)->0K(274944K) From: 486K(512K)->96K(1024K)
[13.102s][info ][gc,heap        ] GC(201) ParOldGen: 4122K(349696K)->4122K(349696K)
[13.102s][info ][gc,metaspace   ] GC(201) Metaspace: 9576K(9856K)->9576K(9856K) NonClass: 8507K(8640K)->8507K(8640K) Class: 1069K(1216K)->1069K(1216K)
[13.102s][info ][gc             ] GC(201) Pause Young (Allocation Failure) 282M->4M(611M) 0.248ms
[13.102s][info ][gc,cpu         ] GC(201) User=0.00s Sys=0.00s Real=0.00s
[13.121s][info ][gc,start       ] GC(202) Pause Young (Allocation Failure)
[13.122s][debug][gc,age         ] GC(202) Desired survivor size 1048576 bytes, new threshold 1 (max threshold 15)
[13.122s][info ][gc,heap        ] GC(202) PSYoungGen: 275040K(275968K)->486K(266240K) Eden: 274944K(274944K)->0K(265728K) From: 96K(1024K)->486K(512K)
[13.122s][info ][gc,heap        ] GC(202) ParOldGen: 4122K(349696K)->4122K(349696K)
[13.122s][info ][gc,metaspace   ] GC(202) Metaspace: 9576K(9856K)->9576K(9856K) NonClass: 8507K(8640K)->8507K(8640K) Class: 1069K(1216K)->1069K(1216K)
[13.122s][info ][gc             ] GC(202) Pause Young (Allocation Failure) 272M->4M(601M) 0.269ms
[13.122s][info ][gc,cpu         ] GC(202) User=0.00s Sys=0.00s Real=0.00s
[13.141s][info ][gc,start       ] GC(203) Pause Young (Allocation Failure)
[13.141s][debug][gc,age         ] GC(203) Desired survivor size 1048576 bytes, new threshold 1 (max threshold 15)
[13.141s][info ][gc,heap        ] GC(203) PSYoungGen: 265880K(266240K)->486K(258048K) Eden: 265394K(265728K)->0K(257024K) From: 486K(512K)->486K(1024K)
[13.141s][info ][gc,heap        ] GC(203) ParOldGen: 4122K(349696K)->4122K(349696K)
[13.141s][info ][gc,metaspace   ] GC(203) Metaspace: 9576K(9856K)->9576K(9856K) NonClass: 8507K(8640K)->8507K(8640K) Class: 1069K(1216K)->1069K(1216K)
[13.141s][info ][gc             ] GC(203) Pause Young (Allocation Failure) 263M->4M(593M) 0.257ms
[13.141s][info ][gc,cpu         ] GC(203) User=0.00s Sys=0.00s Real=0.00s
[13.160s][info ][gc,start       ] GC(204) Pause Young (Allocation Failure)
[13.161s][debug][gc,age         ] GC(204) Desired survivor size 1048576 bytes, new threshold 1 (max threshold 15)
[13.161s][info ][gc,heap        ] GC(204) PSYoungGen: 257488K(258048K)->96K(249344K) Eden: 257001K(257024K)->0K(248832K) From: 486K(1024K)->96K(512K)
[13.161s][info ][gc,heap        ] GC(204) ParOldGen: 4122K(349696K)->4122K(349696K)
[13.161s][info ][gc,metaspace   ] GC(204) Metaspace: 9576K(9856K)->9576K(9856K) NonClass: 8507K(8640K)->8507K(8640K) Class: 1069K(1216K)->1069K(1216K)
[13.161s][info ][gc             ] GC(204) Pause Young (Allocation Failure) 255M->4M(585M) 0.284ms
[13.161s][info ][gc,cpu         ] GC(204) User=0.00s Sys=0.00s Real=0.00s
[13.179s][info ][gc,start       ] GC(205) Pause Young (Allocation Failure)
[13.179s][debug][gc,age         ] GC(205) Desired survivor size 1048576 bytes, new threshold 1 (max threshold 15)
[13.179s][info ][gc,heap        ] GC(205) PSYoungGen: 248912K(249344K)->96K(242176K) Eden: 248816K(248832K)->0K(241152K) From: 96K(512K)->96K(1024K)
[13.179s][info ][gc,heap        ] GC(205) ParOldGen: 4122K(349696K)->4122K(349696K)
[13.179s][info ][gc,metaspace   ] GC(205) Metaspace: 9576K(9856K)->9576K(9856K) NonClass: 8507K(8640K)->8507K(8640K) Class: 1069K(1216K)->1069K(1216K)
[13.179s][info ][gc             ] GC(205) Pause Young (Allocation Failure) 247M->4M(578M) 0.221ms
[13.179s][info ][gc,cpu         ] GC(205) User=0.00s Sys=0.00s Real=0.00s
[13.197s][info ][gc,start       ] GC(206) Pause Young (Allocation Failure)
[13.197s][debug][gc,age         ] GC(206) Desired survivor size 1048576 bytes, new threshold 1 (max threshold 15)
[13.197s][info ][gc,heap        ] GC(206) PSYoungGen: 241058K(242176K)->96K(233984K) Eden: 240962K(241152K)->0K(233472K) From: 96K(1024K)->96K(512K)
[13.197s][info ][gc,heap        ] GC(206) ParOldGen: 4122K(349696K)->4122K(349696K)
[13.197s][info ][gc,metaspace   ] GC(206) Metaspace: 9576K(9856K)->9576K(9856K) NonClass: 8507K(8640K)->8507K(8640K) Class: 1069K(1216K)->1069K(1216K)
[13.197s][info ][gc             ] GC(206) Pause Young (Allocation Failure) 239M->4M(570M) 0.268ms
[13.197s][info ][gc,cpu         ] GC(206) User=0.00s Sys=0.00s Real=0.00s
[13.214s][info ][gc,start       ] GC(207) Pause Young (Allocation Failure)
[13.215s][debug][gc,age         ] GC(207) Desired survivor size 1048576 bytes, new threshold 1 (max threshold 15)
[13.215s][info ][gc,heap        ] GC(207) PSYoungGen: 233413K(233984K)->96K(281600K) Eden: 233317K(233472K)->0K(280576K) From: 96K(512K)->96K(1024K)
[13.215s][info ][gc,heap        ] GC(207) ParOldGen: 4122K(349696K)->4122K(349696K)
[13.215s][info ][gc,metaspace   ] GC(207) Metaspace: 9576K(9856K)->9576K(9856K) NonClass: 8507K(8640K)->8507K(8640K) Class: 1069K(1216K)->1069K(1216K)
[13.215s][info ][gc             ] GC(207) Pause Young (Allocation Failure) 231M->4M(616M) 0.274ms
[13.215s][info ][gc,cpu         ] GC(207) User=0.00s Sys=0.00s Real=0.00s
[13.235s][info ][gc,start       ] GC(208) Pause Young (Allocation Failure)
[13.235s][debug][gc,age         ] GC(208) Desired survivor size 1048576 bytes, new threshold 1 (max threshold 15)
[13.235s][info ][gc,heap        ] GC(208) PSYoungGen: 280672K(281600K)->486K(271872K) Eden: 280576K(280576K)->0K(271360K) From: 96K(1024K)->486K(512K)
[13.235s][info ][gc,heap        ] GC(208) ParOldGen: 4122K(349696K)->4122K(349696K)
[13.235s][info ][gc,metaspace   ] GC(208) Metaspace: 9576K(9856K)->9576K(9856K) NonClass: 8507K(8640K)->8507K(8640K) Class: 1069K(1216K)->1069K(1216K)
[13.235s][info ][gc             ] GC(208) Pause Young (Allocation Failure) 278M->4M(607M) 0.216ms
[13.235s][info ][gc,cpu         ] GC(208) User=0.00s Sys=0.00s Real=0.01s
[13.255s][info ][gc,start       ] GC(209) Pause Young (Allocation Failure)
[13.255s][debug][gc,age         ] GC(209) Desired survivor size 1048576 bytes, new threshold 1 (max threshold 15)
[13.255s][info ][gc,heap        ] GC(209) PSYoungGen: 271765K(271872K)->96K(263680K) Eden: 271279K(271360K)->0K(262656K) From: 486K(512K)->96K(1024K)
[13.255s][info ][gc,heap        ] GC(209) ParOldGen: 4122K(349696K)->4122K(349696K)
[13.255s][info ][gc,metaspace   ] GC(209) Metaspace: 9576K(9856K)->9576K(9856K) NonClass: 8507K(8640K)->8507K(8640K) Class: 1069K(1216K)->1069K(1216K)
[13.255s][info ][gc             ] GC(209) Pause Young (Allocation Failure) 269M->4M(599M) 0.248ms
[13.255s][info ][gc,cpu         ] GC(209) User=0.00s Sys=0.00s Real=0.01s
[13.275s][info ][gc,start       ] GC(210) Pause Young (Allocation Failure)
[13.275s][debug][gc,age         ] GC(210) Desired survivor size 1048576 bytes, new threshold 1 (max threshold 15)
[13.275s][info ][gc,heap        ] GC(210) PSYoungGen: 262746K(263680K)->96K(254464K) Eden: 262650K(262656K)->0K(253952K) From: 96K(1024K)->96K(512K)
[13.275s][info ][gc,heap        ] GC(210) ParOldGen: 4122K(349696K)->4122K(349696K)
[13.275s][info ][gc,metaspace   ] GC(210) Metaspace: 9576K(9856K)->9576K(9856K) NonClass: 8507K(8640K)->8507K(8640K) Class: 1069K(1216K)->1069K(1216K)
[13.275s][info ][gc             ] GC(210) Pause Young (Allocation Failure) 260M->4M(590M) 0.240ms
[13.275s][info ][gc,cpu         ] GC(210) User=0.00s Sys=0.00s Real=0.00s
[13.294s][info ][gc,start       ] GC(211) Pause Young (Allocation Failure)
[13.294s][debug][gc,age         ] GC(211) Desired survivor size 1048576 bytes, new threshold 1 (max threshold 15)
[13.294s][info ][gc,heap        ] GC(211) PSYoungGen: 253968K(254464K)->486K(246784K) Eden: 253872K(253952K)->0K(245760K) From: 96K(512K)->486K(1024K)
[13.294s][info ][gc,heap        ] GC(211) ParOldGen: 4122K(349696K)->4122K(349696K)
[13.294s][info ][gc,metaspace   ] GC(211) Metaspace: 9576K(9856K)->9576K(9856K) NonClass: 8507K(8640K)->8507K(8640K) Class: 1069K(1216K)->1069K(1216K)
[13.294s][info ][gc             ] GC(211) Pause Young (Allocation Failure) 252M->4M(582M) 0.234ms
[13.294s][info ][gc,cpu         ] GC(211) User=0.00s Sys=0.00s Real=0.00s
[13.312s][info ][gc,start       ] GC(212) Pause Young (Allocation Failure)
[13.313s][debug][gc,age         ] GC(212) Desired survivor size 1048576 bytes, new threshold 1 (max threshold 15)
[13.313s][info ][gc,heap        ] GC(212) PSYoungGen: 246209K(246784K)->486K(238592K) Eden: 245722K(245760K)->0K(238080K) From: 486K(1024K)->486K(512K)
[13.313s][info ][gc,heap        ] GC(212) ParOldGen: 4122K(349696K)->4122K(349696K)
[13.313s][info ][gc,metaspace   ] GC(212) Metaspace: 9576K(9856K)->9576K(9856K) NonClass: 8507K(8640K)->8507K(8640K) Class: 1069K(1216K)->1069K(1216K)
[13.313s][info ][gc             ] GC(212) Pause Young (Allocation Failure) 244M->4M(574M) 0.260ms
[13.313s][info ][gc,cpu         ] GC(212) User=0.00s Sys=0.00s Real=0.00s
[13.330s][info ][gc,start       ] GC(213) Pause Young (Allocation Failure)
[13.330s][debug][gc,age         ] GC(213) Desired survivor size 1048576 bytes, new threshold 1 (max threshold 15)
[13.330s][info ][gc,heap        ] GC(213) PSYoungGen: 238566K(238592K)->96K(286720K) Eden: 238080K(238080K)->0K(285696K) From: 486K(512K)->96K(1024K)
[13.330s][info ][gc,heap        ] GC(213) ParOldGen: 4122K(349696K)->4122K(349696K)
[13.330s][info ][gc,metaspace   ] GC(213) Metaspace: 9576K(9856K)->9576K(9856K) NonClass: 8507K(8640K)->8507K(8640K) Class: 1069K(1216K)->1069K(1216K)
[13.330s][info ][gc             ] GC(213) Pause Young (Allocation Failure) 237M->4M(621M) 0.260ms
[13.330s][info ][gc,cpu         ] GC(213) User=0.00s Sys=0.00s Real=0.00s
[13.351s][info ][gc,start       ] GC(214) Pause Young (Allocation Failure)
[13.351s][debug][gc,age         ] GC(214) Desired survivor size 1048576 bytes, new threshold 1 (max threshold 15)
[13.351s][info ][gc,heap        ] GC(214) PSYoungGen: 285720K(286720K)->96K(276480K) Eden: 285624K(285696K)->0K(275968K) From: 96K(1024K)->96K(512K)
[13.351s][info ][gc,heap        ] GC(214) ParOldGen: 4122K(349696K)->4122K(349696K)
[13.351s][info ][gc,metaspace   ] GC(214) Metaspace: 9576K(9856K)->9576K(9856K) NonClass: 8507K(8640K)->8507K(8640K) Class: 1069K(1216K)->1069K(1216K)
[13.351s][info ][gc             ] GC(214) Pause Young (Allocation Failure) 283M->4M(611M) 0.276ms
[13.351s][info ][gc,cpu         ] GC(214) User=0.00s Sys=0.00s Real=0.00s
[13.372s][info ][gc,start       ] GC(215) Pause Young (Allocation Failure)
[13.372s][debug][gc,age         ] GC(215) Desired survivor size 1048576 bytes, new threshold 1 (max threshold 15)
[13.372s][info ][gc,heap        ] GC(215) PSYoungGen: 275884K(276480K)->486K(267776K) Eden: 275788K(275968K)->0K(266752K) From: 96K(512K)->486K(1024K)
[13.372s][info ][gc,heap        ] GC(215) ParOldGen: 4122K(349696K)->4122K(349696K)
[13.372s][info ][gc,metaspace   ] GC(215) Metaspace: 9576K(9856K)->9576K(9856K) NonClass: 8507K(8640K)->8507K(8640K) Class: 1069K(1216K)->1069K(1216K)
[13.372s][info ][gc             ] GC(215) Pause Young (Allocation Failure) 273M->4M(603M) 0.253ms
[13.372s][info ][gc,cpu         ] GC(215) User=0.00s Sys=0.00s Real=0.00s
[13.391s][info ][gc,start       ] GC(216) Pause Young (Allocation Failure)
[13.392s][debug][gc,age         ] GC(216) Desired survivor size 1048576 bytes, new threshold 1 (max threshold 15)
[13.392s][info ][gc,heap        ] GC(216) PSYoungGen: 266959K(267776K)->96K(258560K) Eden: 266472K(266752K)->0K(258048K) From: 486K(1024K)->96K(512K)
[13.392s][info ][gc,heap        ] GC(216) ParOldGen: 4122K(349696K)->4122K(349696K)
[13.392s][info ][gc,metaspace   ] GC(216) Metaspace: 9576K(9856K)->9576K(9856K) NonClass: 8507K(8640K)->8507K(8640K) Class: 1069K(1216K)->1069K(1216K)
[13.392s][info ][gc             ] GC(216) Pause Young (Allocation Failure) 264M->4M(594M) 0.239ms
[13.392s][info ][gc,cpu         ] GC(216) User=0.00s Sys=0.00s Real=0.00s
[13.411s][info ][gc,start       ] GC(217) Pause Young (Allocation Failure)
[13.411s][debug][gc,age         ] GC(217) Desired survivor size 1048576 bytes, new threshold 1 (max threshold 15)
[13.411s][info ][gc,heap        ] GC(217) PSYoungGen: 258144K(258560K)->486K(250880K) Eden: 258048K(258048K)->0K(249856K) From: 96K(512K)->486K(1024K)
[13.411s][info ][gc,heap        ] GC(217) ParOldGen: 4122K(349696K)->4122K(349696K)
[13.411s][info ][gc,metaspace   ] GC(217) Metaspace: 9576K(9856K)->9576K(9856K) NonClass: 8507K(8640K)->8507K(8640K) Class: 1069K(1216K)->1069K(1216K)
[13.411s][info ][gc             ] GC(217) Pause Young (Allocation Failure) 256M->4M(586M) 0.228ms
[13.411s][info ][gc,cpu         ] GC(217) User=0.00s Sys=0.00s Real=0.00s
[13.429s][info ][gc,start       ] GC(218) Pause Young (Allocation Failure)
[13.429s][debug][gc,age         ] GC(218) Desired survivor size 1048576 bytes, new threshold 1 (max threshold 15)
[13.429s][info ][gc,heap        ] GC(218) PSYoungGen: 250292K(250880K)->486K(242688K) Eden: 249806K(249856K)->0K(242176K) From: 486K(1024K)->486K(512K)
[13.429s][info ][gc,heap        ] GC(218) ParOldGen: 4122K(349696K)->4122K(349696K)
[13.429s][info ][gc,metaspace   ] GC(218) Metaspace: 9576K(9856K)->9576K(9856K) NonClass: 8507K(8640K)->8507K(8640K) Class: 1069K(1216K)->1069K(1216K)
[13.429s][info ][gc             ] GC(218) Pause Young (Allocation Failure) 248M->4M(578M) 0.316ms
[13.430s][info ][gc,cpu         ] GC(218) User=0.00s Sys=0.00s Real=0.00s
[13.447s][info ][gc,start       ] GC(219) Pause Young (Allocation Failure)
[13.447s][debug][gc,age         ] GC(219) Desired survivor size 1048576 bytes, new threshold 1 (max threshold 15)
[13.448s][info ][gc,heap        ] GC(219) PSYoungGen: 242552K(242688K)->486K(235520K) Eden: 242065K(242176K)->0K(234496K) From: 486K(512K)->486K(1024K)
[13.448s][info ][gc,heap        ] GC(219) ParOldGen: 4122K(349696K)->4122K(349696K)
[13.448s][info ][gc,metaspace   ] GC(219) Metaspace: 9576K(9856K)->9576K(9856K) NonClass: 8507K(8640K)->8507K(8640K) Class: 1069K(1216K)->1069K(1216K)
[13.448s][info ][gc             ] GC(219) Pause Young (Allocation Failure) 240M->4M(571M) 0.267ms
[13.448s][info ][gc,cpu         ] GC(219) User=0.00s Sys=0.00s Real=0.00s
[13.465s][info ][gc,start       ] GC(220) Pause Young (Allocation Failure)
[13.465s][debug][gc,age         ] GC(220) Desired survivor size 1048576 bytes, new threshold 1 (max threshold 15)
[13.465s][info ][gc,heap        ] GC(220) PSYoungGen: 234852K(235520K)->96K(282112K) Eden: 234365K(234496K)->0K(281600K) From: 486K(1024K)->96K(512K)
[13.465s][info ][gc,heap        ] GC(220) ParOldGen: 4122K(349696K)->4122K(349696K)
[13.465s][info ][gc,metaspace   ] GC(220) Metaspace: 9576K(9856K)->9576K(9856K) NonClass: 8507K(8640K)->8507K(8640K) Class: 1069K(1216K)->1069K(1216K)
[13.465s][info ][gc             ] GC(220) Pause Young (Allocation Failure) 233M->4M(617M) 0.270ms
[13.465s][info ][gc,cpu         ] GC(220) User=0.00s Sys=0.00s Real=0.00s
[13.486s][info ][gc,start       ] GC(221) Pause Young (Allocation Failure)
[13.486s][debug][gc,age         ] GC(221) Desired survivor size 1048576 bytes, new threshold 1 (max threshold 15)
[13.486s][info ][gc,heap        ] GC(221) PSYoungGen: 281314K(282112K)->96K(273408K) Eden: 281218K(281600K)->0K(272384K) From: 96K(512K)->96K(1024K)
[13.486s][info ][gc,heap        ] GC(221) ParOldGen: 4122K(349696K)->4122K(349696K)
[13.486s][info ][gc,metaspace   ] GC(221) Metaspace: 9576K(9856K)->9576K(9856K) NonClass: 8507K(8640K)->8507K(8640K) Class: 1069K(1216K)->1069K(1216K)
[13.486s][info ][gc             ] GC(221) Pause Young (Allocation Failure) 278M->4M(608M) 0.272ms
[13.486s][info ][gc,cpu         ] GC(221) User=0.00s Sys=0.00s Real=0.00s
[13.506s][info ][gc,start       ] GC(222) Pause Young (Allocation Failure)
[13.506s][debug][gc,age         ] GC(222) Desired survivor size 1048576 bytes, new threshold 1 (max threshold 15)
[13.507s][info ][gc,heap        ] GC(222) PSYoungGen: 272326K(273408K)->96K(264192K) Eden: 272230K(272384K)->0K(263680K) From: 96K(1024K)->96K(512K)
[13.507s][info ][gc,heap        ] GC(222) ParOldGen: 4122K(349696K)->4122K(349696K)
[13.507s][info ][gc,metaspace   ] GC(222) Metaspace: 9576K(9856K)->9576K(9856K) NonClass: 8507K(8640K)->8507K(8640K) Class: 1069K(1216K)->1069K(1216K)
[13.507s][info ][gc             ] GC(222) Pause Young (Allocation Failure) 269M->4M(599M) 0.289ms
[13.507s][info ][gc,cpu         ] GC(222) User=0.00s Sys=0.00s Real=0.00s
[13.526s][info ][gc,start       ] GC(223) Pause Young (Allocation Failure)
[13.526s][debug][gc,age         ] GC(223) Desired survivor size 1048576 bytes, new threshold 1 (max threshold 15)
[13.526s][info ][gc,heap        ] GC(223) PSYoungGen: 263538K(264192K)->486K(256000K) Eden: 263442K(263680K)->0K(254976K) From: 96K(512K)->486K(1024K)
[13.526s][info ][gc,heap        ] GC(223) ParOldGen: 4122K(349696K)->4122K(349696K)
[13.526s][info ][gc,metaspace   ] GC(223) Metaspace: 9576K(9856K)->9576K(9856K) NonClass: 8507K(8640K)->8507K(8640K) Class: 1069K(1216K)->1069K(1216K)
[13.526s][info ][gc             ] GC(223) Pause Young (Allocation Failure) 261M->4M(591M) 0.271ms
[13.526s][info ][gc,cpu         ] GC(223) User=0.00s Sys=0.00s Real=0.00s
[13.545s][info ][gc,start       ] GC(224) Pause Young (Allocation Failure)
[13.545s][debug][gc,age         ] GC(224) Desired survivor size 1048576 bytes, new threshold 1 (max threshold 15)
[13.545s][info ][gc,heap        ] GC(224) PSYoungGen: 255462K(256000K)->96K(247296K) Eden: 254976K(254976K)->0K(246784K) From: 486K(1024K)->96K(512K)
[13.545s][info ][gc,heap        ] GC(224) ParOldGen: 4122K(349696K)->4122K(349696K)
[13.545s][info ][gc,metaspace   ] GC(224) Metaspace: 9576K(9856K)->9576K(9856K) NonClass: 8507K(8640K)->8507K(8640K) Class: 1069K(1216K)->1069K(1216K)
[13.545s][info ][gc             ] GC(224) Pause Young (Allocation Failure) 253M->4M(583M) 0.267ms
[13.545s][info ][gc,cpu         ] GC(224) User=0.00s Sys=0.00s Real=0.00s
[13.563s][info ][gc,start       ] GC(225) Pause Young (Allocation Failure)
[13.563s][debug][gc,age         ] GC(225) Desired survivor size 1048576 bytes, new threshold 1 (max threshold 15)
[13.563s][info ][gc,heap        ] GC(225) PSYoungGen: 246677K(247296K)->96K(240128K) Eden: 246581K(246784K)->0K(239104K) From: 96K(512K)->96K(1024K)
[13.563s][info ][gc,heap        ] GC(225) ParOldGen: 4122K(349696K)->4122K(349696K)
[13.563s][info ][gc,metaspace   ] GC(225) Metaspace: 9576K(9856K)->9576K(9856K) NonClass: 8507K(8640K)->8507K(8640K) Class: 1069K(1216K)->1069K(1216K)
[13.563s][info ][gc             ] GC(225) Pause Young (Allocation Failure) 244M->4M(576M) 0.221ms
[13.563s][info ][gc,cpu         ] GC(225) User=0.00s Sys=0.00s Real=0.00s
[13.581s][info ][gc,start       ] GC(226) Pause Young (Allocation Failure)
[13.581s][debug][gc,age         ] GC(226) Desired survivor size 1048576 bytes, new threshold 1 (max threshold 15)
[13.581s][info ][gc,heap        ] GC(226) PSYoungGen: 239200K(240128K)->486K(287744K) Eden: 239104K(239104K)->0K(287232K) From: 96K(1024K)->486K(512K)
[13.581s][info ][gc,heap        ] GC(226) ParOldGen: 4122K(349696K)->4122K(349696K)
[13.581s][info ][gc,metaspace   ] GC(226) Metaspace: 9576K(9856K)->9576K(9856K) NonClass: 8507K(8640K)->8507K(8640K) Class: 1069K(1216K)->1069K(1216K)
[13.581s][info ][gc             ] GC(226) Pause Young (Allocation Failure) 237M->4M(622M) 0.303ms
[13.581s][info ][gc,cpu         ] GC(226) User=0.00s Sys=0.00s Real=0.00s
[13.602s][info ][gc,start       ] GC(227) Pause Young (Allocation Failure)
[13.602s][debug][gc,age         ] GC(227) Desired survivor size 1048576 bytes, new threshold 1 (max threshold 15)
[13.602s][info ][gc,heap        ] GC(227) PSYoungGen: 287336K(287744K)->96K(319488K) Eden: 286849K(287232K)->0K(318464K) From: 486K(512K)->96K(1024K)
[13.602s][info ][gc,heap        ] GC(227) ParOldGen: 4122K(349696K)->4122K(349696K)
[13.602s][info ][gc,metaspace   ] GC(227) Metaspace: 9576K(9856K)->9576K(9856K) NonClass: 8507K(8640K)->8507K(8640K) Class: 1069K(1216K)->1069K(1216K)
[13.602s][info ][gc             ] GC(227) Pause Young (Allocation Failure) 284M->4M(653M) 0.301ms
[13.602s][info ][gc,cpu         ] GC(227) User=0.00s Sys=0.00s Real=0.00s
[13.625s][info ][gc,start       ] GC(228) Pause Young (Allocation Failure)
[13.625s][debug][gc,age         ] GC(228) Desired survivor size 1048576 bytes, new threshold 1 (max threshold 15)
[13.625s][info ][gc,heap        ] GC(228) PSYoungGen: 318560K(319488K)->64K(307712K) Eden: 318464K(318464K)->0K(307200K) From: 96K(1024K)->64K(512K)
[13.625s][info ][gc,heap        ] GC(228) ParOldGen: 4122K(349696K)->4122K(349696K)
[13.625s][info ][gc,metaspace   ] GC(228) Metaspace: 9576K(9856K)->9576K(9856K) NonClass: 8507K(8640K)->8507K(8640K) Class: 1069K(1216K)->1069K(1216K)
[13.625s][info ][gc             ] GC(228) Pause Young (Allocation Failure) 315M->4M(642M) 0.241ms
[13.625s][info ][gc,cpu         ] GC(228) User=0.00s Sys=0.00s Real=0.00s
[13.648s][info ][gc,start       ] GC(229) Pause Young (Allocation Failure)
[13.648s][debug][gc,age         ] GC(229) Desired survivor size 1048576 bytes, new threshold 1 (max threshold 15)
[13.648s][info ][gc,heap        ] GC(229) PSYoungGen: 307222K(307712K)->486K(297472K) Eden: 307158K(307200K)->0K(296448K) From: 64K(512K)->486K(1024K)
[13.648s][info ][gc,heap        ] GC(229) ParOldGen: 4122K(349696K)->4122K(349696K)
[13.648s][info ][gc,metaspace   ] GC(229) Metaspace: 9576K(9856K)->9576K(9856K) NonClass: 8507K(8640K)->8507K(8640K) Class: 1069K(1216K)->1069K(1216K)
[13.648s][info ][gc             ] GC(229) Pause Young (Allocation Failure) 304M->4M(632M) 0.261ms
[13.648s][info ][gc,cpu         ] GC(229) User=0.00s Sys=0.00s Real=0.00s
[13.670s][info ][gc,start       ] GC(230) Pause Young (Allocation Failure)
[13.670s][debug][gc,age         ] GC(230) Desired survivor size 1048576 bytes, new threshold 1 (max threshold 15)
[13.670s][info ][gc,heap        ] GC(230) PSYoungGen: 296934K(297472K)->96K(286720K) Eden: 296448K(296448K)->0K(286208K) From: 486K(1024K)->96K(512K)
[13.670s][info ][gc,heap        ] GC(230) ParOldGen: 4122K(349696K)->4122K(349696K)
[13.670s][info ][gc,metaspace   ] GC(230) Metaspace: 9576K(9856K)->9576K(9856K) NonClass: 8507K(8640K)->8507K(8640K) Class: 1069K(1216K)->1069K(1216K)
[13.670s][info ][gc             ] GC(230) Pause Young (Allocation Failure) 294M->4M(621M) 0.278ms
[13.670s][info ][gc,cpu         ] GC(230) User=0.00s Sys=0.00s Real=0.00s
[13.691s][info ][gc,start       ] GC(231) Pause Young (Allocation Failure)
[13.691s][debug][gc,age         ] GC(231) Desired survivor size 1048576 bytes, new threshold 1 (max threshold 15)
[13.691s][info ][gc,heap        ] GC(231) PSYoungGen: 286105K(286720K)->454K(277504K) Eden: 286009K(286208K)->0K(276480K) From: 96K(512K)->454K(1024K)
[13.691s][info ][gc,heap        ] GC(231) ParOldGen: 4122K(349696K)->4122K(349696K)
[13.691s][info ][gc,metaspace   ] GC(231) Metaspace: 9576K(9856K)->9576K(9856K) NonClass: 8507K(8640K)->8507K(8640K) Class: 1069K(1216K)->1069K(1216K)
[13.691s][info ][gc             ] GC(231) Pause Young (Allocation Failure) 283M->4M(612M) 0.307ms
[13.691s][info ][gc,cpu         ] GC(231) User=0.00s Sys=0.00s Real=0.00s
[13.711s][info ][gc,start       ] GC(232) Pause Young (Allocation Failure)
[13.711s][debug][gc,age         ] GC(232) Desired survivor size 1048576 bytes, new threshold 1 (max threshold 15)
[13.711s][info ][gc,heap        ] GC(232) PSYoungGen: 276934K(277504K)->454K(332288K) Eden: 276480K(276480K)->0K(331776K) From: 454K(1024K)->454K(512K)
[13.711s][info ][gc,heap        ] GC(232) ParOldGen: 4122K(349696K)->4122K(349696K)
[13.711s][info ][gc,metaspace   ] GC(232) Metaspace: 9576K(9856K)->9576K(9856K) NonClass: 8507K(8640K)->8507K(8640K) Class: 1069K(1216K)->1069K(1216K)
[13.711s][info ][gc             ] GC(232) Pause Young (Allocation Failure) 274M->4M(666M) 0.337ms
[13.711s][info ][gc,cpu         ] GC(232) User=0.00s Sys=0.00s Real=0.00s
[13.737s][info ][gc,start       ] GC(233) Pause Young (Allocation Failure)
[13.737s][debug][gc,age         ] GC(233) Desired survivor size 1048576 bytes, new threshold 1 (max threshold 15)
[13.737s][info ][gc,heap        ] GC(233) PSYoungGen: 332013K(332288K)->64K(344576K) Eden: 331559K(331776K)->0K(343552K) From: 454K(512K)->64K(1024K)
[13.737s][info ][gc,heap        ] GC(233) ParOldGen: 4122K(349696K)->4122K(349696K)
[13.737s][info ][gc,metaspace   ] GC(233) Metaspace: 9576K(9856K)->9576K(9856K) NonClass: 8507K(8640K)->8507K(8640K) Class: 1069K(1216K)->1069K(1216K)
[13.737s][info ][gc             ] GC(233) Pause Young (Allocation Failure) 328M->4M(678M) 0.295ms
[13.737s][info ][gc,cpu         ] GC(233) User=0.00s Sys=0.00s Real=0.00s
[13.763s][info ][gc,start       ] GC(234) Pause Young (Allocation Failure)
[13.763s][debug][gc,age         ] GC(234) Desired survivor size 1048576 bytes, new threshold 1 (max threshold 15)
[13.763s][info ][gc,heap        ] GC(234) PSYoungGen: 343342K(344576K)->64K(331776K) Eden: 343278K(343552K)->0K(331264K) From: 64K(1024K)->64K(512K)
[13.763s][info ][gc,heap        ] GC(234) ParOldGen: 4122K(349696K)->4122K(349696K)
[13.763s][info ][gc,metaspace   ] GC(234) Metaspace: 9576K(9856K)->9576K(9856K) NonClass: 8507K(8640K)->8507K(8640K) Class: 1069K(1216K)->1069K(1216K)
[13.763s][info ][gc             ] GC(234) Pause Young (Allocation Failure) 339M->4M(665M) 0.267ms
[13.763s][info ][gc,cpu         ] GC(234) User=0.00s Sys=0.00s Real=0.00s
[13.787s][info ][gc,start       ] GC(235) Pause Young (Allocation Failure)
[13.788s][debug][gc,age         ] GC(235) Desired survivor size 1048576 bytes, new threshold 1 (max threshold 15)
[13.788s][info ][gc,heap        ] GC(235) PSYoungGen: 331182K(331776K)->64K(320512K) Eden: 331118K(331264K)->0K(319488K) From: 64K(512K)->64K(1024K)
[13.788s][info ][gc,heap        ] GC(235) ParOldGen: 4122K(349696K)->4122K(349696K)
[13.788s][info ][gc,metaspace   ] GC(235) Metaspace: 9576K(9856K)->9576K(9856K) NonClass: 8507K(8640K)->8507K(8640K) Class: 1069K(1216K)->1069K(1216K)
[13.788s][info ][gc             ] GC(235) Pause Young (Allocation Failure) 327M->4M(654M) 0.231ms
[13.788s][info ][gc,cpu         ] GC(235) User=0.00s Sys=0.00s Real=0.00s
[13.811s][info ][gc,start       ] GC(236) Pause Young (Allocation Failure)
[13.811s][debug][gc,age         ] GC(236) Desired survivor size 1048576 bytes, new threshold 1 (max threshold 15)
[13.811s][info ][gc,heap        ] GC(236) PSYoungGen: 319552K(320512K)->486K(308736K) Eden: 319488K(319488K)->0K(308224K) From: 64K(1024K)->486K(512K)
[13.811s][info ][gc,heap        ] GC(236) ParOldGen: 4122K(349696K)->4122K(349696K)
[13.811s][info ][gc,metaspace   ] GC(236) Metaspace: 9576K(9856K)->9576K(9856K) NonClass: 8507K(8640K)->8507K(8640K) Class: 1069K(1216K)->1069K(1216K)
[13.811s][info ][gc             ] GC(236) Pause Young (Allocation Failure) 316M->4M(643M) 0.275ms
[13.811s][info ][gc,cpu         ] GC(236) User=0.00s Sys=0.00s Real=0.00s
[13.834s][info ][gc,start       ] GC(237) Pause Young (Allocation Failure)
[13.834s][debug][gc,age         ] GC(237) Desired survivor size 1048576 bytes, new threshold 1 (max threshold 15)
[13.834s][info ][gc,heap        ] GC(237) PSYoungGen: 308484K(308736K)->96K(298496K) Eden: 307997K(308224K)->0K(297472K) From: 486K(512K)->96K(1024K)
[13.834s][info ][gc,heap        ] GC(237) ParOldGen: 4122K(349696K)->4122K(349696K)
[13.834s][info ][gc,metaspace   ] GC(237) Metaspace: 9576K(9856K)->9576K(9856K) NonClass: 8507K(8640K)->8507K(8640K) Class: 1069K(1216K)->1069K(1216K)
[13.834s][info ][gc             ] GC(237) Pause Young (Allocation Failure) 305M->4M(633M) 0.269ms
[13.834s][info ][gc,cpu         ] GC(237) User=0.00s Sys=0.00s Real=0.00s
[13.855s][info ][gc,start       ] GC(238) Pause Young (Allocation Failure)
[13.856s][debug][gc,age         ] GC(238) Desired survivor size 1048576 bytes, new threshold 1 (max threshold 15)
[13.856s][info ][gc,heap        ] GC(238) PSYoungGen: 297568K(298496K)->454K(287744K) Eden: 297472K(297472K)->0K(287232K) From: 96K(1024K)->454K(512K)
[13.856s][info ][gc,heap        ] GC(238) ParOldGen: 4122K(349696K)->4122K(349696K)
[13.856s][info ][gc,metaspace   ] GC(238) Metaspace: 9576K(9856K)->9576K(9856K) NonClass: 8507K(8640K)->8507K(8640K) Class: 1069K(1216K)->1069K(1216K)
[13.856s][info ][gc             ] GC(238) Pause Young (Allocation Failure) 294M->4M(622M) 0.313ms
[13.856s][info ][gc,cpu         ] GC(238) User=0.00s Sys=0.01s Real=0.00s
[13.877s][info ][gc,start       ] GC(239) Pause Young (Allocation Failure)
[13.877s][debug][gc,age         ] GC(239) Desired survivor size 1048576 bytes, new threshold 1 (max threshold 15)
[13.877s][info ][gc,heap        ] GC(239) PSYoungGen: 287659K(287744K)->454K(278528K) Eden: 287205K(287232K)->0K(277504K) From: 454K(512K)->454K(1024K)
[13.877s][info ][gc,heap        ] GC(239) ParOldGen: 4122K(349696K)->4122K(349696K)
[13.877s][info ][gc,metaspace   ] GC(239) Metaspace: 9576K(9856K)->9576K(9856K) NonClass: 8507K(8640K)->8507K(8640K) Class: 1069K(1216K)->1069K(1216K)
[13.877s][info ][gc             ] GC(239) Pause Young (Allocation Failure) 284M->4M(613M) 0.303ms
[13.877s][info ][gc,cpu         ] GC(239) User=0.00s Sys=0.00s Real=0.00s
[13.898s][info ][gc,start       ] GC(240) Pause Young (Allocation Failure)
[13.898s][debug][gc,age         ] GC(240) Desired survivor size 1048576 bytes, new threshold 1 (max threshold 15)
[13.898s][info ][gc,heap        ] GC(240) PSYoungGen: 277749K(278528K)->96K(268800K) Eden: 277295K(277504K)->0K(268288K) From: 454K(1024K)->96K(512K)
[13.898s][info ][gc,heap        ] GC(240) ParOldGen: 4122K(349696K)->4122K(349696K)
[13.898s][info ][gc,metaspace   ] GC(240) Metaspace: 9576K(9856K)->9576K(9856K) NonClass: 8507K(8640K)->8507K(8640K) Class: 1069K(1216K)->1069K(1216K)
[13.898s][info ][gc             ] GC(240) Pause Young (Allocation Failure) 275M->4M(604M) 0.247ms
[13.898s][info ][gc,cpu         ] GC(240) User=0.00s Sys=0.00s Real=0.00s
[13.918s][info ][gc,start       ] GC(241) Pause Young (Allocation Failure)
[13.918s][debug][gc,age         ] GC(241) Desired survivor size 1048576 bytes, new threshold 1 (max threshold 15)
[13.918s][info ][gc,heap        ] GC(241) PSYoungGen: 268037K(268800K)->486K(260608K) Eden: 267941K(268288K)->0K(259584K) From: 96K(512K)->486K(1024K)
[13.918s][info ][gc,heap        ] GC(241) ParOldGen: 4122K(349696K)->4122K(349696K)
[13.918s][info ][gc,metaspace   ] GC(241) Metaspace: 9576K(9856K)->9576K(9856K) NonClass: 8507K(8640K)->8507K(8640K) Class: 1069K(1216K)->1069K(1216K)
[13.918s][info ][gc             ] GC(241) Pause Young (Allocation Failure) 265M->4M(596M) 0.217ms
[13.918s][info ][gc,cpu         ] GC(241) User=0.00s Sys=0.00s Real=0.00s
[13.937s][info ][gc,start       ] GC(242) Pause Young (Allocation Failure)
[13.937s][debug][gc,age         ] GC(242) Desired survivor size 1048576 bytes, new threshold 1 (max threshold 15)
[13.937s][info ][gc,heap        ] GC(242) PSYoungGen: 260046K(260608K)->96K(251904K) Eden: 259559K(259584K)->0K(251392K) From: 486K(1024K)->96K(512K)
[13.937s][info ][gc,heap        ] GC(242) ParOldGen: 4122K(349696K)->4122K(349696K)
[13.937s][info ][gc,metaspace   ] GC(242) Metaspace: 9576K(9856K)->9576K(9856K) NonClass: 8507K(8640K)->8507K(8640K) Class: 1069K(1216K)->1069K(1216K)
[13.937s][info ][gc             ] GC(242) Pause Young (Allocation Failure) 257M->4M(587M) 0.277ms
[13.937s][info ][gc,cpu         ] GC(242) User=0.00s Sys=0.00s Real=0.00s
[13.956s][info ][gc,start       ] GC(243) Pause Young (Allocation Failure)
[13.956s][debug][gc,age         ] GC(243) Desired survivor size 1048576 bytes, new threshold 1 (max threshold 15)
[13.956s][info ][gc,heap        ] GC(243) PSYoungGen: 251442K(251904K)->96K(244224K) Eden: 251346K(251392K)->0K(243200K) From: 96K(512K)->96K(1024K)
[13.956s][info ][gc,heap        ] GC(243) ParOldGen: 4122K(349696K)->4122K(349696K)
[13.956s][info ][gc,metaspace   ] GC(243) Metaspace: 9576K(9856K)->9576K(9856K) NonClass: 8507K(8640K)->8507K(8640K) Class: 1069K(1216K)->1069K(1216K)
[13.956s][info ][gc             ] GC(243) Pause Young (Allocation Failure) 249M->4M(580M) 0.270ms
[13.956s][info ][gc,cpu         ] GC(243) User=0.00s Sys=0.00s Real=0.00s
[13.974s][info ][gc,start       ] GC(244) Pause Young (Allocation Failure)
[13.974s][debug][gc,age         ] GC(244) Desired survivor size 1048576 bytes, new threshold 1 (max threshold 15)
[13.974s][info ][gc,heap        ] GC(244) PSYoungGen: 242996K(244224K)->96K(236032K) Eden: 242900K(243200K)->0K(235520K) From: 96K(1024K)->96K(512K)
[13.974s][info ][gc,heap        ] GC(244) ParOldGen: 4122K(349696K)->4122K(349696K)
[13.974s][info ][gc,metaspace   ] GC(244) Metaspace: 9576K(9856K)->9576K(9856K) NonClass: 8507K(8640K)->8507K(8640K) Class: 1069K(1216K)->1069K(1216K)
[13.974s][info ][gc             ] GC(244) Pause Young (Allocation Failure) 241M->4M(572M) 0.221ms
[13.974s][info ][gc,cpu         ] GC(244) User=0.00s Sys=0.00s Real=0.00s
[13.991s][info ][gc,start       ] GC(245) Pause Young (Allocation Failure)
[13.991s][debug][gc,age         ] GC(245) Desired survivor size 1048576 bytes, new threshold 1 (max threshold 15)
[13.991s][info ][gc,heap        ] GC(245) PSYoungGen: 235616K(236032K)->96K(229376K) Eden: 235520K(235520K)->0K(228352K) From: 96K(512K)->96K(1024K)
[13.991s][info ][gc,heap        ] GC(245) ParOldGen: 4122K(349696K)->4122K(349696K)
[13.991s][info ][gc,metaspace   ] GC(245) Metaspace: 9576K(9856K)->9576K(9856K) NonClass: 8507K(8640K)->8507K(8640K) Class: 1069K(1216K)->1069K(1216K)
[13.991s][info ][gc             ] GC(245) Pause Young (Allocation Failure) 234M->4M(565M) 0.233ms
[13.991s][info ][gc,cpu         ] GC(245) User=0.00s Sys=0.00s Real=0.00s
[14.008s][info ][gc,start       ] GC(246) Pause Young (Allocation Failure)
[14.008s][debug][gc,age         ] GC(246) Desired survivor size 1048576 bytes, new threshold 1 (max threshold 15)
[14.008s][info ][gc,heap        ] GC(246) PSYoungGen: 228068K(229376K)->96K(221696K) Eden: 227972K(228352K)->0K(221184K) From: 96K(1024K)->96K(512K)
[14.008s][info ][gc,heap        ] GC(246) ParOldGen: 4122K(349696K)->4122K(349696K)
[14.008s][info ][gc,metaspace   ] GC(246) Metaspace: 9576K(9856K)->9576K(9856K) NonClass: 8507K(8640K)->8507K(8640K) Class: 1069K(1216K)->1069K(1216K)
[14.008s][info ][gc             ] GC(246) Pause Young (Allocation Failure) 226M->4M(558M) 0.291ms
[14.008s][info ][gc,cpu         ] GC(246) User=0.00s Sys=0.00s Real=0.00s
[14.025s][info ][gc,start       ] GC(247) Pause Young (Allocation Failure)
[14.025s][debug][gc,age         ] GC(247) Desired survivor size 1048576 bytes, new threshold 1 (max threshold 15)
[14.025s][info ][gc,heap        ] GC(247) PSYoungGen: 220943K(221696K)->96K(266752K) Eden: 220847K(221184K)->0K(265728K) From: 96K(512K)->96K(1024K)
[14.025s][info ][gc,heap        ] GC(247) ParOldGen: 4122K(349696K)->4122K(349696K)
[14.025s][info ][gc,metaspace   ] GC(247) Metaspace: 9576K(9856K)->9576K(9856K) NonClass: 8507K(8640K)->8507K(8640K) Class: 1069K(1216K)->1069K(1216K)
[14.025s][info ][gc             ] GC(247) Pause Young (Allocation Failure) 219M->4M(602M) 0.255ms
[14.025s][info ][gc,cpu         ] GC(247) User=0.00s Sys=0.00s Real=0.00s
[14.044s][info ][gc,start       ] GC(248) Pause Young (Allocation Failure)
[14.045s][debug][gc,age         ] GC(248) Desired survivor size 1048576 bytes, new threshold 1 (max threshold 15)
[14.045s][info ][gc,heap        ] GC(248) PSYoungGen: 265674K(266752K)->96K(257536K) Eden: 265578K(265728K)->0K(257024K) From: 96K(1024K)->96K(512K)
[14.045s][info ][gc,heap        ] GC(248) ParOldGen: 4122K(349696K)->4122K(349696K)
[14.045s][info ][gc,metaspace   ] GC(248) Metaspace: 9576K(9856K)->9576K(9856K) NonClass: 8507K(8640K)->8507K(8640K) Class: 1069K(1216K)->1069K(1216K)
[14.045s][info ][gc             ] GC(248) Pause Young (Allocation Failure) 263M->4M(593M) 0.240ms
[14.045s][info ][gc,cpu         ] GC(248) User=0.00s Sys=0.00s Real=0.00s
[14.064s][info ][gc,start       ] GC(249) Pause Young (Allocation Failure)
[14.064s][debug][gc,age         ] GC(249) Desired survivor size 1048576 bytes, new threshold 1 (max threshold 15)
[14.064s][info ][gc,heap        ] GC(249) PSYoungGen: 257120K(257536K)->96K(309760K) Eden: 257024K(257024K)->0K(308736K) From: 96K(512K)->96K(1024K)
[14.064s][info ][gc,heap        ] GC(249) ParOldGen: 4122K(349696K)->4122K(349696K)
[14.064s][info ][gc,metaspace   ] GC(249) Metaspace: 9576K(9856K)->9576K(9856K) NonClass: 8507K(8640K)->8507K(8640K) Class: 1069K(1216K)->1069K(1216K)
[14.064s][info ][gc             ] GC(249) Pause Young (Allocation Failure) 255M->4M(644M) 0.277ms
[14.064s][info ][gc,cpu         ] GC(249) User=0.00s Sys=0.00s Real=0.00s
[14.086s][info ][gc,start       ] GC(250) Pause Young (Allocation Failure)
[14.086s][debug][gc,age         ] GC(250) Desired survivor size 1048576 bytes, new threshold 1 (max threshold 15)
[14.086s][info ][gc,heap        ] GC(250) PSYoungGen: 308832K(309760K)->486K(298496K) Eden: 308736K(308736K)->0K(297984K) From: 96K(1024K)->486K(512K)
[14.086s][info ][gc,heap        ] GC(250) ParOldGen: 4122K(349696K)->4122K(349696K)
[14.086s][info ][gc,metaspace   ] GC(250) Metaspace: 9576K(9856K)->9576K(9856K) NonClass: 8507K(8640K)->8507K(8640K) Class: 1069K(1216K)->1069K(1216K)
[14.086s][info ][gc             ] GC(250) Pause Young (Allocation Failure) 305M->4M(633M) 0.278ms
[14.086s][info ][gc,cpu         ] GC(250) User=0.00s Sys=0.00s Real=0.00s
[14.108s][info ][gc,start       ] GC(251) Pause Young (Allocation Failure)
[14.108s][debug][gc,age         ] GC(251) Desired survivor size 1048576 bytes, new threshold 1 (max threshold 15)
[14.108s][info ][gc,heap        ] GC(251) PSYoungGen: 298416K(298496K)->96K(288768K) Eden: 297929K(297984K)->0K(287744K) From: 486K(512K)->96K(1024K)
[14.108s][info ][gc,heap        ] GC(251) ParOldGen: 4122K(349696K)->4122K(349696K)
[14.108s][info ][gc,metaspace   ] GC(251) Metaspace: 9576K(9856K)->9576K(9856K) NonClass: 8507K(8640K)->8507K(8640K) Class: 1069K(1216K)->1069K(1216K)
[14.108s][info ][gc             ] GC(251) Pause Young (Allocation Failure) 295M->4M(623M) 0.283ms
[14.108s][info ][gc,cpu         ] GC(251) User=0.00s Sys=0.00s Real=0.00s
[14.130s][info ][gc,start       ] GC(252) Pause Young (Allocation Failure)
[14.130s][debug][gc,age         ] GC(252) Desired survivor size 1048576 bytes, new threshold 1 (max threshold 15)
[14.130s][info ][gc,heap        ] GC(252) PSYoungGen: 287840K(288768K)->96K(278528K) Eden: 287744K(287744K)->0K(278016K) From: 96K(1024K)->96K(512K)
[14.130s][info ][gc,heap        ] GC(252) ParOldGen: 4122K(349696K)->4122K(349696K)
[14.130s][info ][gc,metaspace   ] GC(252) Metaspace: 9576K(9856K)->9576K(9856K) NonClass: 8507K(8640K)->8507K(8640K) Class: 1069K(1216K)->1069K(1216K)
[14.130s][info ][gc             ] GC(252) Pause Young (Allocation Failure) 285M->4M(613M) 0.271ms
[14.130s][info ][gc,cpu         ] GC(252) User=0.00s Sys=0.00s Real=0.00s
[14.150s][info ][gc,start       ] GC(253) Pause Young (Allocation Failure)
[14.151s][debug][gc,age         ] GC(253) Desired survivor size 1048576 bytes, new threshold 1 (max threshold 15)
[14.151s][info ][gc,heap        ] GC(253) PSYoungGen: 277836K(278528K)->96K(269824K) Eden: 277740K(278016K)->0K(268800K) From: 96K(512K)->96K(1024K)
[14.151s][info ][gc,heap        ] GC(253) ParOldGen: 4122K(349696K)->4122K(349696K)
[14.151s][info ][gc,metaspace   ] GC(253) Metaspace: 9576K(9856K)->9576K(9856K) NonClass: 8507K(8640K)->8507K(8640K) Class: 1069K(1216K)->1069K(1216K)
[14.151s][info ][gc             ] GC(253) Pause Young (Allocation Failure) 275M->4M(605M) 0.262ms
[14.151s][info ][gc,cpu         ] GC(253) User=0.00s Sys=0.00s Real=0.00s
[14.170s][info ][gc,start       ] GC(254) Pause Young (Allocation Failure)
[14.171s][debug][gc,age         ] GC(254) Desired survivor size 1048576 bytes, new threshold 1 (max threshold 15)
[14.171s][info ][gc,heap        ] GC(254) PSYoungGen: 268550K(269824K)->64K(260608K) Eden: 268454K(268800K)->0K(260096K) From: 96K(1024K)->64K(512K)
[14.171s][info ][gc,heap        ] GC(254) ParOldGen: 4122K(349696K)->4122K(349696K)
[14.171s][info ][gc,metaspace   ] GC(254) Metaspace: 9576K(9856K)->9576K(9856K) NonClass: 8507K(8640K)->8507K(8640K) Class: 1069K(1216K)->1069K(1216K)
[14.171s][info ][gc             ] GC(254) Pause Young (Allocation Failure) 266M->4M(596M) 0.280ms
[14.171s][info ][gc,cpu         ] GC(254) User=0.00s Sys=0.00s Real=0.00s
[14.189s][info ][gc,start       ] GC(255) Pause Young (Allocation Failure)
[14.189s][debug][gc,age         ] GC(255) Desired survivor size 1048576 bytes, new threshold 1 (max threshold 15)
[14.189s][info ][gc,heap        ] GC(255) PSYoungGen: 260160K(260608K)->486K(252928K) Eden: 260096K(260096K)->0K(251904K) From: 64K(512K)->486K(1024K)
[14.189s][info ][gc,heap        ] GC(255) ParOldGen: 4122K(349696K)->4122K(349696K)
[14.189s][info ][gc,metaspace   ] GC(255) Metaspace: 9576K(9856K)->9576K(9856K) NonClass: 8507K(8640K)->8507K(8640K) Class: 1069K(1216K)->1069K(1216K)
[14.189s][info ][gc             ] GC(255) Pause Young (Allocation Failure) 258M->4M(588M) 0.265ms
[14.189s][info ][gc,cpu         ] GC(255) User=0.00s Sys=0.00s Real=0.00s
[14.208s][info ][gc,start       ] GC(256) Pause Young (Allocation Failure)
[14.208s][debug][gc,age         ] GC(256) Desired survivor size 1048576 bytes, new threshold 1 (max threshold 15)
[14.208s][info ][gc,heap        ] GC(256) PSYoungGen: 252279K(252928K)->96K(244224K) Eden: 251792K(251904K)->0K(243712K) From: 486K(1024K)->96K(512K)
[14.208s][info ][gc,heap        ] GC(256) ParOldGen: 4122K(349696K)->4122K(349696K)
[14.208s][info ][gc,metaspace   ] GC(256) Metaspace: 9576K(9856K)->9576K(9856K) NonClass: 8507K(8640K)->8507K(8640K) Class: 1069K(1216K)->1069K(1216K)
[14.208s][info ][gc             ] GC(256) Pause Young (Allocation Failure) 250M->4M(580M) 0.257ms
[14.208s][info ][gc,cpu         ] GC(256) User=0.00s Sys=0.00s Real=0.00s
[14.226s][info ][gc,start       ] GC(257) Pause Young (Allocation Failure)
[14.227s][debug][gc,age         ] GC(257) Desired survivor size 1048576 bytes, new threshold 1 (max threshold 15)
[14.227s][info ][gc,heap        ] GC(257) PSYoungGen: 243675K(244224K)->96K(237056K) Eden: 243579K(243712K)->0K(236032K) From: 96K(512K)->96K(1024K)
[14.227s][info ][gc,heap        ] GC(257) ParOldGen: 4122K(349696K)->4122K(349696K)
[14.227s][info ][gc,metaspace   ] GC(257) Metaspace: 9576K(9856K)->9576K(9856K) NonClass: 8507K(8640K)->8507K(8640K) Class: 1069K(1216K)->1069K(1216K)
[14.227s][info ][gc             ] GC(257) Pause Young (Allocation Failure) 241M->4M(573M) 0.263ms
[14.227s][info ][gc,cpu         ] GC(257) User=0.00s Sys=0.00s Real=0.00s
[14.244s][info ][gc,start       ] GC(258) Pause Young (Allocation Failure)
[14.244s][debug][gc,age         ] GC(258) Desired survivor size 1048576 bytes, new threshold 1 (max threshold 15)
[14.244s][info ][gc,heap        ] GC(258) PSYoungGen: 236128K(237056K)->486K(229376K) Eden: 236032K(236032K)->0K(228864K) From: 96K(1024K)->486K(512K)
[14.244s][info ][gc,heap        ] GC(258) ParOldGen: 4122K(349696K)->4122K(349696K)
[14.244s][info ][gc,metaspace   ] GC(258) Metaspace: 9576K(9856K)->9576K(9856K) NonClass: 8507K(8640K)->8507K(8640K) Class: 1069K(1216K)->1069K(1216K)
[14.244s][info ][gc             ] GC(258) Pause Young (Allocation Failure) 234M->4M(565M) 0.229ms
[14.244s][info ][gc,cpu         ] GC(258) User=0.00s Sys=0.00s Real=0.00s
[14.261s][info ][gc,start       ] GC(259) Pause Young (Allocation Failure)
[14.261s][debug][gc,age         ] GC(259) Desired survivor size 1048576 bytes, new threshold 1 (max threshold 15)
[14.261s][info ][gc,heap        ] GC(259) PSYoungGen: 229147K(229376K)->486K(222720K) Eden: 228660K(228864K)->0K(221696K) From: 486K(512K)->486K(1024K)
[14.261s][info ][gc,heap        ] GC(259) ParOldGen: 4122K(349696K)->4122K(349696K)
[14.261s][info ][gc,metaspace   ] GC(259) Metaspace: 9576K(9856K)->9576K(9856K) NonClass: 8507K(8640K)->8507K(8640K) Class: 1069K(1216K)->1069K(1216K)
[14.261s][info ][gc             ] GC(259) Pause Young (Allocation Failure) 227M->4M(559M) 0.267ms
[14.261s][info ][gc,cpu         ] GC(259) User=0.00s Sys=0.00s Real=0.00s
[14.277s][info ][gc,start       ] GC(260) Pause Young (Allocation Failure)
[14.277s][debug][gc,age         ] GC(260) Desired survivor size 1048576 bytes, new threshold 1 (max threshold 15)
[14.277s][info ][gc,heap        ] GC(260) PSYoungGen: 221832K(222720K)->96K(266752K) Eden: 221345K(221696K)->0K(266240K) From: 486K(1024K)->96K(512K)
[14.277s][info ][gc,heap        ] GC(260) ParOldGen: 4122K(349696K)->4122K(349696K)
[14.277s][info ][gc,metaspace   ] GC(260) Metaspace: 9576K(9856K)->9576K(9856K) NonClass: 8507K(8640K)->8507K(8640K) Class: 1069K(1216K)->1069K(1216K)
[14.277s][info ][gc             ] GC(260) Pause Young (Allocation Failure) 220M->4M(602M) 0.263ms
[14.277s][info ][gc,cpu         ] GC(260) User=0.00s Sys=0.00s Real=0.00s
[14.297s][info ][gc,start       ] GC(261) Pause Young (Allocation Failure)
[14.297s][debug][gc,age         ] GC(261) Desired survivor size 1048576 bytes, new threshold 1 (max threshold 15)
[14.297s][info ][gc,heap        ] GC(261) PSYoungGen: 266166K(266752K)->64K(258560K) Eden: 266070K(266240K)->0K(257536K) From: 96K(512K)->64K(1024K)
[14.297s][info ][gc,heap        ] GC(261) ParOldGen: 4122K(349696K)->4122K(349696K)
[14.297s][info ][gc,metaspace   ] GC(261) Metaspace: 9576K(9856K)->9576K(9856K) NonClass: 8507K(8640K)->8507K(8640K) Class: 1069K(1216K)->1069K(1216K)
[14.297s][info ][gc             ] GC(261) Pause Young (Allocation Failure) 263M->4M(594M) 0.238ms
[14.297s][info ][gc,cpu         ] GC(261) User=0.00s Sys=0.00s Real=0.00s
[14.316s][info ][gc,start       ] GC(262) Pause Young (Allocation Failure)
[14.316s][debug][gc,age         ] GC(262) Desired survivor size 1048576 bytes, new threshold 1 (max threshold 15)
[14.316s][info ][gc,heap        ] GC(262) PSYoungGen: 257600K(258560K)->486K(309760K) Eden: 257536K(257536K)->0K(309248K) From: 64K(1024K)->486K(512K)
[14.316s][info ][gc,heap        ] GC(262) ParOldGen: 4122K(349696K)->4122K(349696K)
[14.316s][info ][gc,metaspace   ] GC(262) Metaspace: 9576K(9856K)->9576K(9856K) NonClass: 8507K(8640K)->8507K(8640K) Class: 1069K(1216K)->1069K(1216K)
[14.316s][info ][gc             ] GC(262) Pause Young (Allocation Failure) 255M->4M(644M) 0.290ms
[14.316s][info ][gc,cpu         ] GC(262) User=0.00s Sys=0.00s Real=0.00s
[14.339s][info ][gc,start       ] GC(263) Pause Young (Allocation Failure)
[14.339s][debug][gc,age         ] GC(263) Desired survivor size 1048576 bytes, new threshold 1 (max threshold 15)
[14.339s][info ][gc,heap        ] GC(263) PSYoungGen: 309698K(309760K)->486K(299520K) Eden: 309212K(309248K)->0K(298496K) From: 486K(512K)->486K(1024K)
[14.339s][info ][gc,heap        ] GC(263) ParOldGen: 4122K(349696K)->4122K(349696K)
[14.339s][info ][gc,metaspace   ] GC(263) Metaspace: 9576K(9856K)->9576K(9856K) NonClass: 8507K(8640K)->8507K(8640K) Class: 1069K(1216K)->1069K(1216K)
[14.339s][info ][gc             ] GC(263) Pause Young (Allocation Failure) 306M->4M(634M) 0.300ms
[14.339s][info ][gc,cpu         ] GC(263) User=0.00s Sys=0.00s Real=0.00s
[14.361s][info ][gc,start       ] GC(264) Pause Young (Allocation Failure)
[14.361s][debug][gc,age         ] GC(264) Desired survivor size 1048576 bytes, new threshold 1 (max threshold 15)
[14.361s][info ][gc,heap        ] GC(264) PSYoungGen: 298982K(299520K)->486K(288768K) Eden: 298496K(298496K)->0K(288256K) From: 486K(1024K)->486K(512K)
[14.361s][info ][gc,heap        ] GC(264) ParOldGen: 4122K(349696K)->4122K(349696K)
[14.361s][info ][gc,metaspace   ] GC(264) Metaspace: 9576K(9856K)->9576K(9856K) NonClass: 8507K(8640K)->8507K(8640K) Class: 1069K(1216K)->1069K(1216K)
[14.361s][info ][gc             ] GC(264) Pause Young (Allocation Failure) 296M->4M(623M) 0.224ms
[14.361s][info ][gc,cpu         ] GC(264) User=0.00s Sys=0.00s Real=0.00s
[14.382s][info ][gc,start       ] GC(265) Pause Young (Allocation Failure)
[14.382s][debug][gc,age         ] GC(265) Desired survivor size 1048576 bytes, new threshold 1 (max threshold 15)
[14.382s][info ][gc,heap        ] GC(265) PSYoungGen: 288544K(288768K)->486K(279552K) Eden: 288057K(288256K)->0K(278528K) From: 486K(512K)->486K(1024K)
[14.382s][info ][gc,heap        ] GC(265) ParOldGen: 4122K(349696K)->4122K(349696K)
[14.382s][info ][gc,metaspace   ] GC(265) Metaspace: 9576K(9856K)->9576K(9856K) NonClass: 8507K(8640K)->8507K(8640K) Class: 1069K(1216K)->1069K(1216K)
[14.382s][info ][gc             ] GC(265) Pause Young (Allocation Failure) 285M->4M(614M) 0.278ms
[14.382s][info ][gc,cpu         ] GC(265) User=0.00s Sys=0.00s Real=0.00s
[14.402s][info ][gc,start       ] GC(266) Pause Young (Allocation Failure)
[14.403s][debug][gc,age         ] GC(266) Desired survivor size 1048576 bytes, new threshold 1 (max threshold 15)
[14.403s][info ][gc,heap        ] GC(266) PSYoungGen: 279014K(279552K)->486K(269824K) Eden: 278528K(278528K)->0K(269312K) From: 486K(1024K)->486K(512K)
[14.403s][info ][gc,heap        ] GC(266) ParOldGen: 4122K(349696K)->4122K(349696K)
[14.403s][info ][gc,metaspace   ] GC(266) Metaspace: 9576K(9856K)->9576K(9856K) NonClass: 8507K(8640K)->8507K(8640K) Class: 1069K(1216K)->1069K(1216K)
[14.403s][info ][gc             ] GC(266) Pause Young (Allocation Failure) 276M->4M(605M) 0.310ms
[14.403s][info ][gc,cpu         ] GC(266) User=0.00s Sys=0.00s Real=0.00s
[14.422s][info ][gc,start       ] GC(267) Pause Young (Allocation Failure)
[14.423s][debug][gc,age         ] GC(267) Desired survivor size 1048576 bytes, new threshold 1 (max threshold 15)
[14.423s][info ][gc,heap        ] GC(267) PSYoungGen: 269797K(269824K)->486K(261632K) Eden: 269310K(269312K)->0K(260608K) From: 486K(512K)->486K(1024K)
[14.423s][info ][gc,heap        ] GC(267) ParOldGen: 4122K(349696K)->4122K(349696K)
[14.423s][info ][gc,metaspace   ] GC(267) Metaspace: 9576K(9856K)->9576K(9856K) NonClass: 8507K(8640K)->8507K(8640K) Class: 1069K(1216K)->1069K(1216K)
[14.423s][info ][gc             ] GC(267) Pause Young (Allocation Failure) 267M->4M(597M) 0.268ms
[14.423s][info ][gc,cpu         ] GC(267) User=0.00s Sys=0.00s Real=0.00s
[14.441s][info ][gc,start       ] GC(268) Pause Young (Allocation Failure)
[14.442s][debug][gc,age         ] GC(268) Desired survivor size 1048576 bytes, new threshold 1 (max threshold 15)
[14.442s][info ][gc,heap        ] GC(268) PSYoungGen: 261094K(261632K)->486K(313344K) Eden: 260608K(260608K)->0K(312832K) From: 486K(1024K)->486K(512K)
[14.442s][info ][gc,heap        ] GC(268) ParOldGen: 4122K(349696K)->4122K(349696K)
[14.442s][info ][gc,metaspace   ] GC(268) Metaspace: 9576K(9856K)->9576K(9856K) NonClass: 8507K(8640K)->8507K(8640K) Class: 1069K(1216K)->1069K(1216K)
[14.442s][info ][gc             ] GC(268) Pause Young (Allocation Failure) 259M->4M(647M) 0.306ms
[14.442s][info ][gc,cpu         ] GC(268) User=0.00s Sys=0.00s Real=0.00s
[14.465s][info ][gc,start       ] GC(269) Pause Young (Allocation Failure)
[14.465s][debug][gc,age         ] GC(269) Desired survivor size 1048576 bytes, new threshold 1 (max threshold 15)
[14.465s][info ][gc,heap        ] GC(269) PSYoungGen: 313310K(313344K)->96K(303104K) Eden: 312824K(312832K)->0K(302080K) From: 486K(512K)->96K(1024K)
[14.465s][info ][gc,heap        ] GC(269) ParOldGen: 4122K(349696K)->4122K(349696K)
[14.465s][info ][gc,metaspace   ] GC(269) Metaspace: 9576K(9856K)->9576K(9856K) NonClass: 8507K(8640K)->8507K(8640K) Class: 1069K(1216K)->1069K(1216K)
[14.465s][info ][gc             ] GC(269) Pause Young (Allocation Failure) 309M->4M(637M) 0.203ms
[14.465s][info ][gc,cpu         ] GC(269) User=0.00s Sys=0.00s Real=0.00s
[14.487s][info ][gc,start       ] GC(270) Pause Young (Allocation Failure)
[14.487s][debug][gc,age         ] GC(270) Desired survivor size 1048576 bytes, new threshold 1 (max threshold 15)
[14.487s][info ][gc,heap        ] GC(270) PSYoungGen: 302176K(303104K)->96K(292352K) Eden: 302080K(302080K)->0K(291840K) From: 96K(1024K)->96K(512K)
[14.487s][info ][gc,heap        ] GC(270) ParOldGen: 4122K(349696K)->4122K(349696K)
[14.487s][info ][gc,metaspace   ] GC(270) Metaspace: 9576K(9856K)->9576K(9856K) NonClass: 8507K(8640K)->8507K(8640K) Class: 1069K(1216K)->1069K(1216K)
[14.487s][info ][gc             ] GC(270) Pause Young (Allocation Failure) 299M->4M(627M) 0.247ms
[14.487s][info ][gc,cpu         ] GC(270) User=0.00s Sys=0.00s Real=0.00s
[14.509s][info ][gc,start       ] GC(271) Pause Young (Allocation Failure)
[14.509s][debug][gc,age         ] GC(271) Desired survivor size 1048576 bytes, new threshold 1 (max threshold 15)
[14.509s][info ][gc,heap        ] GC(271) PSYoungGen: 291761K(292352K)->486K(283136K) Eden: 291665K(291840K)->0K(282112K) From: 96K(512K)->486K(1024K)
[14.509s][info ][gc,heap        ] GC(271) ParOldGen: 4122K(349696K)->4122K(349696K)
[14.509s][info ][gc,metaspace   ] GC(271) Metaspace: 9576K(9856K)->9576K(9856K) NonClass: 8507K(8640K)->8507K(8640K) Class: 1069K(1216K)->1069K(1216K)
[14.509s][info ][gc             ] GC(271) Pause Young (Allocation Failure) 288M->4M(618M) 0.253ms
[14.509s][info ][gc,cpu         ] GC(271) User=0.00s Sys=0.00s Real=0.00s
[14.530s][info ][gc,start       ] GC(272) Pause Young (Allocation Failure)
[14.530s][debug][gc,age         ] GC(272) Desired survivor size 1048576 bytes, new threshold 1 (max threshold 15)
[14.530s][info ][gc,heap        ] GC(272) PSYoungGen: 282534K(283136K)->486K(273408K) Eden: 282048K(282112K)->0K(272896K) From: 486K(1024K)->486K(512K)
[14.530s][info ][gc,heap        ] GC(272) ParOldGen: 4122K(349696K)->4122K(349696K)
[14.530s][info ][gc,metaspace   ] GC(272) Metaspace: 9576K(9856K)->9576K(9856K) NonClass: 8507K(8640K)->8507K(8640K) Class: 1069K(1216K)->1069K(1216K)
[14.530s][info ][gc             ] GC(272) Pause Young (Allocation Failure) 279M->4M(608M) 0.214ms
[14.530s][info ][gc,cpu         ] GC(272) User=0.00s Sys=0.00s Real=0.00s
[14.550s][info ][gc,start       ] GC(273) Pause Young (Allocation Failure)
[14.551s][debug][gc,age         ] GC(273) Desired survivor size 1048576 bytes, new threshold 1 (max threshold 15)
[14.551s][info ][gc,heap        ] GC(273) PSYoungGen: 273197K(273408K)->96K(265216K) Eden: 272711K(272896K)->0K(264192K) From: 486K(512K)->96K(1024K)
[14.551s][info ][gc,heap        ] GC(273) ParOldGen: 4122K(349696K)->4122K(349696K)
[14.551s][info ][gc,metaspace   ] GC(273) Metaspace: 9576K(9856K)->9576K(9856K) NonClass: 8507K(8640K)->8507K(8640K) Class: 1069K(1216K)->1069K(1216K)
[14.551s][info ][gc             ] GC(273) Pause Young (Allocation Failure) 270M->4M(600M) 0.200ms
[14.551s][info ][gc,cpu         ] GC(273) User=0.00s Sys=0.00s Real=0.00s
[14.570s][info ][gc,start       ] GC(274) Pause Young (Allocation Failure)
[14.570s][debug][gc,age         ] GC(274) Desired survivor size 1048576 bytes, new threshold 1 (max threshold 15)
[14.570s][info ][gc,heap        ] GC(274) PSYoungGen: 264005K(265216K)->96K(256000K) Eden: 263909K(264192K)->0K(255488K) From: 96K(1024K)->96K(512K)
[14.570s][info ][gc,heap        ] GC(274) ParOldGen: 4122K(349696K)->4122K(349696K)
[14.570s][info ][gc,metaspace   ] GC(274) Metaspace: 9576K(9856K)->9576K(9856K) NonClass: 8507K(8640K)->8507K(8640K) Class: 1069K(1216K)->1069K(1216K)
[14.570s][info ][gc             ] GC(274) Pause Young (Allocation Failure) 261M->4M(591M) 0.217ms
[14.570s][info ][gc,cpu         ] GC(274) User=0.00s Sys=0.00s Real=0.00s
[14.589s][info ][gc,start       ] GC(275) Pause Young (Allocation Failure)
[14.589s][debug][gc,age         ] GC(275) Desired survivor size 1048576 bytes, new threshold 1 (max threshold 15)
[14.589s][info ][gc,heap        ] GC(275) PSYoungGen: 255544K(256000K)->486K(248320K) Eden: 255448K(255488K)->0K(247296K) From: 96K(512K)->486K(1024K)
[14.589s][info ][gc,heap        ] GC(275) ParOldGen: 4122K(349696K)->4122K(349696K)
[14.589s][info ][gc,metaspace   ] GC(275) Metaspace: 9576K(9856K)->9576K(9856K) NonClass: 8507K(8640K)->8507K(8640K) Class: 1069K(1216K)->1069K(1216K)
[14.589s][info ][gc             ] GC(275) Pause Young (Allocation Failure) 253M->4M(584M) 0.256ms
[14.589s][info ][gc,cpu         ] GC(275) User=0.00s Sys=0.00s Real=0.00s
[14.607s][info ][gc,start       ] GC(276) Pause Young (Allocation Failure)
[14.607s][debug][gc,age         ] GC(276) Desired survivor size 1048576 bytes, new threshold 1 (max threshold 15)
[14.607s][info ][gc,heap        ] GC(276) PSYoungGen: 247782K(248320K)->486K(240128K) Eden: 247296K(247296K)->0K(239616K) From: 486K(1024K)->486K(512K)
[14.607s][info ][gc,heap        ] GC(276) ParOldGen: 4122K(349696K)->4122K(349696K)
[14.607s][info ][gc,metaspace   ] GC(276) Metaspace: 9576K(9856K)->9576K(9856K) NonClass: 8507K(8640K)->8507K(8640K) Class: 1069K(1216K)->1069K(1216K)
[14.607s][info ][gc             ] GC(276) Pause Young (Allocation Failure) 246M->4M(576M) 0.267ms
[14.607s][info ][gc,cpu         ] GC(276) User=0.00s Sys=0.00s Real=0.00s
[14.625s][info ][gc,start       ] GC(277) Pause Young (Allocation Failure)
[14.625s][debug][gc,age         ] GC(277) Desired survivor size 1048576 bytes, new threshold 1 (max threshold 15)
[14.625s][info ][gc,heap        ] GC(277) PSYoungGen: 240042K(240128K)->486K(232960K) Eden: 239555K(239616K)->0K(231936K) From: 486K(512K)->486K(1024K)
[14.625s][info ][gc,heap        ] GC(277) ParOldGen: 4122K(349696K)->4122K(349696K)
[14.625s][info ][gc,metaspace   ] GC(277) Metaspace: 9576K(9856K)->9576K(9856K) NonClass: 8507K(8640K)->8507K(8640K) Class: 1069K(1216K)->1069K(1216K)
[14.625s][info ][gc             ] GC(277) Pause Young (Allocation Failure) 238M->4M(569M) 0.252ms
[14.625s][info ][gc,cpu         ] GC(277) User=0.00s Sys=0.00s Real=0.01s
[14.642s][info ][gc,start       ] GC(278) Pause Young (Allocation Failure)
[14.643s][debug][gc,age         ] GC(278) Desired survivor size 1048576 bytes, new threshold 1 (max threshold 15)
[14.643s][info ][gc,heap        ] GC(278) PSYoungGen: 232048K(232960K)->454K(279040K) Eden: 231561K(231936K)->0K(278528K) From: 486K(1024K)->454K(512K)
[14.643s][info ][gc,heap        ] GC(278) ParOldGen: 4122K(349696K)->4122K(349696K)
[14.643s][info ][gc,metaspace   ] GC(278) Metaspace: 9576K(9856K)->9576K(9856K) NonClass: 8507K(8640K)->8507K(8640K) Class: 1069K(1216K)->1069K(1216K)
[14.643s][info ][gc             ] GC(278) Pause Young (Allocation Failure) 230M->4M(614M) 0.293ms
[14.643s][info ][gc,cpu         ] GC(278) User=0.00s Sys=0.00s Real=0.00s
[14.664s][info ][gc,start       ] GC(279) Pause Young (Allocation Failure)
[14.664s][debug][gc,age         ] GC(279) Desired survivor size 1048576 bytes, new threshold 1 (max threshold 15)
[14.664s][info ][gc,heap        ] GC(279) PSYoungGen: 278830K(279040K)->96K(270336K) Eden: 278376K(278528K)->0K(269312K) From: 454K(512K)->96K(1024K)
[14.664s][info ][gc,heap        ] GC(279) ParOldGen: 4122K(349696K)->4122K(349696K)
[14.664s][info ][gc,metaspace   ] GC(279) Metaspace: 9576K(9856K)->9576K(9856K) NonClass: 8507K(8640K)->8507K(8640K) Class: 1069K(1216K)->1069K(1216K)
[14.664s][info ][gc             ] GC(279) Pause Young (Allocation Failure) 276M->4M(605M) 0.181ms
[14.664s][info ][gc,cpu         ] GC(279) User=0.00s Sys=0.00s Real=0.00s
[14.683s][info ][gc,start       ] GC(280) Pause Young (Allocation Failure)
[14.683s][debug][gc,age         ] GC(280) Desired survivor size 1048576 bytes, new threshold 1 (max threshold 15)
[14.683s][info ][gc,heap        ] GC(280) PSYoungGen: 269408K(270336K)->96K(261120K) Eden: 269312K(269312K)->0K(260608K) From: 96K(1024K)->96K(512K)
[14.683s][info ][gc,heap        ] GC(280) ParOldGen: 4122K(349696K)->4122K(349696K)
[14.683s][info ][gc,metaspace   ] GC(280) Metaspace: 9576K(9856K)->9576K(9856K) NonClass: 8507K(8640K)->8507K(8640K) Class: 1069K(1216K)->1069K(1216K)
[14.683s][info ][gc             ] GC(280) Pause Young (Allocation Failure) 267M->4M(596M) 0.314ms
[14.683s][info ][gc,cpu         ] GC(280) User=0.00s Sys=0.00s Real=0.00s
[14.702s][info ][gc,start       ] GC(281) Pause Young (Allocation Failure)
[14.703s][debug][gc,age         ] GC(281) Desired survivor size 1048576 bytes, new threshold 1 (max threshold 15)
[14.703s][info ][gc,heap        ] GC(281) PSYoungGen: 260532K(261120K)->486K(253440K) Eden: 260436K(260608K)->0K(252416K) From: 96K(512K)->486K(1024K)
[14.703s][info ][gc,heap        ] GC(281) ParOldGen: 4122K(349696K)->4122K(349696K)
[14.703s][info ][gc,metaspace   ] GC(281) Metaspace: 9576K(9856K)->9576K(9856K) NonClass: 8507K(8640K)->8507K(8640K) Class: 1069K(1216K)->1069K(1216K)
[14.703s][info ][gc             ] GC(281) Pause Young (Allocation Failure) 258M->4M(589M) 0.218ms
[14.703s][info ][gc,cpu         ] GC(281) User=0.00s Sys=0.00s Real=0.00s
[14.721s][info ][gc,start       ] GC(282) Pause Young (Allocation Failure)
[14.721s][debug][gc,age         ] GC(282) Desired survivor size 1048576 bytes, new threshold 1 (max threshold 15)
[14.721s][info ][gc,heap        ] GC(282) PSYoungGen: 252729K(253440K)->96K(303616K) Eden: 252242K(252416K)->0K(303104K) From: 486K(1024K)->96K(512K)
[14.721s][info ][gc,heap        ] GC(282) ParOldGen: 4122K(349696K)->4122K(349696K)
[14.721s][info ][gc,metaspace   ] GC(282) Metaspace: 9576K(9856K)->9576K(9856K) NonClass: 8507K(8640K)->8507K(8640K) Class: 1069K(1216K)->1069K(1216K)
[14.721s][info ][gc             ] GC(282) Pause Young (Allocation Failure) 250M->4M(638M) 0.284ms
[14.721s][info ][gc,cpu         ] GC(282) User=0.00s Sys=0.00s Real=0.00s
[14.744s][info ][gc,start       ] GC(283) Pause Young (Allocation Failure)
[14.744s][debug][gc,age         ] GC(283) Desired survivor size 1048576 bytes, new threshold 1 (max threshold 15)
[14.744s][info ][gc,heap        ] GC(283) PSYoungGen: 302978K(303616K)->96K(293888K) Eden: 302882K(303104K)->0K(292864K) From: 96K(512K)->96K(1024K)
[14.744s][info ][gc,heap        ] GC(283) ParOldGen: 4122K(349696K)->4122K(349696K)
[14.744s][info ][gc,metaspace   ] GC(283) Metaspace: 9576K(9856K)->9576K(9856K) NonClass: 8507K(8640K)->8507K(8640K) Class: 1069K(1216K)->1069K(1216K)
[14.744s][info ][gc             ] GC(283) Pause Young (Allocation Failure) 299M->4M(628M) 0.222ms
[14.744s][info ][gc,cpu         ] GC(283) User=0.00s Sys=0.00s Real=0.00s
[14.766s][info ][gc,start       ] GC(284) Pause Young (Allocation Failure)
[14.766s][debug][gc,age         ] GC(284) Desired survivor size 1048576 bytes, new threshold 1 (max threshold 15)
[14.766s][info ][gc,heap        ] GC(284) PSYoungGen: 292650K(293888K)->96K(283648K) Eden: 292554K(292864K)->0K(283136K) From: 96K(1024K)->96K(512K)
[14.766s][info ][gc,heap        ] GC(284) ParOldGen: 4122K(349696K)->4122K(349696K)
[14.766s][info ][gc,metaspace   ] GC(284) Metaspace: 9576K(9856K)->9576K(9856K) NonClass: 8507K(8640K)->8507K(8640K) Class: 1069K(1216K)->1069K(1216K)
[14.766s][info ][gc             ] GC(284) Pause Young (Allocation Failure) 289M->4M(618M) 0.255ms
[14.766s][info ][gc,cpu         ] GC(284) User=0.00s Sys=0.00s Real=0.00s
[14.787s][info ][gc,start       ] GC(285) Pause Young (Allocation Failure)
[14.787s][debug][gc,age         ] GC(285) Desired survivor size 1048576 bytes, new threshold 1 (max threshold 15)
[14.787s][info ][gc,heap        ] GC(285) PSYoungGen: 282962K(283648K)->454K(274944K) Eden: 282866K(283136K)->0K(273920K) From: 96K(512K)->454K(1024K)
[14.787s][info ][gc,heap        ] GC(285) ParOldGen: 4122K(349696K)->4122K(349696K)
[14.787s][info ][gc,metaspace   ] GC(285) Metaspace: 9576K(9856K)->9576K(9856K) NonClass: 8507K(8640K)->8507K(8640K) Class: 1069K(1216K)->1069K(1216K)
[14.787s][info ][gc             ] GC(285) Pause Young (Allocation Failure) 280M->4M(610M) 0.287ms
[14.787s][info ][gc,cpu         ] GC(285) User=0.00s Sys=0.00s Real=0.00s
[14.807s][info ][gc,start       ] GC(286) Pause Young (Allocation Failure)
[14.807s][debug][gc,age         ] GC(286) Desired survivor size 1048576 bytes, new threshold 1 (max threshold 15)
[14.807s][info ][gc,heap        ] GC(286) PSYoungGen: 274127K(274944K)->128K(265216K) Eden: 273673K(273920K)->0K(264704K) From: 454K(1024K)->128K(512K)
[14.807s][info ][gc,heap        ] GC(286) ParOldGen: 4122K(349696K)->4122K(349696K)
[14.807s][info ][gc,metaspace   ] GC(286) Metaspace: 9576K(9856K)->9576K(9856K) NonClass: 8507K(8640K)->8507K(8640K) Class: 1069K(1216K)->1069K(1216K)
[14.807s][info ][gc             ] GC(286) Pause Young (Allocation Failure) 271M->4M(600M) 0.288ms
[14.807s][info ][gc,cpu         ] GC(286) User=0.00s Sys=0.00s Real=0.00s
[14.827s][info ][gc,start       ] GC(287) Pause Young (Allocation Failure)
[14.827s][debug][gc,age         ] GC(287) Desired survivor size 1048576 bytes, new threshold 1 (max threshold 15)
[14.827s][info ][gc,heap        ] GC(287) PSYoungGen: 264802K(265216K)->96K(257024K) Eden: 264674K(264704K)->0K(256000K) From: 128K(512K)->96K(1024K)
[14.827s][info ][gc,heap        ] GC(287) ParOldGen: 4122K(349696K)->4122K(349696K)
[14.827s][info ][gc,metaspace   ] GC(287) Metaspace: 9576K(9856K)->9576K(9856K) NonClass: 8507K(8640K)->8507K(8640K) Class: 1069K(1216K)->1069K(1216K)
[14.827s][info ][gc             ] GC(287) Pause Young (Allocation Failure) 262M->4M(592M) 0.246ms
[14.827s][info ][gc,cpu         ] GC(287) User=0.00s Sys=0.00s Real=0.00s
[14.845s][info ][gc,start       ] GC(288) Pause Young (Allocation Failure)
[14.845s][debug][gc,age         ] GC(288) Desired survivor size 1048576 bytes, new threshold 1 (max threshold 15)
[14.845s][info ][gc,heap        ] GC(288) PSYoungGen: 255853K(257024K)->96K(248320K) Eden: 255757K(256000K)->0K(247808K) From: 96K(1024K)->96K(512K)
[14.845s][info ][gc,heap        ] GC(288) ParOldGen: 4122K(349696K)->4122K(349696K)
[14.845s][info ][gc,metaspace   ] GC(288) Metaspace: 9577K(9856K)->9577K(9856K) NonClass: 8508K(8640K)->8508K(8640K) Class: 1069K(1216K)->1069K(1216K)
[14.845s][info ][gc             ] GC(288) Pause Young (Allocation Failure) 253M->4M(584M) 0.257ms
[14.845s][info ][gc,cpu         ] GC(288) User=0.01s Sys=0.00s Real=0.00s
[14.861s][info ][gc,start       ] GC(289) Pause Young (Allocation Failure)
[14.861s][debug][gc,age         ] GC(289) Desired survivor size 1048576 bytes, new threshold 1 (max threshold 15)
[14.861s][info ][gc,heap        ] GC(289) PSYoungGen: 247566K(248320K)->96K(298496K) Eden: 247470K(247808K)->0K(297472K) From: 96K(512K)->96K(1024K)
[14.861s][info ][gc,heap        ] GC(289) ParOldGen: 4122K(349696K)->4122K(349696K)
[14.861s][info ][gc,metaspace   ] GC(289) Metaspace: 9577K(9856K)->9577K(9856K) NonClass: 8508K(8640K)->8508K(8640K) Class: 1069K(1216K)->1069K(1216K)
[14.861s][info ][gc             ] GC(289) Pause Young (Allocation Failure) 245M->4M(633M) 0.287ms
[14.861s][info ][gc,cpu         ] GC(289) User=0.00s Sys=0.00s Real=0.00s
[14.880s][info ][gc,start       ] GC(290) Pause Young (Allocation Failure)
[14.881s][debug][gc,age         ] GC(290) Desired survivor size 1048576 bytes, new threshold 1 (max threshold 15)
[14.881s][info ][gc,heap        ] GC(290) PSYoungGen: 297568K(298496K)->32K(333824K) Eden: 297472K(297472K)->0K(332800K) From: 96K(1024K)->32K(1024K)
[14.881s][info ][gc,heap        ] GC(290) ParOldGen: 4122K(349696K)->4122K(349696K)
[14.881s][info ][gc,metaspace   ] GC(290) Metaspace: 9577K(9856K)->9577K(9856K) NonClass: 8508K(8640K)->8508K(8640K) Class: 1069K(1216K)->1069K(1216K)
[14.881s][info ][gc             ] GC(290) Pause Young (Allocation Failure) 294M->4M(667M) 0.283ms
[14.881s][info ][gc,cpu         ] GC(290) User=0.00s Sys=0.00s Real=0.00s
[14.902s][info ][gc,start       ] GC(291) Pause Young (Allocation Failure)
[14.903s][debug][gc,age         ] GC(291) Desired survivor size 1048576 bytes, new threshold 1 (max threshold 15)
[14.903s][info ][gc,heap        ] GC(291) PSYoungGen: 332576K(333824K)->96K(321536K) Eden: 332544K(332800K)->0K(321024K) From: 32K(1024K)->96K(512K)
[14.903s][info ][gc,heap        ] GC(291) ParOldGen: 4122K(349696K)->4122K(349696K)
[14.903s][info ][gc,metaspace   ] GC(291) Metaspace: 9577K(9856K)->9577K(9856K) NonClass: 8508K(8640K)->8508K(8640K) Class: 1069K(1216K)->1069K(1216K)
[14.903s][info ][gc             ] GC(291) Pause Young (Allocation Failure) 328M->4M(655M) 0.226ms
[14.903s][info ][gc,cpu         ] GC(291) User=0.00s Sys=0.00s Real=0.00s
[14.923s][info ][gc,start       ] GC(292) Pause Young (Allocation Failure)
[14.923s][debug][gc,age         ] GC(292) Desired survivor size 1048576 bytes, new threshold 1 (max threshold 15)
[14.923s][info ][gc,heap        ] GC(292) PSYoungGen: 320740K(321536K)->96K(310272K) Eden: 320644K(321024K)->0K(309760K) From: 96K(512K)->96K(512K)
[14.923s][info ][gc,heap        ] GC(292) ParOldGen: 4122K(349696K)->4122K(349696K)
[14.923s][info ][gc,metaspace   ] GC(292) Metaspace: 9577K(9856K)->9577K(9856K) NonClass: 8508K(8640K)->8508K(8640K) Class: 1069K(1216K)->1069K(1216K)
[14.923s][info ][gc             ] GC(292) Pause Young (Allocation Failure) 317M->4M(644M) 0.279ms
[14.923s][info ][gc,cpu         ] GC(292) User=0.00s Sys=0.00s Real=0.00s
[14.943s][info ][gc,start       ] GC(293) Pause Young (Allocation Failure)
[14.943s][debug][gc,age         ] GC(293) Desired survivor size 1048576 bytes, new threshold 1 (max threshold 15)
[14.943s][info ][gc,heap        ] GC(293) PSYoungGen: 309856K(310272K)->96K(300032K) Eden: 309760K(309760K)->0K(299008K) From: 96K(512K)->96K(1024K)
[14.943s][info ][gc,heap        ] GC(293) ParOldGen: 4122K(349696K)->4122K(349696K)
[14.943s][info ][gc,metaspace   ] GC(293) Metaspace: 9577K(9856K)->9577K(9856K) NonClass: 8508K(8640K)->8508K(8640K) Class: 1069K(1216K)->1069K(1216K)
[14.943s][info ][gc             ] GC(293) Pause Young (Allocation Failure) 306M->4M(634M) 0.208ms
[14.943s][info ][gc,cpu         ] GC(293) User=0.00s Sys=0.00s Real=0.00s
[14.961s][info ][gc,start       ] GC(294) Pause Young (Allocation Failure)
[14.961s][debug][gc,age         ] GC(294) Desired survivor size 1048576 bytes, new threshold 1 (max threshold 15)
[14.961s][info ][gc,heap        ] GC(294) PSYoungGen: 299051K(300032K)->486K(289280K) Eden: 298955K(299008K)->0K(288768K) From: 96K(1024K)->486K(512K)
[14.961s][info ][gc,heap        ] GC(294) ParOldGen: 4122K(349696K)->4122K(349696K)
[14.961s][info ][gc,metaspace   ] GC(294) Metaspace: 9577K(9856K)->9577K(9856K) NonClass: 8508K(8640K)->8508K(8640K) Class: 1069K(1216K)->1069K(1216K)
[14.961s][info ][gc             ] GC(294) Pause Young (Allocation Failure) 296M->4M(624M) 0.295ms
[14.961s][info ][gc,cpu         ] GC(294) User=0.00s Sys=0.00s Real=0.00s
[14.978s][info ][gc,start       ] GC(295) Pause Young (Allocation Failure)
[14.978s][debug][gc,age         ] GC(295) Desired survivor size 1048576 bytes, new threshold 1 (max threshold 15)
[14.978s][info ][gc,heap        ] GC(295) PSYoungGen: 288908K(289280K)->454K(280064K) Eden: 288421K(288768K)->0K(279040K) From: 486K(512K)->454K(1024K)
[14.978s][info ][gc,heap        ] GC(295) ParOldGen: 4122K(349696K)->4122K(349696K)
[14.978s][info ][gc,metaspace   ] GC(295) Metaspace: 9577K(9856K)->9577K(9856K) NonClass: 8508K(8640K)->8508K(8640K) Class: 1069K(1216K)->1069K(1216K)
[14.978s][info ][gc             ] GC(295) Pause Young (Allocation Failure) 286M->4M(615M) 0.185ms
[14.978s][info ][gc,cpu         ] GC(295) User=0.00s Sys=0.00s Real=0.00s
[14.995s][info ][gc,start       ] GC(296) Pause Young (Allocation Failure)
[14.995s][debug][gc,age         ] GC(296) Desired survivor size 1048576 bytes, new threshold 1 (max threshold 15)
[14.995s][info ][gc,heap        ] GC(296) PSYoungGen: 279383K(280064K)->486K(270336K) Eden: 278929K(279040K)->0K(269824K) From: 454K(1024K)->486K(512K)
[14.995s][info ][gc,heap        ] GC(296) ParOldGen: 4122K(349696K)->4122K(349696K)
[14.995s][info ][gc,metaspace   ] GC(296) Metaspace: 9577K(9856K)->9577K(9856K) NonClass: 8508K(8640K)->8508K(8640K) Class: 1069K(1216K)->1069K(1216K)
[14.995s][info ][gc             ] GC(296) Pause Young (Allocation Failure) 276M->4M(605M) 0.227ms
[14.995s][info ][gc,cpu         ] GC(296) User=0.00s Sys=0.00s Real=0.01s
[15.012s][info ][gc,start       ] GC(297) Pause Young (Allocation Failure)
[15.012s][debug][gc,age         ] GC(297) Desired survivor size 1048576 bytes, new threshold 1 (max threshold 15)
[15.012s][info ][gc,heap        ] GC(297) PSYoungGen: 270033K(270336K)->486K(262144K) Eden: 269547K(269824K)->0K(261120K) From: 486K(512K)->486K(1024K)
[15.012s][info ][gc,heap        ] GC(297) ParOldGen: 4122K(349696K)->4122K(349696K)
[15.012s][info ][gc,metaspace   ] GC(297) Metaspace: 9577K(9856K)->9577K(9856K) NonClass: 8508K(8640K)->8508K(8640K) Class: 1069K(1216K)->1069K(1216K)
[15.012s][info ][gc             ] GC(297) Pause Young (Allocation Failure) 267M->4M(597M) 0.203ms
[15.012s][info ][gc,cpu         ] GC(297) User=0.01s Sys=0.00s Real=0.00s
[15.028s][info ][gc,start       ] GC(298) Pause Young (Allocation Failure)
[15.028s][debug][gc,age         ] GC(298) Desired survivor size 1048576 bytes, new threshold 1 (max threshold 15)
[15.028s][info ][gc,heap        ] GC(298) PSYoungGen: 261320K(262144K)->454K(253440K) Eden: 260833K(261120K)->0K(252928K) From: 486K(1024K)->454K(512K)
[15.028s][info ][gc,heap        ] GC(298) ParOldGen: 4122K(349696K)->4122K(349696K)
[15.028s][info ][gc,metaspace   ] GC(298) Metaspace: 9577K(9856K)->9577K(9856K) NonClass: 8508K(8640K)->8508K(8640K) Class: 1069K(1216K)->1069K(1216K)
[15.028s][info ][gc             ] GC(298) Pause Young (Allocation Failure) 259M->4M(589M) 0.196ms
[15.028s][info ][gc,cpu         ] GC(298) User=0.00s Sys=0.00s Real=0.00s
[15.043s][info ][gc,start       ] GC(299) Pause Young (Allocation Failure)
[15.043s][debug][gc,age         ] GC(299) Desired survivor size 1048576 bytes, new threshold 1 (max threshold 15)
[15.043s][info ][gc,heap        ] GC(299) PSYoungGen: 253145K(253440K)->96K(245760K) Eden: 252690K(252928K)->0K(244736K) From: 454K(512K)->96K(1024K)
[15.043s][info ][gc,heap        ] GC(299) ParOldGen: 4122K(349696K)->4122K(349696K)
[15.043s][info ][gc,metaspace   ] GC(299) Metaspace: 9577K(9856K)->9577K(9856K) NonClass: 8508K(8640K)->8508K(8640K) Class: 1069K(1216K)->1069K(1216K)
[15.043s][info ][gc             ] GC(299) Pause Young (Allocation Failure) 251M->4M(581M) 0.200ms
[15.043s][info ][gc,cpu         ] GC(299) User=0.01s Sys=0.00s Real=0.00s
[15.058s][info ][gc,start       ] GC(300) Pause Young (Allocation Failure)
[15.058s][debug][gc,age         ] GC(300) Desired survivor size 1048576 bytes, new threshold 1 (max threshold 15)
[15.058s][info ][gc,heap        ] GC(300) PSYoungGen: 244590K(245760K)->422K(294400K) Eden: 244494K(244736K)->0K(293888K) From: 96K(1024K)->422K(512K)
[15.058s][info ][gc,heap        ] GC(300) ParOldGen: 4122K(349696K)->4122K(349696K)
[15.058s][info ][gc,metaspace   ] GC(300) Metaspace: 9577K(9856K)->9577K(9856K) NonClass: 8508K(8640K)->8508K(8640K) Class: 1069K(1216K)->1069K(1216K)
[15.058s][info ][gc             ] GC(300) Pause Young (Allocation Failure) 242M->4M(629M) 0.247ms
[15.058s][info ][gc,cpu         ] GC(300) User=0.01s Sys=0.00s Real=0.00s
[15.076s][info ][gc,start       ] GC(301) Pause Young (Allocation Failure)
[15.076s][debug][gc,age         ] GC(301) Desired survivor size 1048576 bytes, new threshold 1 (max threshold 15)
[15.076s][info ][gc,heap        ] GC(301) PSYoungGen: 294028K(294400K)->64K(285184K) Eden: 293606K(293888K)->0K(284160K) From: 422K(512K)->64K(1024K)
[15.076s][info ][gc,heap        ] GC(301) ParOldGen: 4122K(349696K)->4122K(349696K)
[15.076s][info ][gc,metaspace   ] GC(301) Metaspace: 9577K(9856K)->9577K(9856K) NonClass: 8508K(8640K)->8508K(8640K) Class: 1069K(1216K)->1069K(1216K)
[15.076s][info ][gc             ] GC(301) Pause Young (Allocation Failure) 291M->4M(620M) 0.203ms
[15.076s][info ][gc,cpu         ] GC(301) User=0.00s Sys=0.00s Real=0.00s
[15.093s][info ][gc,start       ] GC(302) Pause Young (Allocation Failure)
[15.093s][debug][gc,age         ] GC(302) Desired survivor size 1048576 bytes, new threshold 1 (max threshold 15)
[15.093s][info ][gc,heap        ] GC(302) PSYoungGen: 284019K(285184K)->96K(275456K) Eden: 283955K(284160K)->0K(274944K) From: 64K(1024K)->96K(512K)
[15.093s][info ][gc,heap        ] GC(302) ParOldGen: 4122K(349696K)->4122K(349696K)
[15.093s][info ][gc,metaspace   ] GC(302) Metaspace: 9577K(9856K)->9577K(9856K) NonClass: 8508K(8640K)->8508K(8640K) Class: 1069K(1216K)->1069K(1216K)
[15.093s][info ][gc             ] GC(302) Pause Young (Allocation Failure) 281M->4M(610M) 0.257ms
[15.093s][info ][gc,cpu         ] GC(302) User=0.01s Sys=0.00s Real=0.00s
[15.109s][info ][gc,start       ] GC(303) Pause Young (Allocation Failure)
[15.110s][debug][gc,age         ] GC(303) Desired survivor size 1048576 bytes, new threshold 1 (max threshold 15)
[15.110s][info ][gc,heap        ] GC(303) PSYoungGen: 274698K(275456K)->486K(266752K) Eden: 274602K(274944K)->0K(265728K) From: 96K(512K)->486K(1024K)
[15.110s][info ][gc,heap        ] GC(303) ParOldGen: 4122K(349696K)->4122K(349696K)
[15.110s][info ][gc,metaspace   ] GC(303) Metaspace: 9577K(9856K)->9577K(9856K) NonClass: 8508K(8640K)->8508K(8640K) Class: 1069K(1216K)->1069K(1216K)
[15.110s][info ][gc             ] GC(303) Pause Young (Allocation Failure) 272M->4M(602M) 0.189ms
[15.110s][info ][gc,cpu         ] GC(303) User=0.01s Sys=0.00s Real=0.00s
[15.126s][info ][gc,start       ] GC(304) Pause Young (Allocation Failure)
[15.126s][debug][gc,age         ] GC(304) Desired survivor size 1048576 bytes, new threshold 1 (max threshold 15)
[15.126s][info ][gc,heap        ] GC(304) PSYoungGen: 266188K(266752K)->454K(257536K) Eden: 265701K(265728K)->0K(257024K) From: 486K(1024K)->454K(512K)
[15.126s][info ][gc,heap        ] GC(304) ParOldGen: 4122K(349696K)->4122K(349696K)
[15.126s][info ][gc,metaspace   ] GC(304) Metaspace: 9577K(9856K)->9577K(9856K) NonClass: 8508K(8640K)->8508K(8640K) Class: 1069K(1216K)->1069K(1216K)
[15.126s][info ][gc             ] GC(304) Pause Young (Allocation Failure) 263M->4M(593M) 0.182ms
[15.126s][info ][gc,cpu         ] GC(304) User=0.00s Sys=0.00s Real=0.00s
[15.141s][info ][gc,start       ] GC(305) Pause Young (Allocation Failure)
[15.141s][debug][gc,age         ] GC(305) Desired survivor size 1048576 bytes, new threshold 1 (max threshold 15)
[15.141s][info ][gc,heap        ] GC(305) PSYoungGen: 257478K(257536K)->454K(309760K) Eden: 257024K(257024K)->0K(308736K) From: 454K(512K)->454K(1024K)
[15.141s][info ][gc,heap        ] GC(305) ParOldGen: 4122K(349696K)->4122K(349696K)
[15.141s][info ][gc,metaspace   ] GC(305) Metaspace: 9577K(9856K)->9577K(9856K) NonClass: 8508K(8640K)->8508K(8640K) Class: 1069K(1216K)->1069K(1216K)
[15.141s][info ][gc             ] GC(305) Pause Young (Allocation Failure) 255M->4M(644M) 0.233ms
[15.141s][info ][gc,cpu         ] GC(305) User=0.00s Sys=0.00s Real=0.00s
[15.160s][info ][gc,start       ] GC(306) Pause Young (Allocation Failure)
[15.160s][debug][gc,age         ] GC(306) Desired survivor size 1048576 bytes, new threshold 1 (max threshold 15)
[15.160s][info ][gc,heap        ] GC(306) PSYoungGen: 309182K(309760K)->486K(329728K) Eden: 308727K(308736K)->0K(328704K) From: 454K(1024K)->486K(1024K)
[15.160s][info ][gc,heap        ] GC(306) ParOldGen: 4122K(349696K)->4122K(349696K)
[15.160s][info ][gc,metaspace   ] GC(306) Metaspace: 9577K(9856K)->9577K(9856K) NonClass: 8508K(8640K)->8508K(8640K) Class: 1069K(1216K)->1069K(1216K)
[15.160s][info ][gc             ] GC(306) Pause Young (Allocation Failure) 305M->4M(663M) 0.279ms
[15.160s][info ][gc,cpu         ] GC(306) User=0.01s Sys=0.00s Real=0.00s
[15.180s][info ][gc,start       ] GC(307) Pause Young (Allocation Failure)
[15.180s][debug][gc,age         ] GC(307) Desired survivor size 1048576 bytes, new threshold 1 (max threshold 15)
[15.180s][info ][gc,heap        ] GC(307) PSYoungGen: 328990K(329728K)->486K(317952K) Eden: 328504K(328704K)->0K(317440K) From: 486K(1024K)->486K(512K)
[15.180s][info ][gc,heap        ] GC(307) ParOldGen: 4122K(349696K)->4122K(349696K)
[15.180s][info ][gc,metaspace   ] GC(307) Metaspace: 9577K(9856K)->9577K(9856K) NonClass: 8508K(8640K)->8508K(8640K) Class: 1069K(1216K)->1069K(1216K)
[15.180s][info ][gc             ] GC(307) Pause Young (Allocation Failure) 325M->4M(652M) 0.218ms
[15.180s][info ][gc,cpu         ] GC(307) User=0.01s Sys=0.00s Real=0.00s
[15.198s][info ][gc,start       ] GC(308) Pause Young (Allocation Failure)
[15.199s][debug][gc,age         ] GC(308) Desired survivor size 1048576 bytes, new threshold 1 (max threshold 15)
[15.199s][info ][gc,heap        ] GC(308) PSYoungGen: 317926K(317952K)->454K(307200K) Eden: 317440K(317440K)->0K(306688K) From: 486K(512K)->454K(512K)
[15.199s][info ][gc,heap        ] GC(308) ParOldGen: 4122K(349696K)->4122K(349696K)
[15.199s][info ][gc,metaspace   ] GC(308) Metaspace: 9577K(9856K)->9577K(9856K) NonClass: 8508K(8640K)->8508K(8640K) Class: 1069K(1216K)->1069K(1216K)
[15.199s][info ][gc             ] GC(308) Pause Young (Allocation Failure) 314M->4M(641M) 0.229ms
[15.199s][info ][gc,cpu         ] GC(308) User=0.00s Sys=0.00s Real=0.00s
[15.217s][info ][gc,start       ] GC(309) Pause Young (Allocation Failure)
[15.217s][debug][gc,age         ] GC(309) Desired survivor size 1048576 bytes, new threshold 1 (max threshold 15)
[15.217s][info ][gc,heap        ] GC(309) PSYoungGen: 306957K(307200K)->454K(297472K) Eden: 306502K(306688K)->0K(296448K) From: 454K(512K)->454K(1024K)
[15.217s][info ][gc,heap        ] GC(309) ParOldGen: 4122K(349696K)->4122K(349696K)
[15.217s][info ][gc,metaspace   ] GC(309) Metaspace: 9577K(9856K)->9577K(9856K) NonClass: 8508K(8640K)->8508K(8640K) Class: 1069K(1216K)->1069K(1216K)
[15.217s][info ][gc             ] GC(309) Pause Young (Allocation Failure) 303M->4M(632M) 0.200ms
[15.217s][info ][gc,cpu         ] GC(309) User=0.00s Sys=0.00s Real=0.00s
[15.235s][info ][gc,start       ] GC(310) Pause Young (Allocation Failure)
[15.235s][debug][gc,age         ] GC(310) Desired survivor size 1048576 bytes, new threshold 1 (max threshold 15)
[15.235s][info ][gc,heap        ] GC(310) PSYoungGen: 296902K(297472K)->96K(286720K) Eden: 296448K(296448K)->0K(286208K) From: 454K(1024K)->96K(512K)
[15.235s][info ][gc,heap        ] GC(310) ParOldGen: 4122K(349696K)->4122K(349696K)
[15.235s][info ][gc,metaspace   ] GC(310) Metaspace: 9577K(9856K)->9577K(9856K) NonClass: 8508K(8640K)->8508K(8640K) Class: 1069K(1216K)->1069K(1216K)
[15.235s][info ][gc             ] GC(310) Pause Young (Allocation Failure) 293M->4M(621M) 0.220ms
[15.235s][info ][gc,cpu         ] GC(310) User=0.00s Sys=0.00s Real=0.00s
[15.252s][info ][gc,start       ] GC(311) Pause Young (Allocation Failure)
[15.252s][debug][gc,age         ] GC(311) Desired survivor size 1048576 bytes, new threshold 1 (max threshold 15)
[15.252s][info ][gc,heap        ] GC(311) PSYoungGen: 286137K(286720K)->96K(277504K) Eden: 286041K(286208K)->0K(276480K) From: 96K(512K)->96K(1024K)
[15.252s][info ][gc,heap        ] GC(311) ParOldGen: 4122K(349696K)->4122K(349696K)
[15.252s][info ][gc,metaspace   ] GC(311) Metaspace: 9577K(9856K)->9577K(9856K) NonClass: 8508K(8640K)->8508K(8640K) Class: 1069K(1216K)->1069K(1216K)
[15.252s][info ][gc             ] GC(311) Pause Young (Allocation Failure) 283M->4M(612M) 0.247ms
[15.252s][info ][gc,cpu         ] GC(311) User=0.00s Sys=0.00s Real=0.00s
[15.270s][info ][gc,start       ] GC(312) Pause Young (Allocation Failure)
[15.270s][debug][gc,age         ] GC(312) Desired survivor size 1048576 bytes, new threshold 1 (max threshold 15)
[15.270s][info ][gc,heap        ] GC(312) PSYoungGen: 276292K(277504K)->486K(267776K) Eden: 276196K(276480K)->0K(267264K) From: 96K(1024K)->486K(512K)
[15.270s][info ][gc,heap        ] GC(312) ParOldGen: 4122K(349696K)->4122K(349696K)
[15.270s][info ][gc,metaspace   ] GC(312) Metaspace: 9577K(9856K)->9577K(9856K) NonClass: 8508K(8640K)->8508K(8640K) Class: 1069K(1216K)->1069K(1216K)
[15.270s][info ][gc             ] GC(312) Pause Young (Allocation Failure) 273M->4M(603M) 0.247ms
[15.270s][info ][gc,cpu         ] GC(312) User=0.00s Sys=0.00s Real=0.00s
[15.289s][info ][gc,start       ] GC(313) Pause Young (Allocation Failure)
[15.289s][debug][gc,age         ] GC(313) Desired survivor size 1048576 bytes, new threshold 1 (max threshold 15)
[15.289s][info ][gc,heap        ] GC(313) PSYoungGen: 267603K(267776K)->486K(259584K) Eden: 267116K(267264K)->0K(258560K) From: 486K(512K)->486K(1024K)
[15.289s][info ][gc,heap        ] GC(313) ParOldGen: 4122K(349696K)->4122K(349696K)
[15.289s][info ][gc,metaspace   ] GC(313) Metaspace: 9577K(9856K)->9577K(9856K) NonClass: 8508K(8640K)->8508K(8640K) Class: 1069K(1216K)->1069K(1216K)
[15.289s][info ][gc             ] GC(313) Pause Young (Allocation Failure) 265M->4M(595M) 0.188ms
[15.289s][info ][gc,cpu         ] GC(313) User=0.00s Sys=0.00s Real=0.00s
[15.308s][info ][gc,start       ] GC(314) Pause Young (Allocation Failure)
[15.308s][debug][gc,age         ] GC(314) Desired survivor size 1048576 bytes, new threshold 1 (max threshold 15)
[15.308s][info ][gc,heap        ] GC(314) PSYoungGen: 259046K(259584K)->96K(250880K) Eden: 258560K(258560K)->0K(250368K) From: 486K(1024K)->96K(512K)
[15.308s][info ][gc,heap        ] GC(314) ParOldGen: 4122K(349696K)->4122K(349696K)
[15.308s][info ][gc,metaspace   ] GC(314) Metaspace: 9577K(9856K)->9577K(9856K) NonClass: 8508K(8640K)->8508K(8640K) Class: 1069K(1216K)->1069K(1216K)
[15.308s][info ][gc             ] GC(314) Pause Young (Allocation Failure) 257M->4M(586M) 0.213ms
[15.308s][info ][gc,cpu         ] GC(314) User=0.00s Sys=0.00s Real=0.00s
[15.326s][info ][gc,start       ] GC(315) Pause Young (Allocation Failure)
[15.327s][debug][gc,age         ] GC(315) Desired survivor size 1048576 bytes, new threshold 1 (max threshold 15)
[15.327s][info ][gc,heap        ] GC(315) PSYoungGen: 250309K(250880K)->486K(243200K) Eden: 250213K(250368K)->0K(242176K) From: 96K(512K)->486K(1024K)
[15.327s][info ][gc,heap        ] GC(315) ParOldGen: 4122K(349696K)->4122K(349696K)
[15.327s][info ][gc,metaspace   ] GC(315) Metaspace: 9577K(9856K)->9577K(9856K) NonClass: 8508K(8640K)->8508K(8640K) Class: 1069K(1216K)->1069K(1216K)
[15.327s][info ][gc             ] GC(315) Pause Young (Allocation Failure) 248M->4M(579M) 0.258ms
[15.327s][info ][gc,cpu         ] GC(315) User=0.00s Sys=0.00s Real=0.00s
[15.344s][info ][gc,start       ] GC(316) Pause Young (Allocation Failure)
[15.344s][debug][gc,age         ] GC(316) Desired survivor size 1048576 bytes, new threshold 1 (max threshold 15)
[15.344s][info ][gc,heap        ] GC(316) PSYoungGen: 242414K(243200K)->96K(235008K) Eden: 241927K(242176K)->0K(234496K) From: 486K(1024K)->96K(512K)
[15.344s][info ][gc,heap        ] GC(316) ParOldGen: 4122K(349696K)->4122K(349696K)
[15.344s][info ][gc,metaspace   ] GC(316) Metaspace: 9577K(9856K)->9577K(9856K) NonClass: 8508K(8640K)->8508K(8640K) Class: 1069K(1216K)->1069K(1216K)
[15.344s][info ][gc             ] GC(316) Pause Young (Allocation Failure) 240M->4M(571M) 0.236ms
[15.344s][info ][gc,cpu         ] GC(316) User=0.00s Sys=0.00s Real=0.00s
[15.362s][info ][gc,start       ] GC(317) Pause Young (Allocation Failure)
[15.362s][debug][gc,age         ] GC(317) Desired survivor size 1048576 bytes, new threshold 1 (max threshold 15)
[15.362s][info ][gc,heap        ] GC(317) PSYoungGen: 234442K(235008K)->96K(228352K) Eden: 234346K(234496K)->0K(227328K) From: 96K(512K)->96K(1024K)
[15.362s][info ][gc,heap        ] GC(317) ParOldGen: 4122K(349696K)->4122K(349696K)
[15.362s][info ][gc,metaspace   ] GC(317) Metaspace: 9577K(9856K)->9577K(9856K) NonClass: 8508K(8640K)->8508K(8640K) Class: 1069K(1216K)->1069K(1216K)
[15.362s][info ][gc             ] GC(317) Pause Young (Allocation Failure) 232M->4M(564M) 0.248ms
[15.362s][info ][gc,cpu         ] GC(317) User=0.00s Sys=0.00s Real=0.00s
[15.379s][info ][gc,start       ] GC(318) Pause Young (Allocation Failure)
[15.379s][debug][gc,age         ] GC(318) Desired survivor size 1048576 bytes, new threshold 1 (max threshold 15)
[15.379s][info ][gc,heap        ] GC(318) PSYoungGen: 227375K(228352K)->96K(220672K) Eden: 227279K(227328K)->0K(220160K) From: 96K(1024K)->96K(512K)
[15.379s][info ][gc,heap        ] GC(318) ParOldGen: 4122K(349696K)->4122K(349696K)
[15.379s][info ][gc,metaspace   ] GC(318) Metaspace: 9577K(9856K)->9577K(9856K) NonClass: 8508K(8640K)->8508K(8640K) Class: 1069K(1216K)->1069K(1216K)
[15.379s][info ][gc             ] GC(318) Pause Young (Allocation Failure) 226M->4M(557M) 0.201ms
[15.379s][info ][gc,cpu         ] GC(318) User=0.00s Sys=0.01s Real=0.00s
[15.395s][info ][gc,start       ] GC(319) Pause Young (Allocation Failure)
[15.395s][debug][gc,age         ] GC(319) Desired survivor size 1048576 bytes, new threshold 1 (max threshold 15)
[15.395s][info ][gc,heap        ] GC(319) PSYoungGen: 220256K(220672K)->96K(265216K) Eden: 220160K(220160K)->0K(264192K) From: 96K(512K)->96K(1024K)
[15.395s][info ][gc,heap        ] GC(319) ParOldGen: 4122K(349696K)->4122K(349696K)
[15.395s][info ][gc,metaspace   ] GC(319) Metaspace: 9577K(9856K)->9577K(9856K) NonClass: 8508K(8640K)->8508K(8640K) Class: 1069K(1216K)->1069K(1216K)
[15.395s][info ][gc             ] GC(319) Pause Young (Allocation Failure) 219M->4M(600M) 0.265ms
[15.395s][info ][gc,cpu         ] GC(319) User=0.00s Sys=0.00s Real=0.00s
[15.415s][info ][gc,start       ] GC(320) Pause Young (Allocation Failure)
[15.415s][debug][gc,age         ] GC(320) Desired survivor size 1048576 bytes, new threshold 1 (max threshold 15)
[15.415s][info ][gc,heap        ] GC(320) PSYoungGen: 264175K(265216K)->96K(317952K) Eden: 264079K(264192K)->0K(317440K) From: 96K(1024K)->96K(512K)
[15.415s][info ][gc,heap        ] GC(320) ParOldGen: 4122K(349696K)->4122K(349696K)
[15.415s][info ][gc,metaspace   ] GC(320) Metaspace: 9577K(9856K)->9577K(9856K) NonClass: 8508K(8640K)->8508K(8640K) Class: 1069K(1216K)->1069K(1216K)
[15.415s][info ][gc             ] GC(320) Pause Young (Allocation Failure) 262M->4M(652M) 0.259ms
[15.415s][info ][gc,cpu         ] GC(320) User=0.00s Sys=0.00s Real=0.00s
[15.438s][info ][gc,start       ] GC(321) Pause Young (Allocation Failure)
[15.438s][debug][gc,age         ] GC(321) Desired survivor size 1048576 bytes, new threshold 1 (max threshold 15)
[15.438s][info ][gc,heap        ] GC(321) PSYoungGen: 317536K(317952K)->96K(307712K) Eden: 317440K(317440K)->0K(306688K) From: 96K(512K)->96K(1024K)
[15.438s][info ][gc,heap        ] GC(321) ParOldGen: 4122K(349696K)->4122K(349696K)
[15.438s][info ][gc,metaspace   ] GC(321) Metaspace: 9577K(9856K)->9577K(9856K) NonClass: 8508K(8640K)->8508K(8640K) Class: 1069K(1216K)->1069K(1216K)
[15.438s][info ][gc             ] GC(321) Pause Young (Allocation Failure) 314M->4M(642M) 0.263ms
[15.438s][info ][gc,cpu         ] GC(321) User=0.00s Sys=0.00s Real=0.00s
[15.460s][info ][gc,start       ] GC(322) Pause Young (Allocation Failure)
[15.461s][debug][gc,age         ] GC(322) Desired survivor size 1048576 bytes, new threshold 1 (max threshold 15)
[15.461s][info ][gc,heap        ] GC(322) PSYoungGen: 306730K(307712K)->454K(296960K) Eden: 306634K(306688K)->0K(296448K) From: 96K(1024K)->454K(512K)
[15.461s][info ][gc,heap        ] GC(322) ParOldGen: 4122K(349696K)->4122K(349696K)
[15.461s][info ][gc,metaspace   ] GC(322) Metaspace: 9577K(9856K)->9577K(9856K) NonClass: 8508K(8640K)->8508K(8640K) Class: 1069K(1216K)->1069K(1216K)
[15.461s][info ][gc             ] GC(322) Pause Young (Allocation Failure) 303M->4M(631M) 0.241ms
[15.461s][info ][gc,cpu         ] GC(322) User=0.00s Sys=0.00s Real=0.00s
[15.482s][info ][gc,start       ] GC(323) Pause Young (Allocation Failure)
[15.483s][debug][gc,age         ] GC(323) Desired survivor size 1048576 bytes, new threshold 1 (max threshold 15)
[15.483s][info ][gc,heap        ] GC(323) PSYoungGen: 296902K(296960K)->96K(287232K) Eden: 296448K(296448K)->0K(286208K) From: 454K(512K)->96K(1024K)
[15.483s][info ][gc,heap        ] GC(323) ParOldGen: 4122K(349696K)->4122K(349696K)
[15.483s][info ][gc,metaspace   ] GC(323) Metaspace: 9577K(9856K)->9577K(9856K) NonClass: 8508K(8640K)->8508K(8640K) Class: 1069K(1216K)->1069K(1216K)
[15.483s][info ][gc             ] GC(323) Pause Young (Allocation Failure) 293M->4M(622M) 0.241ms
[15.483s][info ][gc,cpu         ] GC(323) User=0.00s Sys=0.00s Real=0.00s
[15.504s][info ][gc,start       ] GC(324) Pause Young (Allocation Failure)
[15.504s][debug][gc,age         ] GC(324) Desired survivor size 1048576 bytes, new threshold 1 (max threshold 15)
[15.504s][info ][gc,heap        ] GC(324) PSYoungGen: 286171K(287232K)->64K(276992K) Eden: 286075K(286208K)->0K(276480K) From: 96K(1024K)->64K(512K)
[15.504s][info ][gc,heap        ] GC(324) ParOldGen: 4122K(349696K)->4122K(349696K)
[15.504s][info ][gc,metaspace   ] GC(324) Metaspace: 9577K(9856K)->9577K(9856K) NonClass: 8508K(8640K)->8508K(8640K) Class: 1069K(1216K)->1069K(1216K)
[15.504s][info ][gc             ] GC(324) Pause Young (Allocation Failure) 283M->4M(612M) 0.230ms
[15.504s][info ][gc,cpu         ] GC(324) User=0.00s Sys=0.00s Real=0.00s
[15.524s][info ][gc,start       ] GC(325) Pause Young (Allocation Failure)
[15.524s][debug][gc,age         ] GC(325) Desired survivor size 1048576 bytes, new threshold 1 (max threshold 15)
[15.524s][info ][gc,heap        ] GC(325) PSYoungGen: 276260K(276992K)->454K(268288K) Eden: 276196K(276480K)->0K(267264K) From: 64K(512K)->454K(1024K)
[15.524s][info ][gc,heap        ] GC(325) ParOldGen: 4122K(349696K)->4122K(349696K)
[15.524s][info ][gc,metaspace   ] GC(325) Metaspace: 9577K(9856K)->9577K(9856K) NonClass: 8508K(8640K)->8508K(8640K) Class: 1069K(1216K)->1069K(1216K)
[15.524s][info ][gc             ] GC(325) Pause Young (Allocation Failure) 273M->4M(603M) 0.282ms
[15.524s][info ][gc,cpu         ] GC(325) User=0.00s Sys=0.00s Real=0.00s
[15.544s][info ][gc,start       ] GC(326) Pause Young (Allocation Failure)
[15.544s][debug][gc,age         ] GC(326) Desired survivor size 1048576 bytes, new threshold 1 (max threshold 15)
[15.544s][info ][gc,heap        ] GC(326) PSYoungGen: 267568K(268288K)->486K(259072K) Eden: 267114K(267264K)->0K(258560K) From: 454K(1024K)->486K(512K)
[15.544s][info ][gc,heap        ] GC(326) ParOldGen: 4122K(349696K)->4122K(349696K)
[15.544s][info ][gc,metaspace   ] GC(326) Metaspace: 9577K(9856K)->9577K(9856K) NonClass: 8508K(8640K)->8508K(8640K) Class: 1069K(1216K)->1069K(1216K)
[15.544s][info ][gc             ] GC(326) Pause Young (Allocation Failure) 265M->4M(594M) 0.251ms
[15.544s][info ][gc,cpu         ] GC(326) User=0.00s Sys=0.00s Real=0.00s
[15.563s][info ][gc,start       ] GC(327) Pause Young (Allocation Failure)
[15.563s][debug][gc,age         ] GC(327) Desired survivor size 1048576 bytes, new threshold 1 (max threshold 15)
[15.563s][info ][gc,heap        ] GC(327) PSYoungGen: 259046K(259072K)->96K(251392K) Eden: 258560K(258560K)->0K(250368K) From: 486K(512K)->96K(1024K)
[15.563s][info ][gc,heap        ] GC(327) ParOldGen: 4122K(349696K)->4122K(349696K)
[15.563s][info ][gc,metaspace   ] GC(327) Metaspace: 9577K(9856K)->9577K(9856K) NonClass: 8508K(8640K)->8508K(8640K) Class: 1069K(1216K)->1069K(1216K)
[15.563s][info ][gc             ] GC(327) Pause Young (Allocation Failure) 257M->4M(587M) 0.237ms
[15.563s][info ][gc,cpu         ] GC(327) User=0.00s Sys=0.00s Real=0.00s
[15.581s][info ][gc,start       ] GC(328) Pause Young (Allocation Failure)
[15.582s][debug][gc,age         ] GC(328) Desired survivor size 1048576 bytes, new threshold 1 (max threshold 15)
[15.582s][info ][gc,heap        ] GC(328) PSYoungGen: 250308K(251392K)->486K(301056K) Eden: 250212K(250368K)->0K(300544K) From: 96K(1024K)->486K(512K)
[15.582s][info ][gc,heap        ] GC(328) ParOldGen: 4122K(349696K)->4122K(349696K)
[15.582s][info ][gc,metaspace   ] GC(328) Metaspace: 9577K(9856K)->9577K(9856K) NonClass: 8508K(8640K)->8508K(8640K) Class: 1069K(1216K)->1069K(1216K)
[15.582s][info ][gc             ] GC(328) Pause Young (Allocation Failure) 248M->4M(635M) 0.299ms
[15.582s][info ][gc,cpu         ] GC(328) User=0.00s Sys=0.00s Real=0.00s
[15.603s][info ][gc,start       ] GC(329) Pause Young (Allocation Failure)
[15.604s][debug][gc,age         ] GC(329) Desired survivor size 1048576 bytes, new threshold 1 (max threshold 15)
[15.604s][info ][gc,heap        ] GC(329) PSYoungGen: 300783K(301056K)->96K(291328K) Eden: 300296K(300544K)->0K(290304K) From: 486K(512K)->96K(1024K)
[15.604s][info ][gc,heap        ] GC(329) ParOldGen: 4122K(349696K)->4122K(349696K)
[15.604s][info ][gc,metaspace   ] GC(329) Metaspace: 9577K(9856K)->9577K(9856K) NonClass: 8508K(8640K)->8508K(8640K) Class: 1069K(1216K)->1069K(1216K)
[15.604s][info ][gc             ] GC(329) Pause Young (Allocation Failure) 297M->4M(626M) 0.232ms
[15.604s][info ][gc,cpu         ] GC(329) User=0.00s Sys=0.00s Real=0.00s
[15.625s][info ][gc,start       ] GC(330) Pause Young (Allocation Failure)
[15.625s][debug][gc,age         ] GC(330) Desired survivor size 1048576 bytes, new threshold 1 (max threshold 15)
[15.625s][info ][gc,heap        ] GC(330) PSYoungGen: 290057K(291328K)->96K(281088K) Eden: 289961K(290304K)->0K(280576K) From: 96K(1024K)->96K(512K)
[15.625s][info ][gc,heap        ] GC(330) ParOldGen: 4122K(349696K)->4122K(349696K)
[15.625s][info ][gc,metaspace   ] GC(330) Metaspace: 9577K(9856K)->9577K(9856K) NonClass: 8508K(8640K)->8508K(8640K) Class: 1069K(1216K)->1069K(1216K)
[15.625s][info ][gc             ] GC(330) Pause Young (Allocation Failure) 287M->4M(616M) 0.314ms
[15.625s][info ][gc,cpu         ] GC(330) User=0.00s Sys=0.00s Real=0.00s
[15.646s][info ][gc,start       ] GC(331) Pause Young (Allocation Failure)
[15.646s][debug][gc,age         ] GC(331) Desired survivor size 1048576 bytes, new threshold 1 (max threshold 15)
[15.646s][info ][gc,heap        ] GC(331) PSYoungGen: 280370K(281088K)->454K(272384K) Eden: 280274K(280576K)->0K(271360K) From: 96K(512K)->454K(1024K)
[15.646s][info ][gc,heap        ] GC(331) ParOldGen: 4122K(349696K)->4122K(349696K)
[15.646s][info ][gc,metaspace   ] GC(331) Metaspace: 9577K(9856K)->9577K(9856K) NonClass: 8508K(8640K)->8508K(8640K) Class: 1069K(1216K)->1069K(1216K)
[15.646s][info ][gc             ] GC(331) Pause Young (Allocation Failure) 277M->4M(607M) 0.263ms
[15.646s][info ][gc,cpu         ] GC(331) User=0.00s Sys=0.00s Real=0.00s
[15.666s][info ][gc,start       ] GC(332) Pause Young (Allocation Failure)
[15.666s][debug][gc,age         ] GC(332) Desired survivor size 1048576 bytes, new threshold 1 (max threshold 15)
[15.666s][info ][gc,heap        ] GC(332) PSYoungGen: 271813K(272384K)->96K(263168K) Eden: 271358K(271360K)->0K(262656K) From: 454K(1024K)->96K(512K)
[15.666s][info ][gc,heap        ] GC(332) ParOldGen: 4122K(349696K)->4122K(349696K)
[15.666s][info ][gc,metaspace   ] GC(332) Metaspace: 9577K(9856K)->9577K(9856K) NonClass: 8508K(8640K)->8508K(8640K) Class: 1069K(1216K)->1069K(1216K)
[15.666s][info ][gc             ] GC(332) Pause Young (Allocation Failure) 269M->4M(598M) 0.258ms
[15.666s][info ][gc,cpu         ] GC(332) User=0.00s Sys=0.00s Real=0.00s
[15.685s][info ][gc,start       ] GC(333) Pause Young (Allocation Failure)
[15.685s][debug][gc,age         ] GC(333) Desired survivor size 1048576 bytes, new threshold 1 (max threshold 15)
[15.685s][info ][gc,heap        ] GC(333) PSYoungGen: 262384K(263168K)->486K(254976K) Eden: 262288K(262656K)->0K(253952K) From: 96K(512K)->486K(1024K)
[15.685s][info ][gc,heap        ] GC(333) ParOldGen: 4122K(349696K)->4122K(349696K)
[15.685s][info ][gc,metaspace   ] GC(333) Metaspace: 9577K(9856K)->9577K(9856K) NonClass: 8508K(8640K)->8508K(8640K) Class: 1069K(1216K)->1069K(1216K)
[15.686s][info ][gc             ] GC(333) Pause Young (Allocation Failure) 260M->4M(590M) 0.255ms
[15.686s][info ][gc,cpu         ] GC(333) User=0.00s Sys=0.00s Real=0.01s
[15.704s][info ][gc,start       ] GC(334) Pause Young (Allocation Failure)
[15.704s][debug][gc,age         ] GC(334) Desired survivor size 1048576 bytes, new threshold 1 (max threshold 15)
[15.704s][info ][gc,heap        ] GC(334) PSYoungGen: 254376K(254976K)->454K(305664K) Eden: 253889K(253952K)->0K(305152K) From: 486K(1024K)->454K(512K)
[15.704s][info ][gc,heap        ] GC(334) ParOldGen: 4122K(349696K)->4122K(349696K)
[15.704s][info ][gc,metaspace   ] GC(334) Metaspace: 9577K(9856K)->9577K(9856K) NonClass: 8508K(8640K)->8508K(8640K) Class: 1069K(1216K)->1069K(1216K)
[15.704s][info ][gc             ] GC(334) Pause Young (Allocation Failure) 252M->4M(640M) 0.271ms
[15.704s][info ][gc,cpu         ] GC(334) User=0.00s Sys=0.00s Real=0.00s
[15.727s][info ][gc,start       ] GC(335) Pause Young (Allocation Failure)
[15.727s][debug][gc,age         ] GC(335) Desired survivor size 1048576 bytes, new threshold 1 (max threshold 15)
[15.727s][info ][gc,heap        ] GC(335) PSYoungGen: 305301K(305664K)->454K(295936K) Eden: 304846K(305152K)->0K(294912K) From: 454K(512K)->454K(1024K)
[15.727s][info ][gc,heap        ] GC(335) ParOldGen: 4122K(349696K)->4122K(349696K)
[15.727s][info ][gc,metaspace   ] GC(335) Metaspace: 9577K(9856K)->9577K(9856K) NonClass: 8508K(8640K)->8508K(8640K) Class: 1069K(1216K)->1069K(1216K)
[15.727s][info ][gc             ] GC(335) Pause Young (Allocation Failure) 302M->4M(630M) 0.242ms
[15.727s][info ][gc,cpu         ] GC(335) User=0.00s Sys=0.00s Real=0.00s
[15.748s][info ][gc,start       ] GC(336) Pause Young (Allocation Failure)
[15.749s][debug][gc,age         ] GC(336) Desired survivor size 1048576 bytes, new threshold 1 (max threshold 15)
[15.749s][info ][gc,heap        ] GC(336) PSYoungGen: 295195K(295936K)->454K(285696K) Eden: 294741K(294912K)->0K(285184K) From: 454K(1024K)->454K(512K)
[15.749s][info ][gc,heap        ] GC(336) ParOldGen: 4122K(349696K)->4122K(349696K)
[15.749s][info ][gc,metaspace   ] GC(336) Metaspace: 9577K(9856K)->9577K(9856K) NonClass: 8508K(8640K)->8508K(8640K) Class: 1069K(1216K)->1069K(1216K)
[15.749s][info ][gc             ] GC(336) Pause Young (Allocation Failure) 292M->4M(620M) 0.251ms
[15.749s][info ][gc,cpu         ] GC(336) User=0.00s Sys=0.00s Real=0.00s
[15.769s][info ][gc,start       ] GC(337) Pause Young (Allocation Failure)
[15.770s][debug][gc,age         ] GC(337) Desired survivor size 1048576 bytes, new threshold 1 (max threshold 15)
[15.770s][info ][gc,heap        ] GC(337) PSYoungGen: 285341K(285696K)->96K(276480K) Eden: 284887K(285184K)->0K(275456K) From: 454K(512K)->96K(1024K)
[15.770s][info ][gc,heap        ] GC(337) ParOldGen: 4122K(349696K)->4122K(349696K)
[15.770s][info ][gc,metaspace   ] GC(337) Metaspace: 9577K(9856K)->9577K(9856K) NonClass: 8508K(8640K)->8508K(8640K) Class: 1069K(1216K)->1069K(1216K)
[15.770s][info ][gc             ] GC(337) Pause Young (Allocation Failure) 282M->4M(611M) 0.255ms
[15.770s][info ][gc,cpu         ] GC(337) User=0.00s Sys=0.00s Real=0.00s
[15.790s][info ][gc,start       ] GC(338) Pause Young (Allocation Failure)
[15.790s][debug][gc,age         ] GC(338) Desired survivor size 1048576 bytes, new threshold 1 (max threshold 15)
[15.790s][info ][gc,heap        ] GC(338) PSYoungGen: 275188K(276480K)->96K(266752K) Eden: 275092K(275456K)->0K(266240K) From: 96K(1024K)->96K(512K)
[15.790s][info ][gc,heap        ] GC(338) ParOldGen: 4122K(349696K)->4122K(349696K)
[15.790s][info ][gc,metaspace   ] GC(338) Metaspace: 9577K(9856K)->9577K(9856K) NonClass: 8508K(8640K)->8508K(8640K) Class: 1069K(1216K)->1069K(1216K)
[15.790s][info ][gc             ] GC(338) Pause Young (Allocation Failure) 272M->4M(602M) 0.245ms
[15.790s][info ][gc,cpu         ] GC(338) User=0.00s Sys=0.00s Real=0.00s
[15.810s][info ][gc,start       ] GC(339) Pause Young (Allocation Failure)
[15.810s][debug][gc,age         ] GC(339) Desired survivor size 1048576 bytes, new threshold 1 (max threshold 15)
[15.810s][info ][gc,heap        ] GC(339) PSYoungGen: 266322K(266752K)->64K(258560K) Eden: 266226K(266240K)->0K(257536K) From: 96K(512K)->64K(1024K)
[15.810s][info ][gc,heap        ] GC(339) ParOldGen: 4122K(349696K)->4122K(349696K)
[15.810s][info ][gc,metaspace   ] GC(339) Metaspace: 9577K(9856K)->9577K(9856K) NonClass: 8508K(8640K)->8508K(8640K) Class: 1069K(1216K)->1069K(1216K)
[15.810s][info ][gc             ] GC(339) Pause Young (Allocation Failure) 264M->4M(594M) 0.245ms
[15.810s][info ][gc,cpu         ] GC(339) User=0.00s Sys=0.00s Real=0.00s
[15.829s][info ][gc,start       ] GC(340) Pause Young (Allocation Failure)
[15.829s][debug][gc,age         ] GC(340) Desired survivor size 1048576 bytes, new threshold 1 (max threshold 15)
[15.829s][info ][gc,heap        ] GC(340) PSYoungGen: 257485K(258560K)->486K(249856K) Eden: 257421K(257536K)->0K(249344K) From: 64K(1024K)->486K(512K)
[15.829s][info ][gc,heap        ] GC(340) ParOldGen: 4122K(349696K)->4122K(349696K)
[15.829s][info ][gc,metaspace   ] GC(340) Metaspace: 9577K(9856K)->9577K(9856K) NonClass: 8508K(8640K)->8508K(8640K) Class: 1069K(1216K)->1069K(1216K)
[15.829s][info ][gc             ] GC(340) Pause Young (Allocation Failure) 255M->4M(585M) 0.276ms
[15.829s][info ][gc,cpu         ] GC(340) User=0.00s Sys=0.00s Real=0.00s
[15.848s][info ][gc,start       ] GC(341) Pause Young (Allocation Failure)
[15.848s][debug][gc,age         ] GC(341) Desired survivor size 1048576 bytes, new threshold 1 (max threshold 15)
[15.848s][info ][gc,heap        ] GC(341) PSYoungGen: 249773K(249856K)->486K(242688K) Eden: 249287K(249344K)->0K(241664K) From: 486K(512K)->486K(1024K)
[15.848s][info ][gc,heap        ] GC(341) ParOldGen: 4122K(349696K)->4122K(349696K)
[15.848s][info ][gc,metaspace   ] GC(341) Metaspace: 9577K(9856K)->9577K(9856K) NonClass: 8508K(8640K)->8508K(8640K) Class: 1069K(1216K)->1069K(1216K)
[15.848s][info ][gc             ] GC(341) Pause Young (Allocation Failure) 247M->4M(578M) 0.207ms
[15.848s][info ][gc,cpu         ] GC(341) User=0.00s Sys=0.00s Real=0.00s
[15.866s][info ][gc,start       ] GC(342) Pause Young (Allocation Failure)
[15.866s][debug][gc,age         ] GC(342) Desired survivor size 1048576 bytes, new threshold 1 (max threshold 15)
[15.866s][info ][gc,heap        ] GC(342) PSYoungGen: 241765K(242688K)->486K(234496K) Eden: 241278K(241664K)->0K(233984K) From: 486K(1024K)->486K(512K)
[15.866s][info ][gc,heap        ] GC(342) ParOldGen: 4122K(349696K)->4122K(349696K)
[15.866s][info ][gc,metaspace   ] GC(342) Metaspace: 9577K(9856K)->9577K(9856K) NonClass: 8508K(8640K)->8508K(8640K) Class: 1069K(1216K)->1069K(1216K)
[15.866s][info ][gc             ] GC(342) Pause Young (Allocation Failure) 240M->4M(570M) 0.269ms
[15.866s][info ][gc,cpu         ] GC(342) User=0.00s Sys=0.00s Real=0.00s
[15.883s][info ][gc,start       ] GC(343) Pause Young (Allocation Failure)
[15.884s][debug][gc,age         ] GC(343) Desired survivor size 1048576 bytes, new threshold 1 (max threshold 15)
[15.884s][info ][gc,heap        ] GC(343) PSYoungGen: 234470K(234496K)->96K(227840K) Eden: 233984K(233984K)->0K(226816K) From: 486K(512K)->96K(1024K)
[15.884s][info ][gc,heap        ] GC(343) ParOldGen: 4122K(349696K)->4122K(349696K)
[15.884s][info ][gc,metaspace   ] GC(343) Metaspace: 9577K(9856K)->9577K(9856K) NonClass: 8508K(8640K)->8508K(8640K) Class: 1069K(1216K)->1069K(1216K)
[15.884s][info ][gc             ] GC(343) Pause Young (Allocation Failure) 233M->4M(564M) 0.236ms
[15.884s][info ][gc,cpu         ] GC(343) User=0.00s Sys=0.00s Real=0.00s
[15.900s][info ][gc,start       ] GC(344) Pause Young (Allocation Failure)
[15.900s][debug][gc,age         ] GC(344) Desired survivor size 1048576 bytes, new threshold 1 (max threshold 15)
[15.901s][info ][gc,heap        ] GC(344) PSYoungGen: 226907K(227840K)->454K(220160K) Eden: 226811K(226816K)->0K(219648K) From: 96K(1024K)->454K(512K)
[15.901s][info ][gc,heap        ] GC(344) ParOldGen: 4122K(349696K)->4122K(349696K)
[15.901s][info ][gc,metaspace   ] GC(344) Metaspace: 9577K(9856K)->9577K(9856K) NonClass: 8508K(8640K)->8508K(8640K) Class: 1069K(1216K)->1069K(1216K)
[15.901s][info ][gc             ] GC(344) Pause Young (Allocation Failure) 225M->4M(556M) 0.656ms
[15.901s][info ][gc,cpu         ] GC(344) User=0.00s Sys=0.00s Real=0.00s
[15.918s][info ][gc,start       ] GC(345) Pause Young (Allocation Failure)
[15.918s][debug][gc,age         ] GC(345) Desired survivor size 1048576 bytes, new threshold 1 (max threshold 15)
[15.918s][info ][gc,heap        ] GC(345) PSYoungGen: 220102K(220160K)->454K(214016K) Eden: 219648K(219648K)->0K(212992K) From: 454K(512K)->454K(1024K)
[15.918s][info ][gc,heap        ] GC(345) ParOldGen: 4122K(349696K)->4122K(349696K)
[15.918s][info ][gc,metaspace   ] GC(345) Metaspace: 9577K(9856K)->9577K(9856K) NonClass: 8508K(8640K)->8508K(8640K) Class: 1069K(1216K)->1069K(1216K)
[15.918s][info ][gc             ] GC(345) Pause Young (Allocation Failure) 218M->4M(550M) 0.227ms
[15.918s][info ][gc,cpu         ] GC(345) User=0.00s Sys=0.00s Real=0.00s
[15.933s][info ][gc,start       ] GC(346) Pause Young (Allocation Failure)
[15.933s][debug][gc,age         ] GC(346) Desired survivor size 1048576 bytes, new threshold 1 (max threshold 15)
[15.933s][info ][gc,heap        ] GC(346) PSYoungGen: 213446K(214016K)->454K(256512K) Eden: 212992K(212992K)->0K(256000K) From: 454K(1024K)->454K(512K)
[15.933s][info ][gc,heap        ] GC(346) ParOldGen: 4122K(349696K)->4122K(349696K)
[15.933s][info ][gc,metaspace   ] GC(346) Metaspace: 9577K(9856K)->9577K(9856K) NonClass: 8508K(8640K)->8508K(8640K) Class: 1069K(1216K)->1069K(1216K)
[15.933s][info ][gc             ] GC(346) Pause Young (Allocation Failure) 212M->4M(592M) 0.239ms
[15.933s][info ][gc,cpu         ] GC(346) User=0.00s Sys=0.00s Real=0.00s
[15.952s][info ][gc,start       ] GC(347) Pause Young (Allocation Failure)
[15.952s][debug][gc,age         ] GC(347) Desired survivor size 1048576 bytes, new threshold 1 (max threshold 15)
[15.952s][info ][gc,heap        ] GC(347) PSYoungGen: 256421K(256512K)->96K(308224K) Eden: 255967K(256000K)->0K(307200K) From: 454K(512K)->96K(1024K)
[15.952s][info ][gc,heap        ] GC(347) ParOldGen: 4122K(349696K)->4122K(349696K)
[15.952s][info ][gc,metaspace   ] GC(347) Metaspace: 9577K(9856K)->9577K(9856K) NonClass: 8508K(8640K)->8508K(8640K) Class: 1069K(1216K)->1069K(1216K)
[15.952s][info ][gc             ] GC(347) Pause Young (Allocation Failure) 254M->4M(642M) 0.267ms
[15.952s][info ][gc,cpu         ] GC(347) User=0.00s Sys=0.00s Real=0.00s
[15.975s][info ][gc,start       ] GC(348) Pause Young (Allocation Failure)
[15.975s][debug][gc,age         ] GC(348) Desired survivor size 1048576 bytes, new threshold 1 (max threshold 15)
[15.975s][info ][gc,heap        ] GC(348) PSYoungGen: 307296K(308224K)->96K(318976K) Eden: 307200K(307200K)->0K(317952K) From: 96K(1024K)->96K(1024K)
[15.975s][info ][gc,heap        ] GC(348) ParOldGen: 4122K(349696K)->4122K(349696K)
[15.975s][info ][gc,metaspace   ] GC(348) Metaspace: 9577K(9856K)->9577K(9856K) NonClass: 8508K(8640K)->8508K(8640K) Class: 1069K(1216K)->1069K(1216K)
[15.975s][info ][gc             ] GC(348) Pause Young (Allocation Failure) 304M->4M(653M) 0.307ms
[15.975s][info ][gc,cpu         ] GC(348) User=0.00s Sys=0.01s Real=0.00s
[15.998s][info ][gc,start       ] GC(349) Pause Young (Allocation Failure)
[15.999s][debug][gc,age         ] GC(349) Desired survivor size 1048576 bytes, new threshold 1 (max threshold 15)
[15.999s][info ][gc,heap        ] GC(349) PSYoungGen: 317886K(318976K)->486K(307712K) Eden: 317790K(317952K)->0K(307200K) From: 96K(1024K)->486K(512K)
[15.999s][info ][gc,heap        ] GC(349) ParOldGen: 4122K(349696K)->4122K(349696K)
[15.999s][info ][gc,metaspace   ] GC(349) Metaspace: 9577K(9856K)->9577K(9856K) NonClass: 8508K(8640K)->8508K(8640K) Class: 1069K(1216K)->1069K(1216K)
[15.999s][info ][gc             ] GC(349) Pause Young (Allocation Failure) 314M->4M(642M) 0.625ms
[15.999s][info ][gc,cpu         ] GC(349) User=0.00s Sys=0.00s Real=0.00s
[16.022s][info ][gc,start       ] GC(350) Pause Young (Allocation Failure)
[16.022s][debug][gc,age         ] GC(350) Desired survivor size 1048576 bytes, new threshold 1 (max threshold 15)
[16.022s][info ][gc,heap        ] GC(350) PSYoungGen: 307493K(307712K)->96K(296960K) Eden: 307006K(307200K)->0K(296448K) From: 486K(512K)->96K(512K)
[16.022s][info ][gc,heap        ] GC(350) ParOldGen: 4122K(349696K)->4122K(349696K)
[16.022s][info ][gc,metaspace   ] GC(350) Metaspace: 9577K(9856K)->9577K(9856K) NonClass: 8508K(8640K)->8508K(8640K) Class: 1069K(1216K)->1069K(1216K)
[16.022s][info ][gc             ] GC(350) Pause Young (Allocation Failure) 304M->4M(631M) 0.259ms
[16.022s][info ][gc,cpu         ] GC(350) User=0.00s Sys=0.00s Real=0.00s
[16.044s][info ][gc,start       ] GC(351) Pause Young (Allocation Failure)
[16.044s][debug][gc,age         ] GC(351) Desired survivor size 1048576 bytes, new threshold 1 (max threshold 15)
[16.044s][info ][gc,heap        ] GC(351) PSYoungGen: 296174K(296960K)->96K(287232K) Eden: 296078K(296448K)->0K(286208K) From: 96K(512K)->96K(1024K)
[16.044s][info ][gc,heap        ] GC(351) ParOldGen: 4122K(349696K)->4122K(349696K)
[16.044s][info ][gc,metaspace   ] GC(351) Metaspace: 9577K(9856K)->9577K(9856K) NonClass: 8508K(8640K)->8508K(8640K) Class: 1069K(1216K)->1069K(1216K)
[16.044s][info ][gc             ] GC(351) Pause Young (Allocation Failure) 293M->4M(622M) 0.248ms
[16.044s][info ][gc,cpu         ] GC(351) User=0.00s Sys=0.00s Real=0.00s
[16.065s][info ][gc,start       ] GC(352) Pause Young (Allocation Failure)
[16.065s][debug][gc,age         ] GC(352) Desired survivor size 1048576 bytes, new threshold 1 (max threshold 15)
[16.065s][info ][gc,heap        ] GC(352) PSYoungGen: 286076K(287232K)->96K(276992K) Eden: 285980K(286208K)->0K(276480K) From: 96K(1024K)->96K(512K)
[16.065s][info ][gc,heap        ] GC(352) ParOldGen: 4122K(349696K)->4122K(349696K)
[16.065s][info ][gc,metaspace   ] GC(352) Metaspace: 9577K(9856K)->9577K(9856K) NonClass: 8508K(8640K)->8508K(8640K) Class: 1069K(1216K)->1069K(1216K)
[16.065s][info ][gc             ] GC(352) Pause Young (Allocation Failure) 283M->4M(612M) 0.290ms
[16.065s][info ][gc,cpu         ] GC(352) User=0.00s Sys=0.00s Real=0.01s
[16.085s][info ][gc,start       ] GC(353) Pause Young (Allocation Failure)
[16.086s][debug][gc,age         ] GC(353) Desired survivor size 1048576 bytes, new threshold 1 (max threshold 15)
[16.086s][info ][gc,heap        ] GC(353) PSYoungGen: 276576K(276992K)->96K(268288K) Eden: 276480K(276480K)->0K(267264K) From: 96K(512K)->96K(1024K)
[16.086s][info ][gc,heap        ] GC(353) ParOldGen: 4122K(349696K)->4122K(349696K)
[16.086s][info ][gc,metaspace   ] GC(353) Metaspace: 9577K(9856K)->9577K(9856K) NonClass: 8508K(8640K)->8508K(8640K) Class: 1069K(1216K)->1069K(1216K)
[16.086s][info ][gc             ] GC(353) Pause Young (Allocation Failure) 274M->4M(603M) 0.246ms
[16.086s][info ][gc,cpu         ] GC(353) User=0.00s Sys=0.00s Real=0.00s
[16.106s][info ][gc,start       ] GC(354) Pause Young (Allocation Failure)
[16.106s][debug][gc,age         ] GC(354) Desired survivor size 1048576 bytes, new threshold 1 (max threshold 15)
[16.106s][info ][gc,heap        ] GC(354) PSYoungGen: 267233K(268288K)->96K(259072K) Eden: 267137K(267264K)->0K(258560K) From: 96K(1024K)->96K(512K)
[16.106s][info ][gc,heap        ] GC(354) ParOldGen: 4122K(349696K)->4122K(349696K)
[16.106s][info ][gc,metaspace   ] GC(354) Metaspace: 9577K(9856K)->9577K(9856K) NonClass: 8508K(8640K)->8508K(8640K) Class: 1069K(1216K)->1069K(1216K)
[16.106s][info ][gc             ] GC(354) Pause Young (Allocation Failure) 264M->4M(594M) 0.298ms
[16.106s][info ][gc,cpu         ] GC(354) User=0.00s Sys=0.00s Real=0.00s
[16.124s][info ][gc,start       ] GC(355) Pause Young (Allocation Failure)
[16.125s][debug][gc,age         ] GC(355) Desired survivor size 1048576 bytes, new threshold 1 (max threshold 15)
[16.125s][info ][gc,heap        ] GC(355) PSYoungGen: 258656K(259072K)->454K(251392K) Eden: 258560K(258560K)->0K(250368K) From: 96K(512K)->454K(1024K)
[16.125s][info ][gc,heap        ] GC(355) ParOldGen: 4122K(349696K)->4122K(349696K)
[16.125s][info ][gc,metaspace   ] GC(355) Metaspace: 9577K(9856K)->9577K(9856K) NonClass: 8508K(8640K)->8508K(8640K) Class: 1069K(1216K)->1069K(1216K)
[16.125s][info ][gc             ] GC(355) Pause Young (Allocation Failure) 256M->4M(587M) 0.258ms
[16.125s][info ][gc,cpu         ] GC(355) User=0.00s Sys=0.00s Real=0.00s
[16.143s][info ][gc,start       ] GC(356) Pause Young (Allocation Failure)
[16.143s][debug][gc,age         ] GC(356) Desired survivor size 1048576 bytes, new threshold 1 (max threshold 15)
[16.143s][info ][gc,heap        ] GC(356) PSYoungGen: 250686K(251392K)->96K(242688K) Eden: 250232K(250368K)->0K(242176K) From: 454K(1024K)->96K(512K)
[16.143s][info ][gc,heap        ] GC(356) ParOldGen: 4122K(349696K)->4122K(349696K)
[16.143s][info ][gc,metaspace   ] GC(356) Metaspace: 9577K(9856K)->9577K(9856K) NonClass: 8508K(8640K)->8508K(8640K) Class: 1069K(1216K)->1069K(1216K)
[16.143s][info ][gc             ] GC(356) Pause Young (Allocation Failure) 248M->4M(578M) 0.280ms
[16.143s][info ][gc,cpu         ] GC(356) User=0.00s Sys=0.00s Real=0.00s
[16.161s][info ][gc,start       ] GC(357) Pause Young (Allocation Failure)
[16.161s][debug][gc,age         ] GC(357) Desired survivor size 1048576 bytes, new threshold 1 (max threshold 15)
[16.161s][info ][gc,heap        ] GC(357) PSYoungGen: 242272K(242688K)->454K(235520K) Eden: 242176K(242176K)->0K(234496K) From: 96K(512K)->454K(1024K)
[16.161s][info ][gc,heap        ] GC(357) ParOldGen: 4122K(349696K)->4122K(349696K)
[16.161s][info ][gc,metaspace   ] GC(357) Metaspace: 9577K(9856K)->9577K(9856K) NonClass: 8508K(8640K)->8508K(8640K) Class: 1069K(1216K)->1069K(1216K)
[16.161s][info ][gc             ] GC(357) Pause Young (Allocation Failure) 240M->4M(571M) 0.225ms
[16.161s][info ][gc,cpu         ] GC(357) User=0.00s Sys=0.00s Real=0.00s
[16.179s][info ][gc,start       ] GC(358) Pause Young (Allocation Failure)
[16.179s][debug][gc,age         ] GC(358) Desired survivor size 1048576 bytes, new threshold 1 (max threshold 15)
[16.179s][info ][gc,heap        ] GC(358) PSYoungGen: 234785K(235520K)->486K(282112K) Eden: 234330K(234496K)->0K(281600K) From: 454K(1024K)->486K(512K)
[16.179s][info ][gc,heap        ] GC(358) ParOldGen: 4122K(349696K)->4122K(349696K)
[16.179s][info ][gc,metaspace   ] GC(358) Metaspace: 9577K(9856K)->9577K(9856K) NonClass: 8508K(8640K)->8508K(8640K) Class: 1069K(1216K)->1069K(1216K)
[16.179s][info ][gc             ] GC(358) Pause Young (Allocation Failure) 233M->4M(617M) 0.279ms
[16.179s][info ][gc,cpu         ] GC(358) User=0.00s Sys=0.00s Real=0.00s
[16.199s][info ][gc,start       ] GC(359) Pause Young (Allocation Failure)
[16.199s][debug][gc,age         ] GC(359) Desired survivor size 1048576 bytes, new threshold 1 (max threshold 15)
[16.199s][info ][gc,heap        ] GC(359) PSYoungGen: 282086K(282112K)->96K(315904K) Eden: 281600K(281600K)->0K(314880K) From: 486K(512K)->96K(1024K)
[16.199s][info ][gc,heap        ] GC(359) ParOldGen: 4122K(349696K)->4122K(349696K)
[16.199s][info ][gc,metaspace   ] GC(359) Metaspace: 9577K(9856K)->9577K(9856K) NonClass: 8508K(8640K)->8508K(8640K) Class: 1069K(1216K)->1069K(1216K)
[16.199s][info ][gc             ] GC(359) Pause Young (Allocation Failure) 279M->4M(650M) 0.287ms
[16.199s][info ][gc,cpu         ] GC(359) User=0.00s Sys=0.00s Real=0.00s
[16.222s][info ][gc,start       ] GC(360) Pause Young (Allocation Failure)
[16.223s][debug][gc,age         ] GC(360) Desired survivor size 1048576 bytes, new threshold 1 (max threshold 15)
[16.223s][info ][gc,heap        ] GC(360) PSYoungGen: 314949K(315904K)->64K(304640K) Eden: 314853K(314880K)->0K(304128K) From: 96K(1024K)->64K(512K)
[16.223s][info ][gc,heap        ] GC(360) ParOldGen: 4122K(349696K)->4122K(349696K)
[16.223s][info ][gc,metaspace   ] GC(360) Metaspace: 9577K(9856K)->9577K(9856K) NonClass: 8508K(8640K)->8508K(8640K) Class: 1069K(1216K)->1069K(1216K)
[16.223s][info ][gc             ] GC(360) Pause Young (Allocation Failure) 311M->4M(639M) 0.275ms
[16.223s][info ][gc,cpu         ] GC(360) User=0.00s Sys=0.00s Real=0.00s
[16.245s][info ][gc,start       ] GC(361) Pause Young (Allocation Failure)
[16.245s][debug][gc,age         ] GC(361) Desired survivor size 1048576 bytes, new threshold 1 (max threshold 15)
[16.245s][info ][gc,heap        ] GC(361) PSYoungGen: 304135K(304640K)->486K(294912K) Eden: 304071K(304128K)->0K(293888K) From: 64K(512K)->486K(1024K)
[16.245s][info ][gc,heap        ] GC(361) ParOldGen: 4122K(349696K)->4122K(349696K)
[16.245s][info ][gc,metaspace   ] GC(361) Metaspace: 9577K(9856K)->9577K(9856K) NonClass: 8508K(8640K)->8508K(8640K) Class: 1069K(1216K)->1069K(1216K)
[16.245s][info ][gc             ] GC(361) Pause Young (Allocation Failure) 301M->4M(629M) 0.306ms
[16.245s][info ][gc,cpu         ] GC(361) User=0.00s Sys=0.00s Real=0.01s
[16.267s][info ][gc,start       ] GC(362) Pause Young (Allocation Failure)
[16.267s][debug][gc,age         ] GC(362) Desired survivor size 1048576 bytes, new threshold 1 (max threshold 15)
[16.267s][info ][gc,heap        ] GC(362) PSYoungGen: 294374K(294912K)->96K(284672K) Eden: 293888K(293888K)->0K(284160K) From: 486K(1024K)->96K(512K)
[16.267s][info ][gc,heap        ] GC(362) ParOldGen: 4122K(349696K)->4122K(349696K)
[16.268s][info ][gc,metaspace   ] GC(362) Metaspace: 9577K(9856K)->9577K(9856K) NonClass: 8508K(8640K)->8508K(8640K) Class: 1069K(1216K)->1069K(1216K)
[16.268s][info ][gc             ] GC(362) Pause Young (Allocation Failure) 291M->4M(619M) 0.280ms
[16.268s][info ][gc,cpu         ] GC(362) User=0.00s Sys=0.00s Real=0.00s
[16.288s][info ][gc,start       ] GC(363) Pause Young (Allocation Failure)
[16.288s][debug][gc,age         ] GC(363) Desired survivor size 1048576 bytes, new threshold 1 (max threshold 15)
[16.288s][info ][gc,heap        ] GC(363) PSYoungGen: 284256K(284672K)->96K(275968K) Eden: 284160K(284160K)->0K(274944K) From: 96K(512K)->96K(1024K)
[16.288s][info ][gc,heap        ] GC(363) ParOldGen: 4122K(349696K)->4122K(349696K)
[16.288s][info ][gc,metaspace   ] GC(363) Metaspace: 9577K(9856K)->9577K(9856K) NonClass: 8508K(8640K)->8508K(8640K) Class: 1069K(1216K)->1069K(1216K)
[16.288s][info ][gc             ] GC(363) Pause Young (Allocation Failure) 281M->4M(611M) 0.163ms
[16.288s][info ][gc,cpu         ] GC(363) User=0.00s Sys=0.00s Real=0.00s
[16.309s][info ][gc,start       ] GC(364) Pause Young (Allocation Failure)
[16.309s][debug][gc,age         ] GC(364) Desired survivor size 1048576 bytes, new threshold 1 (max threshold 15)
[16.309s][info ][gc,heap        ] GC(364) PSYoungGen: 274988K(275968K)->64K(266240K) Eden: 274892K(274944K)->0K(265728K) From: 96K(1024K)->64K(512K)
[16.309s][info ][gc,heap        ] GC(364) ParOldGen: 4122K(349696K)->4122K(349696K)
[16.309s][info ][gc,metaspace   ] GC(364) Metaspace: 9577K(9856K)->9577K(9856K) NonClass: 8508K(8640K)->8508K(8640K) Class: 1069K(1216K)->1069K(1216K)
[16.309s][info ][gc             ] GC(364) Pause Young (Allocation Failure) 272M->4M(601M) 0.222ms
[16.309s][info ][gc,cpu         ] GC(364) User=0.00s Sys=0.00s Real=0.00s
[16.328s][info ][gc,start       ] GC(365) Pause Young (Allocation Failure)
[16.329s][debug][gc,age         ] GC(365) Desired survivor size 1048576 bytes, new threshold 1 (max threshold 15)
[16.329s][info ][gc,heap        ] GC(365) PSYoungGen: 265406K(266240K)->486K(258048K) Eden: 265342K(265728K)->0K(257024K) From: 64K(512K)->486K(1024K)
[16.329s][info ][gc,heap        ] GC(365) ParOldGen: 4122K(349696K)->4122K(349696K)
[16.329s][info ][gc,metaspace   ] GC(365) Metaspace: 9577K(9856K)->9577K(9856K) NonClass: 8508K(8640K)->8508K(8640K) Class: 1069K(1216K)->1069K(1216K)
[16.329s][info ][gc             ] GC(365) Pause Young (Allocation Failure) 263M->4M(593M) 0.299ms
[16.329s][info ][gc,cpu         ] GC(365) User=0.00s Sys=0.00s Real=0.00s
[16.347s][info ][gc,start       ] GC(366) Pause Young (Allocation Failure)
[16.347s][debug][gc,age         ] GC(366) Desired survivor size 1048576 bytes, new threshold 1 (max threshold 15)
[16.348s][info ][gc,heap        ] GC(366) PSYoungGen: 257510K(258048K)->64K(249344K) Eden: 257024K(257024K)->0K(248832K) From: 486K(1024K)->64K(512K)
[16.348s][info ][gc,heap        ] GC(366) ParOldGen: 4122K(349696K)->4122K(349696K)
[16.348s][info ][gc,metaspace   ] GC(366) Metaspace: 9577K(9856K)->9577K(9856K) NonClass: 8508K(8640K)->8508K(8640K) Class: 1069K(1216K)->1069K(1216K)
[16.348s][info ][gc             ] GC(366) Pause Young (Allocation Failure) 255M->4M(585M) 0.270ms
[16.348s][info ][gc,cpu         ] GC(366) User=0.00s Sys=0.00s Real=0.00s
[16.365s][info ][gc,start       ] GC(367) Pause Young (Allocation Failure)
[16.366s][debug][gc,age         ] GC(367) Desired survivor size 1048576 bytes, new threshold 1 (max threshold 15)
[16.366s][info ][gc,heap        ] GC(367) PSYoungGen: 248634K(249344K)->64K(242176K) Eden: 248570K(248832K)->0K(241152K) From: 64K(512K)->64K(1024K)
[16.366s][info ][gc,heap        ] GC(367) ParOldGen: 4122K(349696K)->4122K(349696K)
[16.366s][info ][gc,metaspace   ] GC(367) Metaspace: 9577K(9856K)->9577K(9856K) NonClass: 8508K(8640K)->8508K(8640K) Class: 1069K(1216K)->1069K(1216K)
[16.366s][info ][gc             ] GC(367) Pause Young (Allocation Failure) 246M->4M(578M) 0.237ms
[16.366s][info ][gc,cpu         ] GC(367) User=0.00s Sys=0.00s Real=0.00s
[16.383s][info ][gc,start       ] GC(368) Pause Young (Allocation Failure)
[16.384s][debug][gc,age         ] GC(368) Desired survivor size 1048576 bytes, new threshold 1 (max threshold 15)
[16.384s][info ][gc,heap        ] GC(368) PSYoungGen: 240846K(242176K)->486K(290304K) Eden: 240782K(241152K)->0K(289792K) From: 64K(1024K)->486K(512K)
[16.384s][info ][gc,heap        ] GC(368) ParOldGen: 4122K(349696K)->4122K(349696K)
[16.384s][info ][gc,metaspace   ] GC(368) Metaspace: 9577K(9856K)->9577K(9856K) NonClass: 8508K(8640K)->8508K(8640K) Class: 1069K(1216K)->1069K(1216K)
[16.384s][info ][gc             ] GC(368) Pause Young (Allocation Failure) 239M->4M(625M) 0.308ms
[16.384s][info ][gc,cpu         ] GC(368) User=0.00s Sys=0.00s Real=0.00s
[16.405s][info ][gc,start       ] GC(369) Pause Young (Allocation Failure)
[16.405s][debug][gc,age         ] GC(369) Desired survivor size 1048576 bytes, new threshold 1 (max threshold 15)
[16.405s][info ][gc,heap        ] GC(369) PSYoungGen: 290008K(290304K)->64K(336384K) Eden: 289521K(289792K)->0K(335360K) From: 486K(512K)->64K(1024K)
[16.405s][info ][gc,heap        ] GC(369) ParOldGen: 4122K(349696K)->4122K(349696K)
[16.405s][info ][gc,metaspace   ] GC(369) Metaspace: 9577K(9856K)->9577K(9856K) NonClass: 8508K(8640K)->8508K(8640K) Class: 1069K(1216K)->1069K(1216K)
[16.405s][info ][gc             ] GC(369) Pause Young (Allocation Failure) 287M->4M(670M) 0.259ms
[16.405s][info ][gc,cpu         ] GC(369) User=0.00s Sys=0.00s Real=0.00s
[16.430s][info ][gc,start       ] GC(370) Pause Young (Allocation Failure)
[16.431s][debug][gc,age         ] GC(370) Desired survivor size 1048576 bytes, new threshold 1 (max threshold 15)
[16.431s][info ][gc,heap        ] GC(370) PSYoungGen: 335424K(336384K)->486K(324096K) Eden: 335360K(335360K)->0K(323584K) From: 64K(1024K)->486K(512K)
[16.431s][info ][gc,heap        ] GC(370) ParOldGen: 4122K(349696K)->4122K(349696K)
[16.431s][info ][gc,metaspace   ] GC(370) Metaspace: 9577K(9856K)->9577K(9856K) NonClass: 8508K(8640K)->8508K(8640K) Class: 1069K(1216K)->1069K(1216K)
[16.431s][info ][gc             ] GC(370) Pause Young (Allocation Failure) 331M->4M(658M) 0.257ms
[16.431s][info ][gc,cpu         ] GC(370) User=0.00s Sys=0.00s Real=0.00s
[16.454s][info ][gc,start       ] GC(371) Pause Young (Allocation Failure)
[16.455s][debug][gc,age         ] GC(371) Desired survivor size 1048576 bytes, new threshold 1 (max threshold 15)
[16.455s][info ][gc,heap        ] GC(371) PSYoungGen: 323845K(324096K)->486K(313344K) Eden: 323359K(323584K)->0K(312320K) From: 486K(512K)->486K(1024K)
[16.455s][info ][gc,heap        ] GC(371) ParOldGen: 4122K(349696K)->4122K(349696K)
[16.455s][info ][gc,metaspace   ] GC(371) Metaspace: 9577K(9856K)->9577K(9856K) NonClass: 8508K(8640K)->8508K(8640K) Class: 1069K(1216K)->1069K(1216K)
[16.455s][info ][gc             ] GC(371) Pause Young (Allocation Failure) 320M->4M(647M) 0.246ms
[16.455s][info ][gc,cpu         ] GC(371) User=0.00s Sys=0.00s Real=0.00s
[16.478s][info ][gc,start       ] GC(372) Pause Young (Allocation Failure)
[16.478s][debug][gc,age         ] GC(372) Desired survivor size 1048576 bytes, new threshold 1 (max threshold 15)
[16.478s][info ][gc,heap        ] GC(372) PSYoungGen: 312417K(313344K)->486K(302080K) Eden: 311930K(312320K)->0K(301568K) From: 486K(1024K)->486K(512K)
[16.478s][info ][gc,heap        ] GC(372) ParOldGen: 4122K(349696K)->4122K(349696K)
[16.478s][info ][gc,metaspace   ] GC(372) Metaspace: 9577K(9856K)->9577K(9856K) NonClass: 8508K(8640K)->8508K(8640K) Class: 1069K(1216K)->1069K(1216K)
[16.478s][info ][gc             ] GC(372) Pause Young (Allocation Failure) 309M->4M(636M) 0.279ms
[16.478s][info ][gc,cpu         ] GC(372) User=0.00s Sys=0.00s Real=0.00s
[16.500s][info ][gc,start       ] GC(373) Pause Young (Allocation Failure)
[16.500s][debug][gc,age         ] GC(373) Desired survivor size 1048576 bytes, new threshold 1 (max threshold 15)
[16.500s][info ][gc,heap        ] GC(373) PSYoungGen: 302054K(302080K)->486K(292352K) Eden: 301568K(301568K)->0K(291328K) From: 486K(512K)->486K(1024K)
[16.500s][info ][gc,heap        ] GC(373) ParOldGen: 4122K(349696K)->4122K(349696K)
[16.500s][info ][gc,metaspace   ] GC(373) Metaspace: 9577K(9856K)->9577K(9856K) NonClass: 8508K(8640K)->8508K(8640K) Class: 1069K(1216K)->1069K(1216K)
[16.500s][info ][gc             ] GC(373) Pause Young (Allocation Failure) 299M->4M(627M) 0.262ms
[16.500s][info ][gc,cpu         ] GC(373) User=0.01s Sys=0.00s Real=0.00s
[16.522s][info ][gc,start       ] GC(374) Pause Young (Allocation Failure)
[16.522s][debug][gc,age         ] GC(374) Desired survivor size 1048576 bytes, new threshold 1 (max threshold 15)
[16.522s][info ][gc,heap        ] GC(374) PSYoungGen: 291674K(292352K)->96K(282112K) Eden: 291187K(291328K)->0K(281600K) From: 486K(1024K)->96K(512K)
[16.522s][info ][gc,heap        ] GC(374) ParOldGen: 4122K(349696K)->4122K(349696K)
[16.522s][info ][gc,metaspace   ] GC(374) Metaspace: 9577K(9856K)->9577K(9856K) NonClass: 8508K(8640K)->8508K(8640K) Class: 1069K(1216K)->1069K(1216K)
[16.522s][info ][gc             ] GC(374) Pause Young (Allocation Failure) 288M->4M(617M) 0.278ms
[16.522s][info ][gc,cpu         ] GC(374) User=0.00s Sys=0.00s Real=0.00s
[16.542s][info ][gc,start       ] GC(375) Pause Young (Allocation Failure)
[16.543s][debug][gc,age         ] GC(375) Desired survivor size 1048576 bytes, new threshold 1 (max threshold 15)
[16.543s][info ][gc,heap        ] GC(375) PSYoungGen: 281460K(282112K)->96K(273408K) Eden: 281364K(281600K)->0K(272384K) From: 96K(512K)->96K(1024K)
[16.543s][info ][gc,heap        ] GC(375) ParOldGen: 4122K(349696K)->4122K(349696K)
[16.543s][info ][gc,metaspace   ] GC(375) Metaspace: 9577K(9856K)->9577K(9856K) NonClass: 8508K(8640K)->8508K(8640K) Class: 1069K(1216K)->1069K(1216K)
[16.543s][info ][gc             ] GC(375) Pause Young (Allocation Failure) 278M->4M(608M) 0.221ms
[16.543s][info ][gc,cpu         ] GC(375) User=0.00s Sys=0.00s Real=0.00s
[16.563s][info ][gc,start       ] GC(376) Pause Young (Allocation Failure)
[16.563s][debug][gc,age         ] GC(376) Desired survivor size 1048576 bytes, new threshold 1 (max threshold 15)
[16.563s][info ][gc,heap        ] GC(376) PSYoungGen: 272362K(273408K)->96K(264192K) Eden: 272266K(272384K)->0K(263680K) From: 96K(1024K)->96K(512K)
[16.563s][info ][gc,heap        ] GC(376) ParOldGen: 4122K(349696K)->4122K(349696K)
[16.563s][info ][gc,metaspace   ] GC(376) Metaspace: 9577K(9856K)->9577K(9856K) NonClass: 8508K(8640K)->8508K(8640K) Class: 1069K(1216K)->1069K(1216K)
[16.563s][info ][gc             ] GC(376) Pause Young (Allocation Failure) 270M->4M(599M) 0.269ms
[16.563s][info ][gc,cpu         ] GC(376) User=0.00s Sys=0.00s Real=0.00s
[16.582s][info ][gc,start       ] GC(377) Pause Young (Allocation Failure)
[16.582s][debug][gc,age         ] GC(377) Desired survivor size 1048576 bytes, new threshold 1 (max threshold 15)
[16.582s][info ][gc,heap        ] GC(377) PSYoungGen: 263776K(264192K)->64K(256000K) Eden: 263680K(263680K)->0K(254976K) From: 96K(512K)->64K(1024K)
[16.582s][info ][gc,heap        ] GC(377) ParOldGen: 4122K(349696K)->4122K(349696K)
[16.582s][info ][gc,metaspace   ] GC(377) Metaspace: 9577K(9856K)->9577K(9856K) NonClass: 8508K(8640K)->8508K(8640K) Class: 1069K(1216K)->1069K(1216K)
[16.582s][info ][gc             ] GC(377) Pause Young (Allocation Failure) 261M->4M(591M) 0.281ms
[16.582s][info ][gc,cpu         ] GC(377) User=0.00s Sys=0.00s Real=0.00s
[16.601s][info ][gc,start       ] GC(378) Pause Young (Allocation Failure)
[16.601s][debug][gc,age         ] GC(378) Desired survivor size 1048576 bytes, new threshold 1 (max threshold 15)
[16.601s][info ][gc,heap        ] GC(378) PSYoungGen: 254985K(256000K)->486K(247296K) Eden: 254921K(254976K)->0K(246784K) From: 64K(1024K)->486K(512K)
[16.601s][info ][gc,heap        ] GC(378) ParOldGen: 4122K(349696K)->4122K(349696K)
[16.601s][info ][gc,metaspace   ] GC(378) Metaspace: 9577K(9856K)->9577K(9856K) NonClass: 8508K(8640K)->8508K(8640K) Class: 1069K(1216K)->1069K(1216K)
[16.601s][info ][gc             ] GC(378) Pause Young (Allocation Failure) 253M->4M(583M) 0.261ms
[16.601s][info ][gc,cpu         ] GC(378) User=0.00s Sys=0.00s Real=0.00s
[16.619s][info ][gc,start       ] GC(379) Pause Young (Allocation Failure)
[16.620s][debug][gc,age         ] GC(379) Desired survivor size 1048576 bytes, new threshold 1 (max threshold 15)
[16.620s][info ][gc,heap        ] GC(379) PSYoungGen: 246907K(247296K)->96K(297472K) Eden: 246421K(246784K)->0K(296448K) From: 486K(512K)->96K(1024K)
[16.620s][info ][gc,heap        ] GC(379) ParOldGen: 4122K(349696K)->4122K(349696K)
[16.620s][info ][gc,metaspace   ] GC(379) Metaspace: 9577K(9856K)->9577K(9856K) NonClass: 8508K(8640K)->8508K(8640K) Class: 1069K(1216K)->1069K(1216K)
[16.620s][info ][gc             ] GC(379) Pause Young (Allocation Failure) 245M->4M(632M) 0.260ms
[16.620s][info ][gc,cpu         ] GC(379) User=0.00s Sys=0.01s Real=0.00s
[16.641s][info ][gc,start       ] GC(380) Pause Young (Allocation Failure)
[16.642s][debug][gc,age         ] GC(380) Desired survivor size 1048576 bytes, new threshold 1 (max threshold 15)
[16.642s][info ][gc,heap        ] GC(380) PSYoungGen: 296544K(297472K)->486K(345600K) Eden: 296448K(296448K)->0K(344576K) From: 96K(1024K)->486K(1024K)
[16.642s][info ][gc,heap        ] GC(380) ParOldGen: 4122K(349696K)->4122K(349696K)
[16.642s][info ][gc,metaspace   ] GC(380) Metaspace: 9577K(9856K)->9577K(9856K) NonClass: 8508K(8640K)->8508K(8640K) Class: 1069K(1216K)->1069K(1216K)
[16.642s][info ][gc             ] GC(380) Pause Young (Allocation Failure) 293M->4M(679M) 0.316ms
[16.642s][info ][gc,cpu         ] GC(380) User=0.01s Sys=0.00s Real=0.00s
[16.668s][info ][gc,start       ] GC(381) Pause Young (Allocation Failure)
[16.668s][debug][gc,age         ] GC(381) Desired survivor size 1048576 bytes, new threshold 1 (max threshold 15)
[16.668s][info ][gc,heap        ] GC(381) PSYoungGen: 344710K(345600K)->486K(332800K) Eden: 344223K(344576K)->0K(332288K) From: 486K(1024K)->486K(512K)
[16.668s][info ][gc,heap        ] GC(381) ParOldGen: 4122K(349696K)->4122K(349696K)
[16.668s][info ][gc,metaspace   ] GC(381) Metaspace: 9577K(9856K)->9577K(9856K) NonClass: 8508K(8640K)->8508K(8640K) Class: 1069K(1216K)->1069K(1216K)
[16.668s][info ][gc             ] GC(381) Pause Young (Allocation Failure) 340M->4M(666M) 0.273ms
[16.668s][info ][gc,cpu         ] GC(381) User=0.00s Sys=0.00s Real=0.00s
[16.692s][info ][gc,start       ] GC(382) Pause Young (Allocation Failure)
[16.692s][debug][gc,age         ] GC(382) Desired survivor size 1048576 bytes, new threshold 1 (max threshold 15)
[16.692s][info ][gc,heap        ] GC(382) PSYoungGen: 332754K(332800K)->486K(321024K) Eden: 332267K(332288K)->0K(320512K) From: 486K(512K)->486K(512K)
[16.692s][info ][gc,heap        ] GC(382) ParOldGen: 4122K(349696K)->4122K(349696K)
[16.692s][info ][gc,metaspace   ] GC(382) Metaspace: 9577K(9856K)->9577K(9856K) NonClass: 8508K(8640K)->8508K(8640K) Class: 1069K(1216K)->1069K(1216K)
[16.692s][info ][gc             ] GC(382) Pause Young (Allocation Failure) 328M->4M(655M) 0.268ms
[16.692s][info ][gc,cpu         ] GC(382) User=0.00s Sys=0.00s Real=0.00s
[16.716s][info ][gc,start       ] GC(383) Pause Young (Allocation Failure)
[16.716s][debug][gc,age         ] GC(383) Desired survivor size 1048576 bytes, new threshold 1 (max threshold 15)
[16.716s][info ][gc,heap        ] GC(383) PSYoungGen: 320786K(321024K)->64K(310272K) Eden: 320300K(320512K)->0K(309248K) From: 486K(512K)->64K(1024K)
[16.716s][info ][gc,heap        ] GC(383) ParOldGen: 4122K(349696K)->4122K(349696K)
[16.716s][info ][gc,metaspace   ] GC(383) Metaspace: 9577K(9856K)->9577K(9856K) NonClass: 8508K(8640K)->8508K(8640K) Class: 1069K(1216K)->1069K(1216K)
[16.716s][info ][gc             ] GC(383) Pause Young (Allocation Failure) 317M->4M(644M) 0.245ms
[16.716s][info ][gc,cpu         ] GC(383) User=0.00s Sys=0.00s Real=0.00s
[16.739s][info ][gc,start       ] GC(384) Pause Young (Allocation Failure)
[16.739s][debug][gc,age         ] GC(384) Desired survivor size 1048576 bytes, new threshold 1 (max threshold 15)
[16.739s][info ][gc,heap        ] GC(384) PSYoungGen: 309249K(310272K)->486K(299008K) Eden: 309185K(309248K)->0K(298496K) From: 64K(1024K)->486K(512K)
[16.739s][info ][gc,heap        ] GC(384) ParOldGen: 4122K(349696K)->4122K(349696K)
[16.739s][info ][gc,metaspace   ] GC(384) Metaspace: 9577K(9856K)->9577K(9856K) NonClass: 8508K(8640K)->8508K(8640K) Class: 1069K(1216K)->1069K(1216K)
[16.739s][info ][gc             ] GC(384) Pause Young (Allocation Failure) 306M->4M(633M) 0.239ms
[16.739s][info ][gc,cpu         ] GC(384) User=0.00s Sys=0.00s Real=0.00s
[16.761s][info ][gc,start       ] GC(385) Pause Young (Allocation Failure)
[16.761s][debug][gc,age         ] GC(385) Desired survivor size 1048576 bytes, new threshold 1 (max threshold 15)
[16.761s][info ][gc,heap        ] GC(385) PSYoungGen: 298842K(299008K)->486K(289280K) Eden: 298356K(298496K)->0K(288256K) From: 486K(512K)->486K(1024K)
[16.761s][info ][gc,heap        ] GC(385) ParOldGen: 4122K(349696K)->4122K(349696K)
[16.761s][info ][gc,metaspace   ] GC(385) Metaspace: 9577K(9856K)->9577K(9856K) NonClass: 8508K(8640K)->8508K(8640K) Class: 1069K(1216K)->1069K(1216K)
[16.761s][info ][gc             ] GC(385) Pause Young (Allocation Failure) 295M->4M(624M) 0.268ms
[16.761s][info ][gc,cpu         ] GC(385) User=0.00s Sys=0.00s Real=0.00s
[16.783s][info ][gc,start       ] GC(386) Pause Young (Allocation Failure)
[16.783s][debug][gc,age         ] GC(386) Desired survivor size 1048576 bytes, new threshold 1 (max threshold 15)
[16.783s][info ][gc,heap        ] GC(386) PSYoungGen: 288547K(289280K)->96K(279040K) Eden: 288060K(288256K)->0K(278528K) From: 486K(1024K)->96K(512K)
[16.783s][info ][gc,heap        ] GC(386) ParOldGen: 4122K(349696K)->4122K(349696K)
[16.783s][info ][gc,metaspace   ] GC(386) Metaspace: 9577K(9856K)->9577K(9856K) NonClass: 8508K(8640K)->8508K(8640K) Class: 1069K(1216K)->1069K(1216K)
[16.783s][info ][gc             ] GC(386) Pause Young (Allocation Failure) 285M->4M(614M) 0.264ms
[16.783s][info ][gc,cpu         ] GC(386) User=0.00s Sys=0.00s Real=0.00s
[16.803s][info ][gc,start       ] GC(387) Pause Young (Allocation Failure)
[16.804s][debug][gc,age         ] GC(387) Desired survivor size 1048576 bytes, new threshold 1 (max threshold 15)
[16.804s][info ][gc,heap        ] GC(387) PSYoungGen: 278438K(279040K)->486K(270336K) Eden: 278342K(278528K)->0K(269312K) From: 96K(512K)->486K(1024K)
[16.804s][info ][gc,heap        ] GC(387) ParOldGen: 4122K(349696K)->4122K(349696K)
[16.804s][info ][gc,metaspace   ] GC(387) Metaspace: 9577K(9856K)->9577K(9856K) NonClass: 8508K(8640K)->8508K(8640K) Class: 1069K(1216K)->1069K(1216K)
[16.804s][info ][gc             ] GC(387) Pause Young (Allocation Failure) 275M->4M(605M) 0.208ms
[16.804s][info ][gc,cpu         ] GC(387) User=0.00s Sys=0.00s Real=0.00s
[16.823s][info ][gc,start       ] GC(388) Pause Young (Allocation Failure)
[16.823s][debug][gc,age         ] GC(388) Desired survivor size 1048576 bytes, new threshold 1 (max threshold 15)
[16.823s][info ][gc,heap        ] GC(388) PSYoungGen: 269540K(270336K)->96K(261120K) Eden: 269053K(269312K)->0K(260608K) From: 486K(1024K)->96K(512K)
[16.823s][info ][gc,heap        ] GC(388) ParOldGen: 4122K(349696K)->4122K(349696K)
[16.823s][info ][gc,metaspace   ] GC(388) Metaspace: 9577K(9856K)->9577K(9856K) NonClass: 8508K(8640K)->8508K(8640K) Class: 1069K(1216K)->1069K(1216K)
[16.823s][info ][gc             ] GC(388) Pause Young (Allocation Failure) 267M->4M(596M) 0.246ms
[16.823s][info ][gc,cpu         ] GC(388) User=0.00s Sys=0.00s Real=0.00s
[16.843s][info ][gc,start       ] GC(389) Pause Young (Allocation Failure)
[16.843s][debug][gc,age         ] GC(389) Desired survivor size 1048576 bytes, new threshold 1 (max threshold 15)
[16.843s][info ][gc,heap        ] GC(389) PSYoungGen: 260598K(261120K)->454K(253440K) Eden: 260502K(260608K)->0K(252416K) From: 96K(512K)->454K(1024K)
[16.843s][info ][gc,heap        ] GC(389) ParOldGen: 4122K(349696K)->4122K(349696K)
[16.843s][info ][gc,metaspace   ] GC(389) Metaspace: 9577K(9856K)->9577K(9856K) NonClass: 8508K(8640K)->8508K(8640K) Class: 1069K(1216K)->1069K(1216K)
[16.843s][info ][gc             ] GC(389) Pause Young (Allocation Failure) 258M->4M(589M) 0.209ms
[16.843s][info ][gc,cpu         ] GC(389) User=0.00s Sys=0.00s Real=0.00s
[16.861s][info ][gc,start       ] GC(390) Pause Young (Allocation Failure)
[16.861s][debug][gc,age         ] GC(390) Desired survivor size 1048576 bytes, new threshold 1 (max threshold 15)
[16.861s][info ][gc,heap        ] GC(390) PSYoungGen: 252684K(253440K)->486K(244736K) Eden: 252229K(252416K)->0K(244224K) From: 454K(1024K)->486K(512K)
[16.861s][info ][gc,heap        ] GC(390) ParOldGen: 4122K(349696K)->4122K(349696K)
[16.861s][info ][gc,metaspace   ] GC(390) Metaspace: 9577K(9856K)->9577K(9856K) NonClass: 8508K(8640K)->8508K(8640K) Class: 1069K(1216K)->1069K(1216K)
[16.861s][info ][gc             ] GC(390) Pause Young (Allocation Failure) 250M->4M(580M) 0.276ms
[16.861s][info ][gc,cpu         ] GC(390) User=0.00s Sys=0.00s Real=0.00s
[16.879s][info ][gc,start       ] GC(391) Pause Young (Allocation Failure)
[16.880s][debug][gc,age         ] GC(391) Desired survivor size 1048576 bytes, new threshold 1 (max threshold 15)
[16.880s][info ][gc,heap        ] GC(391) PSYoungGen: 244639K(244736K)->96K(237568K) Eden: 244153K(244224K)->0K(236544K) From: 486K(512K)->96K(1024K)
[16.880s][info ][gc,heap        ] GC(391) ParOldGen: 4122K(349696K)->4122K(349696K)
[16.880s][info ][gc,metaspace   ] GC(391) Metaspace: 9577K(9856K)->9577K(9856K) NonClass: 8508K(8640K)->8508K(8640K) Class: 1069K(1216K)->1069K(1216K)
[16.880s][info ][gc             ] GC(391) Pause Young (Allocation Failure) 242M->4M(573M) 0.259ms
[16.880s][info ][gc,cpu         ] GC(391) User=0.00s Sys=0.00s Real=0.00s
[16.897s][info ][gc,start       ] GC(392) Pause Young (Allocation Failure)
[16.897s][debug][gc,age         ] GC(392) Desired survivor size 1048576 bytes, new threshold 1 (max threshold 15)
[16.897s][info ][gc,heap        ] GC(392) PSYoungGen: 236640K(237568K)->486K(229888K) Eden: 236544K(236544K)->0K(229376K) From: 96K(1024K)->486K(512K)
[16.897s][info ][gc,heap        ] GC(392) ParOldGen: 4122K(349696K)->4122K(349696K)
[16.897s][info ][gc,metaspace   ] GC(392) Metaspace: 9577K(9856K)->9577K(9856K) NonClass: 8508K(8640K)->8508K(8640K) Class: 1069K(1216K)->1069K(1216K)
[16.897s][info ][gc             ] GC(392) Pause Young (Allocation Failure) 235M->4M(566M) 0.218ms
[16.897s][info ][gc,cpu         ] GC(392) User=0.00s Sys=0.00s Real=0.00s
[16.914s][info ][gc,start       ] GC(393) Pause Young (Allocation Failure)
[16.914s][debug][gc,age         ] GC(393) Desired survivor size 1048576 bytes, new threshold 1 (max threshold 15)
[16.914s][info ][gc,heap        ] GC(393) PSYoungGen: 229862K(229888K)->486K(223232K) Eden: 229376K(229376K)->0K(222208K) From: 486K(512K)->486K(1024K)
[16.914s][info ][gc,heap        ] GC(393) ParOldGen: 4122K(349696K)->4122K(349696K)
[16.914s][info ][gc,metaspace   ] GC(393) Metaspace: 9577K(9856K)->9577K(9856K) NonClass: 8508K(8640K)->8508K(8640K) Class: 1069K(1216K)->1069K(1216K)
[16.914s][info ][gc             ] GC(393) Pause Young (Allocation Failure) 228M->4M(559M) 0.270ms
[16.914s][info ][gc,cpu         ] GC(393) User=0.00s Sys=0.00s Real=0.00s
[16.930s][info ][gc,start       ] GC(394) Pause Young (Allocation Failure)
[16.930s][debug][gc,age         ] GC(394) Desired survivor size 1048576 bytes, new threshold 1 (max threshold 15)
[16.930s][info ][gc,heap        ] GC(394) PSYoungGen: 222349K(223232K)->486K(216064K) Eden: 221862K(222208K)->0K(215552K) From: 486K(1024K)->486K(512K)
[16.930s][info ][gc,heap        ] GC(394) ParOldGen: 4122K(349696K)->4122K(349696K)
[16.930s][info ][gc,metaspace   ] GC(394) Metaspace: 9577K(9856K)->9577K(9856K) NonClass: 8508K(8640K)->8508K(8640K) Class: 1069K(1216K)->1069K(1216K)
[16.930s][info ][gc             ] GC(394) Pause Young (Allocation Failure) 221M->4M(552M) 0.242ms
[16.930s][info ][gc,cpu         ] GC(394) User=0.00s Sys=0.00s Real=0.00s
[16.946s][info ][gc,start       ] GC(395) Pause Young (Allocation Failure)
[16.946s][debug][gc,age         ] GC(395) Desired survivor size 1048576 bytes, new threshold 1 (max threshold 15)
[16.946s][info ][gc,heap        ] GC(395) PSYoungGen: 215883K(216064K)->486K(260096K) Eden: 215397K(215552K)->0K(259072K) From: 486K(512K)->486K(1024K)
[16.946s][info ][gc,heap        ] GC(395) ParOldGen: 4122K(349696K)->4122K(349696K)
[16.946s][info ][gc,metaspace   ] GC(395) Metaspace: 9577K(9856K)->9577K(9856K) NonClass: 8508K(8640K)->8508K(8640K) Class: 1069K(1216K)->1069K(1216K)
[16.946s][info ][gc             ] GC(395) Pause Young (Allocation Failure) 214M->4M(595M) 0.256ms
[16.946s][info ][gc,cpu         ] GC(395) User=0.00s Sys=0.00s Real=0.00s
[16.966s][info ][gc,start       ] GC(396) Pause Young (Allocation Failure)
[16.966s][debug][gc,age         ] GC(396) Desired survivor size 1048576 bytes, new threshold 1 (max threshold 15)
[16.966s][info ][gc,heap        ] GC(396) PSYoungGen: 259474K(260096K)->96K(251392K) Eden: 258988K(259072K)->0K(250880K) From: 486K(1024K)->96K(512K)
[16.966s][info ][gc,heap        ] GC(396) ParOldGen: 4122K(349696K)->4122K(349696K)
[16.966s][info ][gc,metaspace   ] GC(396) Metaspace: 9577K(9856K)->9577K(9856K) NonClass: 8508K(8640K)->8508K(8640K) Class: 1069K(1216K)->1069K(1216K)
[16.966s][info ][gc             ] GC(396) Pause Young (Allocation Failure) 257M->4M(587M) 0.235ms
[16.966s][info ][gc,cpu         ] GC(396) User=0.00s Sys=0.00s Real=0.00s
[16.984s][info ][gc,start       ] GC(397) Pause Young (Allocation Failure)
[16.985s][debug][gc,age         ] GC(397) Desired survivor size 1048576 bytes, new threshold 1 (max threshold 15)
[16.985s][info ][gc,heap        ] GC(397) PSYoungGen: 250871K(251392K)->96K(243712K) Eden: 250775K(250880K)->0K(242688K) From: 96K(512K)->96K(1024K)
[16.985s][info ][gc,heap        ] GC(397) ParOldGen: 4122K(349696K)->4122K(349696K)
[16.985s][info ][gc,metaspace   ] GC(397) Metaspace: 9577K(9856K)->9577K(9856K) NonClass: 8508K(8640K)->8508K(8640K) Class: 1069K(1216K)->1069K(1216K)
[16.985s][info ][gc             ] GC(397) Pause Young (Allocation Failure) 249M->4M(579M) 0.255ms
[16.985s][info ][gc,cpu         ] GC(397) User=0.00s Sys=0.00s Real=0.00s
[17.002s][info ][gc,start       ] GC(398) Pause Young (Allocation Failure)
[17.002s][debug][gc,age         ] GC(398) Desired survivor size 1048576 bytes, new threshold 1 (max threshold 15)
[17.002s][info ][gc,heap        ] GC(398) PSYoungGen: 242564K(243712K)->96K(235520K) Eden: 242468K(242688K)->0K(235008K) From: 96K(1024K)->96K(512K)
[17.003s][info ][gc,heap        ] GC(398) ParOldGen: 4122K(349696K)->4122K(349696K)
[17.003s][info ][gc,metaspace   ] GC(398) Metaspace: 9577K(9856K)->9577K(9856K) NonClass: 8508K(8640K)->8508K(8640K) Class: 1069K(1216K)->1069K(1216K)
[17.003s][info ][gc             ] GC(398) Pause Young (Allocation Failure) 240M->4M(571M) 0.243ms
[17.003s][info ][gc,cpu         ] GC(398) User=0.00s Sys=0.00s Real=0.00s
[17.020s][info ][gc,start       ] GC(399) Pause Young (Allocation Failure)
[17.020s][debug][gc,age         ] GC(399) Desired survivor size 1048576 bytes, new threshold 1 (max threshold 15)
[17.020s][info ][gc,heap        ] GC(399) PSYoungGen: 234822K(235520K)->486K(283136K) Eden: 234726K(235008K)->0K(282112K) From: 96K(512K)->486K(1024K)
[17.020s][info ][gc,heap        ] GC(399) ParOldGen: 4122K(349696K)->4122K(349696K)
[17.020s][info ][gc,metaspace   ] GC(399) Metaspace: 9577K(9856K)->9577K(9856K) NonClass: 8508K(8640K)->8508K(8640K) Class: 1069K(1216K)->1069K(1216K)
[17.020s][info ][gc             ] GC(399) Pause Young (Allocation Failure) 233M->4M(618M) 0.292ms
[17.020s][info ][gc,cpu         ] GC(399) User=0.00s Sys=0.00s Real=0.00s
[17.041s][info ][gc,start       ] GC(400) Pause Young (Allocation Failure)
[17.041s][debug][gc,age         ] GC(400) Desired survivor size 1048576 bytes, new threshold 1 (max threshold 15)
[17.041s][info ][gc,heap        ] GC(400) PSYoungGen: 282521K(283136K)->454K(339456K) Eden: 282034K(282112K)->0K(338944K) From: 486K(1024K)->454K(512K)
[17.041s][info ][gc,heap        ] GC(400) ParOldGen: 4122K(349696K)->4122K(349696K)
[17.041s][info ][gc,metaspace   ] GC(400) Metaspace: 9577K(9856K)->9577K(9856K) NonClass: 8508K(8640K)->8508K(8640K) Class: 1069K(1216K)->1069K(1216K)
[17.041s][info ][gc             ] GC(400) Pause Young (Allocation Failure) 279M->4M(673M) 0.295ms
[17.041s][info ][gc,cpu         ] GC(400) User=0.00s Sys=0.00s Real=0.00s
[17.066s][info ][gc,start       ] GC(401) Pause Young (Allocation Failure)
[17.066s][debug][gc,age         ] GC(401) Desired survivor size 1048576 bytes, new threshold 1 (max threshold 15)
[17.066s][info ][gc,heap        ] GC(401) PSYoungGen: 339387K(339456K)->96K(328192K) Eden: 338932K(338944K)->0K(327168K) From: 454K(512K)->96K(1024K)
[17.066s][info ][gc,heap        ] GC(401) ParOldGen: 4122K(349696K)->4122K(349696K)
[17.066s][info ][gc,metaspace   ] GC(401) Metaspace: 9577K(9856K)->9577K(9856K) NonClass: 8508K(8640K)->8508K(8640K) Class: 1069K(1216K)->1069K(1216K)
[17.066s][info ][gc             ] GC(401) Pause Young (Allocation Failure) 335M->4M(662M) 0.210ms
[17.066s][info ][gc,cpu         ] GC(401) User=0.00s Sys=0.00s Real=0.00s
[17.090s][info ][gc,start       ] GC(402) Pause Young (Allocation Failure)
[17.091s][debug][gc,age         ] GC(402) Desired survivor size 1048576 bytes, new threshold 1 (max threshold 15)
[17.091s][info ][gc,heap        ] GC(402) PSYoungGen: 327152K(328192K)->486K(316416K) Eden: 327056K(327168K)->0K(315904K) From: 96K(1024K)->486K(512K)
[17.091s][info ][gc,heap        ] GC(402) ParOldGen: 4122K(349696K)->4122K(349696K)
[17.091s][info ][gc,metaspace   ] GC(402) Metaspace: 9577K(9856K)->9577K(9856K) NonClass: 8508K(8640K)->8508K(8640K) Class: 1069K(1216K)->1069K(1216K)
[17.091s][info ][gc             ] GC(402) Pause Young (Allocation Failure) 323M->4M(650M) 0.308ms
[17.091s][info ][gc,cpu         ] GC(402) User=0.00s Sys=0.00s Real=0.00s
[17.114s][info ][gc,start       ] GC(403) Pause Young (Allocation Failure)
[17.114s][debug][gc,age         ] GC(403) Desired survivor size 1048576 bytes, new threshold 1 (max threshold 15)
[17.114s][info ][gc,heap        ] GC(403) PSYoungGen: 316390K(316416K)->486K(306176K) Eden: 315904K(315904K)->0K(305152K) From: 486K(512K)->486K(1024K)
[17.114s][info ][gc,heap        ] GC(403) ParOldGen: 4122K(349696K)->4122K(349696K)
[17.114s][info ][gc,metaspace   ] GC(403) Metaspace: 9577K(9856K)->9577K(9856K) NonClass: 8508K(8640K)->8508K(8640K) Class: 1069K(1216K)->1069K(1216K)
[17.114s][info ][gc             ] GC(403) Pause Young (Allocation Failure) 313M->4M(640M) 0.254ms
[17.114s][info ][gc,cpu         ] GC(403) User=0.00s Sys=0.00s Real=0.00s
[17.136s][info ][gc,start       ] GC(404) Pause Young (Allocation Failure)
[17.137s][debug][gc,age         ] GC(404) Desired survivor size 1048576 bytes, new threshold 1 (max threshold 15)
[17.137s][info ][gc,heap        ] GC(404) PSYoungGen: 305555K(306176K)->96K(295424K) Eden: 305069K(305152K)->0K(294912K) From: 486K(1024K)->96K(512K)
[17.137s][info ][gc,heap        ] GC(404) ParOldGen: 4122K(349696K)->4122K(349696K)
[17.137s][info ][gc,metaspace   ] GC(404) Metaspace: 9577K(9856K)->9577K(9856K) NonClass: 8508K(8640K)->8508K(8640K) Class: 1069K(1216K)->1069K(1216K)
[17.137s][info ][gc             ] GC(404) Pause Young (Allocation Failure) 302M->4M(630M) 0.280ms
[17.137s][info ][gc,cpu         ] GC(404) User=0.00s Sys=0.00s Real=0.00s
[17.158s][info ][gc,start       ] GC(405) Pause Young (Allocation Failure)
[17.159s][debug][gc,age         ] GC(405) Desired survivor size 1048576 bytes, new threshold 1 (max threshold 15)
[17.159s][info ][gc,heap        ] GC(405) PSYoungGen: 294879K(295424K)->454K(286208K) Eden: 294783K(294912K)->0K(285184K) From: 96K(512K)->454K(1024K)
[17.159s][info ][gc,heap        ] GC(405) ParOldGen: 4122K(349696K)->4122K(349696K)
[17.159s][info ][gc,metaspace   ] GC(405) Metaspace: 9577K(9856K)->9577K(9856K) NonClass: 8508K(8640K)->8508K(8640K) Class: 1069K(1216K)->1069K(1216K)
[17.159s][info ][gc             ] GC(405) Pause Young (Allocation Failure) 291M->4M(621M) 0.251ms
[17.159s][info ][gc,cpu         ] GC(405) User=0.00s Sys=0.00s Real=0.00s
[17.180s][info ][gc,start       ] GC(406) Pause Young (Allocation Failure)
[17.180s][debug][gc,age         ] GC(406) Desired survivor size 1048576 bytes, new threshold 1 (max threshold 15)
[17.180s][info ][gc,heap        ] GC(406) PSYoungGen: 285452K(286208K)->486K(275968K) Eden: 284998K(285184K)->0K(275456K) From: 454K(1024K)->486K(512K)
[17.180s][info ][gc,heap        ] GC(406) ParOldGen: 4122K(349696K)->4122K(349696K)
[17.180s][info ][gc,metaspace   ] GC(406) Metaspace: 9577K(9856K)->9577K(9856K) NonClass: 8508K(8640K)->8508K(8640K) Class: 1069K(1216K)->1069K(1216K)
[17.180s][info ][gc             ] GC(406) Pause Young (Allocation Failure) 282M->4M(611M) 0.313ms
[17.180s][info ][gc,cpu         ] GC(406) User=0.00s Sys=0.00s Real=0.00s
[17.200s][info ][gc,start       ] GC(407) Pause Young (Allocation Failure)
[17.200s][debug][gc,age         ] GC(407) Desired survivor size 1048576 bytes, new threshold 1 (max threshold 15)
[17.200s][info ][gc,heap        ] GC(407) PSYoungGen: 275793K(275968K)->96K(267264K) Eden: 275307K(275456K)->0K(266240K) From: 486K(512K)->96K(1024K)
[17.200s][info ][gc,heap        ] GC(407) ParOldGen: 4122K(349696K)->4122K(349696K)
[17.200s][info ][gc,metaspace   ] GC(407) Metaspace: 9577K(9856K)->9577K(9856K) NonClass: 8508K(8640K)->8508K(8640K) Class: 1069K(1216K)->1069K(1216K)
[17.200s][info ][gc             ] GC(407) Pause Young (Allocation Failure) 273M->4M(602M) 0.196ms
[17.200s][info ][gc,cpu         ] GC(407) User=0.00s Sys=0.00s Real=0.00s
[17.220s][info ][gc,start       ] GC(408) Pause Young (Allocation Failure)
[17.220s][debug][gc,age         ] GC(408) Desired survivor size 1048576 bytes, new threshold 1 (max threshold 15)
[17.220s][info ][gc,heap        ] GC(408) PSYoungGen: 266033K(267264K)->64K(258048K) Eden: 265937K(266240K)->0K(257536K) From: 96K(1024K)->64K(512K)
[17.220s][info ][gc,heap        ] GC(408) ParOldGen: 4122K(349696K)->4122K(349696K)
[17.220s][info ][gc,metaspace   ] GC(408) Metaspace: 9577K(9856K)->9577K(9856K) NonClass: 8508K(8640K)->8508K(8640K) Class: 1069K(1216K)->1069K(1216K)
[17.220s][info ][gc             ] GC(408) Pause Young (Allocation Failure) 263M->4M(593M) 0.223ms
[17.220s][info ][gc,cpu         ] GC(408) User=0.00s Sys=0.00s Real=0.00s
[17.239s][info ][gc,start       ] GC(409) Pause Young (Allocation Failure)
[17.239s][debug][gc,age         ] GC(409) Desired survivor size 1048576 bytes, new threshold 1 (max threshold 15)
[17.240s][info ][gc,heap        ] GC(409) PSYoungGen: 257600K(258048K)->486K(250368K) Eden: 257536K(257536K)->0K(249344K) From: 64K(512K)->486K(1024K)
[17.240s][info ][gc,heap        ] GC(409) ParOldGen: 4122K(349696K)->4122K(349696K)
[17.240s][info ][gc,metaspace   ] GC(409) Metaspace: 9577K(9856K)->9577K(9856K) NonClass: 8508K(8640K)->8508K(8640K) Class: 1069K(1216K)->1069K(1216K)
[17.240s][info ][gc             ] GC(409) Pause Young (Allocation Failure) 255M->4M(586M) 0.211ms
[17.240s][info ][gc,cpu         ] GC(409) User=0.00s Sys=0.00s Real=0.00s
[17.258s][info ][gc,start       ] GC(410) Pause Young (Allocation Failure)
[17.258s][debug][gc,age         ] GC(410) Desired survivor size 1048576 bytes, new threshold 1 (max threshold 15)
[17.258s][info ][gc,heap        ] GC(410) PSYoungGen: 249469K(250368K)->454K(242176K) Eden: 248983K(249344K)->0K(241664K) From: 486K(1024K)->454K(512K)
[17.258s][info ][gc,heap        ] GC(410) ParOldGen: 4122K(349696K)->4122K(349696K)
[17.258s][info ][gc,metaspace   ] GC(410) Metaspace: 9577K(9856K)->9577K(9856K) NonClass: 8508K(8640K)->8508K(8640K) Class: 1069K(1216K)->1069K(1216K)
[17.258s][info ][gc             ] GC(410) Pause Young (Allocation Failure) 247M->4M(578M) 0.226ms
[17.258s][info ][gc,cpu         ] GC(410) User=0.00s Sys=0.00s Real=0.00s
[17.276s][info ][gc,start       ] GC(411) Pause Young (Allocation Failure)
[17.276s][debug][gc,age         ] GC(411) Desired survivor size 1048576 bytes, new threshold 1 (max threshold 15)
[17.276s][info ][gc,heap        ] GC(411) PSYoungGen: 241832K(242176K)->454K(235008K) Eden: 241377K(241664K)->0K(233984K) From: 454K(512K)->454K(1024K)
[17.276s][info ][gc,heap        ] GC(411) ParOldGen: 4122K(349696K)->4122K(349696K)
[17.276s][info ][gc,metaspace   ] GC(411) Metaspace: 9577K(9856K)->9577K(9856K) NonClass: 8508K(8640K)->8508K(8640K) Class: 1069K(1216K)->1069K(1216K)
[17.276s][info ][gc             ] GC(411) Pause Young (Allocation Failure) 240M->4M(571M) 0.248ms
[17.276s][info ][gc,cpu         ] GC(411) User=0.00s Sys=0.00s Real=0.00s
[17.293s][info ][gc,start       ] GC(412) Pause Young (Allocation Failure)
[17.293s][debug][gc,age         ] GC(412) Desired survivor size 1048576 bytes, new threshold 1 (max threshold 15)
[17.293s][info ][gc,heap        ] GC(412) PSYoungGen: 234195K(235008K)->96K(227328K) Eden: 233740K(233984K)->0K(226816K) From: 454K(1024K)->96K(512K)
[17.293s][info ][gc,heap        ] GC(412) ParOldGen: 4122K(349696K)->4122K(349696K)
[17.293s][info ][gc,metaspace   ] GC(412) Metaspace: 9577K(9856K)->9577K(9856K) NonClass: 8508K(8640K)->8508K(8640K) Class: 1069K(1216K)->1069K(1216K)
[17.293s][info ][gc             ] GC(412) Pause Young (Allocation Failure) 232M->4M(563M) 0.243ms
[17.293s][info ][gc,cpu         ] GC(412) User=0.00s Sys=0.00s Real=0.00s
[17.310s][info ][gc,start       ] GC(413) Pause Young (Allocation Failure)
[17.310s][debug][gc,age         ] GC(413) Desired survivor size 1048576 bytes, new threshold 1 (max threshold 15)
[17.310s][info ][gc,heap        ] GC(413) PSYoungGen: 226777K(227328K)->454K(220672K) Eden: 226681K(226816K)->0K(219648K) From: 96K(512K)->454K(1024K)
[17.310s][info ][gc,heap        ] GC(413) ParOldGen: 4122K(349696K)->4122K(349696K)
[17.310s][info ][gc,metaspace   ] GC(413) Metaspace: 9577K(9856K)->9577K(9856K) NonClass: 8508K(8640K)->8508K(8640K) Class: 1069K(1216K)->1069K(1216K)
[17.310s][info ][gc             ] GC(413) Pause Young (Allocation Failure) 225M->4M(557M) 0.223ms
[17.310s][info ][gc,cpu         ] GC(413) User=0.00s Sys=0.00s Real=0.00s
[17.327s][info ][gc,start       ] GC(414) Pause Young (Allocation Failure)
[17.327s][debug][gc,age         ] GC(414) Desired survivor size 1048576 bytes, new threshold 1 (max threshold 15)
[17.327s][info ][gc,heap        ] GC(414) PSYoungGen: 220066K(220672K)->64K(213504K) Eden: 219611K(219648K)->0K(212992K) From: 454K(1024K)->64K(512K)
[17.327s][info ][gc,heap        ] GC(414) ParOldGen: 4122K(349696K)->4122K(349696K)
[17.327s][info ][gc,metaspace   ] GC(414) Metaspace: 9577K(9856K)->9577K(9856K) NonClass: 8508K(8640K)->8508K(8640K) Class: 1069K(1216K)->1069K(1216K)
[17.327s][info ][gc             ] GC(414) Pause Young (Allocation Failure) 218M->4M(550M) 0.420ms
[17.327s][info ][gc,cpu         ] GC(414) User=0.00s Sys=0.00s Real=0.00s
[17.343s][info ][gc,start       ] GC(415) Pause Young (Allocation Failure)
[17.343s][debug][gc,age         ] GC(415) Desired survivor size 1048576 bytes, new threshold 1 (max threshold 15)
[17.343s][info ][gc,heap        ] GC(415) PSYoungGen: 212750K(213504K)->96K(257024K) Eden: 212686K(212992K)->0K(256000K) From: 64K(512K)->96K(1024K)
[17.343s][info ][gc,heap        ] GC(415) ParOldGen: 4122K(349696K)->4122K(349696K)
[17.343s][info ][gc,metaspace   ] GC(415) Metaspace: 9577K(9856K)->9577K(9856K) NonClass: 8508K(8640K)->8508K(8640K) Class: 1069K(1216K)->1069K(1216K)
[17.343s][info ][gc             ] GC(415) Pause Young (Allocation Failure) 211M->4M(592M) 0.245ms
[17.343s][info ][gc,cpu         ] GC(415) User=0.00s Sys=0.00s Real=0.00s
[17.362s][info ][gc,start       ] GC(416) Pause Young (Allocation Failure)
[17.362s][debug][gc,age         ] GC(416) Desired survivor size 1048576 bytes, new threshold 1 (max threshold 15)
[17.362s][info ][gc,heap        ] GC(416) PSYoungGen: 255786K(257024K)->454K(248320K) Eden: 255690K(256000K)->0K(247808K) From: 96K(1024K)->454K(512K)
[17.362s][info ][gc,heap        ] GC(416) ParOldGen: 4122K(349696K)->4122K(349696K)
[17.362s][info ][gc,metaspace   ] GC(416) Metaspace: 9577K(9856K)->9577K(9856K) NonClass: 8508K(8640K)->8508K(8640K) Class: 1069K(1216K)->1069K(1216K)
[17.362s][info ][gc             ] GC(416) Pause Young (Allocation Failure) 253M->4M(584M) 0.210ms
[17.362s][info ][gc,cpu         ] GC(416) User=0.00s Sys=0.00s Real=0.00s
[17.381s][info ][gc,start       ] GC(417) Pause Young (Allocation Failure)
[17.381s][debug][gc,age         ] GC(417) Desired survivor size 1048576 bytes, new threshold 1 (max threshold 15)
[17.381s][info ][gc,heap        ] GC(417) PSYoungGen: 247984K(248320K)->454K(241152K) Eden: 247529K(247808K)->0K(240128K) From: 454K(512K)->454K(1024K)
[17.381s][info ][gc,heap        ] GC(417) ParOldGen: 4122K(349696K)->4122K(349696K)
[17.381s][info ][gc,metaspace   ] GC(417) Metaspace: 9577K(9856K)->9577K(9856K) NonClass: 8508K(8640K)->8508K(8640K) Class: 1069K(1216K)->1069K(1216K)
[17.381s][info ][gc             ] GC(417) Pause Young (Allocation Failure) 246M->4M(577M) 0.226ms
[17.381s][info ][gc,cpu         ] GC(417) User=0.00s Sys=0.00s Real=0.00s
[17.398s][info ][gc,start       ] GC(418) Pause Young (Allocation Failure)
[17.399s][debug][gc,age         ] GC(418) Desired survivor size 1048576 bytes, new threshold 1 (max threshold 15)
[17.399s][info ][gc,heap        ] GC(418) PSYoungGen: 240499K(241152K)->96K(288768K) Eden: 240045K(240128K)->0K(288256K) From: 454K(1024K)->96K(512K)
[17.399s][info ][gc,heap        ] GC(418) ParOldGen: 4122K(349696K)->4122K(349696K)
[17.399s][info ][gc,metaspace   ] GC(418) Metaspace: 9577K(9856K)->9577K(9856K) NonClass: 8508K(8640K)->8508K(8640K) Class: 1069K(1216K)->1069K(1216K)
[17.399s][info ][gc             ] GC(418) Pause Young (Allocation Failure) 238M->4M(623M) 0.307ms
[17.399s][info ][gc,cpu         ] GC(418) User=0.00s Sys=0.00s Real=0.00s
[17.420s][info ][gc,start       ] GC(419) Pause Young (Allocation Failure)
[17.420s][debug][gc,age         ] GC(419) Desired survivor size 1048576 bytes, new threshold 1 (max threshold 15)
[17.420s][info ][gc,heap        ] GC(419) PSYoungGen: 288228K(288768K)->96K(279552K) Eden: 288132K(288256K)->0K(278528K) From: 96K(512K)->96K(1024K)
[17.420s][info ][gc,heap        ] GC(419) ParOldGen: 4122K(349696K)->4122K(349696K)
[17.420s][info ][gc,metaspace   ] GC(419) Metaspace: 9577K(9856K)->9577K(9856K) NonClass: 8508K(8640K)->8508K(8640K) Class: 1069K(1216K)->1069K(1216K)
[17.420s][info ][gc             ] GC(419) Pause Young (Allocation Failure) 285M->4M(614M) 0.219ms
[17.420s][info ][gc,cpu         ] GC(419) User=0.00s Sys=0.00s Real=0.00s
[17.440s][info ][gc,start       ] GC(420) Pause Young (Allocation Failure)
[17.441s][debug][gc,age         ] GC(420) Desired survivor size 1048576 bytes, new threshold 1 (max threshold 15)
[17.441s][info ][gc,heap        ] GC(420) PSYoungGen: 278583K(279552K)->486K(269824K) Eden: 278487K(278528K)->0K(269312K) From: 96K(1024K)->486K(512K)
[17.441s][info ][gc,heap        ] GC(420) ParOldGen: 4122K(349696K)->4122K(349696K)
[17.441s][info ][gc,metaspace   ] GC(420) Metaspace: 9577K(9856K)->9577K(9856K) NonClass: 8508K(8640K)->8508K(8640K) Class: 1069K(1216K)->1069K(1216K)
[17.441s][info ][gc             ] GC(420) Pause Young (Allocation Failure) 276M->4M(605M) 0.288ms
[17.441s][info ][gc,cpu         ] GC(420) User=0.00s Sys=0.00s Real=0.00s
[17.461s][info ][gc,start       ] GC(421) Pause Young (Allocation Failure)
[17.461s][debug][gc,age         ] GC(421) Desired survivor size 1048576 bytes, new threshold 1 (max threshold 15)
[17.461s][info ][gc,heap        ] GC(421) PSYoungGen: 269551K(269824K)->96K(261632K) Eden: 269064K(269312K)->0K(260608K) From: 486K(512K)->96K(1024K)
[17.461s][info ][gc,heap        ] GC(421) ParOldGen: 4122K(349696K)->4122K(349696K)
[17.461s][info ][gc,metaspace   ] GC(421) Metaspace: 9577K(9856K)->9577K(9856K) NonClass: 8508K(8640K)->8508K(8640K) Class: 1069K(1216K)->1069K(1216K)
[17.461s][info ][gc             ] GC(421) Pause Young (Allocation Failure) 267M->4M(597M) 0.269ms
[17.461s][info ][gc,cpu         ] GC(421) User=0.00s Sys=0.00s Real=0.00s
[17.480s][info ][gc,start       ] GC(422) Pause Young (Allocation Failure)
[17.480s][debug][gc,age         ] GC(422) Desired survivor size 1048576 bytes, new threshold 1 (max threshold 15)
[17.480s][info ][gc,heap        ] GC(422) PSYoungGen: 260704K(261632K)->454K(252928K) Eden: 260608K(260608K)->0K(252416K) From: 96K(1024K)->454K(512K)
[17.480s][info ][gc,heap        ] GC(422) ParOldGen: 4122K(349696K)->4122K(349696K)
[17.480s][info ][gc,metaspace   ] GC(422) Metaspace: 9577K(9856K)->9577K(9856K) NonClass: 8508K(8640K)->8508K(8640K) Class: 1069K(1216K)->1069K(1216K)
[17.480s][info ][gc             ] GC(422) Pause Young (Allocation Failure) 258M->4M(588M) 0.237ms
[17.480s][info ][gc,cpu         ] GC(422) User=0.00s Sys=0.00s Real=0.00s
[17.498s][info ][gc,start       ] GC(423) Pause Young (Allocation Failure)
[17.499s][debug][gc,age         ] GC(423) Desired survivor size 1048576 bytes, new threshold 1 (max threshold 15)
[17.499s][info ][gc,heap        ] GC(423) PSYoungGen: 252683K(252928K)->454K(245248K) Eden: 252229K(252416K)->0K(244224K) From: 454K(512K)->454K(1024K)
[17.499s][info ][gc,heap        ] GC(423) ParOldGen: 4122K(349696K)->4122K(349696K)
[17.499s][info ][gc,metaspace   ] GC(423) Metaspace: 9577K(9856K)->9577K(9856K) NonClass: 8508K(8640K)->8508K(8640K) Class: 1069K(1216K)->1069K(1216K)
[17.499s][info ][gc             ] GC(423) Pause Young (Allocation Failure) 250M->4M(581M) 0.270ms
[17.499s][info ][gc,cpu         ] GC(423) User=0.00s Sys=0.00s Real=0.00s
[17.517s][info ][gc,start       ] GC(424) Pause Young (Allocation Failure)
[17.517s][debug][gc,age         ] GC(424) Desired survivor size 1048576 bytes, new threshold 1 (max threshold 15)
[17.517s][info ][gc,heap        ] GC(424) PSYoungGen: 244661K(245248K)->96K(237056K) Eden: 244206K(244224K)->0K(236544K) From: 454K(1024K)->96K(512K)
[17.517s][info ][gc,heap        ] GC(424) ParOldGen: 4122K(349696K)->4122K(349696K)
[17.517s][info ][gc,metaspace   ] GC(424) Metaspace: 9577K(9856K)->9577K(9856K) NonClass: 8508K(8640K)->8508K(8640K) Class: 1069K(1216K)->1069K(1216K)
[17.517s][info ][gc             ] GC(424) Pause Young (Allocation Failure) 242M->4M(573M) 0.231ms
[17.517s][info ][gc,cpu         ] GC(424) User=0.00s Sys=0.00s Real=0.00s
[17.534s][info ][gc,start       ] GC(425) Pause Young (Allocation Failure)
[17.534s][debug][gc,age         ] GC(425) Desired survivor size 1048576 bytes, new threshold 1 (max threshold 15)
[17.534s][info ][gc,heap        ] GC(425) PSYoungGen: 236440K(237056K)->486K(285184K) Eden: 236344K(236544K)->0K(284160K) From: 96K(512K)->486K(1024K)
[17.534s][info ][gc,heap        ] GC(425) ParOldGen: 4122K(349696K)->4122K(349696K)
[17.534s][info ][gc,metaspace   ] GC(425) Metaspace: 9577K(9856K)->9577K(9856K) NonClass: 8508K(8640K)->8508K(8640K) Class: 1069K(1216K)->1069K(1216K)
[17.534s][info ][gc             ] GC(425) Pause Young (Allocation Failure) 234M->4M(620M) 0.265ms
[17.534s][info ][gc,cpu         ] GC(425) User=0.00s Sys=0.00s Real=0.00s
[17.556s][info ][gc,start       ] GC(426) Pause Young (Allocation Failure)
[17.556s][debug][gc,age         ] GC(426) Desired survivor size 1048576 bytes, new threshold 1 (max threshold 15)
[17.556s][info ][gc,heap        ] GC(426) PSYoungGen: 284616K(285184K)->64K(275456K) Eden: 284130K(284160K)->0K(274944K) From: 486K(1024K)->64K(512K)
[17.556s][info ][gc,heap        ] GC(426) ParOldGen: 4122K(349696K)->4122K(349696K)
[17.556s][info ][gc,metaspace   ] GC(426) Metaspace: 9577K(9856K)->9577K(9856K) NonClass: 8508K(8640K)->8508K(8640K) Class: 1069K(1216K)->1069K(1216K)
[17.556s][info ][gc             ] GC(426) Pause Young (Allocation Failure) 281M->4M(610M) 0.261ms
[17.556s][info ][gc,cpu         ] GC(426) User=0.00s Sys=0.00s Real=0.00s
[17.575s][info ][gc,start       ] GC(427) Pause Young (Allocation Failure)
[17.576s][debug][gc,age         ] GC(427) Desired survivor size 1048576 bytes, new threshold 1 (max threshold 15)
[17.576s][info ][gc,heap        ] GC(427) PSYoungGen: 274680K(275456K)->486K(266752K) Eden: 274616K(274944K)->0K(265728K) From: 64K(512K)->486K(1024K)
[17.576s][info ][gc,heap        ] GC(427) ParOldGen: 4122K(349696K)->4122K(349696K)
[17.576s][info ][gc,metaspace   ] GC(427) Metaspace: 9577K(9856K)->9577K(9856K) NonClass: 8508K(8640K)->8508K(8640K) Class: 1069K(1216K)->1069K(1216K)
[17.576s][info ][gc             ] GC(427) Pause Young (Allocation Failure) 272M->4M(602M) 0.226ms
[17.576s][info ][gc,cpu         ] GC(427) User=0.00s Sys=0.00s Real=0.00s
[17.594s][info ][gc,start       ] GC(428) Pause Young (Allocation Failure)
[17.594s][debug][gc,age         ] GC(428) Desired survivor size 1048576 bytes, new threshold 1 (max threshold 15)
[17.594s][info ][gc,heap        ] GC(428) PSYoungGen: 265891K(266752K)->96K(257536K) Eden: 265404K(265728K)->0K(257024K) From: 486K(1024K)->96K(512K)
[17.594s][info ][gc,heap        ] GC(428) ParOldGen: 4122K(349696K)->4122K(349696K)
[17.594s][info ][gc,metaspace   ] GC(428) Metaspace: 9577K(9856K)->9577K(9856K) NonClass: 8508K(8640K)->8508K(8640K) Class: 1069K(1216K)->1069K(1216K)
[17.594s][info ][gc             ] GC(428) Pause Young (Allocation Failure) 263M->4M(593M) 0.194ms
[17.594s][info ][gc,cpu         ] GC(428) User=0.00s Sys=0.00s Real=0.00s
[17.612s][info ][gc,start       ] GC(429) Pause Young (Allocation Failure)
[17.612s][debug][gc,age         ] GC(429) Desired survivor size 1048576 bytes, new threshold 1 (max threshold 15)
[17.612s][info ][gc,heap        ] GC(429) PSYoungGen: 256982K(257536K)->96K(249856K) Eden: 256886K(257024K)->0K(248832K) From: 96K(512K)->96K(1024K)
[17.612s][info ][gc,heap        ] GC(429) ParOldGen: 4122K(349696K)->4122K(349696K)
[17.612s][info ][gc,metaspace   ] GC(429) Metaspace: 9577K(9856K)->9577K(9856K) NonClass: 8508K(8640K)->8508K(8640K) Class: 1069K(1216K)->1069K(1216K)
[17.612s][info ][gc             ] GC(429) Pause Young (Allocation Failure) 254M->4M(585M) 0.175ms
[17.612s][info ][gc,cpu         ] GC(429) User=0.00s Sys=0.00s Real=0.00s
[17.630s][info ][gc,start       ] GC(430) Pause Young (Allocation Failure)
[17.630s][debug][gc,age         ] GC(430) Desired survivor size 1048576 bytes, new threshold 1 (max threshold 15)
[17.630s][info ][gc,heap        ] GC(430) PSYoungGen: 248928K(249856K)->454K(241664K) Eden: 248832K(248832K)->0K(241152K) From: 96K(1024K)->454K(512K)
[17.630s][info ][gc,heap        ] GC(430) ParOldGen: 4122K(349696K)->4122K(349696K)
[17.630s][info ][gc,metaspace   ] GC(430) Metaspace: 9577K(9856K)->9577K(9856K) NonClass: 8508K(8640K)->8508K(8640K) Class: 1069K(1216K)->1069K(1216K)
[17.630s][info ][gc             ] GC(430) Pause Young (Allocation Failure) 247M->4M(577M) 0.210ms
[17.630s][info ][gc,cpu         ] GC(430) User=0.00s Sys=0.00s Real=0.00s
[17.648s][info ][gc,start       ] GC(431) Pause Young (Allocation Failure)
[17.648s][debug][gc,age         ] GC(431) Desired survivor size 1048576 bytes, new threshold 1 (max threshold 15)
[17.648s][info ][gc,heap        ] GC(431) PSYoungGen: 241440K(241664K)->96K(234496K) Eden: 240985K(241152K)->0K(233472K) From: 454K(512K)->96K(1024K)
[17.648s][info ][gc,heap        ] GC(431) ParOldGen: 4122K(349696K)->4122K(349696K)
[17.648s][info ][gc,metaspace   ] GC(431) Metaspace: 9577K(9856K)->9577K(9856K) NonClass: 8508K(8640K)->8508K(8640K) Class: 1069K(1216K)->1069K(1216K)
[17.648s][info ][gc             ] GC(431) Pause Young (Allocation Failure) 239M->4M(570M) 0.180ms
[17.648s][info ][gc,cpu         ] GC(431) User=0.00s Sys=0.01s Real=0.00s
[17.665s][info ][gc,start       ] GC(432) Pause Young (Allocation Failure)
[17.665s][debug][gc,age         ] GC(432) Desired survivor size 1048576 bytes, new threshold 1 (max threshold 15)
[17.665s][info ][gc,heap        ] GC(432) PSYoungGen: 233189K(234496K)->486K(226816K) Eden: 233093K(233472K)->0K(226304K) From: 96K(1024K)->486K(512K)
[17.665s][info ][gc,heap        ] GC(432) ParOldGen: 4122K(349696K)->4122K(349696K)
[17.665s][info ][gc,metaspace   ] GC(432) Metaspace: 9577K(9856K)->9577K(9856K) NonClass: 8508K(8640K)->8508K(8640K) Class: 1069K(1216K)->1069K(1216K)
[17.665s][info ][gc             ] GC(432) Pause Young (Allocation Failure) 231M->4M(563M) 0.262ms
[17.665s][info ][gc,cpu         ] GC(432) User=0.01s Sys=0.00s Real=0.00s
[17.682s][info ][gc,start       ] GC(433) Pause Young (Allocation Failure)
[17.682s][debug][gc,age         ] GC(433) Desired survivor size 1048576 bytes, new threshold 1 (max threshold 15)
[17.682s][info ][gc,heap        ] GC(433) PSYoungGen: 226610K(226816K)->96K(220672K) Eden: 226123K(226304K)->0K(219648K) From: 486K(512K)->96K(1024K)
[17.682s][info ][gc,heap        ] GC(433) ParOldGen: 4122K(349696K)->4122K(349696K)
[17.682s][info ][gc,metaspace   ] GC(433) Metaspace: 9577K(9856K)->9577K(9856K) NonClass: 8508K(8640K)->8508K(8640K) Class: 1069K(1216K)->1069K(1216K)
[17.682s][info ][gc             ] GC(433) Pause Young (Allocation Failure) 225M->4M(557M) 0.242ms
[17.682s][info ][gc,cpu         ] GC(433) User=0.00s Sys=0.00s Real=0.00s
[17.698s][info ][gc,start       ] GC(434) Pause Young (Allocation Failure)
[17.698s][debug][gc,age         ] GC(434) Desired survivor size 1048576 bytes, new threshold 1 (max threshold 15)
[17.698s][info ][gc,heap        ] GC(434) PSYoungGen: 219647K(220672K)->64K(213504K) Eden: 219551K(219648K)->0K(212992K) From: 96K(1024K)->64K(512K)
[17.698s][info ][gc,heap        ] GC(434) ParOldGen: 4122K(349696K)->4122K(349696K)
[17.698s][info ][gc,metaspace   ] GC(434) Metaspace: 9577K(9856K)->9577K(9856K) NonClass: 8508K(8640K)->8508K(8640K) Class: 1069K(1216K)->1069K(1216K)
[17.698s][info ][gc             ] GC(434) Pause Young (Allocation Failure) 218M->4M(550M) 0.265ms
[17.698s][info ][gc,cpu         ] GC(434) User=0.00s Sys=0.00s Real=0.00s
[17.714s][info ][gc,start       ] GC(435) Pause Young (Allocation Failure)
[17.714s][debug][gc,age         ] GC(435) Desired survivor size 1048576 bytes, new threshold 1 (max threshold 15)
[17.714s][info ][gc,heap        ] GC(435) PSYoungGen: 212789K(213504K)->486K(257024K) Eden: 212725K(212992K)->0K(256000K) From: 64K(512K)->486K(1024K)
[17.714s][info ][gc,heap        ] GC(435) ParOldGen: 4122K(349696K)->4122K(349696K)
[17.714s][info ][gc,metaspace   ] GC(435) Metaspace: 9577K(9856K)->9577K(9856K) NonClass: 8508K(8640K)->8508K(8640K) Class: 1069K(1216K)->1069K(1216K)
[17.714s][info ][gc             ] GC(435) Pause Young (Allocation Failure) 211M->4M(592M) 0.260ms
[17.714s][info ][gc,cpu         ] GC(435) User=0.00s Sys=0.00s Real=0.00s
[17.733s][info ][gc,start       ] GC(436) Pause Young (Allocation Failure)
[17.733s][debug][gc,age         ] GC(436) Desired survivor size 1048576 bytes, new threshold 1 (max threshold 15)
[17.733s][info ][gc,heap        ] GC(436) PSYoungGen: 256296K(257024K)->96K(307712K) Eden: 255809K(256000K)->0K(307200K) From: 486K(1024K)->96K(512K)
[17.733s][info ][gc,heap        ] GC(436) ParOldGen: 4122K(349696K)->4122K(349696K)
[17.733s][info ][gc,metaspace   ] GC(436) Metaspace: 9577K(9856K)->9577K(9856K) NonClass: 8508K(8640K)->8508K(8640K) Class: 1069K(1216K)->1069K(1216K)
[17.733s][info ][gc             ] GC(436) Pause Young (Allocation Failure) 254M->4M(642M) 0.286ms
[17.733s][info ][gc,cpu         ] GC(436) User=0.00s Sys=0.00s Real=0.00s
[17.756s][info ][gc,start       ] GC(437) Pause Young (Allocation Failure)
[17.756s][debug][gc,age         ] GC(437) Desired survivor size 1048576 bytes, new threshold 1 (max threshold 15)
[17.756s][info ][gc,heap        ] GC(437) PSYoungGen: 307021K(307712K)->96K(297472K) Eden: 306925K(307200K)->0K(296448K) From: 96K(512K)->96K(1024K)
[17.756s][info ][gc,heap        ] GC(437) ParOldGen: 4122K(349696K)->4122K(349696K)
[17.756s][info ][gc,metaspace   ] GC(437) Metaspace: 9577K(9856K)->9577K(9856K) NonClass: 8508K(8640K)->8508K(8640K) Class: 1069K(1216K)->1069K(1216K)
[17.756s][info ][gc             ] GC(437) Pause Young (Allocation Failure) 303M->4M(632M) 0.221ms
[17.756s][info ][gc,cpu         ] GC(437) User=0.01s Sys=0.00s Real=0.00s
[17.778s][info ][gc,start       ] GC(438) Pause Young (Allocation Failure)
[17.778s][debug][gc,age         ] GC(438) Desired survivor size 1048576 bytes, new threshold 1 (max threshold 15)
[17.778s][info ][gc,heap        ] GC(438) PSYoungGen: 296246K(297472K)->486K(286720K) Eden: 296150K(296448K)->0K(286208K) From: 96K(1024K)->486K(512K)
[17.778s][info ][gc,heap        ] GC(438) ParOldGen: 4122K(349696K)->4122K(349696K)
[17.778s][info ][gc,metaspace   ] GC(438) Metaspace: 9577K(9856K)->9577K(9856K) NonClass: 8508K(8640K)->8508K(8640K) Class: 1069K(1216K)->1069K(1216K)
[17.778s][info ][gc             ] GC(438) Pause Young (Allocation Failure) 293M->4M(621M) 0.273ms
[17.778s][info ][gc,cpu         ] GC(438) User=0.00s Sys=0.00s Real=0.00s
[17.799s][info ][gc,start       ] GC(439) Pause Young (Allocation Failure)
[17.799s][debug][gc,age         ] GC(439) Desired survivor size 1048576 bytes, new threshold 1 (max threshold 15)
[17.799s][info ][gc,heap        ] GC(439) PSYoungGen: 286694K(286720K)->454K(277504K) Eden: 286208K(286208K)->0K(276480K) From: 486K(512K)->454K(1024K)
[17.799s][info ][gc,heap        ] GC(439) ParOldGen: 4122K(349696K)->4122K(349696K)
[17.799s][info ][gc,metaspace   ] GC(439) Metaspace: 9577K(9856K)->9577K(9856K) NonClass: 8508K(8640K)->8508K(8640K) Class: 1069K(1216K)->1069K(1216K)
[17.799s][info ][gc             ] GC(439) Pause Young (Allocation Failure) 284M->4M(612M) 0.238ms
[17.799s][info ][gc,cpu         ] GC(439) User=0.00s Sys=0.00s Real=0.00s
[17.820s][info ][gc,start       ] GC(440) Pause Young (Allocation Failure)
[17.820s][debug][gc,age         ] GC(440) Desired survivor size 1048576 bytes, new threshold 1 (max threshold 15)
[17.820s][info ][gc,heap        ] GC(440) PSYoungGen: 276934K(277504K)->96K(267776K) Eden: 276480K(276480K)->0K(267264K) From: 454K(1024K)->96K(512K)
[17.820s][info ][gc,heap        ] GC(440) ParOldGen: 4122K(349696K)->4122K(349696K)
[17.820s][info ][gc,metaspace   ] GC(440) Metaspace: 9577K(9856K)->9577K(9856K) NonClass: 8508K(8640K)->8508K(8640K) Class: 1069K(1216K)->1069K(1216K)
[17.820s][info ][gc             ] GC(440) Pause Young (Allocation Failure) 274M->4M(603M) 0.271ms
[17.820s][info ][gc,cpu         ] GC(440) User=0.00s Sys=0.00s Real=0.00s
[17.839s][info ][gc,start       ] GC(441) Pause Young (Allocation Failure)
[17.840s][debug][gc,age         ] GC(441) Desired survivor size 1048576 bytes, new threshold 1 (max threshold 15)
[17.840s][info ][gc,heap        ] GC(441) PSYoungGen: 267360K(267776K)->96K(259584K) Eden: 267264K(267264K)->0K(258560K) From: 96K(512K)->96K(1024K)
[17.840s][info ][gc,heap        ] GC(441) ParOldGen: 4122K(349696K)->4122K(349696K)
[17.840s][info ][gc,metaspace   ] GC(441) Metaspace: 9577K(9856K)->9577K(9856K) NonClass: 8508K(8640K)->8508K(8640K) Class: 1069K(1216K)->1069K(1216K)
[17.840s][info ][gc             ] GC(441) Pause Young (Allocation Failure) 265M->4M(595M) 0.248ms
[17.840s][info ][gc,cpu         ] GC(441) User=0.00s Sys=0.00s Real=0.00s
[17.859s][info ][gc,start       ] GC(442) Pause Young (Allocation Failure)
[17.859s][debug][gc,age         ] GC(442) Desired survivor size 1048576 bytes, new threshold 1 (max threshold 15)
[17.859s][info ][gc,heap        ] GC(442) PSYoungGen: 258612K(259584K)->96K(250880K) Eden: 258516K(258560K)->0K(250368K) From: 96K(1024K)->96K(512K)
[17.859s][info ][gc,heap        ] GC(442) ParOldGen: 4122K(349696K)->4122K(349696K)
[17.859s][info ][gc,metaspace   ] GC(442) Metaspace: 9577K(9856K)->9577K(9856K) NonClass: 8508K(8640K)->8508K(8640K) Class: 1069K(1216K)->1069K(1216K)
[17.859s][info ][gc             ] GC(442) Pause Young (Allocation Failure) 256M->4M(586M) 0.254ms
[17.859s][info ][gc,cpu         ] GC(442) User=0.00s Sys=0.00s Real=0.00s
[17.877s][info ][gc,start       ] GC(443) Pause Young (Allocation Failure)
[17.877s][debug][gc,age         ] GC(443) Desired survivor size 1048576 bytes, new threshold 1 (max threshold 15)
[17.878s][info ][gc,heap        ] GC(443) PSYoungGen: 250464K(250880K)->454K(243200K) Eden: 250368K(250368K)->0K(242176K) From: 96K(512K)->454K(1024K)
[17.878s][info ][gc,heap        ] GC(443) ParOldGen: 4122K(349696K)->4122K(349696K)
[17.878s][info ][gc,metaspace   ] GC(443) Metaspace: 9577K(9856K)->9577K(9856K) NonClass: 8508K(8640K)->8508K(8640K) Class: 1069K(1216K)->1069K(1216K)
[17.878s][info ][gc             ] GC(443) Pause Young (Allocation Failure) 248M->4M(579M) 0.229ms
[17.878s][info ][gc,cpu         ] GC(443) User=0.00s Sys=0.00s Real=0.00s
[17.895s][info ][gc,start       ] GC(444) Pause Young (Allocation Failure)
[17.895s][debug][gc,age         ] GC(444) Desired survivor size 1048576 bytes, new threshold 1 (max threshold 15)
[17.895s][info ][gc,heap        ] GC(444) PSYoungGen: 242630K(243200K)->454K(235008K) Eden: 242176K(242176K)->0K(234496K) From: 454K(1024K)->454K(512K)
[17.895s][info ][gc,heap        ] GC(444) ParOldGen: 4122K(349696K)->4122K(349696K)
[17.895s][info ][gc,metaspace   ] GC(444) Metaspace: 9577K(9856K)->9577K(9856K) NonClass: 8508K(8640K)->8508K(8640K) Class: 1069K(1216K)->1069K(1216K)
[17.895s][info ][gc             ] GC(444) Pause Young (Allocation Failure) 240M->4M(571M) 0.243ms
[17.895s][info ][gc,cpu         ] GC(444) User=0.00s Sys=0.01s Real=0.00s
[17.912s][info ][gc,start       ] GC(445) Pause Young (Allocation Failure)
[17.913s][debug][gc,age         ] GC(445) Desired survivor size 1048576 bytes, new threshold 1 (max threshold 15)
[17.913s][info ][gc,heap        ] GC(445) PSYoungGen: 234652K(235008K)->454K(228352K) Eden: 234197K(234496K)->0K(227328K) From: 454K(512K)->454K(1024K)
[17.913s][info ][gc,heap        ] GC(445) ParOldGen: 4122K(349696K)->4122K(349696K)
[17.913s][info ][gc,metaspace   ] GC(445) Metaspace: 9577K(9856K)->9577K(9856K) NonClass: 8508K(8640K)->8508K(8640K) Class: 1069K(1216K)->1069K(1216K)
[17.913s][info ][gc             ] GC(445) Pause Young (Allocation Failure) 233M->4M(564M) 0.233ms
[17.913s][info ][gc,cpu         ] GC(445) User=0.00s Sys=0.00s Real=0.00s
[17.930s][info ][gc,start       ] GC(446) Pause Young (Allocation Failure)
[17.930s][debug][gc,age         ] GC(446) Desired survivor size 1048576 bytes, new threshold 1 (max threshold 15)
[17.930s][info ][gc,heap        ] GC(446) PSYoungGen: 227586K(228352K)->454K(220672K) Eden: 227131K(227328K)->0K(220160K) From: 454K(1024K)->454K(512K)
[17.930s][info ][gc,heap        ] GC(446) ParOldGen: 4122K(349696K)->4122K(349696K)
[17.930s][info ][gc,metaspace   ] GC(446) Metaspace: 9577K(9856K)->9577K(9856K) NonClass: 8508K(8640K)->8508K(8640K) Class: 1069K(1216K)->1069K(1216K)
[17.930s][info ][gc             ] GC(446) Pause Young (Allocation Failure) 226M->4M(557M) 0.249ms
[17.930s][info ][gc,cpu         ] GC(446) User=0.00s Sys=0.00s Real=0.00s
[17.946s][info ][gc,start       ] GC(447) Pause Young (Allocation Failure)
[17.946s][debug][gc,age         ] GC(447) Desired survivor size 1048576 bytes, new threshold 1 (max threshold 15)
[17.946s][info ][gc,heap        ] GC(447) PSYoungGen: 220614K(220672K)->64K(214528K) Eden: 220160K(220160K)->0K(213504K) From: 454K(512K)->64K(1024K)
[17.946s][info ][gc,heap        ] GC(447) ParOldGen: 4122K(349696K)->4122K(349696K)
[17.946s][info ][gc,metaspace   ] GC(447) Metaspace: 9577K(9856K)->9577K(9856K) NonClass: 8508K(8640K)->8508K(8640K) Class: 1069K(1216K)->1069K(1216K)
[17.946s][info ][gc             ] GC(447) Pause Young (Allocation Failure) 219M->4M(551M) 0.242ms
[17.946s][info ][gc,cpu         ] GC(447) User=0.00s Sys=0.00s Real=0.00s
[17.961s][info ][gc,start       ] GC(448) Pause Young (Allocation Failure)
[17.962s][debug][gc,age         ] GC(448) Desired survivor size 1048576 bytes, new threshold 1 (max threshold 15)
[17.962s][info ][gc,heap        ] GC(448) PSYoungGen: 213246K(214528K)->96K(207872K) Eden: 213182K(213504K)->0K(207360K) From: 64K(1024K)->96K(512K)
[17.962s][info ][gc,heap        ] GC(448) ParOldGen: 4122K(349696K)->4122K(349696K)
[17.962s][info ][gc,metaspace   ] GC(448) Metaspace: 9577K(9856K)->9577K(9856K) NonClass: 8508K(8640K)->8508K(8640K) Class: 1069K(1216K)->1069K(1216K)
[17.962s][info ][gc             ] GC(448) Pause Young (Allocation Failure) 212M->4M(544M) 0.234ms
[17.962s][info ][gc,cpu         ] GC(448) User=0.00s Sys=0.00s Real=0.00s
[17.977s][info ][gc,start       ] GC(449) Pause Young (Allocation Failure)
[17.977s][debug][gc,age         ] GC(449) Desired survivor size 1048576 bytes, new threshold 1 (max threshold 15)
[17.977s][info ][gc,heap        ] GC(449) PSYoungGen: 207344K(207872K)->454K(249856K) Eden: 207248K(207360K)->0K(248832K) From: 96K(512K)->454K(1024K)
[17.977s][info ][gc,heap        ] GC(449) ParOldGen: 4122K(349696K)->4122K(349696K)
[17.977s][info ][gc,metaspace   ] GC(449) Metaspace: 9577K(9856K)->9577K(9856K) NonClass: 8508K(8640K)->8508K(8640K) Class: 1069K(1216K)->1069K(1216K)
[17.977s][info ][gc             ] GC(449) Pause Young (Allocation Failure) 206M->4M(585M) 0.244ms
[17.977s][info ][gc,cpu         ] GC(449) User=0.00s Sys=0.00s Real=0.00s
[17.995s][info ][gc,start       ] GC(450) Pause Young (Allocation Failure)
[17.996s][debug][gc,age         ] GC(450) Desired survivor size 1048576 bytes, new threshold 1 (max threshold 15)
[17.996s][info ][gc,heap        ] GC(450) PSYoungGen: 249274K(249856K)->96K(299520K) Eden: 248819K(248832K)->0K(299008K) From: 454K(1024K)->96K(512K)
[17.996s][info ][gc,heap        ] GC(450) ParOldGen: 4122K(349696K)->4122K(349696K)
[17.996s][info ][gc,metaspace   ] GC(450) Metaspace: 9577K(9856K)->9577K(9856K) NonClass: 8508K(8640K)->8508K(8640K) Class: 1069K(1216K)->1069K(1216K)
[17.996s][info ][gc             ] GC(450) Pause Young (Allocation Failure) 247M->4M(634M) 0.278ms
[17.996s][info ][gc,cpu         ] GC(450) User=0.00s Sys=0.00s Real=0.01s
[18.017s][info ][gc,start       ] GC(451) Pause Young (Allocation Failure)
[18.017s][debug][gc,age         ] GC(451) Desired survivor size 1048576 bytes, new threshold 1 (max threshold 15)
[18.017s][info ][gc,heap        ] GC(451) PSYoungGen: 299104K(299520K)->454K(289792K) Eden: 299008K(299008K)->0K(288768K) From: 96K(512K)->454K(1024K)
[18.017s][info ][gc,heap        ] GC(451) ParOldGen: 4122K(349696K)->4122K(349696K)
[18.017s][info ][gc,metaspace   ] GC(451) Metaspace: 9577K(9856K)->9577K(9856K) NonClass: 8508K(8640K)->8508K(8640K) Class: 1069K(1216K)->1069K(1216K)
[18.017s][info ][gc             ] GC(451) Pause Young (Allocation Failure) 296M->4M(624M) 0.251ms
[18.017s][info ][gc,cpu         ] GC(451) User=0.00s Sys=0.00s Real=0.00s
[18.039s][info ][gc,start       ] GC(452) Pause Young (Allocation Failure)
[18.039s][debug][gc,age         ] GC(452) Desired survivor size 1048576 bytes, new threshold 1 (max threshold 15)
[18.039s][info ][gc,heap        ] GC(452) PSYoungGen: 289204K(289792K)->64K(279552K) Eden: 288750K(288768K)->0K(279040K) From: 454K(1024K)->64K(512K)
[18.039s][info ][gc,heap        ] GC(452) ParOldGen: 4122K(349696K)->4122K(349696K)
[18.039s][info ][gc,metaspace   ] GC(452) Metaspace: 9577K(9856K)->9577K(9856K) NonClass: 8508K(8640K)->8508K(8640K) Class: 1069K(1216K)->1069K(1216K)
[18.039s][info ][gc             ] GC(452) Pause Young (Allocation Failure) 286M->4M(614M) 0.242ms
[18.039s][info ][gc,cpu         ] GC(452) User=0.00s Sys=0.00s Real=0.00s
[18.059s][info ][gc,start       ] GC(453) Pause Young (Allocation Failure)
[18.060s][debug][gc,age         ] GC(453) Desired survivor size 1048576 bytes, new threshold 1 (max threshold 15)
[18.060s][info ][gc,heap        ] GC(453) PSYoungGen: 279104K(279552K)->96K(270848K) Eden: 279040K(279040K)->0K(269824K) From: 64K(512K)->96K(1024K)
[18.060s][info ][gc,heap        ] GC(453) ParOldGen: 4122K(349696K)->4122K(349696K)
[18.060s][info ][gc,metaspace   ] GC(453) Metaspace: 9577K(9856K)->9577K(9856K) NonClass: 8508K(8640K)->8508K(8640K) Class: 1069K(1216K)->1069K(1216K)
[18.060s][info ][gc             ] GC(453) Pause Young (Allocation Failure) 276M->4M(606M) 0.271ms
[18.060s][info ][gc,cpu         ] GC(453) User=0.00s Sys=0.00s Real=0.00s
[18.079s][info ][gc,start       ] GC(454) Pause Young (Allocation Failure)
[18.079s][debug][gc,age         ] GC(454) Desired survivor size 1048576 bytes, new threshold 1 (max threshold 15)
[18.080s][info ][gc,heap        ] GC(454) PSYoungGen: 269920K(270848K)->486K(261632K) Eden: 269824K(269824K)->0K(261120K) From: 96K(1024K)->486K(512K)
[18.080s][info ][gc,heap        ] GC(454) ParOldGen: 4122K(349696K)->4122K(349696K)
[18.080s][info ][gc,metaspace   ] GC(454) Metaspace: 9577K(9856K)->9577K(9856K) NonClass: 8508K(8640K)->8508K(8640K) Class: 1069K(1216K)->1069K(1216K)
[18.080s][info ][gc             ] GC(454) Pause Young (Allocation Failure) 267M->4M(597M) 0.289ms
[18.080s][info ][gc,cpu         ] GC(454) User=0.00s Sys=0.00s Real=0.00s
[18.099s][info ][gc,start       ] GC(455) Pause Young (Allocation Failure)
[18.099s][debug][gc,age         ] GC(455) Desired survivor size 1048576 bytes, new threshold 1 (max threshold 15)
[18.099s][info ][gc,heap        ] GC(455) PSYoungGen: 261326K(261632K)->454K(253952K) Eden: 260839K(261120K)->0K(252928K) From: 486K(512K)->454K(1024K)
[18.099s][info ][gc,heap        ] GC(455) ParOldGen: 4122K(349696K)->4122K(349696K)
[18.099s][info ][gc,metaspace   ] GC(455) Metaspace: 9577K(9856K)->9577K(9856K) NonClass: 8508K(8640K)->8508K(8640K) Class: 1069K(1216K)->1069K(1216K)
[18.099s][info ][gc             ] GC(455) Pause Young (Allocation Failure) 259M->4M(589M) 0.246ms
[18.099s][info ][gc,cpu         ] GC(455) User=0.00s Sys=0.00s Real=0.00s
[18.117s][info ][gc,start       ] GC(456) Pause Young (Allocation Failure)
[18.118s][debug][gc,age         ] GC(456) Desired survivor size 1048576 bytes, new threshold 1 (max threshold 15)
[18.118s][info ][gc,heap        ] GC(456) PSYoungGen: 253054K(253952K)->96K(245248K) Eden: 252599K(252928K)->0K(244736K) From: 454K(1024K)->96K(512K)
[18.118s][info ][gc,heap        ] GC(456) ParOldGen: 4122K(349696K)->4122K(349696K)
[18.118s][info ][gc,metaspace   ] GC(456) Metaspace: 9577K(9856K)->9577K(9856K) NonClass: 8508K(8640K)->8508K(8640K) Class: 1069K(1216K)->1069K(1216K)
[18.118s][info ][gc             ] GC(456) Pause Young (Allocation Failure) 251M->4M(581M) 0.255ms
[18.118s][info ][gc,cpu         ] GC(456) User=0.00s Sys=0.00s Real=0.00s
[18.136s][info ][gc,start       ] GC(457) Pause Young (Allocation Failure)
[18.136s][debug][gc,age         ] GC(457) Desired survivor size 1048576 bytes, new threshold 1 (max threshold 15)
[18.136s][info ][gc,heap        ] GC(457) PSYoungGen: 244552K(245248K)->96K(238080K) Eden: 244456K(244736K)->0K(237056K) From: 96K(512K)->96K(1024K)
[18.136s][info ][gc,heap        ] GC(457) ParOldGen: 4122K(349696K)->4122K(349696K)
[18.136s][info ][gc,metaspace   ] GC(457) Metaspace: 9577K(9856K)->9577K(9856K) NonClass: 8508K(8640K)->8508K(8640K) Class: 1069K(1216K)->1069K(1216K)
[18.136s][info ][gc             ] GC(457) Pause Young (Allocation Failure) 242M->4M(574M) 0.191ms
[18.136s][info ][gc,cpu         ] GC(457) User=0.00s Sys=0.00s Real=0.00s
[18.153s][info ][gc,start       ] GC(458) Pause Young (Allocation Failure)
[18.153s][debug][gc,age         ] GC(458) Desired survivor size 1048576 bytes, new threshold 1 (max threshold 15)
[18.153s][info ][gc,heap        ] GC(458) PSYoungGen: 237152K(238080K)->486K(230400K) Eden: 237056K(237056K)->0K(229888K) From: 96K(1024K)->486K(512K)
[18.153s][info ][gc,heap        ] GC(458) ParOldGen: 4122K(349696K)->4122K(349696K)
[18.153s][info ][gc,metaspace   ] GC(458) Metaspace: 9577K(9856K)->9577K(9856K) NonClass: 8508K(8640K)->8508K(8640K) Class: 1069K(1216K)->1069K(1216K)
[18.153s][info ][gc             ] GC(458) Pause Young (Allocation Failure) 235M->4M(566M) 0.286ms
[18.153s][info ][gc,cpu         ] GC(458) User=0.00s Sys=0.00s Real=0.00s
[18.170s][info ][gc,start       ] GC(459) Pause Young (Allocation Failure)
[18.170s][debug][gc,age         ] GC(459) Desired survivor size 1048576 bytes, new threshold 1 (max threshold 15)
[18.170s][info ][gc,heap        ] GC(459) PSYoungGen: 230363K(230400K)->96K(276992K) Eden: 229877K(229888K)->0K(275968K) From: 486K(512K)->96K(1024K)
[18.170s][info ][gc,heap        ] GC(459) ParOldGen: 4122K(349696K)->4122K(349696K)
[18.170s][info ][gc,metaspace   ] GC(459) Metaspace: 9577K(9856K)->9577K(9856K) NonClass: 8508K(8640K)->8508K(8640K) Class: 1069K(1216K)->1069K(1216K)
[18.170s][info ][gc             ] GC(459) Pause Young (Allocation Failure) 228M->4M(612M) 0.249ms
[18.170s][info ][gc,cpu         ] GC(459) User=0.00s Sys=0.00s Real=0.00s
[18.191s][info ][gc,start       ] GC(460) Pause Young (Allocation Failure)
[18.191s][debug][gc,age         ] GC(460) Desired survivor size 1048576 bytes, new threshold 1 (max threshold 15)
[18.191s][info ][gc,heap        ] GC(460) PSYoungGen: 275879K(276992K)->64K(325120K) Eden: 275783K(275968K)->0K(324096K) From: 96K(1024K)->64K(1024K)
[18.191s][info ][gc,heap        ] GC(460) ParOldGen: 4122K(349696K)->4122K(349696K)
[18.191s][info ][gc,metaspace   ] GC(460) Metaspace: 9577K(9856K)->9577K(9856K) NonClass: 8508K(8640K)->8508K(8640K) Class: 1069K(1216K)->1069K(1216K)
[18.191s][info ][gc             ] GC(460) Pause Young (Allocation Failure) 273M->4M(659M) 0.298ms
[18.191s][info ][gc,cpu         ] GC(460) User=0.00s Sys=0.00s Real=0.00s
[18.215s][info ][gc,start       ] GC(461) Pause Young (Allocation Failure)
[18.215s][debug][gc,age         ] GC(461) Desired survivor size 1048576 bytes, new threshold 1 (max threshold 15)
[18.215s][info ][gc,heap        ] GC(461) PSYoungGen: 324160K(325120K)->64K(313344K) Eden: 324096K(324096K)->0K(312832K) From: 64K(1024K)->64K(512K)
[18.215s][info ][gc,heap        ] GC(461) ParOldGen: 4122K(349696K)->4122K(349696K)
[18.215s][info ][gc,metaspace   ] GC(461) Metaspace: 9577K(9856K)->9577K(9856K) NonClass: 8508K(8640K)->8508K(8640K) Class: 1069K(1216K)->1069K(1216K)
[18.215s][info ][gc             ] GC(461) Pause Young (Allocation Failure) 320M->4M(647M) 0.289ms
[18.215s][info ][gc,cpu         ] GC(461) User=0.00s Sys=0.00s Real=0.00s
[18.238s][info ][gc,start       ] GC(462) Pause Young (Allocation Failure)
[18.238s][debug][gc,age         ] GC(462) Desired survivor size 1048576 bytes, new threshold 1 (max threshold 15)
[18.238s][info ][gc,heap        ] GC(462) PSYoungGen: 312523K(313344K)->96K(302592K) Eden: 312459K(312832K)->0K(302080K) From: 64K(512K)->96K(512K)
[18.238s][info ][gc,heap        ] GC(462) ParOldGen: 4122K(349696K)->4122K(349696K)
[18.238s][info ][gc,metaspace   ] GC(462) Metaspace: 9577K(9856K)->9577K(9856K) NonClass: 8508K(8640K)->8508K(8640K) Class: 1069K(1216K)->1069K(1216K)
[18.238s][info ][gc             ] GC(462) Pause Young (Allocation Failure) 309M->4M(637M) 0.249ms
[18.238s][info ][gc,cpu         ] GC(462) User=0.00s Sys=0.00s Real=0.00s
[18.260s][info ][gc,start       ] GC(463) Pause Young (Allocation Failure)
[18.260s][debug][gc,age         ] GC(463) Desired survivor size 1048576 bytes, new threshold 1 (max threshold 15)
[18.260s][info ][gc,heap        ] GC(463) PSYoungGen: 301927K(302592K)->486K(292864K) Eden: 301831K(302080K)->0K(291840K) From: 96K(512K)->486K(1024K)
[18.260s][info ][gc,heap        ] GC(463) ParOldGen: 4122K(349696K)->4122K(349696K)
[18.260s][info ][gc,metaspace   ] GC(463) Metaspace: 9577K(9856K)->9577K(9856K) NonClass: 8508K(8640K)->8508K(8640K) Class: 1069K(1216K)->1069K(1216K)
[18.260s][info ][gc             ] GC(463) Pause Young (Allocation Failure) 298M->4M(627M) 0.251ms
[18.260s][info ][gc,cpu         ] GC(463) User=0.00s Sys=0.00s Real=0.00s
[18.282s][info ][gc,start       ] GC(464) Pause Young (Allocation Failure)
[18.282s][debug][gc,age         ] GC(464) Desired survivor size 1048576 bytes, new threshold 1 (max threshold 15)
[18.282s][info ][gc,heap        ] GC(464) PSYoungGen: 292186K(292864K)->96K(282624K) Eden: 291700K(291840K)->0K(282112K) From: 486K(1024K)->96K(512K)
[18.282s][info ][gc,heap        ] GC(464) ParOldGen: 4122K(349696K)->4122K(349696K)
[18.282s][info ][gc,metaspace   ] GC(464) Metaspace: 9577K(9856K)->9577K(9856K) NonClass: 8508K(8640K)->8508K(8640K) Class: 1069K(1216K)->1069K(1216K)
[18.282s][info ][gc             ] GC(464) Pause Young (Allocation Failure) 289M->4M(617M) 0.285ms
[18.282s][info ][gc,cpu         ] GC(464) User=0.00s Sys=0.01s Real=0.00s
[18.303s][info ][gc,start       ] GC(465) Pause Young (Allocation Failure)
[18.303s][debug][gc,age         ] GC(465) Desired survivor size 1048576 bytes, new threshold 1 (max threshold 15)
[18.303s][info ][gc,heap        ] GC(465) PSYoungGen: 282208K(282624K)->96K(273920K) Eden: 282112K(282112K)->0K(272896K) From: 96K(512K)->96K(1024K)
[18.303s][info ][gc,heap        ] GC(465) ParOldGen: 4122K(349696K)->4122K(349696K)
[18.303s][info ][gc,metaspace   ] GC(465) Metaspace: 9577K(9856K)->9577K(9856K) NonClass: 8508K(8640K)->8508K(8640K) Class: 1069K(1216K)->1069K(1216K)
[18.303s][info ][gc             ] GC(465) Pause Young (Allocation Failure) 279M->4M(609M) 0.195ms
[18.303s][info ][gc,cpu         ] GC(465) User=0.00s Sys=0.00s Real=0.00s
[18.323s][info ][gc,start       ] GC(466) Pause Young (Allocation Failure)
[18.323s][debug][gc,age         ] GC(466) Desired survivor size 1048576 bytes, new threshold 1 (max threshold 15)
[18.323s][info ][gc,heap        ] GC(466) PSYoungGen: 272863K(273920K)->96K(264704K) Eden: 272767K(272896K)->0K(264192K) From: 96K(1024K)->96K(512K)
[18.323s][info ][gc,heap        ] GC(466) ParOldGen: 4122K(349696K)->4122K(349696K)
[18.323s][info ][gc,metaspace   ] GC(466) Metaspace: 9577K(9856K)->9577K(9856K) NonClass: 8508K(8640K)->8508K(8640K) Class: 1069K(1216K)->1069K(1216K)
[18.323s][info ][gc             ] GC(466) Pause Young (Allocation Failure) 270M->4M(600M) 0.216ms
[18.323s][info ][gc,cpu         ] GC(466) User=0.00s Sys=0.00s Real=0.00s
[18.343s][info ][gc,start       ] GC(467) Pause Young (Allocation Failure)
[18.343s][debug][gc,age         ] GC(467) Desired survivor size 1048576 bytes, new threshold 1 (max threshold 15)
[18.343s][info ][gc,heap        ] GC(467) PSYoungGen: 264039K(264704K)->96K(256512K) Eden: 263943K(264192K)->0K(255488K) From: 96K(512K)->96K(1024K)
[18.343s][info ][gc,heap        ] GC(467) ParOldGen: 4122K(349696K)->4122K(349696K)
[18.343s][info ][gc,metaspace   ] GC(467) Metaspace: 9577K(9856K)->9577K(9856K) NonClass: 8508K(8640K)->8508K(8640K) Class: 1069K(1216K)->1069K(1216K)
[18.343s][info ][gc             ] GC(467) Pause Young (Allocation Failure) 261M->4M(592M) 0.229ms
[18.343s][info ][gc,cpu         ] GC(467) User=0.00s Sys=0.00s Real=0.00s
[18.362s][info ][gc,start       ] GC(468) Pause Young (Allocation Failure)
[18.362s][debug][gc,age         ] GC(468) Desired survivor size 1048576 bytes, new threshold 1 (max threshold 15)
[18.362s][info ][gc,heap        ] GC(468) PSYoungGen: 255581K(256512K)->96K(247808K) Eden: 255485K(255488K)->0K(247296K) From: 96K(1024K)->96K(512K)
[18.362s][info ][gc,heap        ] GC(468) ParOldGen: 4122K(349696K)->4122K(349696K)
[18.362s][info ][gc,metaspace   ] GC(468) Metaspace: 9577K(9856K)->9577K(9856K) NonClass: 8508K(8640K)->8508K(8640K) Class: 1069K(1216K)->1069K(1216K)
[18.362s][info ][gc             ] GC(468) Pause Young (Allocation Failure) 253M->4M(583M) 0.296ms
[18.362s][info ][gc,cpu         ] GC(468) User=0.00s Sys=0.00s Real=0.00s
[18.380s][info ][gc,start       ] GC(469) Pause Young (Allocation Failure)
[18.380s][debug][gc,age         ] GC(469) Desired survivor size 1048576 bytes, new threshold 1 (max threshold 15)
[18.380s][info ][gc,heap        ] GC(469) PSYoungGen: 247355K(247808K)->486K(240640K) Eden: 247259K(247296K)->0K(239616K) From: 96K(512K)->486K(1024K)
[18.380s][info ][gc,heap        ] GC(469) ParOldGen: 4122K(349696K)->4122K(349696K)
[18.380s][info ][gc,metaspace   ] GC(469) Metaspace: 9577K(9856K)->9577K(9856K) NonClass: 8508K(8640K)->8508K(8640K) Class: 1069K(1216K)->1069K(1216K)
[18.380s][info ][gc             ] GC(469) Pause Young (Allocation Failure) 245M->4M(576M) 0.249ms
[18.380s][info ][gc,cpu         ] GC(469) User=0.00s Sys=0.00s Real=0.00s
[18.398s][info ][gc,start       ] GC(470) Pause Young (Allocation Failure)
[18.398s][debug][gc,age         ] GC(470) Desired survivor size 1048576 bytes, new threshold 1 (max threshold 15)
[18.398s][info ][gc,heap        ] GC(470) PSYoungGen: 239816K(240640K)->96K(232448K) Eden: 239330K(239616K)->0K(231936K) From: 486K(1024K)->96K(512K)
[18.398s][info ][gc,heap        ] GC(470) ParOldGen: 4122K(349696K)->4122K(349696K)
[18.398s][info ][gc,metaspace   ] GC(470) Metaspace: 9577K(9856K)->9577K(9856K) NonClass: 8508K(8640K)->8508K(8640K) Class: 1069K(1216K)->1069K(1216K)
[18.398s][info ][gc             ] GC(470) Pause Young (Allocation Failure) 238M->4M(568M) 0.244ms
[18.398s][info ][gc,cpu         ] GC(470) User=0.00s Sys=0.00s Real=0.00s
[18.415s][info ][gc,start       ] GC(471) Pause Young (Allocation Failure)
[18.416s][debug][gc,age         ] GC(471) Desired survivor size 1048576 bytes, new threshold 1 (max threshold 15)
[18.416s][info ][gc,heap        ] GC(471) PSYoungGen: 231660K(232448K)->486K(225792K) Eden: 231564K(231936K)->0K(224768K) From: 96K(512K)->486K(1024K)
[18.416s][info ][gc,heap        ] GC(471) ParOldGen: 4122K(349696K)->4122K(349696K)
[18.416s][info ][gc,metaspace   ] GC(471) Metaspace: 9577K(9856K)->9577K(9856K) NonClass: 8508K(8640K)->8508K(8640K) Class: 1069K(1216K)->1069K(1216K)
[18.416s][info ][gc             ] GC(471) Pause Young (Allocation Failure) 230M->4M(562M) 0.233ms
[18.416s][info ][gc,cpu         ] GC(471) User=0.00s Sys=0.00s Real=0.00s
[18.432s][info ][gc,start       ] GC(472) Pause Young (Allocation Failure)
[18.432s][debug][gc,age         ] GC(472) Desired survivor size 1048576 bytes, new threshold 1 (max threshold 15)
[18.433s][info ][gc,heap        ] GC(472) PSYoungGen: 225084K(225792K)->96K(218624K) Eden: 224597K(224768K)->0K(218112K) From: 486K(1024K)->96K(512K)
[18.433s][info ][gc,heap        ] GC(472) ParOldGen: 4122K(349696K)->4122K(349696K)
[18.433s][info ][gc,metaspace   ] GC(472) Metaspace: 9577K(9856K)->9577K(9856K) NonClass: 8508K(8640K)->8508K(8640K) Class: 1069K(1216K)->1069K(1216K)
[18.433s][info ][gc             ] GC(472) Pause Young (Allocation Failure) 223M->4M(555M) 0.220ms
[18.433s][info ][gc,cpu         ] GC(472) User=0.00s Sys=0.00s Real=0.00s
[18.449s][info ][gc,start       ] GC(473) Pause Young (Allocation Failure)
[18.449s][debug][gc,age         ] GC(473) Desired survivor size 1048576 bytes, new threshold 1 (max threshold 15)
[18.449s][info ][gc,heap        ] GC(473) PSYoungGen: 217871K(218624K)->96K(212480K) Eden: 217775K(218112K)->0K(211456K) From: 96K(512K)->96K(1024K)
[18.449s][info ][gc,heap        ] GC(473) ParOldGen: 4122K(349696K)->4122K(349696K)
[18.449s][info ][gc,metaspace   ] GC(473) Metaspace: 9577K(9856K)->9577K(9856K) NonClass: 8508K(8640K)->8508K(8640K) Class: 1069K(1216K)->1069K(1216K)
[18.449s][info ][gc             ] GC(473) Pause Young (Allocation Failure) 216M->4M(549M) 0.231ms
[18.449s][info ][gc,cpu         ] GC(473) User=0.00s Sys=0.00s Real=0.00s
[18.464s][info ][gc,start       ] GC(474) Pause Young (Allocation Failure)
[18.465s][debug][gc,age         ] GC(474) Desired survivor size 1048576 bytes, new threshold 1 (max threshold 15)
[18.465s][info ][gc,heap        ] GC(474) PSYoungGen: 211239K(212480K)->454K(205824K) Eden: 211143K(211456K)->0K(205312K) From: 96K(1024K)->454K(512K)
[18.465s][info ][gc,heap        ] GC(474) ParOldGen: 4122K(349696K)->4122K(349696K)
[18.465s][info ][gc,metaspace   ] GC(474) Metaspace: 9577K(9856K)->9577K(9856K) NonClass: 8508K(8640K)->8508K(8640K) Class: 1069K(1216K)->1069K(1216K)
[18.465s][info ][gc             ] GC(474) Pause Young (Allocation Failure) 210M->4M(542M) 0.227ms
[18.465s][info ][gc,cpu         ] GC(474) User=0.00s Sys=0.00s Real=0.00s
[18.480s][info ][gc,start       ] GC(475) Pause Young (Allocation Failure)
[18.480s][debug][gc,age         ] GC(475) Desired survivor size 1048576 bytes, new threshold 1 (max threshold 15)
[18.480s][info ][gc,heap        ] GC(475) PSYoungGen: 205586K(205824K)->454K(247808K) Eden: 205131K(205312K)->0K(246784K) From: 454K(512K)->454K(1024K)
[18.480s][info ][gc,heap        ] GC(475) ParOldGen: 4122K(349696K)->4122K(349696K)
[18.480s][info ][gc,metaspace   ] GC(475) Metaspace: 9577K(9856K)->9577K(9856K) NonClass: 8508K(8640K)->8508K(8640K) Class: 1069K(1216K)->1069K(1216K)
[18.480s][info ][gc             ] GC(475) Pause Young (Allocation Failure) 204M->4M(583M) 0.226ms
[18.480s][info ][gc,cpu         ] GC(475) User=0.00s Sys=0.00s Real=0.00s
[18.498s][info ][gc,start       ] GC(476) Pause Young (Allocation Failure)
[18.498s][debug][gc,age         ] GC(476) Desired survivor size 1048576 bytes, new threshold 1 (max threshold 15)
[18.498s][info ][gc,heap        ] GC(476) PSYoungGen: 247238K(247808K)->454K(239616K) Eden: 246784K(246784K)->0K(239104K) From: 454K(1024K)->454K(512K)
[18.498s][info ][gc,heap        ] GC(476) ParOldGen: 4122K(349696K)->4122K(349696K)
[18.498s][info ][gc,metaspace   ] GC(476) Metaspace: 9577K(9856K)->9577K(9856K) NonClass: 8508K(8640K)->8508K(8640K) Class: 1069K(1216K)->1069K(1216K)
[18.498s][info ][gc             ] GC(476) Pause Young (Allocation Failure) 245M->4M(575M) 0.225ms
[18.498s][info ][gc,cpu         ] GC(476) User=0.01s Sys=0.00s Real=0.00s
[18.516s][info ][gc,start       ] GC(477) Pause Young (Allocation Failure)
[18.516s][debug][gc,age         ] GC(477) Desired survivor size 1048576 bytes, new threshold 1 (max threshold 15)
[18.516s][info ][gc,heap        ] GC(477) PSYoungGen: 239421K(239616K)->96K(288256K) Eden: 238966K(239104K)->0K(287232K) From: 454K(512K)->96K(1024K)
[18.516s][info ][gc,heap        ] GC(477) ParOldGen: 4122K(349696K)->4122K(349696K)
[18.516s][info ][gc,metaspace   ] GC(477) Metaspace: 9577K(9856K)->9577K(9856K) NonClass: 8508K(8640K)->8508K(8640K) Class: 1069K(1216K)->1069K(1216K)
[18.516s][info ][gc             ] GC(477) Pause Young (Allocation Failure) 237M->4M(623M) 0.276ms
[18.516s][info ][gc,cpu         ] GC(477) User=0.00s Sys=0.00s Real=0.00s
[18.537s][info ][gc,start       ] GC(478) Pause Young (Allocation Failure)
[18.537s][debug][gc,age         ] GC(478) Desired survivor size 1048576 bytes, new threshold 1 (max threshold 15)
[18.537s][info ][gc,heap        ] GC(478) PSYoungGen: 287096K(288256K)->454K(278016K) Eden: 287000K(287232K)->0K(277504K) From: 96K(1024K)->454K(512K)
[18.537s][info ][gc,heap        ] GC(478) ParOldGen: 4122K(349696K)->4122K(349696K)
[18.537s][info ][gc,metaspace   ] GC(478) Metaspace: 9577K(9856K)->9577K(9856K) NonClass: 8508K(8640K)->8508K(8640K) Class: 1069K(1216K)->1069K(1216K)
[18.537s][info ][gc             ] GC(478) Pause Young (Allocation Failure) 284M->4M(613M) 0.263ms
[18.537s][info ][gc,cpu         ] GC(478) User=0.00s Sys=0.01s Real=0.00s
[18.558s][info ][gc,start       ] GC(479) Pause Young (Allocation Failure)
[18.558s][debug][gc,age         ] GC(479) Desired survivor size 1048576 bytes, new threshold 1 (max threshold 15)
[18.558s][info ][gc,heap        ] GC(479) PSYoungGen: 277786K(278016K)->486K(320000K) Eden: 277331K(277504K)->0K(318976K) From: 454K(512K)->486K(1024K)
[18.558s][info ][gc,heap        ] GC(479) ParOldGen: 4122K(349696K)->4122K(349696K)
[18.558s][info ][gc,metaspace   ] GC(479) Metaspace: 9577K(9856K)->9577K(9856K) NonClass: 8508K(8640K)->8508K(8640K) Class: 1069K(1216K)->1069K(1216K)
[18.558s][info ][gc             ] GC(479) Pause Young (Allocation Failure) 275M->4M(654M) 0.314ms
[18.558s][info ][gc,cpu         ] GC(479) User=0.00s Sys=0.00s Real=0.00s
[18.581s][info ][gc,start       ] GC(480) Pause Young (Allocation Failure)
[18.582s][debug][gc,age         ] GC(480) Desired survivor size 1048576 bytes, new threshold 1 (max threshold 15)
[18.582s][info ][gc,heap        ] GC(480) PSYoungGen: 319174K(320000K)->486K(334336K) Eden: 318688K(318976K)->0K(333312K) From: 486K(1024K)->486K(1024K)
[18.582s][info ][gc,heap        ] GC(480) ParOldGen: 4122K(349696K)->4122K(349696K)
[18.582s][info ][gc,metaspace   ] GC(480) Metaspace: 9577K(9856K)->9577K(9856K) NonClass: 8508K(8640K)->8508K(8640K) Class: 1069K(1216K)->1069K(1216K)
[18.582s][info ][gc             ] GC(480) Pause Young (Allocation Failure) 315M->4M(668M) 0.322ms
[18.582s][info ][gc,cpu         ] GC(480) User=0.00s Sys=0.00s Real=0.00s
[18.607s][info ][gc,start       ] GC(481) Pause Young (Allocation Failure)
[18.607s][debug][gc,age         ] GC(481) Desired survivor size 1048576 bytes, new threshold 1 (max threshold 15)
[18.607s][info ][gc,heap        ] GC(481) PSYoungGen: 333414K(334336K)->486K(334336K) Eden: 332927K(333312K)->0K(333312K) From: 486K(1024K)->486K(1024K)
[18.607s][info ][gc,heap        ] GC(481) ParOldGen: 4122K(349696K)->4122K(349696K)
[18.608s][info ][gc,metaspace   ] GC(481) Metaspace: 9577K(9856K)->9577K(9856K) NonClass: 8508K(8640K)->8508K(8640K) Class: 1069K(1216K)->1069K(1216K)
[18.608s][info ][gc             ] GC(481) Pause Young (Allocation Failure) 329M->4M(668M) 0.325ms
[18.608s][info ][gc,cpu         ] GC(481) User=0.00s Sys=0.00s Real=0.00s
[18.632s][info ][gc,start       ] GC(482) Pause Young (Allocation Failure)
[18.633s][debug][gc,age         ] GC(482) Desired survivor size 1048576 bytes, new threshold 1 (max threshold 15)
[18.633s][info ][gc,heap        ] GC(482) PSYoungGen: 333526K(334336K)->486K(348160K) Eden: 333039K(333312K)->0K(347136K) From: 486K(1024K)->486K(1024K)
[18.633s][info ][gc,heap        ] GC(482) ParOldGen: 4122K(349696K)->4122K(349696K)
[18.633s][info ][gc,metaspace   ] GC(482) Metaspace: 9577K(9856K)->9577K(9856K) NonClass: 8508K(8640K)->8508K(8640K) Class: 1069K(1216K)->1069K(1216K)
[18.633s][info ][gc             ] GC(482) Pause Young (Allocation Failure) 329M->4M(681M) 0.362ms
[18.633s][info ][gc,cpu         ] GC(482) User=0.00s Sys=0.00s Real=0.00s
[18.659s][info ][gc,start       ] GC(483) Pause Young (Allocation Failure)
[18.660s][debug][gc,age         ] GC(483) Desired survivor size 1048576 bytes, new threshold 1 (max threshold 15)
[18.660s][info ][gc,heap        ] GC(483) PSYoungGen: 347559K(348160K)->486K(348160K) Eden: 347072K(347136K)->0K(347136K) From: 486K(1024K)->486K(1024K)
[18.660s][info ][gc,heap        ] GC(483) ParOldGen: 4122K(349696K)->4122K(349696K)
[18.660s][info ][gc,metaspace   ] GC(483) Metaspace: 9577K(9856K)->9577K(9856K) NonClass: 8508K(8640K)->8508K(8640K) Class: 1069K(1216K)->1069K(1216K)
[18.660s][info ][gc             ] GC(483) Pause Young (Allocation Failure) 343M->4M(681M) 0.284ms
[18.660s][info ][gc,cpu         ] GC(483) User=0.00s Sys=0.00s Real=0.00s
[18.686s][info ][gc,start       ] GC(484) Pause Young (Allocation Failure)
[18.687s][debug][gc,age         ] GC(484) Desired survivor size 1048576 bytes, new threshold 1 (max threshold 15)
[18.687s][info ][gc,heap        ] GC(484) PSYoungGen: 347617K(348160K)->454K(335360K) Eden: 347130K(347136K)->0K(334848K) From: 486K(1024K)->454K(512K)
[18.687s][info ][gc,heap        ] GC(484) ParOldGen: 4122K(349696K)->4122K(349696K)
[18.687s][info ][gc,metaspace   ] GC(484) Metaspace: 9577K(9856K)->9577K(9856K) NonClass: 8508K(8640K)->8508K(8640K) Class: 1069K(1216K)->1069K(1216K)
[18.687s][info ][gc             ] GC(484) Pause Young (Allocation Failure) 343M->4M(669M) 0.239ms
[18.687s][info ][gc,cpu         ] GC(484) User=0.00s Sys=0.00s Real=0.00s
[18.711s][info ][gc,start       ] GC(485) Pause Young (Allocation Failure)
[18.711s][debug][gc,age         ] GC(485) Desired survivor size 1048576 bytes, new threshold 1 (max threshold 15)
[18.711s][info ][gc,heap        ] GC(485) PSYoungGen: 335302K(335360K)->454K(324096K) Eden: 334848K(334848K)->0K(323072K) From: 454K(512K)->454K(1024K)
[18.711s][info ][gc,heap        ] GC(485) ParOldGen: 4122K(349696K)->4122K(349696K)
[18.711s][info ][gc,metaspace   ] GC(485) Metaspace: 9577K(9856K)->9577K(9856K) NonClass: 8508K(8640K)->8508K(8640K) Class: 1069K(1216K)->1069K(1216K)
[18.711s][info ][gc             ] GC(485) Pause Young (Allocation Failure) 331M->4M(658M) 0.206ms
[18.711s][info ][gc,cpu         ] GC(485) User=0.00s Sys=0.00s Real=0.00s
[18.735s][info ][gc,start       ] GC(486) Pause Young (Allocation Failure)
[18.735s][debug][gc,age         ] GC(486) Desired survivor size 1048576 bytes, new threshold 1 (max threshold 15)
[18.735s][info ][gc,heap        ] GC(486) PSYoungGen: 323487K(324096K)->486K(312320K) Eden: 323032K(323072K)->0K(311808K) From: 454K(1024K)->486K(512K)
[18.735s][info ][gc,heap        ] GC(486) ParOldGen: 4122K(349696K)->4122K(349696K)
[18.735s][info ][gc,metaspace   ] GC(486) Metaspace: 9577K(9856K)->9577K(9856K) NonClass: 8508K(8640K)->8508K(8640K) Class: 1069K(1216K)->1069K(1216K)
[18.735s][info ][gc             ] GC(486) Pause Young (Allocation Failure) 319M->4M(646M) 0.269ms
[18.735s][info ][gc,cpu         ] GC(486) User=0.00s Sys=0.00s Real=0.00s
[18.758s][info ][gc,start       ] GC(487) Pause Young (Allocation Failure)
[18.758s][debug][gc,age         ] GC(487) Desired survivor size 1048576 bytes, new threshold 1 (max threshold 15)
[18.758s][info ][gc,heap        ] GC(487) PSYoungGen: 311986K(312320K)->96K(302080K) Eden: 311499K(311808K)->0K(301056K) From: 486K(512K)->96K(1024K)
[18.758s][info ][gc,heap        ] GC(487) ParOldGen: 4122K(349696K)->4122K(349696K)
[18.758s][info ][gc,metaspace   ] GC(487) Metaspace: 9577K(9856K)->9577K(9856K) NonClass: 8508K(8640K)->8508K(8640K) Class: 1069K(1216K)->1069K(1216K)
[18.758s][info ][gc             ] GC(487) Pause Young (Allocation Failure) 308M->4M(636M) 0.253ms
[18.758s][info ][gc,cpu         ] GC(487) User=0.00s Sys=0.00s Real=0.00s
[18.780s][info ][gc,start       ] GC(488) Pause Young (Allocation Failure)
[18.780s][debug][gc,age         ] GC(488) Desired survivor size 1048576 bytes, new threshold 1 (max threshold 15)
[18.780s][info ][gc,heap        ] GC(488) PSYoungGen: 300995K(302080K)->64K(291328K) Eden: 300899K(301056K)->0K(290816K) From: 96K(1024K)->64K(512K)
[18.780s][info ][gc,heap        ] GC(488) ParOldGen: 4122K(349696K)->4122K(349696K)
[18.780s][info ][gc,metaspace   ] GC(488) Metaspace: 9577K(9856K)->9577K(9856K) NonClass: 8508K(8640K)->8508K(8640K) Class: 1069K(1216K)->1069K(1216K)
[18.780s][info ][gc             ] GC(488) Pause Young (Allocation Failure) 297M->4M(626M) 0.271ms
[18.780s][info ][gc,cpu         ] GC(488) User=0.00s Sys=0.00s Real=0.00s
[18.802s][info ][gc,start       ] GC(489) Pause Young (Allocation Failure)
[18.802s][debug][gc,age         ] GC(489) Desired survivor size 1048576 bytes, new threshold 1 (max threshold 15)
[18.802s][info ][gc,heap        ] GC(489) PSYoungGen: 290831K(291328K)->96K(282112K) Eden: 290767K(290816K)->0K(281088K) From: 64K(512K)->96K(1024K)
[18.802s][info ][gc,heap        ] GC(489) ParOldGen: 4122K(349696K)->4122K(349696K)
[18.802s][info ][gc,metaspace   ] GC(489) Metaspace: 9577K(9856K)->9577K(9856K) NonClass: 8508K(8640K)->8508K(8640K) Class: 1069K(1216K)->1069K(1216K)
[18.802s][info ][gc             ] GC(489) Pause Young (Allocation Failure) 288M->4M(617M) 0.238ms
[18.802s][info ][gc,cpu         ] GC(489) User=0.00s Sys=0.00s Real=0.00s
[18.823s][info ][gc,start       ] GC(490) Pause Young (Allocation Failure)
[18.823s][debug][gc,age         ] GC(490) Desired survivor size 1048576 bytes, new threshold 1 (max threshold 15)
[18.823s][info ][gc,heap        ] GC(490) PSYoungGen: 280866K(282112K)->454K(272384K) Eden: 280770K(281088K)->0K(271872K) From: 96K(1024K)->454K(512K)
[18.823s][info ][gc,heap        ] GC(490) ParOldGen: 4122K(349696K)->4122K(349696K)
[18.823s][info ][gc,metaspace   ] GC(490) Metaspace: 9577K(9856K)->9577K(9856K) NonClass: 8508K(8640K)->8508K(8640K) Class: 1069K(1216K)->1069K(1216K)
[18.823s][info ][gc             ] GC(490) Pause Young (Allocation Failure) 278M->4M(607M) 0.237ms
[18.823s][info ][gc,cpu         ] GC(490) User=0.00s Sys=0.00s Real=0.00s
[18.843s][info ][gc,start       ] GC(491) Pause Young (Allocation Failure)
[18.843s][debug][gc,age         ] GC(491) Desired survivor size 1048576 bytes, new threshold 1 (max threshold 15)
[18.843s][info ][gc,heap        ] GC(491) PSYoungGen: 271980K(272384K)->96K(264192K) Eden: 271526K(271872K)->0K(263168K) From: 454K(512K)->96K(1024K)
[18.843s][info ][gc,heap        ] GC(491) ParOldGen: 4122K(349696K)->4122K(349696K)
[18.843s][info ][gc,metaspace   ] GC(491) Metaspace: 9577K(9856K)->9577K(9856K) NonClass: 8508K(8640K)->8508K(8640K) Class: 1069K(1216K)->1069K(1216K)
[18.843s][info ][gc             ] GC(491) Pause Young (Allocation Failure) 269M->4M(599M) 0.252ms
[18.843s][info ][gc,cpu         ] GC(491) User=0.00s Sys=0.00s Real=0.00s
[18.862s][info ][gc,start       ] GC(492) Pause Young (Allocation Failure)
[18.862s][debug][gc,age         ] GC(492) Desired survivor size 1048576 bytes, new threshold 1 (max threshold 15)
[18.862s][info ][gc,heap        ] GC(492) PSYoungGen: 263264K(264192K)->96K(254976K) Eden: 263168K(263168K)->0K(254464K) From: 96K(1024K)->96K(512K)
[18.862s][info ][gc,heap        ] GC(492) ParOldGen: 4122K(349696K)->4122K(349696K)
[18.862s][info ][gc,metaspace   ] GC(492) Metaspace: 9577K(9856K)->9577K(9856K) NonClass: 8508K(8640K)->8508K(8640K) Class: 1069K(1216K)->1069K(1216K)
[18.862s][info ][gc             ] GC(492) Pause Young (Allocation Failure) 261M->4M(590M) 0.270ms
[18.862s][info ][gc,cpu         ] GC(492) User=0.00s Sys=0.00s Real=0.00s
[18.880s][info ][gc,start       ] GC(493) Pause Young (Allocation Failure)
[18.880s][debug][gc,age         ] GC(493) Desired survivor size 1048576 bytes, new threshold 1 (max threshold 15)
[18.880s][info ][gc,heap        ] GC(493) PSYoungGen: 254440K(254976K)->96K(247296K) Eden: 254344K(254464K)->0K(246272K) From: 96K(512K)->96K(1024K)
[18.880s][info ][gc,heap        ] GC(493) ParOldGen: 4122K(349696K)->4122K(349696K)
[18.880s][info ][gc,metaspace   ] GC(493) Metaspace: 9577K(9856K)->9577K(9856K) NonClass: 8508K(8640K)->8508K(8640K) Class: 1069K(1216K)->1069K(1216K)
[18.880s][info ][gc             ] GC(493) Pause Young (Allocation Failure) 252M->4M(583M) 0.209ms
[18.880s][info ][gc,cpu         ] GC(493) User=0.00s Sys=0.00s Real=0.00s
[18.897s][info ][gc,start       ] GC(494) Pause Young (Allocation Failure)
[18.898s][debug][gc,age         ] GC(494) Desired survivor size 1048576 bytes, new threshold 1 (max threshold 15)
[18.898s][info ][gc,heap        ] GC(494) PSYoungGen: 246143K(247296K)->96K(239104K) Eden: 246047K(246272K)->0K(238592K) From: 96K(1024K)->96K(512K)
[18.898s][info ][gc,heap        ] GC(494) ParOldGen: 4122K(349696K)->4122K(349696K)
[18.898s][info ][gc,metaspace   ] GC(494) Metaspace: 9577K(9856K)->9577K(9856K) NonClass: 8508K(8640K)->8508K(8640K) Class: 1069K(1216K)->1069K(1216K)
[18.898s][info ][gc             ] GC(494) Pause Young (Allocation Failure) 244M->4M(575M) 0.247ms
[18.898s][info ][gc,cpu         ] GC(494) User=0.00s Sys=0.01s Real=0.00s
[18.914s][info ][gc,start       ] GC(495) Pause Young (Allocation Failure)
[18.915s][debug][gc,age         ] GC(495) Desired survivor size 1048576 bytes, new threshold 1 (max threshold 15)
[18.915s][info ][gc,heap        ] GC(495) PSYoungGen: 238589K(239104K)->454K(231936K) Eden: 238493K(238592K)->0K(230912K) From: 96K(512K)->454K(1024K)
[18.915s][info ][gc,heap        ] GC(495) ParOldGen: 4122K(349696K)->4122K(349696K)
[18.915s][info ][gc,metaspace   ] GC(495) Metaspace: 9577K(9856K)->9577K(9856K) NonClass: 8508K(8640K)->8508K(8640K) Class: 1069K(1216K)->1069K(1216K)
[18.915s][info ][gc             ] GC(495) Pause Young (Allocation Failure) 237M->4M(568M) 0.248ms
[18.915s][info ][gc,cpu         ] GC(495) User=0.00s Sys=0.00s Real=0.00s
[18.932s][info ][gc,start       ] GC(496) Pause Young (Allocation Failure)
[18.932s][debug][gc,age         ] GC(496) Desired survivor size 1048576 bytes, new threshold 1 (max threshold 15)
[18.932s][info ][gc,heap        ] GC(496) PSYoungGen: 231366K(231936K)->96K(278016K) Eden: 230912K(230912K)->0K(277504K) From: 454K(1024K)->96K(512K)
[18.932s][info ][gc,heap        ] GC(496) ParOldGen: 4122K(349696K)->4122K(349696K)
[18.932s][info ][gc,metaspace   ] GC(496) Metaspace: 9577K(9856K)->9577K(9856K) NonClass: 8508K(8640K)->8508K(8640K) Class: 1069K(1216K)->1069K(1216K)
[18.932s][info ][gc             ] GC(496) Pause Young (Allocation Failure) 229M->4M(613M) 0.263ms
[18.932s][info ][gc,cpu         ] GC(496) User=0.00s Sys=0.00s Real=0.00s
[18.952s][info ][gc,start       ] GC(497) Pause Young (Allocation Failure)
[18.952s][debug][gc,age         ] GC(497) Desired survivor size 1048576 bytes, new threshold 1 (max threshold 15)
[18.952s][info ][gc,heap        ] GC(497) PSYoungGen: 277345K(278016K)->96K(269312K) Eden: 277249K(277504K)->0K(268288K) From: 96K(512K)->96K(1024K)
[18.952s][info ][gc,heap        ] GC(497) ParOldGen: 4122K(349696K)->4122K(349696K)
[18.952s][info ][gc,metaspace   ] GC(497) Metaspace: 9577K(9856K)->9577K(9856K) NonClass: 8508K(8640K)->8508K(8640K) Class: 1069K(1216K)->1069K(1216K)
[18.952s][info ][gc             ] GC(497) Pause Young (Allocation Failure) 274M->4M(604M) 0.223ms
[18.952s][info ][gc,cpu         ] GC(497) User=0.00s Sys=0.00s Real=0.00s
[18.972s][info ][gc,start       ] GC(498) Pause Young (Allocation Failure)
[18.972s][debug][gc,age         ] GC(498) Desired survivor size 1048576 bytes, new threshold 1 (max threshold 15)
[18.972s][info ][gc,heap        ] GC(498) PSYoungGen: 268377K(269312K)->454K(260096K) Eden: 268281K(268288K)->0K(259584K) From: 96K(1024K)->454K(512K)
[18.972s][info ][gc,heap        ] GC(498) ParOldGen: 4122K(349696K)->4122K(349696K)
[18.972s][info ][gc,metaspace   ] GC(498) Metaspace: 9577K(9856K)->9577K(9856K) NonClass: 8508K(8640K)->8508K(8640K) Class: 1069K(1216K)->1069K(1216K)
[18.972s][info ][gc             ] GC(498) Pause Young (Allocation Failure) 266M->4M(595M) 0.261ms
[18.972s][info ][gc,cpu         ] GC(498) User=0.00s Sys=0.00s Real=0.00s
[18.991s][info ][gc,start       ] GC(499) Pause Young (Allocation Failure)
[18.991s][debug][gc,age         ] GC(499) Desired survivor size 1048576 bytes, new threshold 1 (max threshold 15)
[18.991s][info ][gc,heap        ] GC(499) PSYoungGen: 260038K(260096K)->96K(252416K) Eden: 259584K(259584K)->0K(251392K) From: 454K(512K)->96K(1024K)
[18.991s][info ][gc,heap        ] GC(499) ParOldGen: 4122K(349696K)->4122K(349696K)
[18.991s][info ][gc,metaspace   ] GC(499) Metaspace: 9577K(9856K)->9577K(9856K) NonClass: 8508K(8640K)->8508K(8640K) Class: 1069K(1216K)->1069K(1216K)
[18.991s][info ][gc             ] GC(499) Pause Young (Allocation Failure) 257M->4M(588M) 0.221ms
[18.991s][info ][gc,cpu         ] GC(499) User=0.00s Sys=0.00s Real=0.00s
[19.010s][info ][gc,start       ] GC(500) Pause Young (Allocation Failure)
[19.010s][debug][gc,age         ] GC(500) Desired survivor size 1048576 bytes, new threshold 1 (max threshold 15)
[19.010s][info ][gc,heap        ] GC(500) PSYoungGen: 251174K(252416K)->486K(243712K) Eden: 251078K(251392K)->0K(243200K) From: 96K(1024K)->486K(512K)
[19.010s][info ][gc,heap        ] GC(500) ParOldGen: 4122K(349696K)->4122K(349696K)
[19.010s][info ][gc,metaspace   ] GC(500) Metaspace: 9577K(9856K)->9577K(9856K) NonClass: 8508K(8640K)->8508K(8640K) Class: 1069K(1216K)->1069K(1216K)
[19.010s][info ][gc             ] GC(500) Pause Young (Allocation Failure) 249M->4M(579M) 0.285ms
[19.010s][info ][gc,cpu         ] GC(500) User=0.00s Sys=0.00s Real=0.00s
[19.028s][info ][gc,start       ] GC(501) Pause Young (Allocation Failure)
[19.028s][debug][gc,age         ] GC(501) Desired survivor size 1048576 bytes, new threshold 1 (max threshold 15)
[19.028s][info ][gc,heap        ] GC(501) PSYoungGen: 243648K(243712K)->96K(236544K) Eden: 243162K(243200K)->0K(235520K) From: 486K(512K)->96K(1024K)
[19.028s][info ][gc,heap        ] GC(501) ParOldGen: 4122K(349696K)->4122K(349696K)
[19.028s][info ][gc,metaspace   ] GC(501) Metaspace: 9577K(9856K)->9577K(9856K) NonClass: 8508K(8640K)->8508K(8640K) Class: 1069K(1216K)->1069K(1216K)
[19.028s][info ][gc             ] GC(501) Pause Young (Allocation Failure) 241M->4M(572M) 0.213ms
[19.028s][info ][gc,cpu         ] GC(501) User=0.00s Sys=0.00s Real=0.00s
[19.046s][info ][gc,start       ] GC(502) Pause Young (Allocation Failure)
[19.046s][debug][gc,age         ] GC(502) Desired survivor size 1048576 bytes, new threshold 1 (max threshold 15)
[19.046s][info ][gc,heap        ] GC(502) PSYoungGen: 235238K(236544K)->96K(228864K) Eden: 235142K(235520K)->0K(228352K) From: 96K(1024K)->96K(512K)
[19.046s][info ][gc,heap        ] GC(502) ParOldGen: 4122K(349696K)->4122K(349696K)
[19.046s][info ][gc,metaspace   ] GC(502) Metaspace: 9577K(9856K)->9577K(9856K) NonClass: 8508K(8640K)->8508K(8640K) Class: 1069K(1216K)->1069K(1216K)
[19.046s][info ][gc             ] GC(502) Pause Young (Allocation Failure) 233M->4M(565M) 0.295ms
[19.046s][info ][gc,cpu         ] GC(502) User=0.00s Sys=0.00s Real=0.00s
[19.063s][info ][gc,start       ] GC(503) Pause Young (Allocation Failure)
[19.063s][debug][gc,age         ] GC(503) Desired survivor size 1048576 bytes, new threshold 1 (max threshold 15)
[19.063s][info ][gc,heap        ] GC(503) PSYoungGen: 228229K(228864K)->96K(222208K) Eden: 228133K(228352K)->0K(221184K) From: 96K(512K)->96K(1024K)
[19.063s][info ][gc,heap        ] GC(503) ParOldGen: 4122K(349696K)->4122K(349696K)
[19.063s][info ][gc,metaspace   ] GC(503) Metaspace: 9577K(9856K)->9577K(9856K) NonClass: 8508K(8640K)->8508K(8640K) Class: 1069K(1216K)->1069K(1216K)
[19.063s][info ][gc             ] GC(503) Pause Young (Allocation Failure) 226M->4M(558M) 0.203ms
[19.063s][info ][gc,cpu         ] GC(503) User=0.00s Sys=0.00s Real=0.00s
[19.079s][info ][gc,start       ] GC(504) Pause Young (Allocation Failure)
[19.079s][debug][gc,age         ] GC(504) Desired survivor size 1048576 bytes, new threshold 1 (max threshold 15)
[19.079s][info ][gc,heap        ] GC(504) PSYoungGen: 221104K(222208K)->96K(266240K) Eden: 221008K(221184K)->0K(265728K) From: 96K(1024K)->96K(512K)
[19.079s][info ][gc,heap        ] GC(504) ParOldGen: 4122K(349696K)->4122K(349696K)
[19.079s][info ][gc,metaspace   ] GC(504) Metaspace: 9577K(9856K)->9577K(9856K) NonClass: 8508K(8640K)->8508K(8640K) Class: 1069K(1216K)->1069K(1216K)
[19.079s][info ][gc             ] GC(504) Pause Young (Allocation Failure) 219M->4M(601M) 0.280ms
[19.079s][info ][gc,cpu         ] GC(504) User=0.00s Sys=0.00s Real=0.00s
[19.099s][info ][gc,start       ] GC(505) Pause Young (Allocation Failure)
[19.099s][debug][gc,age         ] GC(505) Desired survivor size 1048576 bytes, new threshold 1 (max threshold 15)
[19.099s][info ][gc,heap        ] GC(505) PSYoungGen: 265824K(266240K)->96K(320000K) Eden: 265728K(265728K)->0K(318976K) From: 96K(512K)->96K(1024K)
[19.099s][info ][gc,heap        ] GC(505) ParOldGen: 4122K(349696K)->4122K(349696K)
[19.099s][info ][gc,metaspace   ] GC(505) Metaspace: 9577K(9856K)->9577K(9856K) NonClass: 8508K(8640K)->8508K(8640K) Class: 1069K(1216K)->1069K(1216K)
[19.099s][info ][gc             ] GC(505) Pause Young (Allocation Failure) 263M->4M(654M) 0.261ms
[19.099s][info ][gc,cpu         ] GC(505) User=0.00s Sys=0.00s Real=0.00s
[19.122s][info ][gc,start       ] GC(506) Pause Young (Allocation Failure)
[19.123s][debug][gc,age         ] GC(506) Desired survivor size 1048576 bytes, new threshold 1 (max threshold 15)
[19.123s][info ][gc,heap        ] GC(506) PSYoungGen: 319072K(320000K)->96K(308224K) Eden: 318976K(318976K)->0K(307712K) From: 96K(1024K)->96K(512K)
[19.123s][info ][gc,heap        ] GC(506) ParOldGen: 4122K(349696K)->4122K(349696K)
[19.123s][info ][gc,metaspace   ] GC(506) Metaspace: 9577K(9856K)->9577K(9856K) NonClass: 8508K(8640K)->8508K(8640K) Class: 1069K(1216K)->1069K(1216K)
[19.123s][info ][gc             ] GC(506) Pause Young (Allocation Failure) 315M->4M(642M) 0.291ms
[19.123s][info ][gc,cpu         ] GC(506) User=0.00s Sys=0.00s Real=0.00s
[19.145s][info ][gc,start       ] GC(507) Pause Young (Allocation Failure)
[19.145s][debug][gc,age         ] GC(507) Desired survivor size 1048576 bytes, new threshold 1 (max threshold 15)
[19.145s][info ][gc,heap        ] GC(507) PSYoungGen: 307745K(308224K)->454K(297984K) Eden: 307649K(307712K)->0K(296960K) From: 96K(512K)->454K(1024K)
[19.145s][info ][gc,heap        ] GC(507) ParOldGen: 4122K(349696K)->4122K(349696K)
[19.145s][info ][gc,metaspace   ] GC(507) Metaspace: 9577K(9856K)->9577K(9856K) NonClass: 8508K(8640K)->8508K(8640K) Class: 1069K(1216K)->1069K(1216K)
[19.145s][info ][gc             ] GC(507) Pause Young (Allocation Failure) 304M->4M(632M) 0.224ms
[19.145s][info ][gc,cpu         ] GC(507) User=0.00s Sys=0.00s Real=0.01s
[19.167s][info ][gc,start       ] GC(508) Pause Young (Allocation Failure)
[19.167s][debug][gc,age         ] GC(508) Desired survivor size 1048576 bytes, new threshold 1 (max threshold 15)
[19.167s][info ][gc,heap        ] GC(508) PSYoungGen: 297414K(297984K)->486K(287232K) Eden: 296960K(296960K)->0K(286720K) From: 454K(1024K)->486K(512K)
[19.167s][info ][gc,heap        ] GC(508) ParOldGen: 4122K(349696K)->4122K(349696K)
[19.167s][info ][gc,metaspace   ] GC(508) Metaspace: 9577K(9856K)->9577K(9856K) NonClass: 8508K(8640K)->8508K(8640K) Class: 1069K(1216K)->1069K(1216K)
[19.167s][info ][gc             ] GC(508) Pause Young (Allocation Failure) 294M->4M(622M) 0.240ms
[19.167s][info ][gc,cpu         ] GC(508) User=0.00s Sys=0.01s Real=0.00s
[19.188s][info ][gc,start       ] GC(509) Pause Young (Allocation Failure)
[19.189s][debug][gc,age         ] GC(509) Desired survivor size 1048576 bytes, new threshold 1 (max threshold 15)
[19.189s][info ][gc,heap        ] GC(509) PSYoungGen: 286938K(287232K)->96K(278016K) Eden: 286451K(286720K)->0K(276992K) From: 486K(512K)->96K(1024K)
[19.189s][info ][gc,heap        ] GC(509) ParOldGen: 4122K(349696K)->4122K(349696K)
[19.189s][info ][gc,metaspace   ] GC(509) Metaspace: 9577K(9856K)->9577K(9856K) NonClass: 8508K(8640K)->8508K(8640K) Class: 1069K(1216K)->1069K(1216K)
[19.189s][info ][gc             ] GC(509) Pause Young (Allocation Failure) 284M->4M(613M) 0.242ms
[19.189s][info ][gc,cpu         ] GC(509) User=0.00s Sys=0.00s Real=0.00s
[19.209s][info ][gc,start       ] GC(510) Pause Young (Allocation Failure)
[19.209s][debug][gc,age         ] GC(510) Desired survivor size 1048576 bytes, new threshold 1 (max threshold 15)
[19.209s][info ][gc,heap        ] GC(510) PSYoungGen: 277088K(278016K)->64K(268288K) Eden: 276992K(276992K)->0K(267776K) From: 96K(1024K)->64K(512K)
[19.209s][info ][gc,heap        ] GC(510) ParOldGen: 4122K(349696K)->4122K(349696K)
[19.209s][info ][gc,metaspace   ] GC(510) Metaspace: 9577K(9856K)->9577K(9856K) NonClass: 8508K(8640K)->8508K(8640K) Class: 1069K(1216K)->1069K(1216K)
[19.209s][info ][gc             ] GC(510) Pause Young (Allocation Failure) 274M->4M(603M) 0.276ms
[19.209s][info ][gc,cpu         ] GC(510) User=0.00s Sys=0.00s Real=0.00s
[19.229s][info ][gc,start       ] GC(511) Pause Young (Allocation Failure)
[19.229s][debug][gc,age         ] GC(511) Desired survivor size 1048576 bytes, new threshold 1 (max threshold 15)
[19.229s][info ][gc,heap        ] GC(511) PSYoungGen: 267600K(268288K)->486K(260096K) Eden: 267536K(267776K)->0K(259072K) From: 64K(512K)->486K(1024K)
[19.229s][info ][gc,heap        ] GC(511) ParOldGen: 4122K(349696K)->4122K(349696K)
[19.229s][info ][gc,metaspace   ] GC(511) Metaspace: 9577K(9856K)->9577K(9856K) NonClass: 8508K(8640K)->8508K(8640K) Class: 1069K(1216K)->1069K(1216K)
[19.229s][info ][gc             ] GC(511) Pause Young (Allocation Failure) 265M->4M(595M) 0.258ms
[19.229s][info ][gc,cpu         ] GC(511) User=0.00s Sys=0.00s Real=0.00s
[19.248s][info ][gc,start       ] GC(512) Pause Young (Allocation Failure)
[19.248s][debug][gc,age         ] GC(512) Desired survivor size 1048576 bytes, new threshold 1 (max threshold 15)
[19.248s][info ][gc,heap        ] GC(512) PSYoungGen: 259558K(260096K)->96K(251392K) Eden: 259072K(259072K)->0K(250880K) From: 486K(1024K)->96K(512K)
[19.248s][info ][gc,heap        ] GC(512) ParOldGen: 4122K(349696K)->4122K(349696K)
[19.248s][info ][gc,metaspace   ] GC(512) Metaspace: 9577K(9856K)->9577K(9856K) NonClass: 8508K(8640K)->8508K(8640K) Class: 1069K(1216K)->1069K(1216K)
[19.248s][info ][gc             ] GC(512) Pause Young (Allocation Failure) 257M->4M(587M) 0.285ms
[19.248s][info ][gc,cpu         ] GC(512) User=0.00s Sys=0.00s Real=0.00s
[19.266s][info ][gc,start       ] GC(513) Pause Young (Allocation Failure)
[19.267s][debug][gc,age         ] GC(513) Desired survivor size 1048576 bytes, new threshold 1 (max threshold 15)
[19.267s][info ][gc,heap        ] GC(513) PSYoungGen: 250668K(251392K)->96K(243712K) Eden: 250572K(250880K)->0K(242688K) From: 96K(512K)->96K(1024K)
[19.267s][info ][gc,heap        ] GC(513) ParOldGen: 4122K(349696K)->4122K(349696K)
[19.267s][info ][gc,metaspace   ] GC(513) Metaspace: 9577K(9856K)->9577K(9856K) NonClass: 8508K(8640K)->8508K(8640K) Class: 1069K(1216K)->1069K(1216K)
[19.267s][info ][gc             ] GC(513) Pause Young (Allocation Failure) 248M->4M(579M) 0.248ms
[19.267s][info ][gc,cpu         ] GC(513) User=0.00s Sys=0.00s Real=0.00s
[19.284s][info ][gc,start       ] GC(514) Pause Young (Allocation Failure)
[19.285s][debug][gc,age         ] GC(514) Desired survivor size 1048576 bytes, new threshold 1 (max threshold 15)
[19.285s][info ][gc,heap        ] GC(514) PSYoungGen: 242445K(243712K)->96K(291840K) Eden: 242349K(242688K)->0K(291328K) From: 96K(1024K)->96K(512K)
[19.285s][info ][gc,heap        ] GC(514) ParOldGen: 4122K(349696K)->4122K(349696K)
[19.285s][info ][gc,metaspace   ] GC(514) Metaspace: 9577K(9856K)->9577K(9856K) NonClass: 8508K(8640K)->8508K(8640K) Class: 1069K(1216K)->1069K(1216K)
[19.285s][info ][gc             ] GC(514) Pause Young (Allocation Failure) 240M->4M(626M) 0.287ms
[19.285s][info ][gc,cpu         ] GC(514) User=0.00s Sys=0.00s Real=0.00s
[19.306s][info ][gc,start       ] GC(515) Pause Young (Allocation Failure)
[19.306s][debug][gc,age         ] GC(515) Desired survivor size 1048576 bytes, new threshold 1 (max threshold 15)
[19.306s][info ][gc,heap        ] GC(515) PSYoungGen: 291387K(291840K)->96K(339968K) Eden: 291291K(291328K)->0K(338944K) From: 96K(512K)->96K(1024K)
[19.306s][info ][gc,heap        ] GC(515) ParOldGen: 4122K(349696K)->4122K(349696K)
[19.306s][info ][gc,metaspace   ] GC(515) Metaspace: 9577K(9856K)->9577K(9856K) NonClass: 8508K(8640K)->8508K(8640K) Class: 1069K(1216K)->1069K(1216K)
[19.306s][info ][gc             ] GC(515) Pause Young (Allocation Failure) 288M->4M(673M) 0.297ms
[19.306s][info ][gc,cpu         ] GC(515) User=0.00s Sys=0.00s Real=0.00s
[19.331s][info ][gc,start       ] GC(516) Pause Young (Allocation Failure)
[19.331s][debug][gc,age         ] GC(516) Desired survivor size 1048576 bytes, new threshold 1 (max threshold 15)
[19.331s][info ][gc,heap        ] GC(516) PSYoungGen: 339040K(339968K)->96K(327680K) Eden: 338944K(338944K)->0K(327168K) From: 96K(1024K)->96K(512K)
[19.331s][info ][gc,heap        ] GC(516) ParOldGen: 4122K(349696K)->4122K(349696K)
[19.331s][info ][gc,metaspace   ] GC(516) Metaspace: 9577K(9856K)->9577K(9856K) NonClass: 8508K(8640K)->8508K(8640K) Class: 1069K(1216K)->1069K(1216K)
[19.331s][info ][gc             ] GC(516) Pause Young (Allocation Failure) 335M->4M(661M) 0.276ms
[19.331s][info ][gc,cpu         ] GC(516) User=0.00s Sys=0.00s Real=0.00s
[19.355s][info ][gc,start       ] GC(517) Pause Young (Allocation Failure)
[19.355s][debug][gc,age         ] GC(517) Desired survivor size 1048576 bytes, new threshold 1 (max threshold 15)
[19.355s][info ][gc,heap        ] GC(517) PSYoungGen: 326928K(327680K)->64K(316928K) Eden: 326832K(327168K)->0K(315904K) From: 96K(512K)->64K(1024K)
[19.355s][info ][gc,heap        ] GC(517) ParOldGen: 4122K(349696K)->4122K(349696K)
[19.355s][info ][gc,metaspace   ] GC(517) Metaspace: 9577K(9856K)->9577K(9856K) NonClass: 8508K(8640K)->8508K(8640K) Class: 1069K(1216K)->1069K(1216K)
[19.355s][info ][gc             ] GC(517) Pause Young (Allocation Failure) 323M->4M(651M) 0.238ms
[19.355s][info ][gc,cpu         ] GC(517) User=0.00s Sys=0.00s Real=0.00s
[19.378s][info ][gc,start       ] GC(518) Pause Young (Allocation Failure)
[19.379s][debug][gc,age         ] GC(518) Desired survivor size 1048576 bytes, new threshold 1 (max threshold 15)
[19.379s][info ][gc,heap        ] GC(518) PSYoungGen: 315968K(316928K)->96K(305664K) Eden: 315904K(315904K)->0K(305152K) From: 64K(1024K)->96K(512K)
[19.379s][info ][gc,heap        ] GC(518) ParOldGen: 4122K(349696K)->4122K(349696K)
[19.379s][info ][gc,metaspace   ] GC(518) Metaspace: 9577K(9856K)->9577K(9856K) NonClass: 8508K(8640K)->8508K(8640K) Class: 1069K(1216K)->1069K(1216K)
[19.379s][info ][gc             ] GC(518) Pause Young (Allocation Failure) 312M->4M(640M) 0.273ms
[19.379s][info ][gc,cpu         ] GC(518) User=0.00s Sys=0.00s Real=0.00s
[19.401s][info ][gc,start       ] GC(519) Pause Young (Allocation Failure)
[19.401s][debug][gc,age         ] GC(519) Desired survivor size 1048576 bytes, new threshold 1 (max threshold 15)
[19.401s][info ][gc,heap        ] GC(519) PSYoungGen: 304863K(305664K)->64K(295936K) Eden: 304767K(305152K)->0K(294912K) From: 96K(512K)->64K(1024K)
[19.401s][info ][gc,heap        ] GC(519) ParOldGen: 4122K(349696K)->4122K(349696K)
[19.401s][info ][gc,metaspace   ] GC(519) Metaspace: 9577K(9856K)->9577K(9856K) NonClass: 8508K(8640K)->8508K(8640K) Class: 1069K(1216K)->1069K(1216K)
[19.401s][info ][gc             ] GC(519) Pause Young (Allocation Failure) 301M->4M(630M) 0.262ms
[19.401s][info ][gc,cpu         ] GC(519) User=0.00s Sys=0.00s Real=0.00s
[19.423s][info ][gc,start       ] GC(520) Pause Young (Allocation Failure)
[19.423s][debug][gc,age         ] GC(520) Desired survivor size 524288 bytes, new threshold 1 (max threshold 15)
[19.423s][info ][gc,heap        ] GC(520) PSYoungGen: 294588K(295936K)->64K(285696K) Eden: 294524K(294912K)->0K(285184K) From: 64K(1024K)->64K(512K)
[19.423s][info ][gc,heap        ] GC(520) ParOldGen: 4122K(349696K)->4122K(349696K)
[19.423s][info ][gc,metaspace   ] GC(520) Metaspace: 9577K(9856K)->9577K(9856K) NonClass: 8508K(8640K)->8508K(8640K) Class: 1069K(1216K)->1069K(1216K)
[19.423s][info ][gc             ] GC(520) Pause Young (Allocation Failure) 291M->4M(620M) 0.249ms
[19.423s][info ][gc,cpu         ] GC(520) User=0.00s Sys=0.00s Real=0.00s
[19.444s][info ][gc,start       ] GC(521) Pause Young (Allocation Failure)
[19.444s][debug][gc,age         ] GC(521) Desired survivor size 1048576 bytes, new threshold 1 (max threshold 15)
[19.444s][info ][gc,heap        ] GC(521) PSYoungGen: 284879K(285696K)->454K(275968K) Eden: 284815K(285184K)->0K(275456K) From: 64K(512K)->454K(512K)
[19.444s][info ][gc,heap        ] GC(521) ParOldGen: 4122K(349696K)->4122K(349696K)
[19.444s][info ][gc,metaspace   ] GC(521) Metaspace: 9577K(9856K)->9577K(9856K) NonClass: 8508K(8640K)->8508K(8640K) Class: 1069K(1216K)->1069K(1216K)
[19.444s][info ][gc             ] GC(521) Pause Young (Allocation Failure) 282M->4M(611M) 0.262ms
[19.444s][info ][gc,cpu         ] GC(521) User=0.00s Sys=0.00s Real=0.00s
[19.465s][info ][gc,start       ] GC(522) Pause Young (Allocation Failure)
[19.465s][debug][gc,age         ] GC(522) Desired survivor size 1048576 bytes, new threshold 1 (max threshold 15)
[19.465s][info ][gc,heap        ] GC(522) PSYoungGen: 275910K(275968K)->486K(266752K) Eden: 275456K(275456K)->0K(266240K) From: 454K(512K)->486K(512K)
[19.465s][info ][gc,heap        ] GC(522) ParOldGen: 4122K(349696K)->4122K(349696K)
[19.465s][info ][gc,metaspace   ] GC(522) Metaspace: 9577K(9856K)->9577K(9856K) NonClass: 8508K(8640K)->8508K(8640K) Class: 1069K(1216K)->1069K(1216K)
[19.465s][info ][gc             ] GC(522) Pause Young (Allocation Failure) 273M->4M(602M) 0.283ms
[19.465s][info ][gc,cpu         ] GC(522) User=0.00s Sys=0.00s Real=0.00s
[19.485s][info ][gc,start       ] GC(523) Pause Young (Allocation Failure)
[19.485s][debug][gc,age         ] GC(523) Desired survivor size 1048576 bytes, new threshold 1 (max threshold 15)
[19.485s][info ][gc,heap        ] GC(523) PSYoungGen: 266429K(266752K)->96K(258560K) Eden: 265943K(266240K)->0K(257536K) From: 486K(512K)->96K(1024K)
[19.485s][info ][gc,heap        ] GC(523) ParOldGen: 4122K(349696K)->4122K(349696K)
[19.485s][info ][gc,metaspace   ] GC(523) Metaspace: 9577K(9856K)->9577K(9856K) NonClass: 8508K(8640K)->8508K(8640K) Class: 1069K(1216K)->1069K(1216K)
[19.485s][info ][gc             ] GC(523) Pause Young (Allocation Failure) 264M->4M(594M) 0.336ms
[19.485s][info ][gc,cpu         ] GC(523) User=0.00s Sys=0.00s Real=0.00s
[19.503s][info ][gc,start       ] GC(524) Pause Young (Allocation Failure)
[19.504s][debug][gc,age         ] GC(524) Desired survivor size 1048576 bytes, new threshold 1 (max threshold 15)
[19.504s][info ][gc,heap        ] GC(524) PSYoungGen: 257632K(258560K)->96K(249856K) Eden: 257536K(257536K)->0K(249344K) From: 96K(1024K)->96K(512K)
[19.504s][info ][gc,heap        ] GC(524) ParOldGen: 4122K(349696K)->4122K(349696K)
[19.504s][info ][gc,metaspace   ] GC(524) Metaspace: 9577K(9856K)->9577K(9856K) NonClass: 8508K(8640K)->8508K(8640K) Class: 1069K(1216K)->1069K(1216K)
[19.504s][info ][gc             ] GC(524) Pause Young (Allocation Failure) 255M->4M(585M) 0.272ms
[19.504s][info ][gc,cpu         ] GC(524) User=0.00s Sys=0.00s Real=0.00s
[19.522s][info ][gc,start       ] GC(525) Pause Young (Allocation Failure)
[19.522s][debug][gc,age         ] GC(525) Desired survivor size 1048576 bytes, new threshold 1 (max threshold 15)
[19.522s][info ][gc,heap        ] GC(525) PSYoungGen: 249118K(249856K)->64K(242688K) Eden: 249022K(249344K)->0K(241664K) From: 96K(512K)->64K(1024K)
[19.522s][info ][gc,heap        ] GC(525) ParOldGen: 4122K(349696K)->4122K(349696K)
[19.522s][info ][gc,metaspace   ] GC(525) Metaspace: 9577K(9856K)->9577K(9856K) NonClass: 8508K(8640K)->8508K(8640K) Class: 1069K(1216K)->1069K(1216K)
[19.522s][info ][gc             ] GC(525) Pause Young (Allocation Failure) 247M->4M(578M) 0.241ms
[19.522s][info ][gc,cpu         ] GC(525) User=0.00s Sys=0.00s Real=0.00s
[19.540s][info ][gc,start       ] GC(526) Pause Young (Allocation Failure)
[19.540s][debug][gc,age         ] GC(526) Desired survivor size 1048576 bytes, new threshold 1 (max threshold 15)
[19.540s][info ][gc,heap        ] GC(526) PSYoungGen: 241682K(242688K)->96K(234496K) Eden: 241618K(241664K)->0K(233984K) From: 64K(1024K)->96K(512K)
[19.540s][info ][gc,heap        ] GC(526) ParOldGen: 4122K(349696K)->4122K(349696K)
[19.540s][info ][gc,metaspace   ] GC(526) Metaspace: 9577K(9856K)->9577K(9856K) NonClass: 8508K(8640K)->8508K(8640K) Class: 1069K(1216K)->1069K(1216K)
[19.540s][info ][gc             ] GC(526) Pause Young (Allocation Failure) 240M->4M(570M) 0.272ms
[19.540s][info ][gc,cpu         ] GC(526) User=0.00s Sys=0.00s Real=0.00s
[19.558s][info ][gc,start       ] GC(527) Pause Young (Allocation Failure)
[19.558s][debug][gc,age         ] GC(527) Desired survivor size 1048576 bytes, new threshold 1 (max threshold 15)
[19.558s][info ][gc,heap        ] GC(527) PSYoungGen: 234036K(234496K)->486K(227840K) Eden: 233940K(233984K)->0K(226816K) From: 96K(512K)->486K(1024K)
[19.558s][info ][gc,heap        ] GC(527) ParOldGen: 4122K(349696K)->4122K(349696K)
[19.558s][info ][gc,metaspace   ] GC(527) Metaspace: 9577K(9856K)->9577K(9856K) NonClass: 8508K(8640K)->8508K(8640K) Class: 1069K(1216K)->1069K(1216K)
[19.558s][info ][gc             ] GC(527) Pause Young (Allocation Failure) 232M->4M(564M) 0.233ms
[19.558s][info ][gc,cpu         ] GC(527) User=0.00s Sys=0.00s Real=0.00s
[19.575s][info ][gc,start       ] GC(528) Pause Young (Allocation Failure)
[19.575s][debug][gc,age         ] GC(528) Desired survivor size 1048576 bytes, new threshold 1 (max threshold 15)
[19.575s][info ][gc,heap        ] GC(528) PSYoungGen: 226958K(227840K)->486K(220160K) Eden: 226472K(226816K)->0K(219648K) From: 486K(1024K)->486K(512K)
[19.575s][info ][gc,heap        ] GC(528) ParOldGen: 4122K(349696K)->4122K(349696K)
[19.575s][info ][gc,metaspace   ] GC(528) Metaspace: 9577K(9856K)->9577K(9856K) NonClass: 8508K(8640K)->8508K(8640K) Class: 1069K(1216K)->1069K(1216K)
[19.575s][info ][gc             ] GC(528) Pause Young (Allocation Failure) 225M->4M(556M) 0.266ms
[19.575s][info ][gc,cpu         ] GC(528) User=0.01s Sys=0.00s Real=0.00s
[19.591s][info ][gc,start       ] GC(529) Pause Young (Allocation Failure)
[19.591s][debug][gc,age         ] GC(529) Desired survivor size 1048576 bytes, new threshold 1 (max threshold 15)
[19.591s][info ][gc,heap        ] GC(529) PSYoungGen: 220107K(220160K)->486K(264704K) Eden: 219621K(219648K)->0K(263680K) From: 486K(512K)->486K(1024K)
[19.591s][info ][gc,heap        ] GC(529) ParOldGen: 4122K(349696K)->4122K(349696K)
[19.591s][info ][gc,metaspace   ] GC(529) Metaspace: 9577K(9856K)->9577K(9856K) NonClass: 8508K(8640K)->8508K(8640K) Class: 1069K(1216K)->1069K(1216K)
[19.591s][info ][gc             ] GC(529) Pause Young (Allocation Failure) 218M->4M(600M) 0.272ms
[19.591s][info ][gc,cpu         ] GC(529) User=0.00s Sys=0.00s Real=0.00s
[19.611s][info ][gc,start       ] GC(530) Pause Young (Allocation Failure)
[19.611s][debug][gc,age         ] GC(530) Desired survivor size 1048576 bytes, new threshold 1 (max threshold 15)
[19.611s][info ][gc,heap        ] GC(530) PSYoungGen: 263879K(264704K)->486K(316928K) Eden: 263392K(263680K)->0K(316416K) From: 486K(1024K)->486K(512K)
[19.611s][info ][gc,heap        ] GC(530) ParOldGen: 4122K(349696K)->4122K(349696K)
[19.611s][info ][gc,metaspace   ] GC(530) Metaspace: 9577K(9856K)->9577K(9856K) NonClass: 8508K(8640K)->8508K(8640K) Class: 1069K(1216K)->1069K(1216K)
[19.611s][info ][gc             ] GC(530) Pause Young (Allocation Failure) 261M->4M(651M) 0.289ms
[19.611s][info ][gc,cpu         ] GC(530) User=0.00s Sys=0.00s Real=0.00s
[19.634s][info ][gc,start       ] GC(531) Pause Young (Allocation Failure)
[19.634s][debug][gc,age         ] GC(531) Desired survivor size 1048576 bytes, new threshold 1 (max threshold 15)
[19.634s][info ][gc,heap        ] GC(531) PSYoungGen: 316902K(316928K)->64K(306688K) Eden: 316416K(316416K)->0K(305664K) From: 486K(512K)->64K(1024K)
[19.634s][info ][gc,heap        ] GC(531) ParOldGen: 4122K(349696K)->4122K(349696K)
[19.634s][info ][gc,metaspace   ] GC(531) Metaspace: 9577K(9856K)->9577K(9856K) NonClass: 8508K(8640K)->8508K(8640K) Class: 1069K(1216K)->1069K(1216K)
[19.634s][info ][gc             ] GC(531) Pause Young (Allocation Failure) 313M->4M(641M) 0.250ms
[19.634s][info ][gc,cpu         ] GC(531) User=0.00s Sys=0.00s Real=0.00s
[19.657s][info ][gc,start       ] GC(532) Pause Young (Allocation Failure)
[19.657s][debug][gc,age         ] GC(532) Desired survivor size 1048576 bytes, new threshold 1 (max threshold 15)
[19.657s][info ][gc,heap        ] GC(532) PSYoungGen: 305712K(306688K)->96K(295936K) Eden: 305648K(305664K)->0K(295424K) From: 64K(1024K)->96K(512K)
[19.657s][info ][gc,heap        ] GC(532) ParOldGen: 4122K(349696K)->4122K(349696K)
[19.657s][info ][gc,metaspace   ] GC(532) Metaspace: 9577K(9856K)->9577K(9856K) NonClass: 8508K(8640K)->8508K(8640K) Class: 1069K(1216K)->1069K(1216K)
[19.657s][info ][gc             ] GC(532) Pause Young (Allocation Failure) 302M->4M(630M) 0.257ms
[19.657s][info ][gc,cpu         ] GC(532) User=0.00s Sys=0.00s Real=0.00s
[19.679s][info ][gc,start       ] GC(533) Pause Young (Allocation Failure)
[19.679s][debug][gc,age         ] GC(533) Desired survivor size 1048576 bytes, new threshold 1 (max threshold 15)
[19.679s][info ][gc,heap        ] GC(533) PSYoungGen: 295520K(295936K)->64K(286720K) Eden: 295424K(295424K)->0K(285696K) From: 96K(512K)->64K(1024K)
[19.679s][info ][gc,heap        ] GC(533) ParOldGen: 4122K(349696K)->4122K(349696K)
[19.679s][info ][gc,metaspace   ] GC(533) Metaspace: 9577K(9856K)->9577K(9856K) NonClass: 8508K(8640K)->8508K(8640K) Class: 1069K(1216K)->1069K(1216K)
[19.679s][info ][gc             ] GC(533) Pause Young (Allocation Failure) 292M->4M(621M) 0.200ms
[19.679s][info ][gc,cpu         ] GC(533) User=0.00s Sys=0.00s Real=0.00s
[19.700s][info ][gc,start       ] GC(534) Pause Young (Allocation Failure)
[19.700s][debug][gc,age         ] GC(534) Desired survivor size 1048576 bytes, new threshold 1 (max threshold 15)
[19.700s][info ][gc,heap        ] GC(534) PSYoungGen: 285760K(286720K)->454K(276480K) Eden: 285696K(285696K)->0K(275968K) From: 64K(1024K)->454K(512K)
[19.700s][info ][gc,heap        ] GC(534) ParOldGen: 4122K(349696K)->4122K(349696K)
[19.700s][info ][gc,metaspace   ] GC(534) Metaspace: 9577K(9856K)->9577K(9856K) NonClass: 8508K(8640K)->8508K(8640K) Class: 1069K(1216K)->1069K(1216K)
[19.700s][info ][gc             ] GC(534) Pause Young (Allocation Failure) 283M->4M(611M) 0.264ms
[19.700s][info ][gc,cpu         ] GC(534) User=0.00s Sys=0.00s Real=0.00s
[19.720s][info ][gc,start       ] GC(535) Pause Young (Allocation Failure)
[19.720s][debug][gc,age         ] GC(535) Desired survivor size 1048576 bytes, new threshold 1 (max threshold 15)
[19.720s][info ][gc,heap        ] GC(535) PSYoungGen: 276205K(276480K)->486K(267776K) Eden: 275750K(275968K)->0K(266752K) From: 454K(512K)->486K(1024K)
[19.720s][info ][gc,heap        ] GC(535) ParOldGen: 4122K(349696K)->4122K(349696K)
[19.720s][info ][gc,metaspace   ] GC(535) Metaspace: 9577K(9856K)->9577K(9856K) NonClass: 8508K(8640K)->8508K(8640K) Class: 1069K(1216K)->1069K(1216K)
[19.720s][info ][gc             ] GC(535) Pause Young (Allocation Failure) 273M->4M(603M) 0.272ms
[19.720s][info ][gc,cpu         ] GC(535) User=0.00s Sys=0.00s Real=0.00s
[19.739s][info ][gc,start       ] GC(536) Pause Young (Allocation Failure)
[19.740s][debug][gc,age         ] GC(536) Desired survivor size 1048576 bytes, new threshold 1 (max threshold 15)
[19.740s][info ][gc,heap        ] GC(536) PSYoungGen: 267238K(267776K)->486K(258560K) Eden: 266752K(266752K)->0K(258048K) From: 486K(1024K)->486K(512K)
[19.740s][info ][gc,heap        ] GC(536) ParOldGen: 4122K(349696K)->4122K(349696K)
[19.740s][info ][gc,metaspace   ] GC(536) Metaspace: 9577K(9856K)->9577K(9856K) NonClass: 8508K(8640K)->8508K(8640K) Class: 1069K(1216K)->1069K(1216K)
[19.740s][info ][gc             ] GC(536) Pause Young (Allocation Failure) 265M->4M(594M) 0.305ms
[19.740s][info ][gc,cpu         ] GC(536) User=0.00s Sys=0.00s Real=0.00s
[19.758s][info ][gc,start       ] GC(537) Pause Young (Allocation Failure)
[19.759s][debug][gc,age         ] GC(537) Desired survivor size 1048576 bytes, new threshold 1 (max threshold 15)
[19.759s][info ][gc,heap        ] GC(537) PSYoungGen: 258333K(258560K)->486K(310784K) Eden: 257846K(258048K)->0K(309760K) From: 486K(512K)->486K(1024K)
[19.759s][info ][gc,heap        ] GC(537) ParOldGen: 4122K(349696K)->4122K(349696K)
[19.759s][info ][gc,metaspace   ] GC(537) Metaspace: 9577K(9856K)->9577K(9856K) NonClass: 8508K(8640K)->8508K(8640K) Class: 1069K(1216K)->1069K(1216K)
[19.759s][info ][gc             ] GC(537) Pause Young (Allocation Failure) 256M->4M(645M) 0.260ms
[19.759s][info ][gc,cpu         ] GC(537) User=0.01s Sys=0.00s Real=0.00s
[19.781s][info ][gc,start       ] GC(538) Pause Young (Allocation Failure)
[19.782s][debug][gc,age         ] GC(538) Desired survivor size 1048576 bytes, new threshold 1 (max threshold 15)
[19.782s][info ][gc,heap        ] GC(538) PSYoungGen: 310246K(310784K)->96K(299520K) Eden: 309760K(309760K)->0K(299008K) From: 486K(1024K)->96K(512K)
[19.782s][info ][gc,heap        ] GC(538) ParOldGen: 4122K(349696K)->4122K(349696K)
[19.782s][info ][gc,metaspace   ] GC(538) Metaspace: 9577K(9856K)->9577K(9856K) NonClass: 8508K(8640K)->8508K(8640K) Class: 1069K(1216K)->1069K(1216K)
[19.782s][info ][gc             ] GC(538) Pause Young (Allocation Failure) 307M->4M(634M) 0.241ms
[19.782s][info ][gc,cpu         ] GC(538) User=0.00s Sys=0.00s Real=0.00s
[19.803s][info ][gc,start       ] GC(539) Pause Young (Allocation Failure)
[19.803s][debug][gc,age         ] GC(539) Desired survivor size 1048576 bytes, new threshold 1 (max threshold 15)
[19.803s][info ][gc,heap        ] GC(539) PSYoungGen: 298794K(299520K)->486K(342528K) Eden: 298698K(299008K)->0K(341504K) From: 96K(512K)->486K(1024K)
[19.803s][info ][gc,heap        ] GC(539) ParOldGen: 4122K(349696K)->4122K(349696K)
[19.803s][info ][gc,metaspace   ] GC(539) Metaspace: 9577K(9856K)->9577K(9856K) NonClass: 8508K(8640K)->8508K(8640K) Class: 1069K(1216K)->1069K(1216K)
[19.803s][info ][gc             ] GC(539) Pause Young (Allocation Failure) 295M->4M(676M) 0.328ms
[19.803s][info ][gc,cpu         ] GC(539) User=0.00s Sys=0.00s Real=0.00s
[19.828s][info ][gc,start       ] GC(540) Pause Young (Allocation Failure)
[19.829s][debug][gc,age         ] GC(540) Desired survivor size 1048576 bytes, new threshold 1 (max threshold 15)
[19.829s][info ][gc,heap        ] GC(540) PSYoungGen: 341613K(342528K)->64K(329728K) Eden: 341127K(341504K)->0K(329216K) From: 486K(1024K)->64K(512K)
[19.829s][info ][gc,heap        ] GC(540) ParOldGen: 4122K(349696K)->4122K(349696K)
[19.829s][info ][gc,metaspace   ] GC(540) Metaspace: 9577K(9856K)->9577K(9856K) NonClass: 8508K(8640K)->8508K(8640K) Class: 1069K(1216K)->1069K(1216K)
[19.829s][info ][gc             ] GC(540) Pause Young (Allocation Failure) 337M->4M(663M) 0.237ms
[19.829s][info ][gc,cpu         ] GC(540) User=0.00s Sys=0.00s Real=0.00s
[19.853s][info ][gc,start       ] GC(541) Pause Young (Allocation Failure)
[19.853s][debug][gc,age         ] GC(541) Desired survivor size 1048576 bytes, new threshold 1 (max threshold 15)
[19.853s][info ][gc,heap        ] GC(541) PSYoungGen: 328896K(329728K)->64K(318976K) Eden: 328832K(329216K)->0K(317952K) From: 64K(512K)->64K(1024K)
[19.853s][info ][gc,heap        ] GC(541) ParOldGen: 4122K(349696K)->4122K(349696K)
[19.853s][info ][gc,metaspace   ] GC(541) Metaspace: 9577K(9856K)->9577K(9856K) NonClass: 8508K(8640K)->8508K(8640K) Class: 1069K(1216K)->1069K(1216K)
[19.853s][info ][gc             ] GC(541) Pause Young (Allocation Failure) 325M->4M(653M) 0.221ms
[19.853s][info ][gc,cpu         ] GC(541) User=0.00s Sys=0.00s Real=0.00s
[19.876s][info ][gc,start       ] GC(542) Pause Young (Allocation Failure)
[19.876s][debug][gc,age         ] GC(542) Desired survivor size 1048576 bytes, new threshold 1 (max threshold 15)
[19.876s][info ][gc,heap        ] GC(542) PSYoungGen: 318016K(318976K)->486K(307712K) Eden: 317952K(317952K)->0K(307200K) From: 64K(1024K)->486K(512K)
[19.876s][info ][gc,heap        ] GC(542) ParOldGen: 4122K(349696K)->4122K(349696K)
[19.876s][info ][gc,metaspace   ] GC(542) Metaspace: 9577K(9856K)->9577K(9856K) NonClass: 8508K(8640K)->8508K(8640K) Class: 1069K(1216K)->1069K(1216K)
[19.876s][info ][gc             ] GC(542) Pause Young (Allocation Failure) 314M->4M(642M) 0.270ms
[19.876s][info ][gc,cpu         ] GC(542) User=0.00s Sys=0.00s Real=0.00s
[19.899s][info ][gc,start       ] GC(543) Pause Young (Allocation Failure)
[19.899s][debug][gc,age         ] GC(543) Desired survivor size 1048576 bytes, new threshold 1 (max threshold 15)
[19.899s][info ][gc,heap        ] GC(543) PSYoungGen: 307617K(307712K)->486K(297472K) Eden: 307130K(307200K)->0K(296448K) From: 486K(512K)->486K(1024K)
[19.899s][info ][gc,heap        ] GC(543) ParOldGen: 4122K(349696K)->4122K(349696K)
[19.899s][info ][gc,metaspace   ] GC(543) Metaspace: 9577K(9856K)->9577K(9856K) NonClass: 8508K(8640K)->8508K(8640K) Class: 1069K(1216K)->1069K(1216K)
[19.899s][info ][gc             ] GC(543) Pause Young (Allocation Failure) 304M->4M(632M) 0.266ms
[19.899s][info ][gc,cpu         ] GC(543) User=0.00s Sys=0.00s Real=0.00s
[19.921s][info ][gc,start       ] GC(544) Pause Young (Allocation Failure)
[19.921s][debug][gc,age         ] GC(544) Desired survivor size 1048576 bytes, new threshold 1 (max threshold 15)
[19.921s][info ][gc,heap        ] GC(544) PSYoungGen: 296884K(297472K)->96K(286720K) Eden: 296397K(296448K)->0K(286208K) From: 486K(1024K)->96K(512K)
[19.921s][info ][gc,heap        ] GC(544) ParOldGen: 4122K(349696K)->4122K(349696K)
[19.921s][info ][gc,metaspace   ] GC(544) Metaspace: 9577K(9856K)->9577K(9856K) NonClass: 8508K(8640K)->8508K(8640K) Class: 1069K(1216K)->1069K(1216K)
[19.921s][info ][gc             ] GC(544) Pause Young (Allocation Failure) 293M->4M(621M) 0.276ms
[19.921s][info ][gc,cpu         ] GC(544) User=0.00s Sys=0.00s Real=0.00s
[19.942s][info ][gc,start       ] GC(545) Pause Young (Allocation Failure)
[19.943s][debug][gc,age         ] GC(545) Desired survivor size 1048576 bytes, new threshold 1 (max threshold 15)
[19.943s][info ][gc,heap        ] GC(545) PSYoungGen: 286300K(286720K)->486K(277504K) Eden: 286204K(286208K)->0K(276480K) From: 96K(512K)->486K(1024K)
[19.943s][info ][gc,heap        ] GC(545) ParOldGen: 4122K(349696K)->4122K(349696K)
[19.943s][info ][gc,metaspace   ] GC(545) Metaspace: 9577K(9856K)->9577K(9856K) NonClass: 8508K(8640K)->8508K(8640K) Class: 1069K(1216K)->1069K(1216K)
[19.943s][info ][gc             ] GC(545) Pause Young (Allocation Failure) 283M->4M(612M) 0.276ms
[19.943s][info ][gc,cpu         ] GC(545) User=0.00s Sys=0.00s Real=0.00s
[19.963s][info ][gc,start       ] GC(546) Pause Young (Allocation Failure)
[19.963s][debug][gc,age         ] GC(546) Desired survivor size 1048576 bytes, new threshold 1 (max threshold 15)
[19.963s][info ][gc,heap        ] GC(546) PSYoungGen: 276629K(277504K)->96K(267776K) Eden: 276142K(276480K)->0K(267264K) From: 486K(1024K)->96K(512K)
[19.963s][info ][gc,heap        ] GC(546) ParOldGen: 4122K(349696K)->4122K(349696K)
[19.963s][info ][gc,metaspace   ] GC(546) Metaspace: 9577K(9856K)->9577K(9856K) NonClass: 8508K(8640K)->8508K(8640K) Class: 1069K(1216K)->1069K(1216K)
[19.963s][info ][gc             ] GC(546) Pause Young (Allocation Failure) 274M->4M(603M) 0.243ms
[19.963s][info ][gc,cpu         ] GC(546) User=0.00s Sys=0.00s Real=0.00s
[19.982s][info ][gc,start       ] GC(547) Pause Young (Allocation Failure)
[19.983s][debug][gc,age         ] GC(547) Desired survivor size 1048576 bytes, new threshold 1 (max threshold 15)
[19.983s][info ][gc,heap        ] GC(547) PSYoungGen: 267219K(267776K)->486K(259584K) Eden: 267123K(267264K)->0K(258560K) From: 96K(512K)->486K(1024K)
[19.983s][info ][gc,heap        ] GC(547) ParOldGen: 4122K(349696K)->4122K(349696K)
[19.983s][info ][gc,metaspace   ] GC(547) Metaspace: 9577K(9856K)->9577K(9856K) NonClass: 8508K(8640K)->8508K(8640K) Class: 1069K(1216K)->1069K(1216K)
[19.983s][info ][gc             ] GC(547) Pause Young (Allocation Failure) 264M->4M(595M) 0.298ms
[19.983s][info ][gc,cpu         ] GC(547) User=0.00s Sys=0.00s Real=0.00s
[20.002s][info ][gc,start       ] GC(548) Pause Young (Allocation Failure)
[20.002s][debug][gc,age         ] GC(548) Desired survivor size 1048576 bytes, new threshold 1 (max threshold 15)
[20.002s][info ][gc,heap        ] GC(548) PSYoungGen: 258711K(259584K)->96K(250880K) Eden: 258225K(258560K)->0K(250368K) From: 486K(1024K)->96K(512K)
[20.002s][info ][gc,heap        ] GC(548) ParOldGen: 4122K(349696K)->4122K(349696K)
[20.002s][info ][gc,metaspace   ] GC(548) Metaspace: 9577K(9856K)->9577K(9856K) NonClass: 8508K(8640K)->8508K(8640K) Class: 1069K(1216K)->1069K(1216K)
[20.002s][info ][gc             ] GC(548) Pause Young (Allocation Failure) 256M->4M(586M) 0.259ms
[20.002s][info ][gc,cpu         ] GC(548) User=0.00s Sys=0.00s Real=0.00s
[20.020s][info ][gc,start       ] GC(549) Pause Young (Allocation Failure)
[20.021s][debug][gc,age         ] GC(549) Desired survivor size 1048576 bytes, new threshold 1 (max threshold 15)
[20.021s][info ][gc,heap        ] GC(549) PSYoungGen: 250464K(250880K)->486K(301568K) Eden: 250368K(250368K)->0K(300544K) From: 96K(512K)->486K(1024K)
[20.021s][info ][gc,heap        ] GC(549) ParOldGen: 4122K(349696K)->4122K(349696K)
[20.021s][info ][gc,metaspace   ] GC(549) Metaspace: 9577K(9856K)->9577K(9856K) NonClass: 8508K(8640K)->8508K(8640K) Class: 1069K(1216K)->1069K(1216K)
[20.021s][info ][gc             ] GC(549) Pause Young (Allocation Failure) 248M->4M(636M) 0.307ms
[20.021s][info ][gc,cpu         ] GC(549) User=0.00s Sys=0.00s Real=0.00s
[20.042s][info ][gc,start       ] GC(550) Pause Young (Allocation Failure)
[20.042s][debug][gc,age         ] GC(550) Desired survivor size 1048576 bytes, new threshold 1 (max threshold 15)
[20.043s][info ][gc,heap        ] GC(550) PSYoungGen: 301030K(301568K)->96K(290816K) Eden: 300544K(300544K)->0K(290304K) From: 486K(1024K)->96K(512K)
[20.043s][info ][gc,heap        ] GC(550) ParOldGen: 4122K(349696K)->4122K(349696K)
[20.043s][info ][gc,metaspace   ] GC(550) Metaspace: 9577K(9856K)->9577K(9856K) NonClass: 8508K(8640K)->8508K(8640K) Class: 1069K(1216K)->1069K(1216K)
[20.043s][info ][gc             ] GC(550) Pause Young (Allocation Failure) 298M->4M(625M) 0.261ms
[20.043s][info ][gc,cpu         ] GC(550) User=0.00s Sys=0.00s Real=0.00s
[20.064s][info ][gc,start       ] GC(551) Pause Young (Allocation Failure)
[20.064s][debug][gc,age         ] GC(551) Desired survivor size 1048576 bytes, new threshold 1 (max threshold 15)
[20.064s][info ][gc,heap        ] GC(551) PSYoungGen: 290032K(290816K)->64K(281600K) Eden: 289936K(290304K)->0K(280576K) From: 96K(512K)->64K(1024K)
[20.064s][info ][gc,heap        ] GC(551) ParOldGen: 4122K(349696K)->4122K(349696K)
[20.064s][info ][gc,metaspace   ] GC(551) Metaspace: 9577K(9856K)->9577K(9856K) NonClass: 8508K(8640K)->8508K(8640K) Class: 1069K(1216K)->1069K(1216K)
[20.064s][info ][gc             ] GC(551) Pause Young (Allocation Failure) 287M->4M(616M) 0.261ms
[20.064s][info ][gc,cpu         ] GC(551) User=0.00s Sys=0.00s Real=0.00s
[20.084s][info ][gc,start       ] GC(552) Pause Young (Allocation Failure)
[20.085s][debug][gc,age         ] GC(552) Desired survivor size 1048576 bytes, new threshold 1 (max threshold 15)
[20.085s][info ][gc,heap        ] GC(552) PSYoungGen: 280640K(281600K)->454K(271872K) Eden: 280576K(280576K)->0K(271360K) From: 64K(1024K)->454K(512K)
[20.085s][info ][gc,heap        ] GC(552) ParOldGen: 4122K(349696K)->4122K(349696K)
[20.085s][info ][gc,metaspace   ] GC(552) Metaspace: 9577K(9856K)->9577K(9856K) NonClass: 8508K(8640K)->8508K(8640K) Class: 1069K(1216K)->1069K(1216K)
[20.085s][info ][gc             ] GC(552) Pause Young (Allocation Failure) 278M->4M(607M) 0.260ms
[20.085s][info ][gc,cpu         ] GC(552) User=0.00s Sys=0.00s Real=0.00s
[20.105s][info ][gc,start       ] GC(553) Pause Young (Allocation Failure)
[20.105s][debug][gc,age         ] GC(553) Desired survivor size 1048576 bytes, new threshold 1 (max threshold 15)
[20.105s][info ][gc,heap        ] GC(553) PSYoungGen: 271797K(271872K)->64K(326656K) Eden: 271343K(271360K)->0K(325632K) From: 454K(512K)->64K(1024K)
[20.105s][info ][gc,heap        ] GC(553) ParOldGen: 4122K(349696K)->4122K(349696K)
[20.105s][info ][gc,metaspace   ] GC(553) Metaspace: 9577K(9856K)->9577K(9856K) NonClass: 8508K(8640K)->8508K(8640K) Class: 1069K(1216K)->1069K(1216K)
[20.105s][info ][gc             ] GC(553) Pause Young (Allocation Failure) 269M->4M(660M) 0.286ms
[20.105s][info ][gc,cpu         ] GC(553) User=0.00s Sys=0.00s Real=0.00s
[20.129s][info ][gc,start       ] GC(554) Pause Young (Allocation Failure)
[20.129s][debug][gc,age         ] GC(554) Desired survivor size 1048576 bytes, new threshold 1 (max threshold 15)
[20.129s][info ][gc,heap        ] GC(554) PSYoungGen: 325456K(326656K)->96K(314880K) Eden: 325392K(325632K)->0K(314368K) From: 64K(1024K)->96K(512K)
[20.129s][info ][gc,heap        ] GC(554) ParOldGen: 4122K(349696K)->4122K(349696K)
[20.129s][info ][gc,metaspace   ] GC(554) Metaspace: 9577K(9856K)->9577K(9856K) NonClass: 8508K(8640K)->8508K(8640K) Class: 1069K(1216K)->1069K(1216K)
[20.129s][info ][gc             ] GC(554) Pause Young (Allocation Failure) 321M->4M(649M) 0.280ms
[20.129s][info ][gc,cpu         ] GC(554) User=0.00s Sys=0.00s Real=0.00s
[20.152s][info ][gc,start       ] GC(555) Pause Young (Allocation Failure)
[20.152s][debug][gc,age         ] GC(555) Desired survivor size 1048576 bytes, new threshold 1 (max threshold 15)
[20.152s][info ][gc,heap        ] GC(555) PSYoungGen: 314244K(314880K)->96K(304640K) Eden: 314148K(314368K)->0K(303616K) From: 96K(512K)->96K(1024K)
[20.152s][info ][gc,heap        ] GC(555) ParOldGen: 4122K(349696K)->4122K(349696K)
[20.152s][info ][gc,metaspace   ] GC(555) Metaspace: 9577K(9856K)->9577K(9856K) NonClass: 8508K(8640K)->8508K(8640K) Class: 1069K(1216K)->1069K(1216K)
[20.152s][info ][gc             ] GC(555) Pause Young (Allocation Failure) 310M->4M(639M) 0.202ms
[20.152s][info ][gc,cpu         ] GC(555) User=0.00s Sys=0.00s Real=0.00s
[20.174s][info ][gc,start       ] GC(556) Pause Young (Allocation Failure)
[20.174s][debug][gc,age         ] GC(556) Desired survivor size 1048576 bytes, new threshold 1 (max threshold 15)
[20.174s][info ][gc,heap        ] GC(556) PSYoungGen: 303513K(304640K)->486K(293888K) Eden: 303417K(303616K)->0K(293376K) From: 96K(1024K)->486K(512K)
[20.174s][info ][gc,heap        ] GC(556) ParOldGen: 4122K(349696K)->4122K(349696K)
[20.174s][info ][gc,metaspace   ] GC(556) Metaspace: 9577K(9856K)->9577K(9856K) NonClass: 8508K(8640K)->8508K(8640K) Class: 1069K(1216K)->1069K(1216K)
[20.174s][info ][gc             ] GC(556) Pause Young (Allocation Failure) 300M->4M(628M) 0.343ms
[20.174s][info ][gc,cpu         ] GC(556) User=0.00s Sys=0.00s Real=0.00s
[20.196s][info ][gc,start       ] GC(557) Pause Young (Allocation Failure)
[20.196s][debug][gc,age         ] GC(557) Desired survivor size 1048576 bytes, new threshold 1 (max threshold 15)
[20.196s][info ][gc,heap        ] GC(557) PSYoungGen: 293738K(293888K)->96K(284672K) Eden: 293252K(293376K)->0K(283648K) From: 486K(512K)->96K(1024K)
[20.196s][info ][gc,heap        ] GC(557) ParOldGen: 4122K(349696K)->4122K(349696K)
[20.196s][info ][gc,metaspace   ] GC(557) Metaspace: 9577K(9856K)->9577K(9856K) NonClass: 8508K(8640K)->8508K(8640K) Class: 1069K(1216K)->1069K(1216K)
[20.196s][info ][gc             ] GC(557) Pause Young (Allocation Failure) 290M->4M(619M) 0.219ms
[20.196s][info ][gc,cpu         ] GC(557) User=0.00s Sys=0.00s Real=0.00s
[20.217s][info ][gc,start       ] GC(558) Pause Young (Allocation Failure)
[20.217s][debug][gc,age         ] GC(558) Desired survivor size 1048576 bytes, new threshold 1 (max threshold 15)
[20.217s][info ][gc,heap        ] GC(558) PSYoungGen: 283744K(284672K)->486K(274944K) Eden: 283648K(283648K)->0K(274432K) From: 96K(1024K)->486K(512K)
[20.217s][info ][gc,heap        ] GC(558) ParOldGen: 4122K(349696K)->4122K(349696K)
[20.217s][info ][gc,metaspace   ] GC(558) Metaspace: 9577K(9856K)->9577K(9856K) NonClass: 8508K(8640K)->8508K(8640K) Class: 1069K(1216K)->1069K(1216K)
[20.217s][info ][gc             ] GC(558) Pause Young (Allocation Failure) 281M->4M(610M) 0.298ms
[20.217s][info ][gc,cpu         ] GC(558) User=0.00s Sys=0.00s Real=0.00s
[20.237s][info ][gc,start       ] GC(559) Pause Young (Allocation Failure)
[20.237s][debug][gc,age         ] GC(559) Desired survivor size 1048576 bytes, new threshold 1 (max threshold 15)
[20.237s][info ][gc,heap        ] GC(559) PSYoungGen: 274620K(274944K)->454K(266240K) Eden: 274133K(274432K)->0K(265216K) From: 486K(512K)->454K(1024K)
[20.237s][info ][gc,heap        ] GC(559) ParOldGen: 4122K(349696K)->4122K(349696K)
[20.237s][info ][gc,metaspace   ] GC(559) Metaspace: 9577K(9856K)->9577K(9856K) NonClass: 8508K(8640K)->8508K(8640K) Class: 1069K(1216K)->1069K(1216K)
[20.237s][info ][gc             ] GC(559) Pause Young (Allocation Failure) 272M->4M(601M) 0.269ms
[20.237s][info ][gc,cpu         ] GC(559) User=0.00s Sys=0.00s Real=0.00s
[20.256s][info ][gc,start       ] GC(560) Pause Young (Allocation Failure)
[20.257s][debug][gc,age         ] GC(560) Desired survivor size 1048576 bytes, new threshold 1 (max threshold 15)
[20.257s][info ][gc,heap        ] GC(560) PSYoungGen: 265670K(266240K)->486K(318976K) Eden: 265216K(265216K)->0K(318464K) From: 454K(1024K)->486K(512K)
[20.257s][info ][gc,heap        ] GC(560) ParOldGen: 4122K(349696K)->4122K(349696K)
[20.257s][info ][gc,metaspace   ] GC(560) Metaspace: 9577K(9856K)->9577K(9856K) NonClass: 8508K(8640K)->8508K(8640K) Class: 1069K(1216K)->1069K(1216K)
[20.257s][info ][gc             ] GC(560) Pause Young (Allocation Failure) 263M->4M(653M) 0.383ms
[20.257s][info ][gc,cpu         ] GC(560) User=0.00s Sys=0.00s Real=0.00s
[20.280s][info ][gc,start       ] GC(561) Pause Young (Allocation Failure)
[20.280s][debug][gc,age         ] GC(561) Desired survivor size 1048576 bytes, new threshold 1 (max threshold 15)
[20.280s][info ][gc,heap        ] GC(561) PSYoungGen: 318950K(318976K)->486K(308224K) Eden: 318464K(318464K)->0K(307200K) From: 486K(512K)->486K(1024K)
[20.280s][info ][gc,heap        ] GC(561) ParOldGen: 4122K(349696K)->4122K(349696K)
[20.280s][info ][gc,metaspace   ] GC(561) Metaspace: 9577K(9856K)->9577K(9856K) NonClass: 8508K(8640K)->8508K(8640K) Class: 1069K(1216K)->1069K(1216K)
[20.280s][info ][gc             ] GC(561) Pause Young (Allocation Failure) 315M->4M(642M) 0.260ms
[20.280s][info ][gc,cpu         ] GC(561) User=0.00s Sys=0.00s Real=0.00s
[20.303s][info ][gc,start       ] GC(562) Pause Young (Allocation Failure)
[20.303s][debug][gc,age         ] GC(562) Desired survivor size 1048576 bytes, new threshold 1 (max threshold 15)
[20.303s][info ][gc,heap        ] GC(562) PSYoungGen: 307469K(308224K)->454K(296960K) Eden: 306982K(307200K)->0K(296448K) From: 486K(1024K)->454K(512K)
[20.303s][info ][gc,heap        ] GC(562) ParOldGen: 4122K(349696K)->4122K(349696K)
[20.303s][info ][gc,metaspace   ] GC(562) Metaspace: 9577K(9856K)->9577K(9856K) NonClass: 8508K(8640K)->8508K(8640K) Class: 1069K(1216K)->1069K(1216K)
[20.303s][info ][gc             ] GC(562) Pause Young (Allocation Failure) 304M->4M(631M) 0.254ms
[20.303s][info ][gc,cpu         ] GC(562) User=0.00s Sys=0.00s Real=0.00s
[20.326s][info ][gc,start       ] GC(563) Pause Young (Allocation Failure)
[20.326s][debug][gc,age         ] GC(563) Desired survivor size 1048576 bytes, new threshold 1 (max threshold 15)
[20.326s][info ][gc,heap        ] GC(563) PSYoungGen: 296902K(296960K)->96K(287232K) Eden: 296448K(296448K)->0K(286208K) From: 454K(512K)->96K(1024K)
[20.326s][info ][gc,heap        ] GC(563) ParOldGen: 4122K(349696K)->4122K(349696K)
[20.326s][info ][gc,metaspace   ] GC(563) Metaspace: 9577K(9856K)->9577K(9856K) NonClass: 8508K(8640K)->8508K(8640K) Class: 1069K(1216K)->1069K(1216K)
[20.326s][info ][gc             ] GC(563) Pause Young (Allocation Failure) 293M->4M(622M) 0.299ms
[20.326s][info ][gc,cpu         ] GC(563) User=0.00s Sys=0.00s Real=0.00s
[20.350s][info ][gc,start       ] GC(564) Pause Young (Allocation Failure)
[20.350s][debug][gc,age         ] GC(564) Desired survivor size 1048576 bytes, new threshold 1 (max threshold 15)
[20.350s][info ][gc,heap        ] GC(564) PSYoungGen: 286304K(287232K)->64K(276992K) Eden: 286208K(286208K)->0K(276480K) From: 96K(1024K)->64K(512K)
[20.350s][info ][gc,heap        ] GC(564) ParOldGen: 4122K(349696K)->4122K(349696K)
[20.350s][info ][gc,metaspace   ] GC(564) Metaspace: 9577K(9856K)->9577K(9856K) NonClass: 8508K(8640K)->8508K(8640K) Class: 1069K(1216K)->1069K(1216K)
[20.350s][info ][gc             ] GC(564) Pause Young (Allocation Failure) 283M->4M(612M) 0.330ms
[20.350s][info ][gc,cpu         ] GC(564) User=0.00s Sys=0.00s Real=0.00s
[20.373s][info ][gc,start       ] GC(565) Pause Young (Allocation Failure)
[20.373s][debug][gc,age         ] GC(565) Desired survivor size 1048576 bytes, new threshold 1 (max threshold 15)
[20.373s][info ][gc,heap        ] GC(565) PSYoungGen: 276189K(276992K)->96K(268288K) Eden: 276125K(276480K)->0K(267264K) From: 64K(512K)->96K(1024K)
[20.373s][info ][gc,heap        ] GC(565) ParOldGen: 4122K(349696K)->4122K(349696K)
[20.373s][info ][gc,metaspace   ] GC(565) Metaspace: 9577K(9856K)->9577K(9856K) NonClass: 8508K(8640K)->8508K(8640K) Class: 1069K(1216K)->1069K(1216K)
[20.373s][info ][gc             ] GC(565) Pause Young (Allocation Failure) 273M->4M(603M) 0.339ms
[20.373s][info ][gc,cpu         ] GC(565) User=0.00s Sys=0.00s Real=0.00s
[20.395s][info ][gc,start       ] GC(566) Pause Young (Allocation Failure)
[20.395s][debug][gc,age         ] GC(566) Desired survivor size 1048576 bytes, new threshold 1 (max threshold 15)
[20.395s][info ][gc,heap        ] GC(566) PSYoungGen: 267281K(268288K)->486K(321536K) Eden: 267185K(267264K)->0K(321024K) From: 96K(1024K)->486K(512K)
[20.395s][info ][gc,heap        ] GC(566) ParOldGen: 4122K(349696K)->4122K(349696K)
[20.395s][info ][gc,metaspace   ] GC(566) Metaspace: 9577K(9856K)->9577K(9856K) NonClass: 8508K(8640K)->8508K(8640K) Class: 1069K(1216K)->1069K(1216K)
[20.396s][info ][gc             ] GC(566) Pause Young (Allocation Failure) 265M->4M(655M) 0.417ms
[20.396s][info ][gc,cpu         ] GC(566) User=0.00s Sys=0.00s Real=0.01s
[20.422s][info ][gc,start       ] GC(567) Pause Young (Allocation Failure)
[20.422s][debug][gc,age         ] GC(567) Desired survivor size 1048576 bytes, new threshold 1 (max threshold 15)
[20.422s][info ][gc,heap        ] GC(567) PSYoungGen: 321185K(321536K)->96K(310784K) Eden: 320699K(321024K)->0K(309760K) From: 486K(512K)->96K(1024K)
[20.422s][info ][gc,heap        ] GC(567) ParOldGen: 4122K(349696K)->4122K(349696K)
[20.422s][info ][gc,metaspace   ] GC(567) Metaspace: 9577K(9856K)->9577K(9856K) NonClass: 8508K(8640K)->8508K(8640K) Class: 1069K(1216K)->1069K(1216K)
[20.422s][info ][gc             ] GC(567) Pause Young (Allocation Failure) 317M->4M(645M) 0.300ms
[20.422s][info ][gc,cpu         ] GC(567) User=0.00s Sys=0.00s Real=0.00s
[20.447s][info ][gc,start       ] GC(568) Pause Young (Allocation Failure)
[20.447s][debug][gc,age         ] GC(568) Desired survivor size 1048576 bytes, new threshold 1 (max threshold 15)
[20.447s][info ][gc,heap        ] GC(568) PSYoungGen: 309856K(310784K)->486K(299520K) Eden: 309760K(309760K)->0K(299008K) From: 96K(1024K)->486K(512K)
[20.447s][info ][gc,heap        ] GC(568) ParOldGen: 4122K(349696K)->4122K(349696K)
[20.447s][info ][gc,metaspace   ] GC(568) Metaspace: 9577K(9856K)->9577K(9856K) NonClass: 8508K(8640K)->8508K(8640K) Class: 1069K(1216K)->1069K(1216K)
[20.447s][info ][gc             ] GC(568) Pause Young (Allocation Failure) 306M->4M(634M) 0.344ms
[20.447s][info ][gc,cpu         ] GC(568) User=0.00s Sys=0.00s Real=0.00s
[20.472s][info ][gc,start       ] GC(569) Pause Young (Allocation Failure)
[20.472s][debug][gc,age         ] GC(569) Desired survivor size 1048576 bytes, new threshold 1 (max threshold 15)
[20.472s][info ][gc,heap        ] GC(569) PSYoungGen: 299494K(299520K)->96K(289792K) Eden: 299008K(299008K)->0K(288768K) From: 486K(512K)->96K(1024K)
[20.472s][info ][gc,heap        ] GC(569) ParOldGen: 4122K(349696K)->4122K(349696K)
[20.472s][info ][gc,metaspace   ] GC(569) Metaspace: 9577K(9856K)->9577K(9856K) NonClass: 8508K(8640K)->8508K(8640K) Class: 1069K(1216K)->1069K(1216K)
[20.472s][info ][gc             ] GC(569) Pause Young (Allocation Failure) 296M->4M(624M) 0.229ms
[20.472s][info ][gc,cpu         ] GC(569) User=0.00s Sys=0.00s Real=0.00s
[20.494s][info ][gc,start       ] GC(570) Pause Young (Allocation Failure)
[20.494s][debug][gc,age         ] GC(570) Desired survivor size 1048576 bytes, new threshold 1 (max threshold 15)
[20.494s][info ][gc,heap        ] GC(570) PSYoungGen: 288515K(289792K)->96K(279552K) Eden: 288419K(288768K)->0K(279040K) From: 96K(1024K)->96K(512K)
[20.494s][info ][gc,heap        ] GC(570) ParOldGen: 4122K(349696K)->4122K(349696K)
[20.494s][info ][gc,metaspace   ] GC(570) Metaspace: 9577K(9856K)->9577K(9856K) NonClass: 8508K(8640K)->8508K(8640K) Class: 1069K(1216K)->1069K(1216K)
[20.494s][info ][gc             ] GC(570) Pause Young (Allocation Failure) 285M->4M(614M) 0.432ms
[20.494s][info ][gc,cpu         ] GC(570) User=0.00s Sys=0.00s Real=0.00s
[20.515s][info ][gc,start       ] GC(571) Pause Young (Allocation Failure)
[20.515s][debug][gc,age         ] GC(571) Desired survivor size 1048576 bytes, new threshold 1 (max threshold 15)
[20.515s][info ][gc,heap        ] GC(571) PSYoungGen: 278940K(279552K)->96K(270848K) Eden: 278844K(279040K)->0K(269824K) From: 96K(512K)->96K(1024K)
[20.515s][info ][gc,heap        ] GC(571) ParOldGen: 4122K(349696K)->4122K(349696K)
[20.515s][info ][gc,metaspace   ] GC(571) Metaspace: 9577K(9856K)->9577K(9856K) NonClass: 8508K(8640K)->8508K(8640K) Class: 1069K(1216K)->1069K(1216K)
[20.515s][info ][gc             ] GC(571) Pause Young (Allocation Failure) 276M->4M(606M) 0.350ms
[20.515s][info ][gc,cpu         ] GC(571) User=0.00s Sys=0.00s Real=0.01s
[20.536s][info ][gc,start       ] GC(572) Pause Young (Allocation Failure)
[20.536s][debug][gc,age         ] GC(572) Desired survivor size 1048576 bytes, new threshold 1 (max threshold 15)
[20.536s][info ][gc,heap        ] GC(572) PSYoungGen: 269920K(270848K)->96K(261632K) Eden: 269824K(269824K)->0K(261120K) From: 96K(1024K)->96K(512K)
[20.536s][info ][gc,heap        ] GC(572) ParOldGen: 4122K(349696K)->4122K(349696K)
[20.536s][info ][gc,metaspace   ] GC(572) Metaspace: 9577K(9856K)->9577K(9856K) NonClass: 8508K(8640K)->8508K(8640K) Class: 1069K(1216K)->1069K(1216K)
[20.536s][info ][gc             ] GC(572) Pause Young (Allocation Failure) 267M->4M(597M) 0.309ms
[20.536s][info ][gc,cpu         ] GC(572) User=0.00s Sys=0.00s Real=0.00s
[20.555s][info ][gc,start       ] GC(573) Pause Young (Allocation Failure)
[20.555s][debug][gc,age         ] GC(573) Desired survivor size 1048576 bytes, new threshold 1 (max threshold 15)
[20.555s][info ][gc,heap        ] GC(573) PSYoungGen: 261216K(261632K)->96K(314368K) Eden: 261120K(261120K)->0K(313344K) From: 96K(512K)->96K(1024K)
[20.555s][info ][gc,heap        ] GC(573) ParOldGen: 4122K(349696K)->4122K(349696K)
[20.555s][info ][gc,metaspace   ] GC(573) Metaspace: 9577K(9856K)->9577K(9856K) NonClass: 8508K(8640K)->8508K(8640K) Class: 1069K(1216K)->1069K(1216K)
[20.555s][info ][gc             ] GC(573) Pause Young (Allocation Failure) 259M->4M(648M) 0.314ms
[20.556s][info ][gc,cpu         ] GC(573) User=0.00s Sys=0.00s Real=0.01s
[20.579s][info ][gc,start       ] GC(574) Pause Young (Allocation Failure)
[20.579s][debug][gc,age         ] GC(574) Desired survivor size 1048576 bytes, new threshold 1 (max threshold 15)
[20.579s][info ][gc,heap        ] GC(574) PSYoungGen: 313425K(314368K)->96K(303104K) Eden: 313329K(313344K)->0K(302592K) From: 96K(1024K)->96K(512K)
[20.579s][info ][gc,heap        ] GC(574) ParOldGen: 4122K(349696K)->4122K(349696K)
[20.579s][info ][gc,metaspace   ] GC(574) Metaspace: 9577K(9856K)->9577K(9856K) NonClass: 8508K(8640K)->8508K(8640K) Class: 1069K(1216K)->1069K(1216K)
[20.579s][info ][gc             ] GC(574) Pause Young (Allocation Failure) 310M->4M(637M) 0.298ms
[20.579s][info ][gc,cpu         ] GC(574) User=0.00s Sys=0.00s Real=0.00s
[20.601s][info ][gc,start       ] GC(575) Pause Young (Allocation Failure)
[20.601s][debug][gc,age         ] GC(575) Desired survivor size 1048576 bytes, new threshold 1 (max threshold 15)
[20.602s][info ][gc,heap        ] GC(575) PSYoungGen: 302623K(303104K)->582K(338944K) Eden: 302527K(302592K)->0K(337920K) From: 96K(512K)->582K(1024K)
[20.602s][info ][gc,heap        ] GC(575) ParOldGen: 4122K(349696K)->4122K(349696K)
[20.602s][info ][gc,metaspace   ] GC(575) Metaspace: 9579K(9856K)->9579K(9856K) NonClass: 8510K(8640K)->8510K(8640K) Class: 1069K(1216K)->1069K(1216K)
[20.602s][info ][gc             ] GC(575) Pause Young (Allocation Failure) 299M->4M(672M) 0.347ms
[20.602s][info ][gc,cpu         ] GC(575) User=0.00s Sys=0.00s Real=0.00s
[20.624s][info ][gc,start       ] GC(576) Pause Young (Allocation Failure)
[20.625s][debug][gc,age         ] GC(576) Desired survivor size 1048576 bytes, new threshold 1 (max threshold 15)
[20.625s][info ][gc,heap        ] GC(576) PSYoungGen: 338502K(338944K)->454K(348160K) Eden: 337920K(337920K)->0K(347136K) From: 582K(1024K)->454K(1024K)
[20.625s][info ][gc,heap        ] GC(576) ParOldGen: 4122K(349696K)->4178K(349696K)
[20.625s][info ][gc,metaspace   ] GC(576) Metaspace: 9579K(9856K)->9579K(9856K) NonClass: 8510K(8640K)->8510K(8640K) Class: 1069K(1216K)->1069K(1216K)
[20.625s][info ][gc             ] GC(576) Pause Young (Allocation Failure) 334M->4M(681M) 0.353ms
[20.625s][info ][gc,cpu         ] GC(576) User=0.00s Sys=0.00s Real=0.00s
[20.648s][info ][gc,start       ] GC(577) Pause Young (Allocation Failure)
[20.649s][debug][gc,age         ] GC(577) Desired survivor size 1048576 bytes, new threshold 1 (max threshold 15)
[20.649s][info ][gc,heap        ] GC(577) PSYoungGen: 347362K(348160K)->486K(348160K) Eden: 346907K(347136K)->0K(347136K) From: 454K(1024K)->486K(1024K)
[20.649s][info ][gc,heap        ] GC(577) ParOldGen: 4178K(349696K)->4178K(349696K)
[20.649s][info ][gc,metaspace   ] GC(577) Metaspace: 9579K(9856K)->9579K(9856K) NonClass: 8510K(8640K)->8510K(8640K) Class: 1069K(1216K)->1069K(1216K)
[20.649s][info ][gc             ] GC(577) Pause Young (Allocation Failure) 343M->4M(681M) 0.416ms
[20.649s][info ][gc,cpu         ] GC(577) User=0.00s Sys=0.00s Real=0.00s
[20.672s][info ][gc,start       ] GC(578) Pause Young (Allocation Failure)
[20.672s][debug][gc,age         ] GC(578) Desired survivor size 1048576 bytes, new threshold 1 (max threshold 15)
[20.672s][info ][gc,heap        ] GC(578) PSYoungGen: 347480K(348160K)->96K(348160K) Eden: 346993K(347136K)->0K(347136K) From: 486K(1024K)->96K(1024K)
[20.672s][info ][gc,heap        ] GC(578) ParOldGen: 4178K(349696K)->4178K(349696K)
[20.672s][info ][gc,metaspace   ] GC(578) Metaspace: 9579K(9856K)->9579K(9856K) NonClass: 8510K(8640K)->8510K(8640K) Class: 1069K(1216K)->1069K(1216K)
[20.672s][info ][gc             ] GC(578) Pause Young (Allocation Failure) 343M->4M(681M) 0.313ms
[20.672s][info ][gc,cpu         ] GC(578) User=0.00s Sys=0.00s Real=0.00s
[20.695s][info ][gc,start       ] GC(579) Pause Young (Allocation Failure)
[20.696s][debug][gc,age         ] GC(579) Desired survivor size 1048576 bytes, new threshold 1 (max threshold 15)
[20.696s][info ][gc,heap        ] GC(579) PSYoungGen: 347021K(348160K)->454K(335360K) Eden: 346925K(347136K)->0K(334848K) From: 96K(1024K)->454K(512K)
[20.696s][info ][gc,heap        ] GC(579) ParOldGen: 4178K(349696K)->4178K(349696K)
[20.696s][info ][gc,metaspace   ] GC(579) Metaspace: 9579K(9856K)->9579K(9856K) NonClass: 8510K(8640K)->8510K(8640K) Class: 1069K(1216K)->1069K(1216K)
[20.696s][info ][gc             ] GC(579) Pause Young (Allocation Failure) 342M->4M(669M) 0.295ms
[20.696s][info ][gc,cpu         ] GC(579) User=0.00s Sys=0.00s Real=0.00s
[20.718s][info ][gc,start       ] GC(580) Pause Young (Allocation Failure)
[20.718s][debug][gc,age         ] GC(580) Desired survivor size 1048576 bytes, new threshold 1 (max threshold 15)
[20.718s][info ][gc,heap        ] GC(580) PSYoungGen: 335217K(335360K)->96K(323584K) Eden: 334762K(334848K)->0K(323072K) From: 454K(512K)->96K(512K)
[20.718s][info ][gc,heap        ] GC(580) ParOldGen: 4178K(349696K)->4178K(349696K)
[20.718s][info ][gc,metaspace   ] GC(580) Metaspace: 9579K(9856K)->9579K(9856K) NonClass: 8510K(8640K)->8510K(8640K) Class: 1069K(1216K)->1069K(1216K)
[20.718s][info ][gc             ] GC(580) Pause Young (Allocation Failure) 331M->4M(657M) 0.325ms
[20.718s][info ][gc,cpu         ] GC(580) User=0.00s Sys=0.00s Real=0.00s
[20.739s][info ][gc,start       ] GC(581) Pause Young (Allocation Failure)
[20.740s][debug][gc,age         ] GC(581) Desired survivor size 1048576 bytes, new threshold 1 (max threshold 15)
[20.740s][info ][gc,heap        ] GC(581) PSYoungGen: 322997K(323584K)->96K(312832K) Eden: 322901K(323072K)->0K(311808K) From: 96K(512K)->96K(1024K)
[20.740s][info ][gc,heap        ] GC(581) ParOldGen: 4178K(349696K)->4178K(349696K)
[20.740s][info ][gc,metaspace   ] GC(581) Metaspace: 9579K(9856K)->9579K(9856K) NonClass: 8510K(8640K)->8510K(8640K) Class: 1069K(1216K)->1069K(1216K)
[20.740s][info ][gc             ] GC(581) Pause Young (Allocation Failure) 319M->4M(647M) 0.272ms
[20.740s][info ][gc,cpu         ] GC(581) User=0.00s Sys=0.00s Real=0.00s
[20.761s][info ][gc,start       ] GC(582) Pause Young (Allocation Failure)
[20.761s][debug][gc,age         ] GC(582) Desired survivor size 1048576 bytes, new threshold 1 (max threshold 15)
[20.761s][info ][gc,heap        ] GC(582) PSYoungGen: 311752K(312832K)->96K(301568K) Eden: 311656K(311808K)->0K(301056K) From: 96K(1024K)->96K(512K)
[20.761s][info ][gc,heap        ] GC(582) ParOldGen: 4178K(349696K)->4178K(349696K)
[20.761s][info ][gc,metaspace   ] GC(582) Metaspace: 9579K(9856K)->9579K(9856K) NonClass: 8510K(8640K)->8510K(8640K) Class: 1069K(1216K)->1069K(1216K)
[20.761s][info ][gc             ] GC(582) Pause Young (Allocation Failure) 308M->4M(636M) 0.312ms
[20.761s][info ][gc,cpu         ] GC(582) User=0.01s Sys=0.00s Real=0.00s
[20.780s][info ][gc,start       ] GC(583) Pause Young (Allocation Failure)
[20.781s][debug][gc,age         ] GC(583) Desired survivor size 1048576 bytes, new threshold 1 (max threshold 15)
[20.781s][info ][gc,heap        ] GC(583) PSYoungGen: 301039K(301568K)->96K(346624K) Eden: 300943K(301056K)->0K(345600K) From: 96K(512K)->96K(1024K)
[20.781s][info ][gc,heap        ] GC(583) ParOldGen: 4178K(349696K)->4178K(349696K)
[20.781s][info ][gc,metaspace   ] GC(583) Metaspace: 9579K(9856K)->9579K(9856K) NonClass: 8510K(8640K)->8510K(8640K) Class: 1069K(1216K)->1069K(1216K)
[20.781s][info ][gc             ] GC(583) Pause Young (Allocation Failure) 298M->4M(680M) 0.347ms
[20.781s][info ][gc,cpu         ] GC(583) User=0.00s Sys=0.00s Real=0.00s
[20.804s][info ][gc,start       ] GC(584) Pause Young (Allocation Failure)
[20.804s][debug][gc,age         ] GC(584) Desired survivor size 1048576 bytes, new threshold 1 (max threshold 15)
[20.804s][info ][gc,heap        ] GC(584) PSYoungGen: 345691K(346624K)->64K(348160K) Eden: 345595K(345600K)->0K(347136K) From: 96K(1024K)->64K(1024K)
[20.804s][info ][gc,heap        ] GC(584) ParOldGen: 4178K(349696K)->4178K(349696K)
[20.804s][info ][gc,metaspace   ] GC(584) Metaspace: 9579K(9856K)->9579K(9856K) NonClass: 8510K(8640K)->8510K(8640K) Class: 1069K(1216K)->1069K(1216K)
[20.804s][info ][gc             ] GC(584) Pause Young (Allocation Failure) 341M->4M(681M) 0.290ms
[20.804s][info ][gc,cpu         ] GC(584) User=0.00s Sys=0.00s Real=0.00s
[20.826s][info ][gc,start       ] GC(585) Pause Young (Allocation Failure)
[20.827s][debug][gc,age         ] GC(585) Desired survivor size 1048576 bytes, new threshold 1 (max threshold 15)
[20.827s][info ][gc,heap        ] GC(585) PSYoungGen: 347148K(348160K)->96K(348160K) Eden: 347084K(347136K)->0K(347136K) From: 64K(1024K)->96K(1024K)
[20.827s][info ][gc,heap        ] GC(585) ParOldGen: 4178K(349696K)->4178K(349696K)
[20.827s][info ][gc,metaspace   ] GC(585) Metaspace: 9579K(9856K)->9579K(9856K) NonClass: 8510K(8640K)->8510K(8640K) Class: 1069K(1216K)->1069K(1216K)
[20.827s][info ][gc             ] GC(585) Pause Young (Allocation Failure) 343M->4M(681M) 0.302ms
[20.827s][info ][gc,cpu         ] GC(585) User=0.00s Sys=0.00s Real=0.00s
[20.849s][info ][gc,start       ] GC(586) Pause Young (Allocation Failure)
[20.849s][debug][gc,age         ] GC(586) Desired survivor size 1048576 bytes, new threshold 1 (max threshold 15)
[20.849s][info ][gc,heap        ] GC(586) PSYoungGen: 347033K(348160K)->486K(348160K) Eden: 346937K(347136K)->0K(347136K) From: 96K(1024K)->486K(1024K)
[20.849s][info ][gc,heap        ] GC(586) ParOldGen: 4178K(349696K)->4178K(349696K)
[20.849s][info ][gc,metaspace   ] GC(586) Metaspace: 9579K(9856K)->9579K(9856K) NonClass: 8510K(8640K)->8510K(8640K) Class: 1069K(1216K)->1069K(1216K)
[20.849s][info ][gc             ] GC(586) Pause Young (Allocation Failure) 342M->4M(681M) 0.291ms
[20.849s][info ][gc,cpu         ] GC(586) User=0.00s Sys=0.01s Real=0.00s
[20.872s][info ][gc,start       ] GC(587) Pause Young (Allocation Failure)
[20.873s][debug][gc,age         ] GC(587) Desired survivor size 1048576 bytes, new threshold 1 (max threshold 15)
[20.873s][info ][gc,heap        ] GC(587) PSYoungGen: 347523K(348160K)->96K(335360K) Eden: 347036K(347136K)->0K(334848K) From: 486K(1024K)->96K(512K)
[20.873s][info ][gc,heap        ] GC(587) ParOldGen: 4178K(349696K)->4178K(349696K)
[20.873s][info ][gc,metaspace   ] GC(587) Metaspace: 9579K(9856K)->9579K(9856K) NonClass: 8510K(8640K)->8510K(8640K) Class: 1069K(1216K)->1069K(1216K)
[20.873s][info ][gc             ] GC(587) Pause Young (Allocation Failure) 343M->4M(669M) 0.298ms
[20.873s][info ][gc,cpu         ] GC(587) User=0.00s Sys=0.00s Real=0.00s
[20.895s][info ][gc,start       ] GC(588) Pause Young (Allocation Failure)
[20.895s][debug][gc,age         ] GC(588) Desired survivor size 1048576 bytes, new threshold 1 (max threshold 15)
[20.895s][info ][gc,heap        ] GC(588) PSYoungGen: 334886K(335360K)->486K(347648K) Eden: 334790K(334848K)->0K(346624K) From: 96K(512K)->486K(1024K)
[20.895s][info ][gc,heap        ] GC(588) ParOldGen: 4178K(349696K)->4178K(349696K)
[20.895s][info ][gc,metaspace   ] GC(588) Metaspace: 9579K(9856K)->9579K(9856K) NonClass: 8510K(8640K)->8510K(8640K) Class: 1069K(1216K)->1069K(1216K)
[20.895s][info ][gc             ] GC(588) Pause Young (Allocation Failure) 331M->4M(681M) 0.365ms
[20.895s][info ][gc,cpu         ] GC(588) User=0.00s Sys=0.00s Real=0.00s
[20.917s][info ][gc,start       ] GC(589) Pause Young (Allocation Failure)
[20.918s][debug][gc,age         ] GC(589) Desired survivor size 1048576 bytes, new threshold 1 (max threshold 15)
[20.918s][info ][gc,heap        ] GC(589) PSYoungGen: 347110K(347648K)->96K(347648K) Eden: 346624K(346624K)->0K(346624K) From: 486K(1024K)->96K(1024K)
[20.918s][info ][gc,heap        ] GC(589) ParOldGen: 4178K(349696K)->4178K(349696K)
[20.918s][info ][gc,metaspace   ] GC(589) Metaspace: 9579K(9856K)->9579K(9856K) NonClass: 8510K(8640K)->8510K(8640K) Class: 1069K(1216K)->1069K(1216K)
[20.918s][info ][gc             ] GC(589) Pause Young (Allocation Failure) 343M->4M(681M) 0.337ms
[20.918s][info ][gc,cpu         ] GC(589) User=0.00s Sys=0.00s Real=0.00s
[20.940s][info ][gc,start       ] GC(590) Pause Young (Allocation Failure)
[20.940s][debug][gc,age         ] GC(590) Desired survivor size 1048576 bytes, new threshold 1 (max threshold 15)
[20.940s][info ][gc,heap        ] GC(590) PSYoungGen: 346720K(347648K)->486K(348160K) Eden: 346624K(346624K)->0K(347136K) From: 96K(1024K)->486K(1024K)
[20.940s][info ][gc,heap        ] GC(590) ParOldGen: 4178K(349696K)->4178K(349696K)
[20.940s][info ][gc,metaspace   ] GC(590) Metaspace: 9579K(9856K)->9579K(9856K) NonClass: 8510K(8640K)->8510K(8640K) Class: 1069K(1216K)->1069K(1216K)
[20.940s][info ][gc             ] GC(590) Pause Young (Allocation Failure) 342M->4M(681M) 0.260ms
[20.940s][info ][gc,cpu         ] GC(590) User=0.00s Sys=0.00s Real=0.00s
[20.963s][info ][gc,start       ] GC(591) Pause Young (Allocation Failure)
[20.963s][debug][gc,age         ] GC(591) Desired survivor size 1048576 bytes, new threshold 1 (max threshold 15)
[20.964s][info ][gc,heap        ] GC(591) PSYoungGen: 347540K(348160K)->454K(335360K) Eden: 347053K(347136K)->0K(334848K) From: 486K(1024K)->454K(512K)
[20.964s][info ][gc,heap        ] GC(591) ParOldGen: 4178K(349696K)->4178K(349696K)
[20.964s][info ][gc,metaspace   ] GC(591) Metaspace: 9579K(9856K)->9579K(9856K) NonClass: 8510K(8640K)->8510K(8640K) Class: 1069K(1216K)->1069K(1216K)
[20.964s][info ][gc             ] GC(591) Pause Young (Allocation Failure) 343M->4M(669M) 0.293ms
[20.964s][info ][gc,cpu         ] GC(591) User=0.00s Sys=0.00s Real=0.00s
[20.985s][info ][gc,start       ] GC(592) Pause Young (Allocation Failure)
[20.986s][debug][gc,age         ] GC(592) Desired survivor size 1048576 bytes, new threshold 1 (max threshold 15)
[20.986s][info ][gc,heap        ] GC(592) PSYoungGen: 335276K(335360K)->96K(347648K) Eden: 334821K(334848K)->0K(346624K) From: 454K(512K)->96K(1024K)
[20.986s][info ][gc,heap        ] GC(592) ParOldGen: 4178K(349696K)->4178K(349696K)
[20.986s][info ][gc,metaspace   ] GC(592) Metaspace: 9579K(9856K)->9579K(9856K) NonClass: 8510K(8640K)->8510K(8640K) Class: 1069K(1216K)->1069K(1216K)
[20.986s][info ][gc             ] GC(592) Pause Young (Allocation Failure) 331M->4M(681M) 0.317ms
[20.986s][info ][gc,cpu         ] GC(592) User=0.00s Sys=0.00s Real=0.00s
[21.009s][info ][gc,start       ] GC(593) Pause Young (Allocation Failure)
[21.009s][debug][gc,age         ] GC(593) Desired survivor size 1048576 bytes, new threshold 1 (max threshold 15)
[21.009s][info ][gc,heap        ] GC(593) PSYoungGen: 346503K(347648K)->486K(334848K) Eden: 346407K(346624K)->0K(334336K) From: 96K(1024K)->486K(512K)
[21.009s][info ][gc,heap        ] GC(593) ParOldGen: 4178K(349696K)->4178K(349696K)
[21.009s][info ][gc,metaspace   ] GC(593) Metaspace: 9579K(9856K)->9579K(9856K) NonClass: 8510K(8640K)->8510K(8640K) Class: 1069K(1216K)->1069K(1216K)
[21.009s][info ][gc             ] GC(593) Pause Young (Allocation Failure) 342M->4M(668M) 0.337ms
[21.009s][info ][gc,cpu         ] GC(593) User=0.00s Sys=0.00s Real=0.00s
[21.031s][info ][gc,start       ] GC(594) Pause Young (Allocation Failure)
[21.031s][debug][gc,age         ] GC(594) Desired survivor size 1048576 bytes, new threshold 1 (max threshold 15)
[21.031s][info ][gc,heap        ] GC(594) PSYoungGen: 334674K(334848K)->64K(323072K) Eden: 334187K(334336K)->0K(322560K) From: 486K(512K)->64K(512K)
[21.031s][info ][gc,heap        ] GC(594) ParOldGen: 4178K(349696K)->4178K(349696K)
[21.031s][info ][gc,metaspace   ] GC(594) Metaspace: 9579K(9856K)->9579K(9856K) NonClass: 8510K(8640K)->8510K(8640K) Class: 1069K(1216K)->1069K(1216K)
[21.031s][info ][gc             ] GC(594) Pause Young (Allocation Failure) 330M->4M(657M) 0.301ms
[21.031s][info ][gc,cpu         ] GC(594) User=0.01s Sys=0.00s Real=0.00s
[21.053s][info ][gc,start       ] GC(595) Pause Young (Allocation Failure)
[21.053s][debug][gc,age         ] GC(595) Desired survivor size 1048576 bytes, new threshold 1 (max threshold 15)
[21.053s][info ][gc,heap        ] GC(595) PSYoungGen: 322385K(323072K)->64K(312320K) Eden: 322321K(322560K)->0K(311296K) From: 64K(512K)->64K(1024K)
[21.053s][info ][gc,heap        ] GC(595) ParOldGen: 4178K(349696K)->4178K(349696K)
[21.053s][info ][gc,metaspace   ] GC(595) Metaspace: 9579K(9856K)->9579K(9856K) NonClass: 8510K(8640K)->8510K(8640K) Class: 1069K(1216K)->1069K(1216K)
[21.053s][info ][gc             ] GC(595) Pause Young (Allocation Failure) 318M->4M(646M) 0.296ms
[21.053s][info ][gc,cpu         ] GC(595) User=0.00s Sys=0.00s Real=0.00s
[21.074s][info ][gc,start       ] GC(596) Pause Young (Allocation Failure)
[21.075s][debug][gc,age         ] GC(596) Desired survivor size 1048576 bytes, new threshold 1 (max threshold 15)
[21.075s][info ][gc,heap        ] GC(596) PSYoungGen: 311360K(312320K)->486K(301056K) Eden: 311296K(311296K)->0K(300544K) From: 64K(1024K)->486K(512K)
[21.075s][info ][gc,heap        ] GC(596) ParOldGen: 4178K(349696K)->4178K(349696K)
[21.075s][info ][gc,metaspace   ] GC(596) Metaspace: 9579K(9856K)->9579K(9856K) NonClass: 8510K(8640K)->8510K(8640K) Class: 1069K(1216K)->1069K(1216K)
[21.075s][info ][gc             ] GC(596) Pause Young (Allocation Failure) 308M->4M(635M) 0.333ms
[21.075s][info ][gc,cpu         ] GC(596) User=0.00s Sys=0.00s Real=0.00s
[21.097s][info ][gc,start       ] GC(597) Pause Young (Allocation Failure)
[21.097s][debug][gc,age         ] GC(597) Desired survivor size 1048576 bytes, new threshold 1 (max threshold 15)
[21.098s][info ][gc,heap        ] GC(597) PSYoungGen: 300759K(301056K)->96K(291328K) Eden: 300272K(300544K)->0K(290304K) From: 486K(512K)->96K(1024K)
[21.098s][info ][gc,heap        ] GC(597) ParOldGen: 4178K(349696K)->4178K(349696K)
[21.098s][info ][gc,metaspace   ] GC(597) Metaspace: 9579K(9856K)->9579K(9856K) NonClass: 8510K(8640K)->8510K(8640K) Class: 1069K(1216K)->1069K(1216K)
[21.098s][info ][gc             ] GC(597) Pause Young (Allocation Failure) 297M->4M(626M) 0.289ms
[21.098s][info ][gc,cpu         ] GC(597) User=0.00s Sys=0.00s Real=0.00s
[21.120s][info ][gc,start       ] GC(598) Pause Young (Allocation Failure)
[21.120s][debug][gc,age         ] GC(598) Desired survivor size 1048576 bytes, new threshold 1 (max threshold 15)
[21.120s][info ][gc,heap        ] GC(598) PSYoungGen: 290199K(291328K)->486K(281088K) Eden: 290103K(290304K)->0K(280576K) From: 96K(1024K)->486K(512K)
[21.120s][info ][gc,heap        ] GC(598) ParOldGen: 4178K(349696K)->4178K(349696K)
[21.120s][info ][gc,metaspace   ] GC(598) Metaspace: 9579K(9856K)->9579K(9856K) NonClass: 8510K(8640K)->8510K(8640K) Class: 1069K(1216K)->1069K(1216K)
[21.120s][info ][gc             ] GC(598) Pause Young (Allocation Failure) 287M->4M(616M) 0.313ms
[21.120s][info ][gc,cpu         ] GC(598) User=0.00s Sys=0.00s Real=0.00s
[21.141s][info ][gc,start       ] GC(599) Pause Young (Allocation Failure)
[21.141s][debug][gc,age         ] GC(599) Desired survivor size 1048576 bytes, new threshold 1 (max threshold 15)
[21.141s][info ][gc,heap        ] GC(599) PSYoungGen: 281062K(281088K)->64K(272384K) Eden: 280576K(280576K)->0K(271360K) From: 486K(512K)->64K(1024K)
[21.141s][info ][gc,heap        ] GC(599) ParOldGen: 4178K(349696K)->4178K(349696K)
[21.141s][info ][gc,metaspace   ] GC(599) Metaspace: 9579K(9856K)->9579K(9856K) NonClass: 8510K(8640K)->8510K(8640K) Class: 1069K(1216K)->1069K(1216K)
[21.141s][info ][gc             ] GC(599) Pause Young (Allocation Failure) 278M->4M(607M) 0.254ms
[21.141s][info ][gc,cpu         ] GC(599) User=0.00s Sys=0.00s Real=0.00s
[21.161s][info ][gc,start       ] GC(600) Pause Young (Allocation Failure)
[21.161s][debug][gc,age         ] GC(600) Desired survivor size 1048576 bytes, new threshold 1 (max threshold 15)
[21.161s][info ][gc,heap        ] GC(600) PSYoungGen: 271413K(272384K)->486K(263168K) Eden: 271349K(271360K)->0K(262656K) From: 64K(1024K)->486K(512K)
[21.161s][info ][gc,heap        ] GC(600) ParOldGen: 4178K(349696K)->4178K(349696K)
[21.161s][info ][gc,metaspace   ] GC(600) Metaspace: 9579K(9856K)->9579K(9856K) NonClass: 8510K(8640K)->8510K(8640K) Class: 1069K(1216K)->1069K(1216K)
[21.161s][info ][gc             ] GC(600) Pause Young (Allocation Failure) 269M->4M(598M) 0.230ms
[21.161s][info ][gc,cpu         ] GC(600) User=0.00s Sys=0.00s Real=0.00s
[21.181s][info ][gc,start       ] GC(601) Pause Young (Allocation Failure)
[21.181s][debug][gc,age         ] GC(601) Desired survivor size 1048576 bytes, new threshold 1 (max threshold 15)
[21.181s][info ][gc,heap        ] GC(601) PSYoungGen: 263142K(263168K)->96K(316416K) Eden: 262656K(262656K)->0K(315392K) From: 486K(512K)->96K(1024K)
[21.181s][info ][gc,heap        ] GC(601) ParOldGen: 4178K(349696K)->4178K(349696K)
[21.181s][info ][gc,metaspace   ] GC(601) Metaspace: 9579K(9856K)->9579K(9856K) NonClass: 8510K(8640K)->8510K(8640K) Class: 1069K(1216K)->1069K(1216K)
[21.181s][info ][gc             ] GC(601) Pause Young (Allocation Failure) 261M->4M(650M) 0.362ms
[21.181s][info ][gc,cpu         ] GC(601) User=0.00s Sys=0.00s Real=0.00s
[21.204s][info ][gc,start       ] GC(602) Pause Young (Allocation Failure)
[21.205s][debug][gc,age         ] GC(602) Desired survivor size 1048576 bytes, new threshold 1 (max threshold 15)
[21.205s][info ][gc,heap        ] GC(602) PSYoungGen: 315488K(316416K)->486K(305152K) Eden: 315392K(315392K)->0K(304640K) From: 96K(1024K)->486K(512K)
[21.205s][info ][gc,heap        ] GC(602) ParOldGen: 4178K(349696K)->4178K(349696K)
[21.205s][info ][gc,metaspace   ] GC(602) Metaspace: 9579K(9856K)->9579K(9856K) NonClass: 8510K(8640K)->8510K(8640K) Class: 1069K(1216K)->1069K(1216K)
[21.205s][info ][gc             ] GC(602) Pause Young (Allocation Failure) 312M->4M(639M) 0.317ms
[21.205s][info ][gc,cpu         ] GC(602) User=0.00s Sys=0.00s Real=0.00s
[21.227s][info ][gc,start       ] GC(603) Pause Young (Allocation Failure)
[21.228s][debug][gc,age         ] GC(603) Desired survivor size 1048576 bytes, new threshold 1 (max threshold 15)
[21.228s][info ][gc,heap        ] GC(603) PSYoungGen: 305037K(305152K)->486K(295424K) Eden: 304550K(304640K)->0K(294400K) From: 486K(512K)->486K(1024K)
[21.228s][info ][gc,heap        ] GC(603) ParOldGen: 4178K(349696K)->4178K(349696K)
[21.228s][info ][gc,metaspace   ] GC(603) Metaspace: 9579K(9856K)->9579K(9856K) NonClass: 8510K(8640K)->8510K(8640K) Class: 1069K(1216K)->1069K(1216K)
[21.228s][info ][gc             ] GC(603) Pause Young (Allocation Failure) 301M->4M(630M) 0.293ms
[21.228s][info ][gc,cpu         ] GC(603) User=0.00s Sys=0.00s Real=0.00s
[21.250s][info ][gc,start       ] GC(604) Pause Young (Allocation Failure)
[21.250s][debug][gc,age         ] GC(604) Desired survivor size 1048576 bytes, new threshold 1 (max threshold 15)
[21.250s][info ][gc,heap        ] GC(604) PSYoungGen: 294809K(295424K)->96K(285184K) Eden: 294322K(294400K)->0K(284672K) From: 486K(1024K)->96K(512K)
[21.250s][info ][gc,heap        ] GC(604) ParOldGen: 4178K(349696K)->4178K(349696K)
[21.250s][info ][gc,metaspace   ] GC(604) Metaspace: 9579K(9856K)->9579K(9856K) NonClass: 8510K(8640K)->8510K(8640K) Class: 1069K(1216K)->1069K(1216K)
[21.250s][info ][gc             ] GC(604) Pause Young (Allocation Failure) 291M->4M(620M) 0.272ms
[21.250s][info ][gc,cpu         ] GC(604) User=0.00s Sys=0.00s Real=0.00s
[21.272s][info ][gc,start       ] GC(605) Pause Young (Allocation Failure)
[21.272s][debug][gc,age         ] GC(605) Desired survivor size 1048576 bytes, new threshold 1 (max threshold 15)
[21.272s][info ][gc,heap        ] GC(605) PSYoungGen: 284438K(285184K)->454K(275968K) Eden: 284342K(284672K)->0K(274944K) From: 96K(512K)->454K(1024K)
[21.272s][info ][gc,heap        ] GC(605) ParOldGen: 4178K(349696K)->4178K(349696K)
[21.272s][info ][gc,metaspace   ] GC(605) Metaspace: 9579K(9856K)->9579K(9856K) NonClass: 8510K(8640K)->8510K(8640K) Class: 1069K(1216K)->1069K(1216K)
[21.272s][info ][gc             ] GC(605) Pause Young (Allocation Failure) 281M->4M(611M) 0.283ms
[21.272s][info ][gc,cpu         ] GC(605) User=0.00s Sys=0.00s Real=0.00s
[21.293s][info ][gc,start       ] GC(606) Pause Young (Allocation Failure)
[21.293s][debug][gc,age         ] GC(606) Desired survivor size 1048576 bytes, new threshold 1 (max threshold 15)
[21.293s][info ][gc,heap        ] GC(606) PSYoungGen: 275116K(275968K)->96K(266240K) Eden: 274662K(274944K)->0K(265728K) From: 454K(1024K)->96K(512K)
[21.293s][info ][gc,heap        ] GC(606) ParOldGen: 4178K(349696K)->4178K(349696K)
[21.293s][info ][gc,metaspace   ] GC(606) Metaspace: 9579K(9856K)->9579K(9856K) NonClass: 8510K(8640K)->8510K(8640K) Class: 1069K(1216K)->1069K(1216K)
[21.293s][info ][gc             ] GC(606) Pause Young (Allocation Failure) 272M->4M(601M) 0.267ms
[21.293s][info ][gc,cpu         ] GC(606) User=0.00s Sys=0.00s Real=0.00s
[21.313s][info ][gc,start       ] GC(607) Pause Young (Allocation Failure)
[21.313s][debug][gc,age         ] GC(607) Desired survivor size 1048576 bytes, new threshold 1 (max threshold 15)
[21.313s][info ][gc,heap        ] GC(607) PSYoungGen: 265463K(266240K)->454K(258048K) Eden: 265367K(265728K)->0K(257024K) From: 96K(512K)->454K(1024K)
[21.313s][info ][gc,heap        ] GC(607) ParOldGen: 4178K(349696K)->4178K(349696K)
[21.313s][info ][gc,metaspace   ] GC(607) Metaspace: 9579K(9856K)->9579K(9856K) NonClass: 8510K(8640K)->8510K(8640K) Class: 1069K(1216K)->1069K(1216K)
[21.313s][info ][gc             ] GC(607) Pause Young (Allocation Failure) 263M->4M(593M) 0.283ms
[21.313s][info ][gc,cpu         ] GC(607) User=0.00s Sys=0.00s Real=0.00s
[21.333s][info ][gc,start       ] GC(608) Pause Young (Allocation Failure)
[21.333s][debug][gc,age         ] GC(608) Desired survivor size 1048576 bytes, new threshold 1 (max threshold 15)
[21.333s][info ][gc,heap        ] GC(608) PSYoungGen: 257301K(258048K)->96K(249344K) Eden: 256847K(257024K)->0K(248832K) From: 454K(1024K)->96K(512K)
[21.333s][info ][gc,heap        ] GC(608) ParOldGen: 4178K(349696K)->4178K(349696K)
[21.333s][info ][gc,metaspace   ] GC(608) Metaspace: 9579K(9856K)->9579K(9856K) NonClass: 8510K(8640K)->8510K(8640K) Class: 1069K(1216K)->1069K(1216K)
[21.333s][info ][gc             ] GC(608) Pause Young (Allocation Failure) 255M->4M(585M) 0.285ms
[21.333s][info ][gc,cpu         ] GC(608) User=0.00s Sys=0.00s Real=0.00s
[21.352s][info ][gc,start       ] GC(609) Pause Young (Allocation Failure)
[21.352s][debug][gc,age         ] GC(609) Desired survivor size 1048576 bytes, new threshold 1 (max threshold 15)
[21.352s][info ][gc,heap        ] GC(609) PSYoungGen: 248792K(249344K)->486K(242176K) Eden: 248696K(248832K)->0K(241152K) From: 96K(512K)->486K(1024K)
[21.352s][info ][gc,heap        ] GC(609) ParOldGen: 4178K(349696K)->4178K(349696K)
[21.352s][info ][gc,metaspace   ] GC(609) Metaspace: 9579K(9856K)->9579K(9856K) NonClass: 8510K(8640K)->8510K(8640K) Class: 1069K(1216K)->1069K(1216K)
[21.352s][info ][gc             ] GC(609) Pause Young (Allocation Failure) 247M->4M(578M) 0.260ms
[21.352s][info ][gc,cpu         ] GC(609) User=0.00s Sys=0.00s Real=0.00s
[21.370s][info ][gc,start       ] GC(610) Pause Young (Allocation Failure)
[21.371s][debug][gc,age         ] GC(610) Desired survivor size 1048576 bytes, new threshold 1 (max threshold 15)
[21.371s][info ][gc,heap        ] GC(610) PSYoungGen: 241266K(242176K)->96K(233984K) Eden: 240779K(241152K)->0K(233472K) From: 486K(1024K)->96K(512K)
[21.371s][info ][gc,heap        ] GC(610) ParOldGen: 4178K(349696K)->4178K(349696K)
[21.371s][info ][gc,metaspace   ] GC(610) Metaspace: 9579K(9856K)->9579K(9856K) NonClass: 8510K(8640K)->8510K(8640K) Class: 1069K(1216K)->1069K(1216K)
[21.371s][info ][gc             ] GC(610) Pause Young (Allocation Failure) 239M->4M(570M) 0.257ms
[21.371s][info ][gc,cpu         ] GC(610) User=0.00s Sys=0.00s Real=0.00s
[21.388s][info ][gc,start       ] GC(611) Pause Young (Allocation Failure)
[21.389s][debug][gc,age         ] GC(611) Desired survivor size 1048576 bytes, new threshold 1 (max threshold 15)
[21.389s][info ][gc,heap        ] GC(611) PSYoungGen: 233469K(233984K)->486K(227328K) Eden: 233373K(233472K)->0K(226304K) From: 96K(512K)->486K(1024K)
[21.389s][info ][gc,heap        ] GC(611) ParOldGen: 4178K(349696K)->4178K(349696K)
[21.389s][info ][gc,metaspace   ] GC(611) Metaspace: 9579K(9856K)->9579K(9856K) NonClass: 8510K(8640K)->8510K(8640K) Class: 1069K(1216K)->1069K(1216K)
[21.389s][info ][gc             ] GC(611) Pause Young (Allocation Failure) 232M->4M(563M) 0.263ms
[21.389s][info ][gc,cpu         ] GC(611) User=0.00s Sys=0.00s Real=0.00s
[21.406s][info ][gc,start       ] GC(612) Pause Young (Allocation Failure)
[21.406s][debug][gc,age         ] GC(612) Desired survivor size 1048576 bytes, new threshold 1 (max threshold 15)
[21.406s][info ][gc,heap        ] GC(612) PSYoungGen: 226756K(227328K)->96K(272384K) Eden: 226270K(226304K)->0K(271872K) From: 486K(1024K)->96K(512K)
[21.406s][info ][gc,heap        ] GC(612) ParOldGen: 4178K(349696K)->4178K(349696K)
[21.406s][info ][gc,metaspace   ] GC(612) Metaspace: 9579K(9856K)->9579K(9856K) NonClass: 8510K(8640K)->8510K(8640K) Class: 1069K(1216K)->1069K(1216K)
[21.406s][info ][gc             ] GC(612) Pause Young (Allocation Failure) 225M->4M(607M) 0.295ms
[21.406s][info ][gc,cpu         ] GC(612) User=0.00s Sys=0.01s Real=0.00s
[21.427s][info ][gc,start       ] GC(613) Pause Young (Allocation Failure)
[21.427s][debug][gc,age         ] GC(613) Desired survivor size 1048576 bytes, new threshold 1 (max threshold 15)
[21.427s][info ][gc,heap        ] GC(613) PSYoungGen: 271710K(272384K)->96K(327680K) Eden: 271614K(271872K)->0K(326656K) From: 96K(512K)->96K(1024K)
[21.427s][info ][gc,heap        ] GC(613) ParOldGen: 4178K(349696K)->4178K(349696K)
[21.427s][info ][gc,metaspace   ] GC(613) Metaspace: 9579K(9856K)->9579K(9856K) NonClass: 8510K(8640K)->8510K(8640K) Class: 1069K(1216K)->1069K(1216K)
[21.427s][info ][gc             ] GC(613) Pause Young (Allocation Failure) 269M->4M(661M) 0.266ms
[21.427s][info ][gc,cpu         ] GC(613) User=0.00s Sys=0.00s Real=0.00s
[21.451s][info ][gc,start       ] GC(614) Pause Young (Allocation Failure)
[21.452s][debug][gc,age         ] GC(614) Desired survivor size 1048576 bytes, new threshold 1 (max threshold 15)
[21.452s][info ][gc,heap        ] GC(614) PSYoungGen: 326394K(327680K)->454K(315904K) Eden: 326298K(326656K)->0K(315392K) From: 96K(1024K)->454K(512K)
[21.452s][info ][gc,heap        ] GC(614) ParOldGen: 4178K(349696K)->4178K(349696K)
[21.452s][info ][gc,metaspace   ] GC(614) Metaspace: 9579K(9856K)->9579K(9856K) NonClass: 8510K(8640K)->8510K(8640K) Class: 1069K(1216K)->1069K(1216K)
[21.452s][info ][gc             ] GC(614) Pause Young (Allocation Failure) 322M->4M(650M) 0.343ms
[21.452s][info ][gc,cpu         ] GC(614) User=0.00s Sys=0.00s Real=0.00s
[21.476s][info ][gc,start       ] GC(615) Pause Young (Allocation Failure)
[21.476s][debug][gc,age         ] GC(615) Desired survivor size 1048576 bytes, new threshold 1 (max threshold 15)
[21.476s][info ][gc,heap        ] GC(615) PSYoungGen: 315670K(315904K)->96K(305664K) Eden: 315215K(315392K)->0K(304640K) From: 454K(512K)->96K(1024K)
[21.476s][info ][gc,heap        ] GC(615) ParOldGen: 4178K(349696K)->4178K(349696K)
[21.476s][info ][gc,metaspace   ] GC(615) Metaspace: 9579K(9856K)->9579K(9856K) NonClass: 8510K(8640K)->8510K(8640K) Class: 1069K(1216K)->1069K(1216K)
[21.476s][info ][gc             ] GC(615) Pause Young (Allocation Failure) 312M->4M(640M) 0.274ms
[21.476s][info ][gc,cpu         ] GC(615) User=0.00s Sys=0.00s Real=0.00s
[21.499s][info ][gc,start       ] GC(616) Pause Young (Allocation Failure)
[21.499s][debug][gc,age         ] GC(616) Desired survivor size 1048576 bytes, new threshold 1 (max threshold 15)
[21.499s][info ][gc,heap        ] GC(616) PSYoungGen: 304422K(305664K)->486K(294912K) Eden: 304326K(304640K)->0K(294400K) From: 96K(1024K)->486K(512K)
[21.499s][info ][gc,heap        ] GC(616) ParOldGen: 4178K(349696K)->4178K(349696K)
[21.499s][info ][gc,metaspace   ] GC(616) Metaspace: 9579K(9856K)->9579K(9856K) NonClass: 8510K(8640K)->8510K(8640K) Class: 1069K(1216K)->1069K(1216K)
[21.499s][info ][gc             ] GC(616) Pause Young (Allocation Failure) 301M->4M(629M) 0.293ms
[21.499s][info ][gc,cpu         ] GC(616) User=0.00s Sys=0.00s Real=0.00s
[21.521s][info ][gc,start       ] GC(617) Pause Young (Allocation Failure)
[21.522s][debug][gc,age         ] GC(617) Desired survivor size 1048576 bytes, new threshold 1 (max threshold 15)
[21.522s][info ][gc,heap        ] GC(617) PSYoungGen: 294617K(294912K)->96K(285696K) Eden: 294130K(294400K)->0K(284672K) From: 486K(512K)->96K(1024K)
[21.522s][info ][gc,heap        ] GC(617) ParOldGen: 4178K(349696K)->4178K(349696K)
[21.522s][info ][gc,metaspace   ] GC(617) Metaspace: 9579K(9856K)->9579K(9856K) NonClass: 8510K(8640K)->8510K(8640K) Class: 1069K(1216K)->1069K(1216K)
[21.522s][info ][gc             ] GC(617) Pause Young (Allocation Failure) 291M->4M(620M) 0.275ms
[21.522s][info ][gc,cpu         ] GC(617) User=0.00s Sys=0.00s Real=0.00s
[21.543s][info ][gc,start       ] GC(618) Pause Young (Allocation Failure)
[21.544s][debug][gc,age         ] GC(618) Desired survivor size 1048576 bytes, new threshold 1 (max threshold 15)
[21.544s][info ][gc,heap        ] GC(618) PSYoungGen: 284430K(285696K)->96K(275456K) Eden: 284334K(284672K)->0K(274944K) From: 96K(1024K)->96K(512K)
[21.544s][info ][gc,heap        ] GC(618) ParOldGen: 4178K(349696K)->4178K(349696K)
[21.544s][info ][gc,metaspace   ] GC(618) Metaspace: 9579K(9856K)->9579K(9856K) NonClass: 8510K(8640K)->8510K(8640K) Class: 1069K(1216K)->1069K(1216K)
[21.544s][info ][gc             ] GC(618) Pause Young (Allocation Failure) 281M->4M(610M) 0.265ms
[21.544s][info ][gc,cpu         ] GC(618) User=0.00s Sys=0.00s Real=0.00s
[21.564s][info ][gc,start       ] GC(619) Pause Young (Allocation Failure)
[21.564s][debug][gc,age         ] GC(619) Desired survivor size 1048576 bytes, new threshold 1 (max threshold 15)
[21.564s][info ][gc,heap        ] GC(619) PSYoungGen: 275040K(275456K)->486K(266752K) Eden: 274944K(274944K)->0K(265728K) From: 96K(512K)->486K(1024K)
[21.564s][info ][gc,heap        ] GC(619) ParOldGen: 4178K(349696K)->4178K(349696K)
[21.564s][info ][gc,metaspace   ] GC(619) Metaspace: 9579K(9856K)->9579K(9856K) NonClass: 8510K(8640K)->8510K(8640K) Class: 1069K(1216K)->1069K(1216K)
[21.564s][info ][gc             ] GC(619) Pause Young (Allocation Failure) 272M->4M(602M) 0.288ms
[21.564s][info ][gc,cpu         ] GC(619) User=0.00s Sys=0.00s Real=0.00s
[21.584s][info ][gc,start       ] GC(620) Pause Young (Allocation Failure)
[21.585s][debug][gc,age         ] GC(620) Desired survivor size 1048576 bytes, new threshold 1 (max threshold 15)
[21.585s][info ][gc,heap        ] GC(620) PSYoungGen: 266124K(266752K)->454K(257536K) Eden: 265638K(265728K)->0K(257024K) From: 486K(1024K)->454K(512K)
[21.585s][info ][gc,heap        ] GC(620) ParOldGen: 4178K(349696K)->4178K(349696K)
[21.585s][info ][gc,metaspace   ] GC(620) Metaspace: 9579K(9856K)->9579K(9856K) NonClass: 8510K(8640K)->8510K(8640K) Class: 1069K(1216K)->1069K(1216K)
[21.585s][info ][gc             ] GC(620) Pause Young (Allocation Failure) 263M->4M(593M) 0.281ms
[21.585s][info ][gc,cpu         ] GC(620) User=0.00s Sys=0.00s Real=0.00s
[21.604s][info ][gc,start       ] GC(621) Pause Young (Allocation Failure)
[21.605s][debug][gc,age         ] GC(621) Desired survivor size 1048576 bytes, new threshold 1 (max threshold 15)
[21.605s][info ][gc,heap        ] GC(621) PSYoungGen: 257423K(257536K)->454K(249856K) Eden: 256968K(257024K)->0K(248832K) From: 454K(512K)->454K(1024K)
[21.605s][info ][gc,heap        ] GC(621) ParOldGen: 4178K(349696K)->4178K(349696K)
[21.605s][info ][gc,metaspace   ] GC(621) Metaspace: 9579K(9856K)->9579K(9856K) NonClass: 8510K(8640K)->8510K(8640K) Class: 1069K(1216K)->1069K(1216K)
[21.605s][info ][gc             ] GC(621) Pause Young (Allocation Failure) 255M->4M(585M) 0.283ms
[21.605s][info ][gc,cpu         ] GC(621) User=0.00s Sys=0.00s Real=0.00s
[21.623s][info ][gc,start       ] GC(622) Pause Young (Allocation Failure)
[21.624s][debug][gc,age         ] GC(622) Desired survivor size 1048576 bytes, new threshold 1 (max threshold 15)
[21.624s][info ][gc,heap        ] GC(622) PSYoungGen: 249241K(249856K)->96K(241664K) Eden: 248786K(248832K)->0K(241152K) From: 454K(1024K)->96K(512K)
[21.624s][info ][gc,heap        ] GC(622) ParOldGen: 4178K(349696K)->4178K(349696K)
[21.624s][info ][gc,metaspace   ] GC(622) Metaspace: 9579K(9856K)->9579K(9856K) NonClass: 8510K(8640K)->8510K(8640K) Class: 1069K(1216K)->1069K(1216K)
[21.624s][info ][gc             ] GC(622) Pause Young (Allocation Failure) 247M->4M(577M) 0.281ms
[21.624s][info ][gc,cpu         ] GC(622) User=0.00s Sys=0.00s Real=0.00s
[21.642s][info ][gc,start       ] GC(623) Pause Young (Allocation Failure)
[21.642s][debug][gc,age         ] GC(623) Desired survivor size 1048576 bytes, new threshold 1 (max threshold 15)
[21.642s][info ][gc,heap        ] GC(623) PSYoungGen: 241248K(241664K)->486K(234496K) Eden: 241152K(241152K)->0K(233472K) From: 96K(512K)->486K(1024K)
[21.642s][info ][gc,heap        ] GC(623) ParOldGen: 4178K(349696K)->4178K(349696K)
[21.642s][info ][gc,metaspace   ] GC(623) Metaspace: 9579K(9856K)->9579K(9856K) NonClass: 8510K(8640K)->8510K(8640K) Class: 1069K(1216K)->1069K(1216K)
[21.642s][info ][gc             ] GC(623) Pause Young (Allocation Failure) 239M->4M(570M) 0.263ms
[21.642s][info ][gc,cpu         ] GC(623) User=0.00s Sys=0.00s Real=0.00s
[21.660s][info ][gc,start       ] GC(624) Pause Young (Allocation Failure)
[21.660s][debug][gc,age         ] GC(624) Desired survivor size 1048576 bytes, new threshold 1 (max threshold 15)
[21.660s][info ][gc,heap        ] GC(624) PSYoungGen: 233723K(234496K)->96K(226816K) Eden: 233236K(233472K)->0K(226304K) From: 486K(1024K)->96K(512K)
[21.660s][info ][gc,heap        ] GC(624) ParOldGen: 4178K(349696K)->4178K(349696K)
[21.660s][info ][gc,metaspace   ] GC(624) Metaspace: 9579K(9856K)->9579K(9856K) NonClass: 8510K(8640K)->8510K(8640K) Class: 1069K(1216K)->1069K(1216K)
[21.660s][info ][gc             ] GC(624) Pause Young (Allocation Failure) 232M->4M(563M) 0.424ms
[21.660s][info ][gc,cpu         ] GC(624) User=0.00s Sys=0.01s Real=0.00s
[21.677s][info ][gc,start       ] GC(625) Pause Young (Allocation Failure)
[21.678s][debug][gc,age         ] GC(625) Desired survivor size 1048576 bytes, new threshold 1 (max threshold 15)
[21.678s][info ][gc,heap        ] GC(625) PSYoungGen: 226206K(226816K)->486K(272896K) Eden: 226110K(226304K)->0K(271872K) From: 96K(512K)->486K(1024K)
[21.678s][info ][gc,heap        ] GC(625) ParOldGen: 4178K(349696K)->4178K(349696K)
[21.678s][info ][gc,metaspace   ] GC(625) Metaspace: 9579K(9856K)->9579K(9856K) NonClass: 8510K(8640K)->8510K(8640K) Class: 1069K(1216K)->1069K(1216K)
[21.678s][info ][gc             ] GC(625) Pause Young (Allocation Failure) 224M->4M(608M) 0.344ms
[21.678s][info ][gc,cpu         ] GC(625) User=0.00s Sys=0.00s Real=0.00s
[21.698s][info ][gc,start       ] GC(626) Pause Young (Allocation Failure)
[21.699s][debug][gc,age         ] GC(626) Desired survivor size 1048576 bytes, new threshold 1 (max threshold 15)
[21.699s][info ][gc,heap        ] GC(626) PSYoungGen: 272108K(272896K)->486K(327168K) Eden: 271622K(271872K)->0K(326656K) From: 486K(1024K)->486K(512K)
[21.699s][info ][gc,heap        ] GC(626) ParOldGen: 4178K(349696K)->4178K(349696K)
[21.699s][info ][gc,metaspace   ] GC(626) Metaspace: 9579K(9856K)->9579K(9856K) NonClass: 8510K(8640K)->8510K(8640K) Class: 1069K(1216K)->1069K(1216K)
[21.699s][info ][gc             ] GC(626) Pause Young (Allocation Failure) 269M->4M(661M) 0.253ms
[21.699s][info ][gc,cpu         ] GC(626) User=0.00s Sys=0.00s Real=0.00s
[21.723s][info ][gc,start       ] GC(627) Pause Young (Allocation Failure)
[21.723s][debug][gc,age         ] GC(627) Desired survivor size 1048576 bytes, new threshold 1 (max threshold 15)
[21.723s][info ][gc,heap        ] GC(627) PSYoungGen: 327095K(327168K)->486K(316416K) Eden: 326608K(326656K)->0K(315392K) From: 486K(512K)->486K(1024K)
[21.723s][info ][gc,heap        ] GC(627) ParOldGen: 4178K(349696K)->4178K(349696K)
[21.723s][info ][gc,metaspace   ] GC(627) Metaspace: 9579K(9856K)->9579K(9856K) NonClass: 8510K(8640K)->8510K(8640K) Class: 1069K(1216K)->1069K(1216K)
[21.723s][info ][gc             ] GC(627) Pause Young (Allocation Failure) 323M->4M(650M) 0.295ms
[21.723s][info ][gc,cpu         ] GC(627) User=0.00s Sys=0.00s Real=0.00s
[21.747s][info ][gc,start       ] GC(628) Pause Young (Allocation Failure)
[21.748s][debug][gc,age         ] GC(628) Desired survivor size 1048576 bytes, new threshold 1 (max threshold 15)
[21.748s][info ][gc,heap        ] GC(628) PSYoungGen: 315700K(316416K)->96K(305152K) Eden: 315214K(315392K)->0K(304640K) From: 486K(1024K)->96K(512K)
[21.748s][info ][gc,heap        ] GC(628) ParOldGen: 4178K(349696K)->4178K(349696K)
[21.748s][info ][gc,metaspace   ] GC(628) Metaspace: 9579K(9856K)->9579K(9856K) NonClass: 8510K(8640K)->8510K(8640K) Class: 1069K(1216K)->1069K(1216K)
[21.748s][info ][gc             ] GC(628) Pause Young (Allocation Failure) 312M->4M(639M) 0.346ms
[21.748s][info ][gc,cpu         ] GC(628) User=0.00s Sys=0.00s Real=0.00s
[21.771s][info ][gc,start       ] GC(629) Pause Young (Allocation Failure)
[21.771s][debug][gc,age         ] GC(629) Desired survivor size 1048576 bytes, new threshold 1 (max threshold 15)
[21.771s][info ][gc,heap        ] GC(629) PSYoungGen: 304736K(305152K)->96K(295424K) Eden: 304640K(304640K)->0K(294400K) From: 96K(512K)->96K(1024K)
[21.771s][info ][gc,heap        ] GC(629) ParOldGen: 4178K(349696K)->4178K(349696K)
[21.771s][info ][gc,metaspace   ] GC(629) Metaspace: 9579K(9856K)->9579K(9856K) NonClass: 8510K(8640K)->8510K(8640K) Class: 1069K(1216K)->1069K(1216K)
[21.771s][info ][gc             ] GC(629) Pause Young (Allocation Failure) 301M->4M(630M) 0.264ms
[21.771s][info ][gc,cpu         ] GC(629) User=0.00s Sys=0.00s Real=0.00s
[21.793s][info ][gc,start       ] GC(630) Pause Young (Allocation Failure)
[21.793s][debug][gc,age         ] GC(630) Desired survivor size 1048576 bytes, new threshold 1 (max threshold 15)
[21.793s][info ][gc,heap        ] GC(630) PSYoungGen: 294434K(295424K)->96K(285184K) Eden: 294338K(294400K)->0K(284672K) From: 96K(1024K)->96K(512K)
[21.793s][info ][gc,heap        ] GC(630) ParOldGen: 4178K(349696K)->4178K(349696K)
[21.793s][info ][gc,metaspace   ] GC(630) Metaspace: 9579K(9856K)->9579K(9856K) NonClass: 8510K(8640K)->8510K(8640K) Class: 1069K(1216K)->1069K(1216K)
[21.793s][info ][gc             ] GC(630) Pause Young (Allocation Failure) 291M->4M(620M) 0.310ms
[21.793s][info ][gc,cpu         ] GC(630) User=0.00s Sys=0.00s Real=0.00s
[21.815s][info ][gc,start       ] GC(631) Pause Young (Allocation Failure)
[21.815s][debug][gc,age         ] GC(631) Desired survivor size 1048576 bytes, new threshold 1 (max threshold 15)
[21.815s][info ][gc,heap        ] GC(631) PSYoungGen: 284768K(285184K)->486K(275968K) Eden: 284672K(284672K)->0K(274944K) From: 96K(512K)->486K(1024K)
[21.815s][info ][gc,heap        ] GC(631) ParOldGen: 4178K(349696K)->4178K(349696K)
[21.815s][info ][gc,metaspace   ] GC(631) Metaspace: 9579K(9856K)->9579K(9856K) NonClass: 8510K(8640K)->8510K(8640K) Class: 1069K(1216K)->1069K(1216K)
[21.815s][info ][gc             ] GC(631) Pause Young (Allocation Failure) 282M->4M(611M) 0.273ms
[21.815s][info ][gc,cpu         ] GC(631) User=0.00s Sys=0.00s Real=0.00s
[21.836s][info ][gc,start       ] GC(632) Pause Young (Allocation Failure)
[21.836s][debug][gc,age         ] GC(632) Desired survivor size 1048576 bytes, new threshold 1 (max threshold 15)
[21.836s][info ][gc,heap        ] GC(632) PSYoungGen: 275083K(275968K)->96K(266240K) Eden: 274596K(274944K)->0K(265728K) From: 486K(1024K)->96K(512K)
[21.836s][info ][gc,heap        ] GC(632) ParOldGen: 4178K(349696K)->4178K(349696K)
[21.836s][info ][gc,metaspace   ] GC(632) Metaspace: 9579K(9856K)->9579K(9856K) NonClass: 8510K(8640K)->8510K(8640K) Class: 1069K(1216K)->1069K(1216K)
[21.836s][info ][gc             ] GC(632) Pause Young (Allocation Failure) 272M->4M(601M) 0.282ms
[21.836s][info ][gc,cpu         ] GC(632) User=0.00s Sys=0.00s Real=0.00s
[21.856s][info ][gc,start       ] GC(633) Pause Young (Allocation Failure)
[21.857s][debug][gc,age         ] GC(633) Desired survivor size 1048576 bytes, new threshold 1 (max threshold 15)
[21.857s][info ][gc,heap        ] GC(633) PSYoungGen: 265717K(266240K)->96K(258048K) Eden: 265621K(265728K)->0K(257024K) From: 96K(512K)->96K(1024K)
[21.857s][info ][gc,heap        ] GC(633) ParOldGen: 4178K(349696K)->4178K(349696K)
[21.857s][info ][gc,metaspace   ] GC(633) Metaspace: 9579K(9856K)->9579K(9856K) NonClass: 8510K(8640K)->8510K(8640K) Class: 1069K(1216K)->1069K(1216K)
[21.857s][info ][gc             ] GC(633) Pause Young (Allocation Failure) 263M->4M(593M) 0.286ms
[21.857s][info ][gc,cpu         ] GC(633) User=0.00s Sys=0.00s Real=0.00s
[21.876s][info ][gc,start       ] GC(634) Pause Young (Allocation Failure)
[21.877s][debug][gc,age         ] GC(634) Desired survivor size 1048576 bytes, new threshold 1 (max threshold 15)
[21.877s][info ][gc,heap        ] GC(634) PSYoungGen: 257120K(258048K)->96K(249344K) Eden: 257024K(257024K)->0K(248832K) From: 96K(1024K)->96K(512K)
[21.877s][info ][gc,heap        ] GC(634) ParOldGen: 4178K(349696K)->4178K(349696K)
[21.877s][info ][gc,metaspace   ] GC(634) Metaspace: 9579K(9856K)->9579K(9856K) NonClass: 8510K(8640K)->8510K(8640K) Class: 1069K(1216K)->1069K(1216K)
[21.877s][info ][gc             ] GC(634) Pause Young (Allocation Failure) 255M->4M(585M) 0.325ms
[21.877s][info ][gc,cpu         ] GC(634) User=0.01s Sys=0.00s Real=0.00s
[21.896s][info ][gc,start       ] GC(635) Pause Young (Allocation Failure)
[21.896s][debug][gc,age         ] GC(635) Desired survivor size 1048576 bytes, new threshold 1 (max threshold 15)
[21.896s][info ][gc,heap        ] GC(635) PSYoungGen: 248779K(249344K)->486K(300032K) Eden: 248683K(248832K)->0K(299008K) From: 96K(512K)->486K(1024K)
[21.896s][info ][gc,heap        ] GC(635) ParOldGen: 4178K(349696K)->4178K(349696K)
[21.896s][info ][gc,metaspace   ] GC(635) Metaspace: 9579K(9856K)->9579K(9856K) NonClass: 8510K(8640K)->8510K(8640K) Class: 1069K(1216K)->1069K(1216K)
[21.896s][info ][gc             ] GC(635) Pause Young (Allocation Failure) 247M->4M(634M) 0.291ms
[21.896s][info ][gc,cpu         ] GC(635) User=0.00s Sys=0.00s Real=0.00s
[21.919s][info ][gc,start       ] GC(636) Pause Young (Allocation Failure)
[21.919s][debug][gc,age         ] GC(636) Desired survivor size 1048576 bytes, new threshold 1 (max threshold 15)
[21.919s][info ][gc,heap        ] GC(636) PSYoungGen: 299304K(300032K)->96K(289280K) Eden: 298818K(299008K)->0K(288768K) From: 486K(1024K)->96K(512K)
[21.919s][info ][gc,heap        ] GC(636) ParOldGen: 4178K(349696K)->4178K(349696K)
[21.919s][info ][gc,metaspace   ] GC(636) Metaspace: 9579K(9856K)->9579K(9856K) NonClass: 8510K(8640K)->8510K(8640K) Class: 1069K(1216K)->1069K(1216K)
[21.919s][info ][gc             ] GC(636) Pause Young (Allocation Failure) 296M->4M(624M) 0.295ms
[21.919s][info ][gc,cpu         ] GC(636) User=0.01s Sys=0.00s Real=0.00s
[21.941s][info ][gc,start       ] GC(637) Pause Young (Allocation Failure)
[21.941s][debug][gc,age         ] GC(637) Desired survivor size 1048576 bytes, new threshold 1 (max threshold 15)
[21.941s][info ][gc,heap        ] GC(637) PSYoungGen: 288651K(289280K)->96K(280064K) Eden: 288555K(288768K)->0K(279040K) From: 96K(512K)->96K(1024K)
[21.941s][info ][gc,heap        ] GC(637) ParOldGen: 4178K(349696K)->4178K(349696K)
[21.941s][info ][gc,metaspace   ] GC(637) Metaspace: 9579K(9856K)->9579K(9856K) NonClass: 8510K(8640K)->8510K(8640K) Class: 1069K(1216K)->1069K(1216K)
[21.941s][info ][gc             ] GC(637) Pause Young (Allocation Failure) 285M->4M(615M) 0.265ms
[21.941s][info ][gc,cpu         ] GC(637) User=0.00s Sys=0.00s Real=0.00s
[21.962s][info ][gc,start       ] GC(638) Pause Young (Allocation Failure)
[21.962s][debug][gc,age         ] GC(638) Desired survivor size 1048576 bytes, new threshold 1 (max threshold 15)
[21.962s][info ][gc,heap        ] GC(638) PSYoungGen: 278805K(280064K)->486K(270336K) Eden: 278709K(279040K)->0K(269824K) From: 96K(1024K)->486K(512K)
[21.962s][info ][gc,heap        ] GC(638) ParOldGen: 4178K(349696K)->4178K(349696K)
[21.962s][info ][gc,metaspace   ] GC(638) Metaspace: 9579K(9856K)->9579K(9856K) NonClass: 8510K(8640K)->8510K(8640K) Class: 1069K(1216K)->1069K(1216K)
[21.962s][info ][gc             ] GC(638) Pause Young (Allocation Failure) 276M->4M(605M) 0.291ms
[21.962s][info ][gc,cpu         ] GC(638) User=0.00s Sys=0.00s Real=0.00s
[21.983s][info ][gc,start       ] GC(639) Pause Young (Allocation Failure)
[21.983s][debug][gc,age         ] GC(639) Desired survivor size 1048576 bytes, new threshold 1 (max threshold 15)
[21.983s][info ][gc,heap        ] GC(639) PSYoungGen: 270310K(270336K)->96K(262144K) Eden: 269824K(269824K)->0K(261120K) From: 486K(512K)->96K(1024K)
[21.983s][info ][gc,heap        ] GC(639) ParOldGen: 4178K(349696K)->4178K(349696K)
[21.983s][info ][gc,metaspace   ] GC(639) Metaspace: 9579K(9856K)->9579K(9856K) NonClass: 8510K(8640K)->8510K(8640K) Class: 1069K(1216K)->1069K(1216K)
[21.983s][info ][gc             ] GC(639) Pause Young (Allocation Failure) 268M->4M(597M) 0.313ms
[21.983s][info ][gc,cpu         ] GC(639) User=0.00s Sys=0.00s Real=0.00s
[22.003s][info ][gc,start       ] GC(640) Pause Young (Allocation Failure)
[22.003s][debug][gc,age         ] GC(640) Desired survivor size 1048576 bytes, new threshold 1 (max threshold 15)
[22.003s][info ][gc,heap        ] GC(640) PSYoungGen: 261053K(262144K)->96K(253440K) Eden: 260957K(261120K)->0K(252928K) From: 96K(1024K)->96K(512K)
[22.003s][info ][gc,heap        ] GC(640) ParOldGen: 4178K(349696K)->4178K(349696K)
[22.003s][info ][gc,metaspace   ] GC(640) Metaspace: 9579K(9856K)->9579K(9856K) NonClass: 8510K(8640K)->8510K(8640K) Class: 1069K(1216K)->1069K(1216K)
[22.003s][info ][gc             ] GC(640) Pause Young (Allocation Failure) 259M->4M(589M) 0.269ms
[22.003s][info ][gc,cpu         ] GC(640) User=0.01s Sys=0.00s Real=0.00s
[22.021s][info ][gc,start       ] GC(641) Pause Young (Allocation Failure)
[22.022s][debug][gc,age         ] GC(641) Desired survivor size 1048576 bytes, new threshold 1 (max threshold 15)
[22.022s][info ][gc,heap        ] GC(641) PSYoungGen: 252676K(253440K)->96K(245760K) Eden: 252580K(252928K)->0K(244736K) From: 96K(512K)->96K(1024K)
[22.022s][info ][gc,heap        ] GC(641) ParOldGen: 4178K(349696K)->4178K(349696K)
[22.022s][info ][gc,metaspace   ] GC(641) Metaspace: 9579K(9856K)->9579K(9856K) NonClass: 8510K(8640K)->8510K(8640K) Class: 1069K(1216K)->1069K(1216K)
[22.022s][info ][gc             ] GC(641) Pause Young (Allocation Failure) 250M->4M(581M) 0.280ms
[22.022s][info ][gc,cpu         ] GC(641) User=0.00s Sys=0.00s Real=0.00s
[22.040s][info ][gc,start       ] GC(642) Pause Young (Allocation Failure)
[22.040s][debug][gc,age         ] GC(642) Desired survivor size 1048576 bytes, new threshold 1 (max threshold 15)
[22.041s][info ][gc,heap        ] GC(642) PSYoungGen: 244716K(245760K)->96K(237568K) Eden: 244620K(244736K)->0K(237056K) From: 96K(1024K)->96K(512K)
[22.041s][info ][gc,heap        ] GC(642) ParOldGen: 4178K(349696K)->4178K(349696K)
[22.041s][info ][gc,metaspace   ] GC(642) Metaspace: 9579K(9856K)->9579K(9856K) NonClass: 8510K(8640K)->8510K(8640K) Class: 1069K(1216K)->1069K(1216K)
[22.041s][info ][gc             ] GC(642) Pause Young (Allocation Failure) 243M->4M(573M) 0.661ms
[22.041s][info ][gc,cpu         ] GC(642) User=0.00s Sys=0.00s Real=0.00s
[22.059s][info ][gc,start       ] GC(643) Pause Young (Allocation Failure)
[22.059s][debug][gc,age         ] GC(643) Desired survivor size 1048576 bytes, new threshold 1 (max threshold 15)
[22.059s][info ][gc,heap        ] GC(643) PSYoungGen: 236790K(237568K)->96K(230912K) Eden: 236694K(237056K)->0K(229888K) From: 96K(512K)->96K(1024K)
[22.059s][info ][gc,heap        ] GC(643) ParOldGen: 4178K(349696K)->4178K(349696K)
[22.059s][info ][gc,metaspace   ] GC(643) Metaspace: 9579K(9856K)->9579K(9856K) NonClass: 8510K(8640K)->8510K(8640K) Class: 1069K(1216K)->1069K(1216K)
[22.059s][info ][gc             ] GC(643) Pause Young (Allocation Failure) 235M->4M(567M) 0.240ms
[22.059s][info ][gc,cpu         ] GC(643) User=0.00s Sys=0.00s Real=0.00s
[22.077s][info ][gc,start       ] GC(644) Pause Young (Allocation Failure)
[22.077s][debug][gc,age         ] GC(644) Desired survivor size 1048576 bytes, new threshold 1 (max threshold 15)
[22.077s][info ][gc,heap        ] GC(644) PSYoungGen: 229915K(230912K)->486K(276480K) Eden: 229819K(229888K)->0K(275968K) From: 96K(1024K)->486K(512K)
[22.077s][info ][gc,heap        ] GC(644) ParOldGen: 4178K(349696K)->4178K(349696K)
[22.077s][info ][gc,metaspace   ] GC(644) Metaspace: 9579K(9856K)->9579K(9856K) NonClass: 8510K(8640K)->8510K(8640K) Class: 1069K(1216K)->1069K(1216K)
[22.077s][info ][gc             ] GC(644) Pause Young (Allocation Failure) 228M->4M(611M) 0.331ms
[22.077s][info ][gc,cpu         ] GC(644) User=0.00s Sys=0.00s Real=0.00s
[22.098s][info ][gc,start       ] GC(645) Pause Young (Allocation Failure)
[22.098s][debug][gc,age         ] GC(645) Desired survivor size 1048576 bytes, new threshold 1 (max threshold 15)
[22.098s][info ][gc,heap        ] GC(645) PSYoungGen: 276135K(276480K)->454K(332288K) Eden: 275648K(275968K)->0K(331264K) From: 486K(512K)->454K(1024K)
[22.098s][info ][gc,heap        ] GC(645) ParOldGen: 4178K(349696K)->4178K(349696K)
[22.098s][info ][gc,metaspace   ] GC(645) Metaspace: 9579K(9856K)->9579K(9856K) NonClass: 8510K(8640K)->8510K(8640K) Class: 1069K(1216K)->1069K(1216K)
[22.098s][info ][gc             ] GC(645) Pause Young (Allocation Failure) 273M->4M(666M) 0.344ms
[22.098s][info ][gc,cpu         ] GC(645) User=0.00s Sys=0.00s Real=0.00s
[22.122s][info ][gc,start       ] GC(646) Pause Young (Allocation Failure)
[22.123s][debug][gc,age         ] GC(646) Desired survivor size 1048576 bytes, new threshold 1 (max threshold 15)
[22.123s][info ][gc,heap        ] GC(646) PSYoungGen: 331544K(332288K)->486K(333824K) Eden: 331090K(331264K)->0K(332800K) From: 454K(1024K)->486K(1024K)
[22.123s][info ][gc,heap        ] GC(646) ParOldGen: 4178K(349696K)->4178K(349696K)
[22.123s][info ][gc,metaspace   ] GC(646) Metaspace: 9579K(9856K)->9579K(9856K) NonClass: 8510K(8640K)->8510K(8640K) Class: 1069K(1216K)->1069K(1216K)
[22.123s][info ][gc             ] GC(646) Pause Young (Allocation Failure) 327M->4M(667M) 0.383ms
[22.123s][info ][gc,cpu         ] GC(646) User=0.00s Sys=0.00s Real=0.00s
[22.148s][info ][gc,start       ] GC(647) Pause Young (Allocation Failure)
[22.148s][debug][gc,age         ] GC(647) Desired survivor size 1048576 bytes, new threshold 1 (max threshold 15)
[22.148s][info ][gc,heap        ] GC(647) PSYoungGen: 333203K(333824K)->486K(333824K) Eden: 332716K(332800K)->0K(332800K) From: 486K(1024K)->486K(1024K)
[22.148s][info ][gc,heap        ] GC(647) ParOldGen: 4178K(349696K)->4178K(349696K)
[22.148s][info ][gc,metaspace   ] GC(647) Metaspace: 9579K(9856K)->9579K(9856K) NonClass: 8510K(8640K)->8510K(8640K) Class: 1069K(1216K)->1069K(1216K)
[22.148s][info ][gc             ] GC(647) Pause Young (Allocation Failure) 329M->4M(667M) 0.354ms
[22.148s][info ][gc,cpu         ] GC(647) User=0.00s Sys=0.00s Real=0.00s
[22.173s][info ][gc,start       ] GC(648) Pause Young (Allocation Failure)
[22.174s][debug][gc,age         ] GC(648) Desired survivor size 1048576 bytes, new threshold 1 (max threshold 15)
[22.174s][info ][gc,heap        ] GC(648) PSYoungGen: 333286K(333824K)->486K(348160K) Eden: 332800K(332800K)->0K(347136K) From: 486K(1024K)->486K(1024K)
[22.174s][info ][gc,heap        ] GC(648) ParOldGen: 4178K(349696K)->4178K(349696K)
[22.174s][info ][gc,metaspace   ] GC(648) Metaspace: 9579K(9856K)->9579K(9856K) NonClass: 8510K(8640K)->8510K(8640K) Class: 1069K(1216K)->1069K(1216K)
[22.174s][info ][gc             ] GC(648) Pause Young (Allocation Failure) 329M->4M(681M) 0.304ms
[22.174s][info ][gc,cpu         ] GC(648) User=0.00s Sys=0.00s Real=0.00s
[22.201s][info ][gc,start       ] GC(649) Pause Young (Allocation Failure)
[22.201s][debug][gc,age         ] GC(649) Desired survivor size 1048576 bytes, new threshold 1 (max threshold 15)
[22.201s][info ][gc,heap        ] GC(649) PSYoungGen: 347392K(348160K)->486K(335360K) Eden: 346906K(347136K)->0K(334848K) From: 486K(1024K)->486K(512K)
[22.201s][info ][gc,heap        ] GC(649) ParOldGen: 4178K(349696K)->4178K(349696K)
[22.201s][info ][gc,metaspace   ] GC(649) Metaspace: 9579K(9856K)->9579K(9856K) NonClass: 8510K(8640K)->8510K(8640K) Class: 1069K(1216K)->1069K(1216K)
[22.201s][info ][gc             ] GC(649) Pause Young (Allocation Failure) 343M->4M(669M) 0.316ms
[22.201s][info ][gc,cpu         ] GC(649) User=0.00s Sys=0.00s Real=0.00s
[22.227s][info ][gc,start       ] GC(650) Pause Young (Allocation Failure)
[22.227s][debug][gc,age         ] GC(650) Desired survivor size 1048576 bytes, new threshold 1 (max threshold 15)
[22.227s][info ][gc,heap        ] GC(650) PSYoungGen: 335100K(335360K)->486K(323584K) Eden: 334613K(334848K)->0K(323072K) From: 486K(512K)->486K(512K)
[22.227s][info ][gc,heap        ] GC(650) ParOldGen: 4178K(349696K)->4178K(349696K)
[22.227s][info ][gc,metaspace   ] GC(650) Metaspace: 9579K(9856K)->9579K(9856K) NonClass: 8510K(8640K)->8510K(8640K) Class: 1069K(1216K)->1069K(1216K)
[22.227s][info ][gc             ] GC(650) Pause Young (Allocation Failure) 331M->4M(657M) 0.338ms
[22.227s][info ][gc,cpu         ] GC(650) User=0.00s Sys=0.00s Real=0.00s
[22.252s][info ][gc,start       ] GC(651) Pause Young (Allocation Failure)
[22.252s][debug][gc,age         ] GC(651) Desired survivor size 1048576 bytes, new threshold 1 (max threshold 15)
[22.252s][info ][gc,heap        ] GC(651) PSYoungGen: 323222K(323584K)->486K(312832K) Eden: 322735K(323072K)->0K(311808K) From: 486K(512K)->486K(1024K)
[22.252s][info ][gc,heap        ] GC(651) ParOldGen: 4178K(349696K)->4178K(349696K)
[22.252s][info ][gc,metaspace   ] GC(651) Metaspace: 9579K(9856K)->9579K(9856K) NonClass: 8510K(8640K)->8510K(8640K) Class: 1069K(1216K)->1069K(1216K)
[22.252s][info ][gc             ] GC(651) Pause Young (Allocation Failure) 319M->4M(647M) 0.342ms
[22.252s][info ][gc,cpu         ] GC(651) User=0.00s Sys=0.00s Real=0.00s
[22.276s][info ][gc,start       ] GC(652) Pause Young (Allocation Failure)
[22.276s][debug][gc,age         ] GC(652) Desired survivor size 1048576 bytes, new threshold 1 (max threshold 15)
[22.276s][info ][gc,heap        ] GC(652) PSYoungGen: 312168K(312832K)->96K(301568K) Eden: 311681K(311808K)->0K(301056K) From: 486K(1024K)->96K(512K)
[22.276s][info ][gc,heap        ] GC(652) ParOldGen: 4178K(349696K)->4178K(349696K)
[22.276s][info ][gc,metaspace   ] GC(652) Metaspace: 9579K(9856K)->9579K(9856K) NonClass: 8510K(8640K)->8510K(8640K) Class: 1069K(1216K)->1069K(1216K)
[22.276s][info ][gc             ] GC(652) Pause Young (Allocation Failure) 308M->4M(636M) 0.285ms
[22.276s][info ][gc,cpu         ] GC(652) User=0.00s Sys=0.00s Real=0.00s
[22.298s][info ][gc,start       ] GC(653) Pause Young (Allocation Failure)
[22.298s][debug][gc,age         ] GC(653) Desired survivor size 1048576 bytes, new threshold 1 (max threshold 15)
[22.298s][info ][gc,heap        ] GC(653) PSYoungGen: 301152K(301568K)->486K(291840K) Eden: 301056K(301056K)->0K(290816K) From: 96K(512K)->486K(1024K)
[22.298s][info ][gc,heap        ] GC(653) ParOldGen: 4178K(349696K)->4178K(349696K)
[22.298s][info ][gc,metaspace   ] GC(653) Metaspace: 9579K(9856K)->9579K(9856K) NonClass: 8510K(8640K)->8510K(8640K) Class: 1069K(1216K)->1069K(1216K)
[22.298s][info ][gc             ] GC(653) Pause Young (Allocation Failure) 298M->4M(626M) 0.285ms
[22.298s][info ][gc,cpu         ] GC(653) User=0.00s Sys=0.00s Real=0.00s
[22.320s][info ][gc,start       ] GC(654) Pause Young (Allocation Failure)
[22.321s][debug][gc,age         ] GC(654) Desired survivor size 1048576 bytes, new threshold 1 (max threshold 15)
[22.321s][info ][gc,heap        ] GC(654) PSYoungGen: 291302K(291840K)->486K(281600K) Eden: 290816K(290816K)->0K(281088K) From: 486K(1024K)->486K(512K)
[22.321s][info ][gc,heap        ] GC(654) ParOldGen: 4178K(349696K)->4178K(349696K)
[22.321s][info ][gc,metaspace   ] GC(654) Metaspace: 9579K(9856K)->9579K(9856K) NonClass: 8510K(8640K)->8510K(8640K) Class: 1069K(1216K)->1069K(1216K)
[22.321s][info ][gc             ] GC(654) Pause Young (Allocation Failure) 288M->4M(616M) 0.307ms
[22.321s][info ][gc,cpu         ] GC(654) User=0.00s Sys=0.00s Real=0.00s
[22.342s][info ][gc,start       ] GC(655) Pause Young (Allocation Failure)
[22.342s][debug][gc,age         ] GC(655) Desired survivor size 1048576 bytes, new threshold 1 (max threshold 15)
[22.342s][info ][gc,heap        ] GC(655) PSYoungGen: 281235K(281600K)->96K(272896K) Eden: 280748K(281088K)->0K(271872K) From: 486K(512K)->96K(1024K)
[22.342s][info ][gc,heap        ] GC(655) ParOldGen: 4178K(349696K)->4178K(349696K)
[22.342s][info ][gc,metaspace   ] GC(655) Metaspace: 9579K(9856K)->9579K(9856K) NonClass: 8510K(8640K)->8510K(8640K) Class: 1069K(1216K)->1069K(1216K)
[22.342s][info ][gc             ] GC(655) Pause Young (Allocation Failure) 278M->4M(608M) 0.269ms
[22.342s][info ][gc,cpu         ] GC(655) User=0.00s Sys=0.00s Real=0.00s
[22.363s][info ][gc,start       ] GC(656) Pause Young (Allocation Failure)
[22.363s][debug][gc,age         ] GC(656) Desired survivor size 1048576 bytes, new threshold 1 (max threshold 15)
[22.363s][info ][gc,heap        ] GC(656) PSYoungGen: 271619K(272896K)->454K(263680K) Eden: 271523K(271872K)->0K(263168K) From: 96K(1024K)->454K(512K)
[22.363s][info ][gc,heap        ] GC(656) ParOldGen: 4178K(349696K)->4178K(349696K)
[22.363s][info ][gc,metaspace   ] GC(656) Metaspace: 9579K(9856K)->9579K(9856K) NonClass: 8510K(8640K)->8510K(8640K) Class: 1069K(1216K)->1069K(1216K)
[22.363s][info ][gc             ] GC(656) Pause Young (Allocation Failure) 269M->4M(599M) 0.315ms
[22.363s][info ][gc,cpu         ] GC(656) User=0.00s Sys=0.00s Real=0.00s
[22.383s][info ][gc,start       ] GC(657) Pause Young (Allocation Failure)
[22.383s][debug][gc,age         ] GC(657) Desired survivor size 1048576 bytes, new threshold 1 (max threshold 15)
[22.383s][info ][gc,heap        ] GC(657) PSYoungGen: 263258K(263680K)->96K(255488K) Eden: 262803K(263168K)->0K(254464K) From: 454K(512K)->96K(1024K)
[22.383s][info ][gc,heap        ] GC(657) ParOldGen: 4178K(349696K)->4178K(349696K)
[22.383s][info ][gc,metaspace   ] GC(657) Metaspace: 9579K(9856K)->9579K(9856K) NonClass: 8510K(8640K)->8510K(8640K) Class: 1069K(1216K)->1069K(1216K)
[22.383s][info ][gc             ] GC(657) Pause Young (Allocation Failure) 261M->4M(591M) 0.296ms
[22.383s][info ][gc,cpu         ] GC(657) User=0.00s Sys=0.00s Real=0.00s
[22.402s][info ][gc,start       ] GC(658) Pause Young (Allocation Failure)
[22.403s][debug][gc,age         ] GC(658) Desired survivor size 1048576 bytes, new threshold 1 (max threshold 15)
[22.403s][info ][gc,heap        ] GC(658) PSYoungGen: 254343K(255488K)->486K(246784K) Eden: 254247K(254464K)->0K(246272K) From: 96K(1024K)->486K(512K)
[22.403s][info ][gc,heap        ] GC(658) ParOldGen: 4178K(349696K)->4178K(349696K)
[22.403s][info ][gc,metaspace   ] GC(658) Metaspace: 9579K(9856K)->9579K(9856K) NonClass: 8510K(8640K)->8510K(8640K) Class: 1069K(1216K)->1069K(1216K)
[22.403s][info ][gc             ] GC(658) Pause Young (Allocation Failure) 252M->4M(582M) 0.285ms
[22.403s][info ][gc,cpu         ] GC(658) User=0.01s Sys=0.00s Real=0.00s
[22.421s][info ][gc,start       ] GC(659) Pause Young (Allocation Failure)
[22.421s][debug][gc,age         ] GC(659) Desired survivor size 1048576 bytes, new threshold 1 (max threshold 15)
[22.421s][info ][gc,heap        ] GC(659) PSYoungGen: 246670K(246784K)->486K(239616K) Eden: 246183K(246272K)->0K(238592K) From: 486K(512K)->486K(1024K)
[22.421s][info ][gc,heap        ] GC(659) ParOldGen: 4178K(349696K)->4178K(349696K)
[22.421s][info ][gc,metaspace   ] GC(659) Metaspace: 9579K(9856K)->9579K(9856K) NonClass: 8510K(8640K)->8510K(8640K) Class: 1069K(1216K)->1069K(1216K)
[22.421s][info ][gc             ] GC(659) Pause Young (Allocation Failure) 244M->4M(575M) 0.219ms
[22.421s][info ][gc,cpu         ] GC(659) User=0.00s Sys=0.00s Real=0.00s
[22.439s][info ][gc,start       ] GC(660) Pause Young (Allocation Failure)
[22.440s][debug][gc,age         ] GC(660) Desired survivor size 1048576 bytes, new threshold 1 (max threshold 15)
[22.440s][info ][gc,heap        ] GC(660) PSYoungGen: 238748K(239616K)->486K(231424K) Eden: 238262K(238592K)->0K(230912K) From: 486K(1024K)->486K(512K)
[22.440s][info ][gc,heap        ] GC(660) ParOldGen: 4178K(349696K)->4178K(349696K)
[22.440s][info ][gc,metaspace   ] GC(660) Metaspace: 9579K(9856K)->9579K(9856K) NonClass: 8510K(8640K)->8510K(8640K) Class: 1069K(1216K)->1069K(1216K)
[22.440s][info ][gc             ] GC(660) Pause Young (Allocation Failure) 237M->4M(567M) 0.292ms
[22.440s][info ][gc,cpu         ] GC(660) User=0.00s Sys=0.00s Real=0.00s
[22.457s][info ][gc,start       ] GC(661) Pause Young (Allocation Failure)
[22.457s][debug][gc,age         ] GC(661) Desired survivor size 1048576 bytes, new threshold 1 (max threshold 15)
[22.457s][info ][gc,heap        ] GC(661) PSYoungGen: 231314K(231424K)->64K(224768K) Eden: 230828K(230912K)->0K(223744K) From: 486K(512K)->64K(1024K)
[22.457s][info ][gc,heap        ] GC(661) ParOldGen: 4178K(349696K)->4178K(349696K)
[22.457s][info ][gc,metaspace   ] GC(661) Metaspace: 9579K(9856K)->9579K(9856K) NonClass: 8510K(8640K)->8510K(8640K) Class: 1069K(1216K)->1069K(1216K)
[22.457s][info ][gc             ] GC(661) Pause Young (Allocation Failure) 229M->4M(561M) 0.215ms
[22.457s][info ][gc,cpu         ] GC(661) User=0.00s Sys=0.00s Real=0.00s
[22.474s][info ][gc,start       ] GC(662) Pause Young (Allocation Failure)
[22.474s][debug][gc,age         ] GC(662) Desired survivor size 1048576 bytes, new threshold 1 (max threshold 15)
[22.474s][info ][gc,heap        ] GC(662) PSYoungGen: 223808K(224768K)->454K(269312K) Eden: 223744K(223744K)->0K(268800K) From: 64K(1024K)->454K(512K)
[22.474s][info ][gc,heap        ] GC(662) ParOldGen: 4178K(349696K)->4178K(349696K)
[22.474s][info ][gc,metaspace   ] GC(662) Metaspace: 9579K(9856K)->9579K(9856K) NonClass: 8510K(8640K)->8510K(8640K) Class: 1069K(1216K)->1069K(1216K)
[22.474s][info ][gc             ] GC(662) Pause Young (Allocation Failure) 222M->4M(604M) 0.291ms
[22.474s][info ][gc,cpu         ] GC(662) User=0.00s Sys=0.00s Real=0.00s
[22.495s][info ][gc,start       ] GC(663) Pause Young (Allocation Failure)
[22.495s][debug][gc,age         ] GC(663) Desired survivor size 1048576 bytes, new threshold 1 (max threshold 15)
[22.495s][info ][gc,heap        ] GC(663) PSYoungGen: 268960K(269312K)->96K(323584K) Eden: 268505K(268800K)->0K(322560K) From: 454K(512K)->96K(1024K)
[22.495s][info ][gc,heap        ] GC(663) ParOldGen: 4178K(349696K)->4178K(349696K)
[22.495s][info ][gc,metaspace   ] GC(663) Metaspace: 9579K(9856K)->9579K(9856K) NonClass: 8510K(8640K)->8510K(8640K) Class: 1069K(1216K)->1069K(1216K)
[22.495s][info ][gc             ] GC(663) Pause Young (Allocation Failure) 266M->4M(657M) 0.292ms
[22.495s][info ][gc,cpu         ] GC(663) User=0.00s Sys=0.00s Real=0.00s
[22.519s][info ][gc,start       ] GC(664) Pause Young (Allocation Failure)
[22.520s][debug][gc,age         ] GC(664) Desired survivor size 1048576 bytes, new threshold 1 (max threshold 15)
[22.520s][info ][gc,heap        ] GC(664) PSYoungGen: 322445K(323584K)->486K(311808K) Eden: 322349K(322560K)->0K(311296K) From: 96K(1024K)->486K(512K)
[22.520s][info ][gc,heap        ] GC(664) ParOldGen: 4178K(349696K)->4178K(349696K)
[22.520s][info ][gc,metaspace   ] GC(664) Metaspace: 9579K(9856K)->9579K(9856K) NonClass: 8510K(8640K)->8510K(8640K) Class: 1069K(1216K)->1069K(1216K)
[22.520s][info ][gc             ] GC(664) Pause Young (Allocation Failure) 318M->4M(646M) 0.294ms
[22.520s][info ][gc,cpu         ] GC(664) User=0.00s Sys=0.00s Real=0.00s
[22.543s][info ][gc,start       ] GC(665) Pause Young (Allocation Failure)
[22.543s][debug][gc,age         ] GC(665) Desired survivor size 1048576 bytes, new threshold 1 (max threshold 15)
[22.543s][info ][gc,heap        ] GC(665) PSYoungGen: 311782K(311808K)->454K(301568K) Eden: 311296K(311296K)->0K(300544K) From: 486K(512K)->454K(1024K)
[22.543s][info ][gc,heap        ] GC(665) ParOldGen: 4178K(349696K)->4178K(349696K)
[22.543s][info ][gc,metaspace   ] GC(665) Metaspace: 9579K(9856K)->9579K(9856K) NonClass: 8510K(8640K)->8510K(8640K) Class: 1069K(1216K)->1069K(1216K)
[22.543s][info ][gc             ] GC(665) Pause Young (Allocation Failure) 308M->4M(636M) 0.288ms
[22.543s][info ][gc,cpu         ] GC(665) User=0.00s Sys=0.01s Real=0.00s
[22.565s][info ][gc,start       ] GC(666) Pause Young (Allocation Failure)
[22.565s][debug][gc,age         ] GC(666) Desired survivor size 1048576 bytes, new threshold 1 (max threshold 15)
[22.565s][info ][gc,heap        ] GC(666) PSYoungGen: 300998K(301568K)->96K(290816K) Eden: 300544K(300544K)->0K(290304K) From: 454K(1024K)->96K(512K)
[22.565s][info ][gc,heap        ] GC(666) ParOldGen: 4178K(349696K)->4178K(349696K)
[22.565s][info ][gc,metaspace   ] GC(666) Metaspace: 9579K(9856K)->9579K(9856K) NonClass: 8510K(8640K)->8510K(8640K) Class: 1069K(1216K)->1069K(1216K)
[22.565s][info ][gc             ] GC(666) Pause Young (Allocation Failure) 298M->4M(625M) 0.257ms
[22.565s][info ][gc,cpu         ] GC(666) User=0.00s Sys=0.00s Real=0.01s
[22.587s][info ][gc,start       ] GC(667) Pause Young (Allocation Failure)
[22.587s][debug][gc,age         ] GC(667) Desired survivor size 1048576 bytes, new threshold 1 (max threshold 15)
[22.587s][info ][gc,heap        ] GC(667) PSYoungGen: 290400K(290816K)->486K(281600K) Eden: 290304K(290304K)->0K(280576K) From: 96K(512K)->486K(1024K)
[22.587s][info ][gc,heap        ] GC(667) ParOldGen: 4178K(349696K)->4178K(349696K)
[22.587s][info ][gc,metaspace   ] GC(667) Metaspace: 9579K(9856K)->9579K(9856K) NonClass: 8510K(8640K)->8510K(8640K) Class: 1069K(1216K)->1069K(1216K)
[22.587s][info ][gc             ] GC(667) Pause Young (Allocation Failure) 287M->4M(616M) 0.298ms
[22.587s][info ][gc,cpu         ] GC(667) User=0.00s Sys=0.00s Real=0.00s
[22.608s][info ][gc,start       ] GC(668) Pause Young (Allocation Failure)
[22.609s][debug][gc,age         ] GC(668) Desired survivor size 1048576 bytes, new threshold 1 (max threshold 15)
[22.609s][info ][gc,heap        ] GC(668) PSYoungGen: 280881K(281600K)->454K(271872K) Eden: 280394K(280576K)->0K(271360K) From: 486K(1024K)->454K(512K)
[22.609s][info ][gc,heap        ] GC(668) ParOldGen: 4178K(349696K)->4178K(349696K)
[22.609s][info ][gc,metaspace   ] GC(668) Metaspace: 9579K(9856K)->9579K(9856K) NonClass: 8510K(8640K)->8510K(8640K) Class: 1069K(1216K)->1069K(1216K)
[22.609s][info ][gc             ] GC(668) Pause Young (Allocation Failure) 278M->4M(607M) 0.259ms
[22.609s][info ][gc,cpu         ] GC(668) User=0.00s Sys=0.00s Real=0.00s
[22.629s][info ][gc,start       ] GC(669) Pause Young (Allocation Failure)
[22.629s][debug][gc,age         ] GC(669) Desired survivor size 1048576 bytes, new threshold 1 (max threshold 15)
[22.629s][info ][gc,heap        ] GC(669) PSYoungGen: 271569K(271872K)->486K(263680K) Eden: 271114K(271360K)->0K(262656K) From: 454K(512K)->486K(1024K)
[22.629s][info ][gc,heap        ] GC(669) ParOldGen: 4178K(349696K)->4178K(349696K)
[22.629s][info ][gc,metaspace   ] GC(669) Metaspace: 9579K(9856K)->9579K(9856K) NonClass: 8510K(8640K)->8510K(8640K) Class: 1069K(1216K)->1069K(1216K)
[22.629s][info ][gc             ] GC(669) Pause Young (Allocation Failure) 269M->4M(599M) 0.292ms
[22.629s][info ][gc,cpu         ] GC(669) User=0.00s Sys=0.00s Real=0.00s
[22.649s][info ][gc,start       ] GC(670) Pause Young (Allocation Failure)
[22.649s][debug][gc,age         ] GC(670) Desired survivor size 1048576 bytes, new threshold 1 (max threshold 15)
[22.649s][info ][gc,heap        ] GC(670) PSYoungGen: 263142K(263680K)->486K(315904K) Eden: 262656K(262656K)->0K(315392K) From: 486K(1024K)->486K(512K)
[22.649s][info ][gc,heap        ] GC(670) ParOldGen: 4178K(349696K)->4178K(349696K)
[22.649s][info ][gc,metaspace   ] GC(670) Metaspace: 9579K(9856K)->9579K(9856K) NonClass: 8510K(8640K)->8510K(8640K) Class: 1069K(1216K)->1069K(1216K)
[22.649s][info ][gc             ] GC(670) Pause Young (Allocation Failure) 261M->4M(650M) 0.353ms
[22.649s][info ][gc,cpu         ] GC(670) User=0.00s Sys=0.00s Real=0.00s
[22.673s][info ][gc,start       ] GC(671) Pause Young (Allocation Failure)
[22.673s][debug][gc,age         ] GC(671) Desired survivor size 1048576 bytes, new threshold 1 (max threshold 15)
[22.673s][info ][gc,heap        ] GC(671) PSYoungGen: 315528K(315904K)->454K(305664K) Eden: 315041K(315392K)->0K(304640K) From: 486K(512K)->454K(1024K)
[22.673s][info ][gc,heap        ] GC(671) ParOldGen: 4178K(349696K)->4178K(349696K)
[22.673s][info ][gc,metaspace   ] GC(671) Metaspace: 9579K(9856K)->9579K(9856K) NonClass: 8510K(8640K)->8510K(8640K) Class: 1069K(1216K)->1069K(1216K)
[22.673s][info ][gc             ] GC(671) Pause Young (Allocation Failure) 312M->4M(640M) 0.289ms
[22.673s][info ][gc,cpu         ] GC(671) User=0.00s Sys=0.00s Real=0.00s
[22.696s][info ][gc,start       ] GC(672) Pause Young (Allocation Failure)
[22.697s][debug][gc,age         ] GC(672) Desired survivor size 1048576 bytes, new threshold 1 (max threshold 15)
[22.697s][info ][gc,heap        ] GC(672) PSYoungGen: 304876K(305664K)->96K(294912K) Eden: 304421K(304640K)->0K(294400K) From: 454K(1024K)->96K(512K)
[22.697s][info ][gc,heap        ] GC(672) ParOldGen: 4178K(349696K)->4178K(349696K)
[22.697s][info ][gc,metaspace   ] GC(672) Metaspace: 9579K(9856K)->9579K(9856K) NonClass: 8510K(8640K)->8510K(8640K) Class: 1069K(1216K)->1069K(1216K)
[22.697s][info ][gc             ] GC(672) Pause Young (Allocation Failure) 301M->4M(629M) 0.330ms
[22.697s][info ][gc,cpu         ] GC(672) User=0.00s Sys=0.00s Real=0.00s
[22.719s][info ][gc,start       ] GC(673) Pause Young (Allocation Failure)
[22.719s][debug][gc,age         ] GC(673) Desired survivor size 1048576 bytes, new threshold 1 (max threshold 15)
[22.719s][info ][gc,heap        ] GC(673) PSYoungGen: 294447K(294912K)->96K(341504K) Eden: 294351K(294400K)->0K(340480K) From: 96K(512K)->96K(1024K)
[22.719s][info ][gc,heap        ] GC(673) ParOldGen: 4178K(349696K)->4178K(349696K)
[22.719s][info ][gc,metaspace   ] GC(673) Metaspace: 9579K(9856K)->9579K(9856K) NonClass: 8510K(8640K)->8510K(8640K) Class: 1069K(1216K)->1069K(1216K)
[22.719s][info ][gc             ] GC(673) Pause Young (Allocation Failure) 291M->4M(675M) 0.325ms
[22.719s][info ][gc,cpu         ] GC(673) User=0.00s Sys=0.00s Real=0.00s
[22.745s][info ][gc,start       ] GC(674) Pause Young (Allocation Failure)
[22.746s][debug][gc,age         ] GC(674) Desired survivor size 1048576 bytes, new threshold 1 (max threshold 15)
[22.746s][info ][gc,heap        ] GC(674) PSYoungGen: 340204K(341504K)->96K(329216K) Eden: 340108K(340480K)->0K(328704K) From: 96K(1024K)->96K(512K)
[22.746s][info ][gc,heap        ] GC(674) ParOldGen: 4178K(349696K)->4178K(349696K)
[22.746s][info ][gc,metaspace   ] GC(674) Metaspace: 9579K(9856K)->9579K(9856K) NonClass: 8510K(8640K)->8510K(8640K) Class: 1069K(1216K)->1069K(1216K)
[22.746s][info ][gc             ] GC(674) Pause Young (Allocation Failure) 336M->4M(663M) 0.300ms
[22.746s][info ][gc,cpu         ] GC(674) User=0.00s Sys=0.00s Real=0.00s
[22.770s][info ][gc,start       ] GC(675) Pause Young (Allocation Failure)
[22.771s][debug][gc,age         ] GC(675) Desired survivor size 1048576 bytes, new threshold 1 (max threshold 15)
[22.771s][info ][gc,heap        ] GC(675) PSYoungGen: 328800K(329216K)->64K(318464K) Eden: 328704K(328704K)->0K(317440K) From: 96K(512K)->64K(1024K)
[22.771s][info ][gc,heap        ] GC(675) ParOldGen: 4178K(349696K)->4178K(349696K)
[22.771s][info ][gc,metaspace   ] GC(675) Metaspace: 9579K(9856K)->9579K(9856K) NonClass: 8510K(8640K)->8510K(8640K) Class: 1069K(1216K)->1069K(1216K)
[22.771s][info ][gc             ] GC(675) Pause Young (Allocation Failure) 325M->4M(652M) 0.278ms
[22.771s][info ][gc,cpu         ] GC(675) User=0.00s Sys=0.00s Real=0.00s
[22.795s][info ][gc,start       ] GC(676) Pause Young (Allocation Failure)
[22.795s][debug][gc,age         ] GC(676) Desired survivor size 1048576 bytes, new threshold 1 (max threshold 15)
[22.795s][info ][gc,heap        ] GC(676) PSYoungGen: 317437K(318464K)->64K(307200K) Eden: 317373K(317440K)->0K(306688K) From: 64K(1024K)->64K(512K)
[22.795s][info ][gc,heap        ] GC(676) ParOldGen: 4178K(349696K)->4178K(349696K)
[22.795s][info ][gc,metaspace   ] GC(676) Metaspace: 9579K(9856K)->9579K(9856K) NonClass: 8510K(8640K)->8510K(8640K) Class: 1069K(1216K)->1069K(1216K)
[22.795s][info ][gc             ] GC(676) Pause Young (Allocation Failure) 314M->4M(641M) 0.305ms
[22.795s][info ][gc,cpu         ] GC(676) User=0.00s Sys=0.01s Real=0.00s
[22.818s][info ][gc,start       ] GC(677) Pause Young (Allocation Failure)
[22.819s][debug][gc,age         ] GC(677) Desired survivor size 1048576 bytes, new threshold 1 (max threshold 15)
[22.819s][info ][gc,heap        ] GC(677) PSYoungGen: 306564K(307200K)->96K(347136K) Eden: 306500K(306688K)->0K(346112K) From: 64K(512K)->96K(1024K)
[22.819s][info ][gc,heap        ] GC(677) ParOldGen: 4178K(349696K)->4178K(349696K)
[22.819s][info ][gc,metaspace   ] GC(677) Metaspace: 9579K(9856K)->9579K(9856K) NonClass: 8510K(8640K)->8510K(8640K) Class: 1069K(1216K)->1069K(1216K)
[22.819s][info ][gc             ] GC(677) Pause Young (Allocation Failure) 303M->4M(680M) 0.445ms
[22.819s][info ][gc,cpu         ] GC(677) User=0.00s Sys=0.00s Real=0.00s
[22.845s][info ][gc,start       ] GC(678) Pause Young (Allocation Failure)
[22.846s][debug][gc,age         ] GC(678) Desired survivor size 1048576 bytes, new threshold 1 (max threshold 15)
[22.846s][info ][gc,heap        ] GC(678) PSYoungGen: 346148K(347136K)->96K(348160K) Eden: 346052K(346112K)->0K(347136K) From: 96K(1024K)->96K(1024K)
[22.846s][info ][gc,heap        ] GC(678) ParOldGen: 4178K(349696K)->4178K(349696K)
[22.846s][info ][gc,metaspace   ] GC(678) Metaspace: 9579K(9856K)->9579K(9856K) NonClass: 8510K(8640K)->8510K(8640K) Class: 1069K(1216K)->1069K(1216K)
[22.846s][info ][gc             ] GC(678) Pause Young (Allocation Failure) 342M->4M(681M) 0.347ms
[22.846s][info ][gc,cpu         ] GC(678) User=0.00s Sys=0.00s Real=0.00s
[22.872s][info ][gc,start       ] GC(679) Pause Young (Allocation Failure)
[22.872s][debug][gc,age         ] GC(679) Desired survivor size 1048576 bytes, new threshold 1 (max threshold 15)
[22.872s][info ][gc,heap        ] GC(679) PSYoungGen: 346848K(348160K)->96K(335360K) Eden: 346752K(347136K)->0K(334848K) From: 96K(1024K)->96K(512K)
[22.872s][info ][gc,heap        ] GC(679) ParOldGen: 4178K(349696K)->4178K(349696K)
[22.872s][info ][gc,metaspace   ] GC(679) Metaspace: 9579K(9856K)->9579K(9856K) NonClass: 8510K(8640K)->8510K(8640K) Class: 1069K(1216K)->1069K(1216K)
[22.872s][info ][gc             ] GC(679) Pause Young (Allocation Failure) 342M->4M(669M) 0.267ms
[22.872s][info ][gc,cpu         ] GC(679) User=0.00s Sys=0.00s Real=0.00s
[22.897s][info ][gc,start       ] GC(680) Pause Young (Allocation Failure)
[22.898s][debug][gc,age         ] GC(680) Desired survivor size 1048576 bytes, new threshold 1 (max threshold 15)
[22.898s][info ][gc,heap        ] GC(680) PSYoungGen: 334848K(335360K)->486K(323584K) Eden: 334752K(334848K)->0K(323072K) From: 96K(512K)->486K(512K)
[22.898s][info ][gc,heap        ] GC(680) ParOldGen: 4178K(349696K)->4178K(349696K)
[22.898s][info ][gc,metaspace   ] GC(680) Metaspace: 9579K(9856K)->9579K(9856K) NonClass: 8510K(8640K)->8510K(8640K) Class: 1069K(1216K)->1069K(1216K)
[22.898s][info ][gc             ] GC(680) Pause Young (Allocation Failure) 331M->4M(657M) 0.338ms
[22.898s][info ][gc,cpu         ] GC(680) User=0.00s Sys=0.00s Real=0.00s
[22.922s][info ][gc,start       ] GC(681) Pause Young (Allocation Failure)
[22.922s][debug][gc,age         ] GC(681) Desired survivor size 1048576 bytes, new threshold 1 (max threshold 15)
[22.922s][info ][gc,heap        ] GC(681) PSYoungGen: 323344K(323584K)->486K(312832K) Eden: 322857K(323072K)->0K(311808K) From: 486K(512K)->486K(1024K)
[22.922s][info ][gc,heap        ] GC(681) ParOldGen: 4178K(349696K)->4178K(349696K)
[22.922s][info ][gc,metaspace   ] GC(681) Metaspace: 9579K(9856K)->9579K(9856K) NonClass: 8510K(8640K)->8510K(8640K) Class: 1069K(1216K)->1069K(1216K)
[22.922s][info ][gc             ] GC(681) Pause Young (Allocation Failure) 319M->4M(647M) 0.294ms
[22.922s][info ][gc,cpu         ] GC(681) User=0.00s Sys=0.01s Real=0.00s
[22.946s][info ][gc,start       ] GC(682) Pause Young (Allocation Failure)
[22.946s][debug][gc,age         ] GC(682) Desired survivor size 1048576 bytes, new threshold 1 (max threshold 15)
[22.946s][info ][gc,heap        ] GC(682) PSYoungGen: 312279K(312832K)->454K(301568K) Eden: 311792K(311808K)->0K(301056K) From: 486K(1024K)->454K(512K)
[22.946s][info ][gc,heap        ] GC(682) ParOldGen: 4178K(349696K)->4178K(349696K)
[22.946s][info ][gc,metaspace   ] GC(682) Metaspace: 9579K(9856K)->9579K(9856K) NonClass: 8510K(8640K)->8510K(8640K) Class: 1069K(1216K)->1069K(1216K)
[22.946s][info ][gc             ] GC(682) Pause Young (Allocation Failure) 309M->4M(636M) 0.321ms
[22.946s][info ][gc,cpu         ] GC(682) User=0.00s Sys=0.00s Real=0.00s
[22.969s][info ][gc,start       ] GC(683) Pause Young (Allocation Failure)
[22.969s][debug][gc,age         ] GC(683) Desired survivor size 1048576 bytes, new threshold 1 (max threshold 15)
[22.969s][info ][gc,heap        ] GC(683) PSYoungGen: 301212K(301568K)->96K(291840K) Eden: 300757K(301056K)->0K(290816K) From: 454K(512K)->96K(1024K)
[22.969s][info ][gc,heap        ] GC(683) ParOldGen: 4178K(349696K)->4178K(349696K)
[22.969s][info ][gc,metaspace   ] GC(683) Metaspace: 9579K(9856K)->9579K(9856K) NonClass: 8510K(8640K)->8510K(8640K) Class: 1069K(1216K)->1069K(1216K)
[22.969s][info ][gc             ] GC(683) Pause Young (Allocation Failure) 298M->4M(626M) 0.278ms
[22.969s][info ][gc,cpu         ] GC(683) User=0.00s Sys=0.00s Real=0.00s
[22.991s][info ][gc,start       ] GC(684) Pause Young (Allocation Failure)
[22.991s][debug][gc,age         ] GC(684) Desired survivor size 1048576 bytes, new threshold 1 (max threshold 15)
[22.992s][info ][gc,heap        ] GC(684) PSYoungGen: 290912K(291840K)->96K(281600K) Eden: 290816K(290816K)->0K(281088K) From: 96K(1024K)->96K(512K)
[22.992s][info ][gc,heap        ] GC(684) ParOldGen: 4178K(349696K)->4178K(349696K)
[22.992s][info ][gc,metaspace   ] GC(684) Metaspace: 9579K(9856K)->9579K(9856K) NonClass: 8510K(8640K)->8510K(8640K) Class: 1069K(1216K)->1069K(1216K)
[22.992s][info ][gc             ] GC(684) Pause Young (Allocation Failure) 288M->4M(616M) 0.239ms
[22.992s][info ][gc,cpu         ] GC(684) User=0.00s Sys=0.00s Real=0.00s
[23.013s][info ][gc,start       ] GC(685) Pause Young (Allocation Failure)
[23.013s][debug][gc,age         ] GC(685) Desired survivor size 1048576 bytes, new threshold 1 (max threshold 15)
[23.013s][info ][gc,heap        ] GC(685) PSYoungGen: 281184K(281600K)->454K(272896K) Eden: 281088K(281088K)->0K(271872K) From: 96K(512K)->454K(1024K)
[23.013s][info ][gc,heap        ] GC(685) ParOldGen: 4178K(349696K)->4178K(349696K)
[23.013s][info ][gc,metaspace   ] GC(685) Metaspace: 9579K(9856K)->9579K(9856K) NonClass: 8510K(8640K)->8510K(8640K) Class: 1069K(1216K)->1069K(1216K)
[23.013s][info ][gc             ] GC(685) Pause Young (Allocation Failure) 278M->4M(608M) 0.261ms
[23.013s][info ][gc,cpu         ] GC(685) User=0.00s Sys=0.00s Real=0.00s
[23.034s][info ][gc,start       ] GC(686) Pause Young (Allocation Failure)
[23.034s][debug][gc,age         ] GC(686) Desired survivor size 1048576 bytes, new threshold 1 (max threshold 15)
[23.034s][info ][gc,heap        ] GC(686) PSYoungGen: 272104K(272896K)->96K(263680K) Eden: 271649K(271872K)->0K(263168K) From: 454K(1024K)->96K(512K)
[23.034s][info ][gc,heap        ] GC(686) ParOldGen: 4178K(349696K)->4178K(349696K)
[23.034s][info ][gc,metaspace   ] GC(686) Metaspace: 9579K(9856K)->9579K(9856K) NonClass: 8510K(8640K)->8510K(8640K) Class: 1069K(1216K)->1069K(1216K)
[23.034s][info ][gc             ] GC(686) Pause Young (Allocation Failure) 269M->4M(599M) 0.338ms
[23.034s][info ][gc,cpu         ] GC(686) User=0.00s Sys=0.00s Real=0.00s
[23.054s][info ][gc,start       ] GC(687) Pause Young (Allocation Failure)
[23.054s][debug][gc,age         ] GC(687) Desired survivor size 1048576 bytes, new threshold 1 (max threshold 15)
[23.054s][info ][gc,heap        ] GC(687) PSYoungGen: 263264K(263680K)->96K(255488K) Eden: 263168K(263168K)->0K(254464K) From: 96K(512K)->96K(1024K)
[23.054s][info ][gc,heap        ] GC(687) ParOldGen: 4178K(349696K)->4178K(349696K)
[23.054s][info ][gc,metaspace   ] GC(687) Metaspace: 9579K(9856K)->9579K(9856K) NonClass: 8510K(8640K)->8510K(8640K) Class: 1069K(1216K)->1069K(1216K)
[23.054s][info ][gc             ] GC(687) Pause Young (Allocation Failure) 261M->4M(591M) 0.271ms
[23.054s][info ][gc,cpu         ] GC(687) User=0.01s Sys=0.00s Real=0.00s
[23.073s][info ][gc,start       ] GC(688) Pause Young (Allocation Failure)
[23.073s][debug][gc,age         ] GC(688) Desired survivor size 1048576 bytes, new threshold 1 (max threshold 15)
[23.073s][info ][gc,heap        ] GC(688) PSYoungGen: 254237K(255488K)->486K(246784K) Eden: 254141K(254464K)->0K(246272K) From: 96K(1024K)->486K(512K)
[23.073s][info ][gc,heap        ] GC(688) ParOldGen: 4178K(349696K)->4178K(349696K)
[23.073s][info ][gc,metaspace   ] GC(688) Metaspace: 9579K(9856K)->9579K(9856K) NonClass: 8510K(8640K)->8510K(8640K) Class: 1069K(1216K)->1069K(1216K)
[23.073s][info ][gc             ] GC(688) Pause Young (Allocation Failure) 252M->4M(582M) 0.270ms
[23.073s][info ][gc,cpu         ] GC(688) User=0.00s Sys=0.00s Real=0.00s
[23.092s][info ][gc,start       ] GC(689) Pause Young (Allocation Failure)
[23.092s][debug][gc,age         ] GC(689) Desired survivor size 1048576 bytes, new threshold 1 (max threshold 15)
[23.092s][info ][gc,heap        ] GC(689) PSYoungGen: 246691K(246784K)->454K(239616K) Eden: 246205K(246272K)->0K(238592K) From: 486K(512K)->454K(1024K)
[23.092s][info ][gc,heap        ] GC(689) ParOldGen: 4178K(349696K)->4178K(349696K)
[23.092s][info ][gc,metaspace   ] GC(689) Metaspace: 9579K(9856K)->9579K(9856K) NonClass: 8510K(8640K)->8510K(8640K) Class: 1069K(1216K)->1069K(1216K)
[23.092s][info ][gc             ] GC(689) Pause Young (Allocation Failure) 244M->4M(575M) 0.255ms
[23.092s][info ][gc,cpu         ] GC(689) User=0.00s Sys=0.00s Real=0.00s
[23.110s][info ][gc,start       ] GC(690) Pause Young (Allocation Failure)
[23.110s][debug][gc,age         ] GC(690) Desired survivor size 1048576 bytes, new threshold 1 (max threshold 15)
[23.110s][info ][gc,heap        ] GC(690) PSYoungGen: 238970K(239616K)->486K(231424K) Eden: 238516K(238592K)->0K(230912K) From: 454K(1024K)->486K(512K)
[23.110s][info ][gc,heap        ] GC(690) ParOldGen: 4178K(349696K)->4178K(349696K)
[23.110s][info ][gc,metaspace   ] GC(690) Metaspace: 9579K(9856K)->9579K(9856K) NonClass: 8510K(8640K)->8510K(8640K) Class: 1069K(1216K)->1069K(1216K)
[23.110s][info ][gc             ] GC(690) Pause Young (Allocation Failure) 237M->4M(567M) 0.260ms
[23.110s][info ][gc,cpu         ] GC(690) User=0.00s Sys=0.00s Real=0.00s
[23.128s][info ][gc,start       ] GC(691) Pause Young (Allocation Failure)
[23.128s][debug][gc,age         ] GC(691) Desired survivor size 1048576 bytes, new threshold 1 (max threshold 15)
[23.128s][info ][gc,heap        ] GC(691) PSYoungGen: 231326K(231424K)->486K(278528K) Eden: 230840K(230912K)->0K(277504K) From: 486K(512K)->486K(1024K)
[23.128s][info ][gc,heap        ] GC(691) ParOldGen: 4178K(349696K)->4178K(349696K)
[23.128s][info ][gc,metaspace   ] GC(691) Metaspace: 9579K(9856K)->9579K(9856K) NonClass: 8510K(8640K)->8510K(8640K) Class: 1069K(1216K)->1069K(1216K)
[23.128s][info ][gc             ] GC(691) Pause Young (Allocation Failure) 229M->4M(613M) 0.280ms
[23.128s][info ][gc,cpu         ] GC(691) User=0.00s Sys=0.00s Real=0.00s
[23.149s][info ][gc,start       ] GC(692) Pause Young (Allocation Failure)
[23.150s][debug][gc,age         ] GC(692) Desired survivor size 1048576 bytes, new threshold 1 (max threshold 15)
[23.150s][info ][gc,heap        ] GC(692) PSYoungGen: 277800K(278528K)->454K(333824K) Eden: 277313K(277504K)->0K(333312K) From: 486K(1024K)->454K(512K)
[23.150s][info ][gc,heap        ] GC(692) ParOldGen: 4178K(349696K)->4178K(349696K)
[23.150s][info ][gc,metaspace   ] GC(692) Metaspace: 9579K(9856K)->9579K(9856K) NonClass: 8510K(8640K)->8510K(8640K) Class: 1069K(1216K)->1069K(1216K)
[23.150s][info ][gc             ] GC(692) Pause Young (Allocation Failure) 275M->4M(667M) 0.355ms
[23.150s][info ][gc,cpu         ] GC(692) User=0.00s Sys=0.00s Real=0.00s
[23.175s][info ][gc,start       ] GC(693) Pause Young (Allocation Failure)
[23.175s][debug][gc,age         ] GC(693) Desired survivor size 1048576 bytes, new threshold 1 (max threshold 15)
[23.175s][info ][gc,heap        ] GC(693) PSYoungGen: 333450K(333824K)->96K(344064K) Eden: 332995K(333312K)->0K(343040K) From: 454K(512K)->96K(1024K)
[23.175s][info ][gc,heap        ] GC(693) ParOldGen: 4178K(349696K)->4178K(349696K)
[23.175s][info ][gc,metaspace   ] GC(693) Metaspace: 9579K(9856K)->9579K(9856K) NonClass: 8510K(8640K)->8510K(8640K) Class: 1069K(1216K)->1069K(1216K)
[23.175s][info ][gc             ] GC(693) Pause Young (Allocation Failure) 329M->4M(677M) 0.372ms
[23.175s][info ][gc,cpu         ] GC(693) User=0.00s Sys=0.00s Real=0.01s
[23.202s][info ][gc,start       ] GC(694) Pause Young (Allocation Failure)
[23.202s][debug][gc,age         ] GC(694) Desired survivor size 1048576 bytes, new threshold 1 (max threshold 15)
[23.202s][info ][gc,heap        ] GC(694) PSYoungGen: 342837K(344064K)->454K(348160K) Eden: 342741K(343040K)->0K(347136K) From: 96K(1024K)->454K(1024K)
[23.202s][info ][gc,heap        ] GC(694) ParOldGen: 4178K(349696K)->4178K(349696K)
[23.202s][info ][gc,metaspace   ] GC(694) Metaspace: 9579K(9856K)->9579K(9856K) NonClass: 8510K(8640K)->8510K(8640K) Class: 1069K(1216K)->1069K(1216K)
[23.202s][info ][gc             ] GC(694) Pause Young (Allocation Failure) 338M->4M(681M) 0.352ms
[23.202s][info ][gc,cpu         ] GC(694) User=0.00s Sys=0.00s Real=0.00s
[23.229s][info ][gc,start       ] GC(695) Pause Young (Allocation Failure)
[23.229s][debug][gc,age         ] GC(695) Desired survivor size 1048576 bytes, new threshold 1 (max threshold 15)
[23.229s][info ][gc,heap        ] GC(695) PSYoungGen: 347298K(348160K)->96K(335360K) Eden: 346844K(347136K)->0K(334848K) From: 454K(1024K)->96K(512K)
[23.229s][info ][gc,heap        ] GC(695) ParOldGen: 4178K(349696K)->4178K(349696K)
[23.229s][info ][gc,metaspace   ] GC(695) Metaspace: 9579K(9856K)->9579K(9856K) NonClass: 8510K(8640K)->8510K(8640K) Class: 1069K(1216K)->1069K(1216K)
[23.229s][info ][gc             ] GC(695) Pause Young (Allocation Failure) 343M->4M(669M) 0.290ms
[23.229s][info ][gc,cpu         ] GC(695) User=0.00s Sys=0.00s Real=0.00s
[23.255s][info ][gc,start       ] GC(696) Pause Young (Allocation Failure)
[23.255s][debug][gc,age         ] GC(696) Desired survivor size 1048576 bytes, new threshold 1 (max threshold 15)
[23.255s][info ][gc,heap        ] GC(696) PSYoungGen: 334890K(335360K)->486K(323584K) Eden: 334794K(334848K)->0K(323072K) From: 96K(512K)->486K(512K)
[23.255s][info ][gc,heap        ] GC(696) ParOldGen: 4178K(349696K)->4178K(349696K)
[23.255s][info ][gc,metaspace   ] GC(696) Metaspace: 9579K(9856K)->9579K(9856K) NonClass: 8510K(8640K)->8510K(8640K) Class: 1069K(1216K)->1069K(1216K)
[23.255s][info ][gc             ] GC(696) Pause Young (Allocation Failure) 331M->4M(657M) 0.345ms
[23.255s][info ][gc,cpu         ] GC(696) User=0.00s Sys=0.00s Real=0.00s
[23.279s][info ][gc,start       ] GC(697) Pause Young (Allocation Failure)
[23.279s][debug][gc,age         ] GC(697) Desired survivor size 1048576 bytes, new threshold 1 (max threshold 15)
[23.279s][info ][gc,heap        ] GC(697) PSYoungGen: 323186K(323584K)->96K(312832K) Eden: 322699K(323072K)->0K(311808K) From: 486K(512K)->96K(1024K)
[23.279s][info ][gc,heap        ] GC(697) ParOldGen: 4178K(349696K)->4178K(349696K)
[23.279s][info ][gc,metaspace   ] GC(697) Metaspace: 9579K(9856K)->9579K(9856K) NonClass: 8510K(8640K)->8510K(8640K) Class: 1069K(1216K)->1069K(1216K)
[23.279s][info ][gc             ] GC(697) Pause Young (Allocation Failure) 319M->4M(647M) 0.261ms
[23.279s][info ][gc,cpu         ] GC(697) User=0.00s Sys=0.00s Real=0.00s
[23.302s][info ][gc,start       ] GC(698) Pause Young (Allocation Failure)
[23.303s][debug][gc,age         ] GC(698) Desired survivor size 1048576 bytes, new threshold 1 (max threshold 15)
[23.303s][info ][gc,heap        ] GC(698) PSYoungGen: 311903K(312832K)->96K(301568K) Eden: 311807K(311808K)->0K(301056K) From: 96K(1024K)->96K(512K)
[23.303s][info ][gc,heap        ] GC(698) ParOldGen: 4178K(349696K)->4178K(349696K)
[23.303s][info ][gc,metaspace   ] GC(698) Metaspace: 9579K(9856K)->9579K(9856K) NonClass: 8510K(8640K)->8510K(8640K) Class: 1069K(1216K)->1069K(1216K)
[23.303s][info ][gc             ] GC(698) Pause Young (Allocation Failure) 308M->4M(636M) 0.255ms
[23.303s][info ][gc,cpu         ] GC(698) User=0.00s Sys=0.00s Real=0.00s
[23.324s][info ][gc,start       ] GC(699) Pause Young (Allocation Failure)
[23.324s][debug][gc,age         ] GC(699) Desired survivor size 1048576 bytes, new threshold 1 (max threshold 15)
[23.324s][info ][gc,heap        ] GC(699) PSYoungGen: 300858K(301568K)->96K(291840K) Eden: 300762K(301056K)->0K(290816K) From: 96K(512K)->96K(1024K)
[23.324s][info ][gc,heap        ] GC(699) ParOldGen: 4178K(349696K)->4178K(349696K)
[23.324s][info ][gc,metaspace   ] GC(699) Metaspace: 9579K(9856K)->9579K(9856K) NonClass: 8510K(8640K)->8510K(8640K) Class: 1069K(1216K)->1069K(1216K)
[23.324s][info ][gc             ] GC(699) Pause Young (Allocation Failure) 297M->4M(626M) 0.250ms
[23.324s][info ][gc,cpu         ] GC(699) User=0.00s Sys=0.00s Real=0.00s
[23.346s][info ][gc,start       ] GC(700) Pause Young (Allocation Failure)
[23.346s][debug][gc,age         ] GC(700) Desired survivor size 1048576 bytes, new threshold 1 (max threshold 15)
[23.346s][info ][gc,heap        ] GC(700) PSYoungGen: 290912K(291840K)->486K(281600K) Eden: 290816K(290816K)->0K(281088K) From: 96K(1024K)->486K(512K)
[23.346s][info ][gc,heap        ] GC(700) ParOldGen: 4178K(349696K)->4178K(349696K)
[23.346s][info ][gc,metaspace   ] GC(700) Metaspace: 9579K(9856K)->9579K(9856K) NonClass: 8510K(8640K)->8510K(8640K) Class: 1069K(1216K)->1069K(1216K)
[23.346s][info ][gc             ] GC(700) Pause Young (Allocation Failure) 288M->4M(616M) 0.299ms
[23.346s][info ][gc,cpu         ] GC(700) User=0.00s Sys=0.00s Real=0.00s
[23.367s][info ][gc,start       ] GC(701) Pause Young (Allocation Failure)
[23.367s][debug][gc,age         ] GC(701) Desired survivor size 1048576 bytes, new threshold 1 (max threshold 15)
[23.367s][info ][gc,heap        ] GC(701) PSYoungGen: 281574K(281600K)->96K(272896K) Eden: 281088K(281088K)->0K(271872K) From: 486K(512K)->96K(1024K)
[23.367s][info ][gc,heap        ] GC(701) ParOldGen: 4178K(349696K)->4178K(349696K)
[23.367s][info ][gc,metaspace   ] GC(701) Metaspace: 9579K(9856K)->9579K(9856K) NonClass: 8510K(8640K)->8510K(8640K) Class: 1069K(1216K)->1069K(1216K)
[23.367s][info ][gc             ] GC(701) Pause Young (Allocation Failure) 279M->4M(608M) 0.246ms
[23.367s][info ][gc,cpu         ] GC(701) User=0.00s Sys=0.00s Real=0.00s
[23.386s][info ][gc,start       ] GC(702) Pause Young (Allocation Failure)
[23.387s][debug][gc,age         ] GC(702) Desired survivor size 1048576 bytes, new threshold 1 (max threshold 15)
[23.387s][info ][gc,heap        ] GC(702) PSYoungGen: 271968K(272896K)->486K(263680K) Eden: 271872K(271872K)->0K(263168K) From: 96K(1024K)->486K(512K)
[23.387s][info ][gc,heap        ] GC(702) ParOldGen: 4178K(349696K)->4178K(349696K)
[23.387s][info ][gc,metaspace   ] GC(702) Metaspace: 9579K(9856K)->9579K(9856K) NonClass: 8510K(8640K)->8510K(8640K) Class: 1069K(1216K)->1069K(1216K)
[23.387s][info ][gc             ] GC(702) Pause Young (Allocation Failure) 269M->4M(599M) 0.218ms
[23.387s][info ][gc,cpu         ] GC(702) User=0.00s Sys=0.00s Real=0.00s
[23.406s][info ][gc,start       ] GC(703) Pause Young (Allocation Failure)
[23.406s][debug][gc,age         ] GC(703) Desired survivor size 1048576 bytes, new threshold 1 (max threshold 15)
[23.406s][info ][gc,heap        ] GC(703) PSYoungGen: 263288K(263680K)->96K(255488K) Eden: 262802K(263168K)->0K(254464K) From: 486K(512K)->96K(1024K)
[23.406s][info ][gc,heap        ] GC(703) ParOldGen: 4178K(349696K)->4178K(349696K)
[23.406s][info ][gc,metaspace   ] GC(703) Metaspace: 9579K(9856K)->9579K(9856K) NonClass: 8510K(8640K)->8510K(8640K) Class: 1069K(1216K)->1069K(1216K)
[23.406s][info ][gc             ] GC(703) Pause Young (Allocation Failure) 261M->4M(591M) 0.191ms
[23.406s][info ][gc,cpu         ] GC(703) User=0.00s Sys=0.00s Real=0.00s
[23.425s][info ][gc,start       ] GC(704) Pause Young (Allocation Failure)
[23.425s][debug][gc,age         ] GC(704) Desired survivor size 1048576 bytes, new threshold 1 (max threshold 15)
[23.425s][info ][gc,heap        ] GC(704) PSYoungGen: 254375K(255488K)->454K(246784K) Eden: 254279K(254464K)->0K(246272K) From: 96K(1024K)->454K(512K)
[23.425s][info ][gc,heap        ] GC(704) ParOldGen: 4178K(349696K)->4178K(349696K)
[23.425s][info ][gc,metaspace   ] GC(704) Metaspace: 9579K(9856K)->9579K(9856K) NonClass: 8510K(8640K)->8510K(8640K) Class: 1069K(1216K)->1069K(1216K)
[23.425s][info ][gc             ] GC(704) Pause Young (Allocation Failure) 252M->4M(582M) 0.243ms
[23.425s][info ][gc,cpu         ] GC(704) User=0.00s Sys=0.00s Real=0.00s
[23.443s][info ][gc,start       ] GC(705) Pause Young (Allocation Failure)
[23.444s][debug][gc,age         ] GC(705) Desired survivor size 1048576 bytes, new threshold 1 (max threshold 15)
[23.444s][info ][gc,heap        ] GC(705) PSYoungGen: 246469K(246784K)->518K(239616K) Eden: 246015K(246272K)->0K(238592K) From: 454K(512K)->518K(1024K)
[23.444s][info ][gc,heap        ] GC(705) ParOldGen: 4178K(349696K)->4178K(349696K)
[23.444s][info ][gc,metaspace   ] GC(705) Metaspace: 9579K(9856K)->9579K(9856K) NonClass: 8510K(8640K)->8510K(8640K) Class: 1069K(1216K)->1069K(1216K)
[23.444s][info ][gc             ] GC(705) Pause Young (Allocation Failure) 244M->4M(575M) 0.297ms
[23.444s][info ][gc,cpu         ] GC(705) User=0.00s Sys=0.00s Real=0.00s
[23.461s][info ][gc,start       ] GC(706) Pause Young (Allocation Failure)
[23.461s][debug][gc,age         ] GC(706) Desired survivor size 1048576 bytes, new threshold 1 (max threshold 15)
[23.461s][info ][gc,heap        ] GC(706) PSYoungGen: 239019K(239616K)->454K(231424K) Eden: 238500K(238592K)->0K(230912K) From: 518K(1024K)->454K(512K)
[23.461s][info ][gc,heap        ] GC(706) ParOldGen: 4178K(349696K)->4178K(349696K)
[23.461s][info ][gc,metaspace   ] GC(706) Metaspace: 9579K(9856K)->9579K(9856K) NonClass: 8510K(8640K)->8510K(8640K) Class: 1069K(1216K)->1069K(1216K)
[23.461s][info ][gc             ] GC(706) Pause Young (Allocation Failure) 237M->4M(567M) 0.282ms
[23.461s][info ][gc,cpu         ] GC(706) User=0.00s Sys=0.00s Real=0.00s
[23.478s][info ][gc,start       ] GC(707) Pause Young (Allocation Failure)
[23.479s][debug][gc,age         ] GC(707) Desired survivor size 1048576 bytes, new threshold 1 (max threshold 15)
[23.479s][info ][gc,heap        ] GC(707) PSYoungGen: 231239K(231424K)->96K(278528K) Eden: 230784K(230912K)->0K(277504K) From: 454K(512K)->96K(1024K)
[23.479s][info ][gc,heap        ] GC(707) ParOldGen: 4178K(349696K)->4178K(349696K)
[23.479s][info ][gc,metaspace   ] GC(707) Metaspace: 9579K(9856K)->9579K(9856K) NonClass: 8510K(8640K)->8510K(8640K) Class: 1069K(1216K)->1069K(1216K)
[23.479s][info ][gc             ] GC(707) Pause Young (Allocation Failure) 229M->4M(613M) 0.302ms
[23.479s][info ][gc,cpu         ] GC(707) User=0.00s Sys=0.00s Real=0.00s
[23.499s][info ][gc,start       ] GC(708) Pause Young (Allocation Failure)
[23.499s][debug][gc,age         ] GC(708) Desired survivor size 1048576 bytes, new threshold 1 (max threshold 15)
[23.499s][info ][gc,heap        ] GC(708) PSYoungGen: 277600K(278528K)->454K(333824K) Eden: 277504K(277504K)->0K(333312K) From: 96K(1024K)->454K(512K)
[23.499s][info ][gc,heap        ] GC(708) ParOldGen: 4178K(349696K)->4178K(349696K)
[23.499s][info ][gc,metaspace   ] GC(708) Metaspace: 9579K(9856K)->9579K(9856K) NonClass: 8510K(8640K)->8510K(8640K) Class: 1069K(1216K)->1069K(1216K)
[23.499s][info ][gc             ] GC(708) Pause Young (Allocation Failure) 275M->4M(667M) 0.358ms
[23.499s][info ][gc,cpu         ] GC(708) User=0.00s Sys=0.00s Real=0.00s
[23.524s][info ][gc,start       ] GC(709) Pause Young (Allocation Failure)
[23.524s][debug][gc,age         ] GC(709) Desired survivor size 1048576 bytes, new threshold 1 (max threshold 15)
[23.524s][info ][gc,heap        ] GC(709) PSYoungGen: 333712K(333824K)->96K(322560K) Eden: 333258K(333312K)->0K(321536K) From: 454K(512K)->96K(1024K)
[23.524s][info ][gc,heap        ] GC(709) ParOldGen: 4178K(349696K)->4178K(349696K)
[23.524s][info ][gc,metaspace   ] GC(709) Metaspace: 9579K(9856K)->9579K(9856K) NonClass: 8510K(8640K)->8510K(8640K) Class: 1069K(1216K)->1069K(1216K)
[23.524s][info ][gc             ] GC(709) Pause Young (Allocation Failure) 329M->4M(656M) 0.244ms
[23.524s][info ][gc,cpu         ] GC(709) User=0.00s Sys=0.00s Real=0.00s
[23.548s][info ][gc,start       ] GC(710) Pause Young (Allocation Failure)
[23.549s][debug][gc,age         ] GC(710) Desired survivor size 1048576 bytes, new threshold 1 (max threshold 15)
[23.549s][info ][gc,heap        ] GC(710) PSYoungGen: 321494K(322560K)->486K(310784K) Eden: 321398K(321536K)->0K(310272K) From: 96K(1024K)->486K(512K)
[23.549s][info ][gc,heap        ] GC(710) ParOldGen: 4178K(349696K)->4178K(349696K)
[23.549s][info ][gc,metaspace   ] GC(710) Metaspace: 9579K(9856K)->9579K(9856K) NonClass: 8510K(8640K)->8510K(8640K) Class: 1069K(1216K)->1069K(1216K)
[23.549s][info ][gc             ] GC(710) Pause Young (Allocation Failure) 318M->4M(645M) 0.290ms
[23.549s][info ][gc,cpu         ] GC(710) User=0.00s Sys=0.00s Real=0.00s
[23.571s][info ][gc,start       ] GC(711) Pause Young (Allocation Failure)
[23.571s][debug][gc,age         ] GC(711) Desired survivor size 1048576 bytes, new threshold 1 (max threshold 15)
[23.571s][info ][gc,heap        ] GC(711) PSYoungGen: 310662K(310784K)->64K(300544K) Eden: 310176K(310272K)->0K(299520K) From: 486K(512K)->64K(1024K)
[23.571s][info ][gc,heap        ] GC(711) ParOldGen: 4178K(349696K)->4178K(349696K)
[23.571s][info ][gc,metaspace   ] GC(711) Metaspace: 9579K(9856K)->9579K(9856K) NonClass: 8510K(8640K)->8510K(8640K) Class: 1069K(1216K)->1069K(1216K)
[23.571s][info ][gc             ] GC(711) Pause Young (Allocation Failure) 307M->4M(635M) 0.245ms
[23.571s][info ][gc,cpu         ] GC(711) User=0.00s Sys=0.00s Real=0.00s
[23.594s][info ][gc,start       ] GC(712) Pause Young (Allocation Failure)
[23.594s][debug][gc,age         ] GC(712) Desired survivor size 1048576 bytes, new threshold 1 (max threshold 15)
[23.594s][info ][gc,heap        ] GC(712) PSYoungGen: 299229K(300544K)->96K(289792K) Eden: 299165K(299520K)->0K(289280K) From: 64K(1024K)->96K(512K)
[23.594s][info ][gc,heap        ] GC(712) ParOldGen: 4178K(349696K)->4178K(349696K)
[23.594s][info ][gc,metaspace   ] GC(712) Metaspace: 9579K(9856K)->9579K(9856K) NonClass: 8510K(8640K)->8510K(8640K) Class: 1069K(1216K)->1069K(1216K)
[23.594s][info ][gc             ] GC(712) Pause Young (Allocation Failure) 296M->4M(624M) 0.321ms
[23.594s][info ][gc,cpu         ] GC(712) User=0.00s Sys=0.00s Real=0.00s
[23.616s][info ][gc,start       ] GC(713) Pause Young (Allocation Failure)
[23.616s][debug][gc,age         ] GC(713) Desired survivor size 1048576 bytes, new threshold 1 (max threshold 15)
[23.616s][info ][gc,heap        ] GC(713) PSYoungGen: 289047K(289792K)->96K(280576K) Eden: 288951K(289280K)->0K(279552K) From: 96K(512K)->96K(1024K)
[23.616s][info ][gc,heap        ] GC(713) ParOldGen: 4178K(349696K)->4178K(349696K)
[23.616s][info ][gc,metaspace   ] GC(713) Metaspace: 9579K(9856K)->9579K(9856K) NonClass: 8510K(8640K)->8510K(8640K) Class: 1069K(1216K)->1069K(1216K)
[23.616s][info ][gc             ] GC(713) Pause Young (Allocation Failure) 286M->4M(615M) 0.276ms
[23.616s][info ][gc,cpu         ] GC(713) User=0.00s Sys=0.00s Real=0.00s
[23.636s][info ][gc,start       ] GC(714) Pause Young (Allocation Failure)
[23.637s][debug][gc,age         ] GC(714) Desired survivor size 1048576 bytes, new threshold 1 (max threshold 15)
[23.637s][info ][gc,heap        ] GC(714) PSYoungGen: 279476K(280576K)->454K(270848K) Eden: 279380K(279552K)->0K(270336K) From: 96K(1024K)->454K(512K)
[23.637s][info ][gc,heap        ] GC(714) ParOldGen: 4178K(349696K)->4178K(349696K)
[23.637s][info ][gc,metaspace   ] GC(714) Metaspace: 9579K(9856K)->9579K(9856K) NonClass: 8510K(8640K)->8510K(8640K) Class: 1069K(1216K)->1069K(1216K)
[23.637s][info ][gc             ] GC(714) Pause Young (Allocation Failure) 277M->4M(606M) 0.269ms
[23.637s][info ][gc,cpu         ] GC(714) User=0.01s Sys=0.00s Real=0.00s
[23.657s][info ][gc,start       ] GC(715) Pause Young (Allocation Failure)
[23.657s][debug][gc,age         ] GC(715) Desired survivor size 1048576 bytes, new threshold 1 (max threshold 15)
[23.657s][info ][gc,heap        ] GC(715) PSYoungGen: 270756K(270848K)->486K(262656K) Eden: 270301K(270336K)->0K(261632K) From: 454K(512K)->486K(1024K)
[23.657s][info ][gc,heap        ] GC(715) ParOldGen: 4178K(349696K)->4178K(349696K)
[23.657s][info ][gc,metaspace   ] GC(715) Metaspace: 9579K(9856K)->9579K(9856K) NonClass: 8510K(8640K)->8510K(8640K) Class: 1069K(1216K)->1069K(1216K)
[23.657s][info ][gc             ] GC(715) Pause Young (Allocation Failure) 268M->4M(598M) 0.270ms
[23.657s][info ][gc,cpu         ] GC(715) User=0.00s Sys=0.00s Real=0.00s
[23.676s][info ][gc,start       ] GC(716) Pause Young (Allocation Failure)
[23.676s][debug][gc,age         ] GC(716) Desired survivor size 1048576 bytes, new threshold 1 (max threshold 15)
[23.676s][info ][gc,heap        ] GC(716) PSYoungGen: 261790K(262656K)->96K(253440K) Eden: 261304K(261632K)->0K(252928K) From: 486K(1024K)->96K(512K)
[23.676s][info ][gc,heap        ] GC(716) ParOldGen: 4178K(349696K)->4178K(349696K)
[23.677s][info ][gc,metaspace   ] GC(716) Metaspace: 9579K(9856K)->9579K(9856K) NonClass: 8510K(8640K)->8510K(8640K) Class: 1069K(1216K)->1069K(1216K)
[23.677s][info ][gc             ] GC(716) Pause Young (Allocation Failure) 259M->4M(589M) 0.255ms
[23.677s][info ][gc,cpu         ] GC(716) User=0.01s Sys=0.00s Real=0.00s
[23.695s][info ][gc,start       ] GC(717) Pause Young (Allocation Failure)
[23.695s][debug][gc,age         ] GC(717) Desired survivor size 1048576 bytes, new threshold 1 (max threshold 15)
[23.695s][info ][gc,heap        ] GC(717) PSYoungGen: 252788K(253440K)->454K(245760K) Eden: 252692K(252928K)->0K(244736K) From: 96K(512K)->454K(1024K)
[23.695s][info ][gc,heap        ] GC(717) ParOldGen: 4178K(349696K)->4178K(349696K)
[23.695s][info ][gc,metaspace   ] GC(717) Metaspace: 9579K(9856K)->9579K(9856K) NonClass: 8510K(8640K)->8510K(8640K) Class: 1069K(1216K)->1069K(1216K)
[23.695s][info ][gc             ] GC(717) Pause Young (Allocation Failure) 250M->4M(581M) 0.272ms
[23.695s][info ][gc,cpu         ] GC(717) User=0.00s Sys=0.00s Real=0.01s
[23.713s][info ][gc,start       ] GC(718) Pause Young (Allocation Failure)
[23.713s][debug][gc,age         ] GC(718) Desired survivor size 1048576 bytes, new threshold 1 (max threshold 15)
[23.713s][info ][gc,heap        ] GC(718) PSYoungGen: 245190K(245760K)->96K(237568K) Eden: 244736K(244736K)->0K(237056K) From: 454K(1024K)->96K(512K)
[23.713s][info ][gc,heap        ] GC(718) ParOldGen: 4178K(349696K)->4178K(349696K)
[23.713s][info ][gc,metaspace   ] GC(718) Metaspace: 9579K(9856K)->9579K(9856K) NonClass: 8510K(8640K)->8510K(8640K) Class: 1069K(1216K)->1069K(1216K)
[23.714s][info ][gc             ] GC(718) Pause Young (Allocation Failure) 243M->4M(573M) 0.359ms
[23.714s][info ][gc,cpu         ] GC(718) User=0.00s Sys=0.00s Real=0.00s
[23.731s][info ][gc,start       ] GC(719) Pause Young (Allocation Failure)
[23.731s][debug][gc,age         ] GC(719) Desired survivor size 1048576 bytes, new threshold 1 (max threshold 15)
[23.731s][info ][gc,heap        ] GC(719) PSYoungGen: 237019K(237568K)->454K(230912K) Eden: 236923K(237056K)->0K(229888K) From: 96K(512K)->454K(1024K)
[23.731s][info ][gc,heap        ] GC(719) ParOldGen: 4178K(349696K)->4178K(349696K)
[23.731s][info ][gc,metaspace   ] GC(719) Metaspace: 9579K(9856K)->9579K(9856K) NonClass: 8510K(8640K)->8510K(8640K) Class: 1069K(1216K)->1069K(1216K)
[23.731s][info ][gc             ] GC(719) Pause Young (Allocation Failure) 235M->4M(567M) 0.228ms
[23.731s][info ][gc,cpu         ] GC(719) User=0.00s Sys=0.01s Real=0.00s
[23.748s][info ][gc,start       ] GC(720) Pause Young (Allocation Failure)
[23.748s][debug][gc,age         ] GC(720) Desired survivor size 1048576 bytes, new threshold 1 (max threshold 15)
[23.748s][info ][gc,heap        ] GC(720) PSYoungGen: 230059K(230912K)->486K(223232K) Eden: 229604K(229888K)->0K(222720K) From: 454K(1024K)->486K(512K)
[23.748s][info ][gc,heap        ] GC(720) ParOldGen: 4178K(349696K)->4178K(349696K)
[23.748s][info ][gc,metaspace   ] GC(720) Metaspace: 9579K(9856K)->9579K(9856K) NonClass: 8510K(8640K)->8510K(8640K) Class: 1069K(1216K)->1069K(1216K)
[23.748s][info ][gc             ] GC(720) Pause Young (Allocation Failure) 228M->4M(559M) 0.218ms
[23.748s][info ][gc,cpu         ] GC(720) User=0.00s Sys=0.00s Real=0.00s
[23.765s][info ][gc,start       ] GC(721) Pause Young (Allocation Failure)
[23.765s][debug][gc,age         ] GC(721) Desired survivor size 1048576 bytes, new threshold 1 (max threshold 15)
[23.765s][info ][gc,heap        ] GC(721) PSYoungGen: 223206K(223232K)->486K(268288K) Eden: 222720K(222720K)->0K(267264K) From: 486K(512K)->486K(1024K)
[23.765s][info ][gc,heap        ] GC(721) ParOldGen: 4178K(349696K)->4178K(349696K)
[23.765s][info ][gc,metaspace   ] GC(721) Metaspace: 9579K(9856K)->9579K(9856K) NonClass: 8510K(8640K)->8510K(8640K) Class: 1069K(1216K)->1069K(1216K)
[23.765s][info ][gc             ] GC(721) Pause Young (Allocation Failure) 222M->4M(603M) 0.270ms
[23.765s][info ][gc,cpu         ] GC(721) User=0.00s Sys=0.00s Real=0.00s
[23.785s][info ][gc,start       ] GC(722) Pause Young (Allocation Failure)
[23.785s][debug][gc,age         ] GC(722) Desired survivor size 1048576 bytes, new threshold 1 (max threshold 15)
[23.785s][info ][gc,heap        ] GC(722) PSYoungGen: 267617K(268288K)->96K(259072K) Eden: 267131K(267264K)->0K(258560K) From: 486K(1024K)->96K(512K)
[23.785s][info ][gc,heap        ] GC(722) ParOldGen: 4178K(349696K)->4178K(349696K)
[23.785s][info ][gc,metaspace   ] GC(722) Metaspace: 9579K(9856K)->9579K(9856K) NonClass: 8510K(8640K)->8510K(8640K) Class: 1069K(1216K)->1069K(1216K)
[23.785s][info ][gc             ] GC(722) Pause Young (Allocation Failure) 265M->4M(594M) 0.269ms
[23.785s][info ][gc,cpu         ] GC(722) User=0.00s Sys=0.00s Real=0.00s
[23.804s][info ][gc,start       ] GC(723) Pause Young (Allocation Failure)
[23.804s][debug][gc,age         ] GC(723) Desired survivor size 1048576 bytes, new threshold 1 (max threshold 15)
[23.804s][info ][gc,heap        ] GC(723) PSYoungGen: 258656K(259072K)->486K(311296K) Eden: 258560K(258560K)->0K(310272K) From: 96K(512K)->486K(1024K)
[23.804s][info ][gc,heap        ] GC(723) ParOldGen: 4178K(349696K)->4178K(349696K)
[23.804s][info ][gc,metaspace   ] GC(723) Metaspace: 9579K(9856K)->9579K(9856K) NonClass: 8510K(8640K)->8510K(8640K) Class: 1069K(1216K)->1069K(1216K)
[23.804s][info ][gc             ] GC(723) Pause Young (Allocation Failure) 256M->4M(645M) 0.263ms
[23.804s][info ][gc,cpu         ] GC(723) User=0.00s Sys=0.00s Real=0.00s
[23.826s][info ][gc,start       ] GC(724) Pause Young (Allocation Failure)
[23.826s][debug][gc,age         ] GC(724) Desired survivor size 1048576 bytes, new threshold 1 (max threshold 15)
[23.826s][info ][gc,heap        ] GC(724) PSYoungGen: 310758K(311296K)->486K(300032K) Eden: 310272K(310272K)->0K(299520K) From: 486K(1024K)->486K(512K)
[23.826s][info ][gc,heap        ] GC(724) ParOldGen: 4178K(349696K)->4178K(349696K)
[23.826s][info ][gc,metaspace   ] GC(724) Metaspace: 9579K(9856K)->9579K(9856K) NonClass: 8510K(8640K)->8510K(8640K) Class: 1069K(1216K)->1069K(1216K)
[23.826s][info ][gc             ] GC(724) Pause Young (Allocation Failure) 307M->4M(634M) 0.251ms
[23.826s][info ][gc,cpu         ] GC(724) User=0.00s Sys=0.00s Real=0.00s
[23.848s][info ][gc,start       ] GC(725) Pause Young (Allocation Failure)
[23.848s][debug][gc,age         ] GC(725) Desired survivor size 1048576 bytes, new threshold 1 (max threshold 15)
[23.848s][info ][gc,heap        ] GC(725) PSYoungGen: 300006K(300032K)->96K(290304K) Eden: 299520K(299520K)->0K(289280K) From: 486K(512K)->96K(1024K)
[23.848s][info ][gc,heap        ] GC(725) ParOldGen: 4178K(349696K)->4178K(349696K)
[23.848s][info ][gc,metaspace   ] GC(725) Metaspace: 9579K(9856K)->9579K(9856K) NonClass: 8510K(8640K)->8510K(8640K) Class: 1069K(1216K)->1069K(1216K)
[23.848s][info ][gc             ] GC(725) Pause Young (Allocation Failure) 297M->4M(625M) 0.286ms
[23.848s][info ][gc,cpu         ] GC(725) User=0.00s Sys=0.00s Real=0.00s
[23.869s][info ][gc,start       ] GC(726) Pause Young (Allocation Failure)
[23.869s][debug][gc,age         ] GC(726) Desired survivor size 1048576 bytes, new threshold 1 (max threshold 15)
[23.869s][info ][gc,heap        ] GC(726) PSYoungGen: 289214K(290304K)->486K(280064K) Eden: 289118K(289280K)->0K(279552K) From: 96K(1024K)->486K(512K)
[23.869s][info ][gc,heap        ] GC(726) ParOldGen: 4178K(349696K)->4178K(349696K)
[23.869s][info ][gc,metaspace   ] GC(726) Metaspace: 9579K(9856K)->9579K(9856K) NonClass: 8510K(8640K)->8510K(8640K) Class: 1069K(1216K)->1069K(1216K)
[23.869s][info ][gc             ] GC(726) Pause Young (Allocation Failure) 286M->4M(615M) 0.243ms
[23.869s][info ][gc,cpu         ] GC(726) User=0.01s Sys=0.00s Real=0.00s
[23.890s][info ][gc,start       ] GC(727) Pause Young (Allocation Failure)
[23.890s][debug][gc,age         ] GC(727) Desired survivor size 1048576 bytes, new threshold 1 (max threshold 15)
[23.890s][info ][gc,heap        ] GC(727) PSYoungGen: 280038K(280064K)->96K(271360K) Eden: 279552K(279552K)->0K(270336K) From: 486K(512K)->96K(1024K)
[23.890s][info ][gc,heap        ] GC(727) ParOldGen: 4178K(349696K)->4178K(349696K)
[23.890s][info ][gc,metaspace   ] GC(727) Metaspace: 9579K(9856K)->9579K(9856K) NonClass: 8510K(8640K)->8510K(8640K) Class: 1069K(1216K)->1069K(1216K)
[23.890s][info ][gc             ] GC(727) Pause Young (Allocation Failure) 277M->4M(606M) 0.234ms
[23.890s][info ][gc,cpu         ] GC(727) User=0.00s Sys=0.00s Real=0.00s
[23.910s][info ][gc,start       ] GC(728) Pause Young (Allocation Failure)
[23.910s][debug][gc,age         ] GC(728) Desired survivor size 1048576 bytes, new threshold 1 (max threshold 15)
[23.910s][info ][gc,heap        ] GC(728) PSYoungGen: 270432K(271360K)->454K(262144K) Eden: 270336K(270336K)->0K(261632K) From: 96K(1024K)->454K(512K)
[23.910s][info ][gc,heap        ] GC(728) ParOldGen: 4178K(349696K)->4178K(349696K)
[23.910s][info ][gc,metaspace   ] GC(728) Metaspace: 9579K(9856K)->9579K(9856K) NonClass: 8510K(8640K)->8510K(8640K) Class: 1069K(1216K)->1069K(1216K)
[23.910s][info ][gc             ] GC(728) Pause Young (Allocation Failure) 268M->4M(597M) 0.235ms
[23.910s][info ][gc,cpu         ] GC(728) User=0.00s Sys=0.00s Real=0.00s
[23.929s][info ][gc,start       ] GC(729) Pause Young (Allocation Failure)
[23.929s][debug][gc,age         ] GC(729) Desired survivor size 1048576 bytes, new threshold 1 (max threshold 15)
[23.929s][info ][gc,heap        ] GC(729) PSYoungGen: 261750K(262144K)->96K(253952K) Eden: 261295K(261632K)->0K(252928K) From: 454K(512K)->96K(1024K)
[23.929s][info ][gc,heap        ] GC(729) ParOldGen: 4178K(349696K)->4178K(349696K)
[23.929s][info ][gc,metaspace   ] GC(729) Metaspace: 9579K(9856K)->9579K(9856K) NonClass: 8510K(8640K)->8510K(8640K) Class: 1069K(1216K)->1069K(1216K)
[23.929s][info ][gc             ] GC(729) Pause Young (Allocation Failure) 259M->4M(589M) 0.248ms
[23.929s][info ][gc,cpu         ] GC(729) User=0.00s Sys=0.00s Real=0.00s
[23.948s][info ][gc,start       ] GC(730) Pause Young (Allocation Failure)
[23.948s][debug][gc,age         ] GC(730) Desired survivor size 1048576 bytes, new threshold 1 (max threshold 15)
[23.948s][info ][gc,heap        ] GC(730) PSYoungGen: 252678K(253952K)->96K(245248K) Eden: 252582K(252928K)->0K(244736K) From: 96K(1024K)->96K(512K)
[23.948s][info ][gc,heap        ] GC(730) ParOldGen: 4178K(349696K)->4178K(349696K)
[23.948s][info ][gc,metaspace   ] GC(730) Metaspace: 9579K(9856K)->9579K(9856K) NonClass: 8510K(8640K)->8510K(8640K) Class: 1069K(1216K)->1069K(1216K)
[23.948s][info ][gc             ] GC(730) Pause Young (Allocation Failure) 250M->4M(581M) 0.266ms
[23.948s][info ][gc,cpu         ] GC(730) User=0.00s Sys=0.00s Real=0.00s
[23.966s][info ][gc,start       ] GC(731) Pause Young (Allocation Failure)
[23.966s][debug][gc,age         ] GC(731) Desired survivor size 1048576 bytes, new threshold 1 (max threshold 15)
[23.966s][info ][gc,heap        ] GC(731) PSYoungGen: 244475K(245248K)->96K(238080K) Eden: 244379K(244736K)->0K(237056K) From: 96K(512K)->96K(1024K)
[23.966s][info ][gc,heap        ] GC(731) ParOldGen: 4178K(349696K)->4178K(349696K)
[23.966s][info ][gc,metaspace   ] GC(731) Metaspace: 9579K(9856K)->9579K(9856K) NonClass: 8510K(8640K)->8510K(8640K) Class: 1069K(1216K)->1069K(1216K)
[23.967s][info ][gc             ] GC(731) Pause Young (Allocation Failure) 242M->4M(574M) 0.267ms
[23.967s][info ][gc,cpu         ] GC(731) User=0.00s Sys=0.00s Real=0.00s
[23.984s][info ][gc,start       ] GC(732) Pause Young (Allocation Failure)
[23.984s][debug][gc,age         ] GC(732) Desired survivor size 1048576 bytes, new threshold 1 (max threshold 15)
[23.985s][info ][gc,heap        ] GC(732) PSYoungGen: 237152K(238080K)->454K(230400K) Eden: 237056K(237056K)->0K(229888K) From: 96K(1024K)->454K(512K)
[23.985s][info ][gc,heap        ] GC(732) ParOldGen: 4178K(349696K)->4178K(349696K)
[23.985s][info ][gc,metaspace   ] GC(732) Metaspace: 9579K(9856K)->9579K(9856K) NonClass: 8510K(8640K)->8510K(8640K) Class: 1069K(1216K)->1069K(1216K)
[23.985s][info ][gc             ] GC(732) Pause Young (Allocation Failure) 235M->4M(566M) 0.283ms
[23.985s][info ][gc,cpu         ] GC(732) User=0.00s Sys=0.00s Real=0.00s
[24.001s][info ][gc,start       ] GC(733) Pause Young (Allocation Failure)
[24.001s][debug][gc,age         ] GC(733) Desired survivor size 1048576 bytes, new threshold 1 (max threshold 15)
[24.002s][info ][gc,heap        ] GC(733) PSYoungGen: 229990K(230400K)->454K(276992K) Eden: 229535K(229888K)->0K(275968K) From: 454K(512K)->454K(1024K)
[24.002s][info ][gc,heap        ] GC(733) ParOldGen: 4178K(349696K)->4178K(349696K)
[24.002s][info ][gc,metaspace   ] GC(733) Metaspace: 9579K(9856K)->9579K(9856K) NonClass: 8510K(8640K)->8510K(8640K) Class: 1069K(1216K)->1069K(1216K)
[24.002s][info ][gc             ] GC(733) Pause Young (Allocation Failure) 228M->4M(612M) 0.261ms
[24.002s][info ][gc,cpu         ] GC(733) User=0.00s Sys=0.00s Real=0.00s
[24.022s][info ][gc,start       ] GC(734) Pause Young (Allocation Failure)
[24.022s][debug][gc,age         ] GC(734) Desired survivor size 1048576 bytes, new threshold 1 (max threshold 15)
[24.022s][info ][gc,heap        ] GC(734) PSYoungGen: 276140K(276992K)->486K(267264K) Eden: 275686K(275968K)->0K(266752K) From: 454K(1024K)->486K(512K)
[24.022s][info ][gc,heap        ] GC(734) ParOldGen: 4178K(349696K)->4178K(349696K)
[24.022s][info ][gc,metaspace   ] GC(734) Metaspace: 9579K(9856K)->9579K(9856K) NonClass: 8510K(8640K)->8510K(8640K) Class: 1069K(1216K)->1069K(1216K)
[24.022s][info ][gc             ] GC(734) Pause Young (Allocation Failure) 273M->4M(602M) 0.285ms
[24.022s][info ][gc,cpu         ] GC(734) User=0.00s Sys=0.00s Real=0.00s
[24.042s][info ][gc,start       ] GC(735) Pause Young (Allocation Failure)
[24.042s][debug][gc,age         ] GC(735) Desired survivor size 1048576 bytes, new threshold 1 (max threshold 15)
[24.042s][info ][gc,heap        ] GC(735) PSYoungGen: 267238K(267264K)->96K(259072K) Eden: 266752K(266752K)->0K(258048K) From: 486K(512K)->96K(1024K)
[24.042s][info ][gc,heap        ] GC(735) ParOldGen: 4178K(349696K)->4178K(349696K)
[24.042s][info ][gc,metaspace   ] GC(735) Metaspace: 9579K(9856K)->9579K(9856K) NonClass: 8510K(8640K)->8510K(8640K) Class: 1069K(1216K)->1069K(1216K)
[24.042s][info ][gc             ] GC(735) Pause Young (Allocation Failure) 265M->4M(594M) 0.245ms
[24.042s][info ][gc,cpu         ] GC(735) User=0.00s Sys=0.00s Real=0.00s
[24.061s][info ][gc,start       ] GC(736) Pause Young (Allocation Failure)
[24.061s][debug][gc,age         ] GC(736) Desired survivor size 1048576 bytes, new threshold 1 (max threshold 15)
[24.061s][info ][gc,heap        ] GC(736) PSYoungGen: 258144K(259072K)->422K(250368K) Eden: 258048K(258048K)->0K(249856K) From: 96K(1024K)->422K(512K)
[24.061s][info ][gc,heap        ] GC(736) ParOldGen: 4178K(349696K)->4178K(349696K)
[24.061s][info ][gc,metaspace   ] GC(736) Metaspace: 9579K(9856K)->9579K(9856K) NonClass: 8510K(8640K)->8510K(8640K) Class: 1069K(1216K)->1069K(1216K)
[24.061s][info ][gc             ] GC(736) Pause Young (Allocation Failure) 256M->4M(586M) 0.267ms
[24.061s][info ][gc,cpu         ] GC(736) User=0.00s Sys=0.00s Real=0.00s
[24.079s][info ][gc,start       ] GC(737) Pause Young (Allocation Failure)
[24.079s][debug][gc,age         ] GC(737) Desired survivor size 1048576 bytes, new threshold 1 (max threshold 15)
[24.079s][info ][gc,heap        ] GC(737) PSYoungGen: 250278K(250368K)->454K(301056K) Eden: 249856K(249856K)->0K(300032K) From: 422K(512K)->454K(1024K)
[24.079s][info ][gc,heap        ] GC(737) ParOldGen: 4178K(349696K)->4178K(349696K)
[24.079s][info ][gc,metaspace   ] GC(737) Metaspace: 9579K(9856K)->9579K(9856K) NonClass: 8510K(8640K)->8510K(8640K) Class: 1069K(1216K)->1069K(1216K)
[24.079s][info ][gc             ] GC(737) Pause Young (Allocation Failure) 248M->4M(635M) 0.261ms
[24.079s][info ][gc,cpu         ] GC(737) User=0.00s Sys=0.00s Real=0.00s
[24.102s][info ][gc,start       ] GC(738) Pause Young (Allocation Failure)
[24.102s][debug][gc,age         ] GC(738) Desired survivor size 1048576 bytes, new threshold 1 (max threshold 15)
[24.102s][info ][gc,heap        ] GC(738) PSYoungGen: 300486K(301056K)->486K(290304K) Eden: 300032K(300032K)->0K(289792K) From: 454K(1024K)->486K(512K)
[24.102s][info ][gc,heap        ] GC(738) ParOldGen: 4178K(349696K)->4178K(349696K)
[24.102s][info ][gc,metaspace   ] GC(738) Metaspace: 9579K(9856K)->9579K(9856K) NonClass: 8510K(8640K)->8510K(8640K) Class: 1069K(1216K)->1069K(1216K)
[24.102s][info ][gc             ] GC(738) Pause Young (Allocation Failure) 297M->4M(625M) 0.288ms
[24.102s][info ][gc,cpu         ] GC(738) User=0.00s Sys=0.00s Real=0.00s
[24.123s][info ][gc,start       ] GC(739) Pause Young (Allocation Failure)
[24.123s][debug][gc,age         ] GC(739) Desired survivor size 1048576 bytes, new threshold 1 (max threshold 15)
[24.123s][info ][gc,heap        ] GC(739) PSYoungGen: 289958K(290304K)->454K(281088K) Eden: 289471K(289792K)->0K(280064K) From: 486K(512K)->454K(1024K)
[24.123s][info ][gc,heap        ] GC(739) ParOldGen: 4178K(349696K)->4178K(349696K)
[24.123s][info ][gc,metaspace   ] GC(739) Metaspace: 9579K(9856K)->9579K(9856K) NonClass: 8510K(8640K)->8510K(8640K) Class: 1069K(1216K)->1069K(1216K)
[24.123s][info ][gc             ] GC(739) Pause Young (Allocation Failure) 287M->4M(616M) 0.272ms
[24.123s][info ][gc,cpu         ] GC(739) User=0.00s Sys=0.00s Real=0.00s
[24.144s][info ][gc,start       ] GC(740) Pause Young (Allocation Failure)
[24.144s][debug][gc,age         ] GC(740) Desired survivor size 1048576 bytes, new threshold 1 (max threshold 15)
[24.144s][info ][gc,heap        ] GC(740) PSYoungGen: 280518K(281088K)->96K(271360K) Eden: 280064K(280064K)->0K(270848K) From: 454K(1024K)->96K(512K)
[24.144s][info ][gc,heap        ] GC(740) ParOldGen: 4178K(349696K)->4178K(349696K)
[24.144s][info ][gc,metaspace   ] GC(740) Metaspace: 9579K(9856K)->9579K(9856K) NonClass: 8510K(8640K)->8510K(8640K) Class: 1069K(1216K)->1069K(1216K)
[24.144s][info ][gc             ] GC(740) Pause Young (Allocation Failure) 278M->4M(606M) 0.229ms
[24.144s][info ][gc,cpu         ] GC(740) User=0.00s Sys=0.00s Real=0.00s
[24.164s][info ][gc,start       ] GC(741) Pause Young (Allocation Failure)
[24.164s][debug][gc,age         ] GC(741) Desired survivor size 1048576 bytes, new threshold 1 (max threshold 15)
[24.164s][info ][gc,heap        ] GC(741) PSYoungGen: 270819K(271360K)->486K(263168K) Eden: 270723K(270848K)->0K(262144K) From: 96K(512K)->486K(1024K)
[24.164s][info ][gc,heap        ] GC(741) ParOldGen: 4178K(349696K)->4178K(349696K)
[24.164s][info ][gc,metaspace   ] GC(741) Metaspace: 9579K(9856K)->9579K(9856K) NonClass: 8510K(8640K)->8510K(8640K) Class: 1069K(1216K)->1069K(1216K)
[24.164s][info ][gc             ] GC(741) Pause Young (Allocation Failure) 268M->4M(598M) 0.196ms
[24.164s][info ][gc,cpu         ] GC(741) User=0.00s Sys=0.00s Real=0.00s
[24.183s][info ][gc,start       ] GC(742) Pause Young (Allocation Failure)
[24.183s][debug][gc,age         ] GC(742) Desired survivor size 1048576 bytes, new threshold 1 (max threshold 15)
[24.183s][info ][gc,heap        ] GC(742) PSYoungGen: 262630K(263168K)->96K(253952K) Eden: 262144K(262144K)->0K(253440K) From: 486K(1024K)->96K(512K)
[24.183s][info ][gc,heap        ] GC(742) ParOldGen: 4178K(349696K)->4178K(349696K)
[24.183s][info ][gc,metaspace   ] GC(742) Metaspace: 9579K(9856K)->9579K(9856K) NonClass: 8510K(8640K)->8510K(8640K) Class: 1069K(1216K)->1069K(1216K)
[24.183s][info ][gc             ] GC(742) Pause Young (Allocation Failure) 260M->4M(589M) 0.292ms
[24.183s][info ][gc,cpu         ] GC(742) User=0.00s Sys=0.00s Real=0.00s
[24.202s][info ][gc,start       ] GC(743) Pause Young (Allocation Failure)
[24.202s][debug][gc,age         ] GC(743) Desired survivor size 1048576 bytes, new threshold 1 (max threshold 15)
[24.202s][info ][gc,heap        ] GC(743) PSYoungGen: 253281K(253952K)->96K(246272K) Eden: 253185K(253440K)->0K(245248K) From: 96K(512K)->96K(1024K)
[24.202s][info ][gc,heap        ] GC(743) ParOldGen: 4178K(349696K)->4178K(349696K)
[24.202s][info ][gc,metaspace   ] GC(743) Metaspace: 9579K(9856K)->9579K(9856K) NonClass: 8510K(8640K)->8510K(8640K) Class: 1069K(1216K)->1069K(1216K)
[24.202s][info ][gc             ] GC(743) Pause Young (Allocation Failure) 251M->4M(582M) 0.211ms
[24.202s][info ][gc,cpu         ] GC(743) User=0.00s Sys=0.00s Real=0.00s
[24.220s][info ][gc,start       ] GC(744) Pause Young (Allocation Failure)
[24.221s][debug][gc,age         ] GC(744) Desired survivor size 1048576 bytes, new threshold 1 (max threshold 15)
[24.221s][info ][gc,heap        ] GC(744) PSYoungGen: 245105K(246272K)->454K(238080K) Eden: 245009K(245248K)->0K(237568K) From: 96K(1024K)->454K(512K)
[24.221s][info ][gc,heap        ] GC(744) ParOldGen: 4178K(349696K)->4178K(349696K)
[24.221s][info ][gc,metaspace   ] GC(744) Metaspace: 9579K(9856K)->9579K(9856K) NonClass: 8510K(8640K)->8510K(8640K) Class: 1069K(1216K)->1069K(1216K)
[24.221s][info ][gc             ] GC(744) Pause Young (Allocation Failure) 243M->4M(574M) 0.287ms
[24.221s][info ][gc,cpu         ] GC(744) User=0.00s Sys=0.00s Real=0.00s
[24.238s][info ][gc,start       ] GC(745) Pause Young (Allocation Failure)
[24.239s][debug][gc,age         ] GC(745) Desired survivor size 1048576 bytes, new threshold 1 (max threshold 15)
[24.239s][info ][gc,heap        ] GC(745) PSYoungGen: 237895K(238080K)->486K(231424K) Eden: 237440K(237568K)->0K(230400K) From: 454K(512K)->486K(1024K)
[24.239s][info ][gc,heap        ] GC(745) ParOldGen: 4178K(349696K)->4178K(349696K)
[24.239s][info ][gc,metaspace   ] GC(745) Metaspace: 9579K(9856K)->9579K(9856K) NonClass: 8510K(8640K)->8510K(8640K) Class: 1069K(1216K)->1069K(1216K)
[24.239s][info ][gc             ] GC(745) Pause Young (Allocation Failure) 236M->4M(567M) 0.253ms
[24.239s][info ][gc,cpu         ] GC(745) User=0.00s Sys=0.00s Real=0.00s
[24.255s][info ][gc,start       ] GC(746) Pause Young (Allocation Failure)
[24.255s][debug][gc,age         ] GC(746) Desired survivor size 1048576 bytes, new threshold 1 (max threshold 15)
[24.256s][info ][gc,heap        ] GC(746) PSYoungGen: 230886K(231424K)->486K(276992K) Eden: 230400K(230400K)->0K(276480K) From: 486K(1024K)->486K(512K)
[24.256s][info ][gc,heap        ] GC(746) ParOldGen: 4178K(349696K)->4178K(349696K)
[24.256s][info ][gc,metaspace   ] GC(746) Metaspace: 9579K(9856K)->9579K(9856K) NonClass: 8510K(8640K)->8510K(8640K) Class: 1069K(1216K)->1069K(1216K)
[24.256s][info ][gc             ] GC(746) Pause Young (Allocation Failure) 229M->4M(612M) 0.271ms
[24.256s][info ][gc,cpu         ] GC(746) User=0.00s Sys=0.00s Real=0.01s
[24.276s][info ][gc,start       ] GC(747) Pause Young (Allocation Failure)
[24.276s][debug][gc,age         ] GC(747) Desired survivor size 1048576 bytes, new threshold 1 (max threshold 15)
[24.276s][info ][gc,heap        ] GC(747) PSYoungGen: 276966K(276992K)->454K(332800K) Eden: 276480K(276480K)->0K(331776K) From: 486K(512K)->454K(1024K)
[24.276s][info ][gc,heap        ] GC(747) ParOldGen: 4178K(349696K)->4178K(349696K)
[24.276s][info ][gc,metaspace   ] GC(747) Metaspace: 9579K(9856K)->9579K(9856K) NonClass: 8510K(8640K)->8510K(8640K) Class: 1069K(1216K)->1069K(1216K)
[24.276s][info ][gc             ] GC(747) Pause Young (Allocation Failure) 274M->4M(666M) 0.277ms
[24.276s][info ][gc,cpu         ] GC(747) User=0.00s Sys=0.00s Real=0.00s
[24.300s][info ][gc,start       ] GC(748) Pause Young (Allocation Failure)
[24.300s][debug][gc,age         ] GC(748) Desired survivor size 1048576 bytes, new threshold 1 (max threshold 15)
[24.301s][info ][gc,heap        ] GC(748) PSYoungGen: 332145K(332800K)->96K(320512K) Eden: 331691K(331776K)->0K(320000K) From: 454K(1024K)->96K(512K)
[24.301s][info ][gc,heap        ] GC(748) ParOldGen: 4178K(349696K)->4178K(349696K)
[24.301s][info ][gc,metaspace   ] GC(748) Metaspace: 9579K(9856K)->9579K(9856K) NonClass: 8510K(8640K)->8510K(8640K) Class: 1069K(1216K)->1069K(1216K)
[24.301s][info ][gc             ] GC(748) Pause Young (Allocation Failure) 328M->4M(654M) 0.472ms
[24.301s][info ][gc,cpu         ] GC(748) User=0.00s Sys=0.00s Real=0.00s
[24.324s][info ][gc,start       ] GC(749) Pause Young (Allocation Failure)
[24.324s][debug][gc,age         ] GC(749) Desired survivor size 1048576 bytes, new threshold 1 (max threshold 15)
[24.324s][info ][gc,heap        ] GC(749) PSYoungGen: 320096K(320512K)->486K(309760K) Eden: 320000K(320000K)->0K(308736K) From: 96K(512K)->486K(1024K)
[24.324s][info ][gc,heap        ] GC(749) ParOldGen: 4178K(349696K)->4178K(349696K)
[24.324s][info ][gc,metaspace   ] GC(749) Metaspace: 9579K(9856K)->9579K(9856K) NonClass: 8510K(8640K)->8510K(8640K) Class: 1069K(1216K)->1069K(1216K)
[24.324s][info ][gc             ] GC(749) Pause Young (Allocation Failure) 316M->4M(644M) 0.298ms
[24.324s][info ][gc,cpu         ] GC(749) User=0.00s Sys=0.00s Real=0.00s
[24.347s][info ][gc,start       ] GC(750) Pause Young (Allocation Failure)
[24.347s][debug][gc,age         ] GC(750) Desired survivor size 1048576 bytes, new threshold 1 (max threshold 15)
[24.347s][info ][gc,heap        ] GC(750) PSYoungGen: 309222K(309760K)->96K(298496K) Eden: 308736K(308736K)->0K(297984K) From: 486K(1024K)->96K(512K)
[24.347s][info ][gc,heap        ] GC(750) ParOldGen: 4178K(349696K)->4178K(349696K)
[24.347s][info ][gc,metaspace   ] GC(750) Metaspace: 9579K(9856K)->9579K(9856K) NonClass: 8510K(8640K)->8510K(8640K) Class: 1069K(1216K)->1069K(1216K)
[24.347s][info ][gc             ] GC(750) Pause Young (Allocation Failure) 306M->4M(633M) 0.312ms
[24.347s][info ][gc,cpu         ] GC(750) User=0.00s Sys=0.00s Real=0.00s
[24.369s][info ][gc,start       ] GC(751) Pause Young (Allocation Failure)
[24.369s][debug][gc,age         ] GC(751) Desired survivor size 1048576 bytes, new threshold 1 (max threshold 15)
[24.369s][info ][gc,heap        ] GC(751) PSYoungGen: 297889K(298496K)->96K(288768K) Eden: 297793K(297984K)->0K(287744K) From: 96K(512K)->96K(1024K)
[24.369s][info ][gc,heap        ] GC(751) ParOldGen: 4178K(349696K)->4178K(349696K)
[24.369s][info ][gc,metaspace   ] GC(751) Metaspace: 9579K(9856K)->9579K(9856K) NonClass: 8510K(8640K)->8510K(8640K) Class: 1069K(1216K)->1069K(1216K)
[24.369s][info ][gc             ] GC(751) Pause Young (Allocation Failure) 294M->4M(623M) 0.252ms
[24.369s][info ][gc,cpu         ] GC(751) User=0.00s Sys=0.00s Real=0.00s
[24.390s][info ][gc,start       ] GC(752) Pause Young (Allocation Failure)
[24.390s][debug][gc,age         ] GC(752) Desired survivor size 1048576 bytes, new threshold 1 (max threshold 15)
[24.390s][info ][gc,heap        ] GC(752) PSYoungGen: 287545K(288768K)->96K(278528K) Eden: 287449K(287744K)->0K(278016K) From: 96K(1024K)->96K(512K)
[24.390s][info ][gc,heap        ] GC(752) ParOldGen: 4178K(349696K)->4178K(349696K)
[24.390s][info ][gc,metaspace   ] GC(752) Metaspace: 9579K(9856K)->9579K(9856K) NonClass: 8510K(8640K)->8510K(8640K) Class: 1069K(1216K)->1069K(1216K)
[24.390s][info ][gc             ] GC(752) Pause Young (Allocation Failure) 284M->4M(613M) 0.246ms
[24.390s][info ][gc,cpu         ] GC(752) User=0.00s Sys=0.00s Real=0.00s
[24.411s][info ][gc,start       ] GC(753) Pause Young (Allocation Failure)
[24.411s][debug][gc,age         ] GC(753) Desired survivor size 1048576 bytes, new threshold 1 (max threshold 15)
[24.411s][info ][gc,heap        ] GC(753) PSYoungGen: 277805K(278528K)->486K(269824K) Eden: 277709K(278016K)->0K(268800K) From: 96K(512K)->486K(1024K)
[24.411s][info ][gc,heap        ] GC(753) ParOldGen: 4178K(349696K)->4178K(349696K)
[24.411s][info ][gc,metaspace   ] GC(753) Metaspace: 9579K(9856K)->9579K(9856K) NonClass: 8510K(8640K)->8510K(8640K) Class: 1069K(1216K)->1069K(1216K)
[24.411s][info ][gc             ] GC(753) Pause Young (Allocation Failure) 275M->4M(605M) 0.246ms
[24.411s][info ][gc,cpu         ] GC(753) User=0.00s Sys=0.00s Real=0.00s
[24.431s][info ][gc,start       ] GC(754) Pause Young (Allocation Failure)
[24.431s][debug][gc,age         ] GC(754) Desired survivor size 1048576 bytes, new threshold 1 (max threshold 15)
[24.431s][info ][gc,heap        ] GC(754) PSYoungGen: 268910K(269824K)->96K(260608K) Eden: 268423K(268800K)->0K(260096K) From: 486K(1024K)->96K(512K)
[24.431s][info ][gc,heap        ] GC(754) ParOldGen: 4178K(349696K)->4178K(349696K)
[24.431s][info ][gc,metaspace   ] GC(754) Metaspace: 9579K(9856K)->9579K(9856K) NonClass: 8510K(8640K)->8510K(8640K) Class: 1069K(1216K)->1069K(1216K)
[24.431s][info ][gc             ] GC(754) Pause Young (Allocation Failure) 266M->4M(596M) 0.201ms
[24.431s][info ][gc,cpu         ] GC(754) User=0.00s Sys=0.00s Real=0.00s
[24.450s][info ][gc,start       ] GC(755) Pause Young (Allocation Failure)
[24.451s][debug][gc,age         ] GC(755) Desired survivor size 1048576 bytes, new threshold 1 (max threshold 15)
[24.451s][info ][gc,heap        ] GC(755) PSYoungGen: 260170K(260608K)->454K(252928K) Eden: 260074K(260096K)->0K(251904K) From: 96K(512K)->454K(1024K)
[24.451s][info ][gc,heap        ] GC(755) ParOldGen: 4178K(349696K)->4178K(349696K)
[24.451s][info ][gc,metaspace   ] GC(755) Metaspace: 9579K(9856K)->9579K(9856K) NonClass: 8510K(8640K)->8510K(8640K) Class: 1069K(1216K)->1069K(1216K)
[24.451s][info ][gc             ] GC(755) Pause Young (Allocation Failure) 258M->4M(588M) 0.263ms
[24.451s][info ][gc,cpu         ] GC(755) User=0.00s Sys=0.00s Real=0.00s
[24.469s][info ][gc,start       ] GC(756) Pause Young (Allocation Failure)
[24.470s][debug][gc,age         ] GC(756) Desired survivor size 1048576 bytes, new threshold 1 (max threshold 15)
[24.470s][info ][gc,heap        ] GC(756) PSYoungGen: 252354K(252928K)->96K(244224K) Eden: 251899K(251904K)->0K(243712K) From: 454K(1024K)->96K(512K)
[24.470s][info ][gc,heap        ] GC(756) ParOldGen: 4178K(349696K)->4178K(349696K)
[24.470s][info ][gc,metaspace   ] GC(756) Metaspace: 9579K(9856K)->9579K(9856K) NonClass: 8510K(8640K)->8510K(8640K) Class: 1069K(1216K)->1069K(1216K)
[24.470s][info ][gc             ] GC(756) Pause Young (Allocation Failure) 250M->4M(580M) 0.246ms
[24.470s][info ][gc,cpu         ] GC(756) User=0.00s Sys=0.00s Real=0.00s
[24.488s][info ][gc,start       ] GC(757) Pause Young (Allocation Failure)
[24.488s][debug][gc,age         ] GC(757) Desired survivor size 1048576 bytes, new threshold 1 (max threshold 15)
[24.488s][info ][gc,heap        ] GC(757) PSYoungGen: 243555K(244224K)->454K(237056K) Eden: 243459K(243712K)->0K(236032K) From: 96K(512K)->454K(1024K)
[24.488s][info ][gc,heap        ] GC(757) ParOldGen: 4178K(349696K)->4178K(349696K)
[24.488s][info ][gc,metaspace   ] GC(757) Metaspace: 9579K(9856K)->9579K(9856K) NonClass: 8510K(8640K)->8510K(8640K) Class: 1069K(1216K)->1069K(1216K)
[24.488s][info ][gc             ] GC(757) Pause Young (Allocation Failure) 241M->4M(573M) 0.226ms
[24.488s][info ][gc,cpu         ] GC(757) User=0.00s Sys=0.00s Real=0.00s
[24.506s][info ][gc,start       ] GC(758) Pause Young (Allocation Failure)
[24.506s][debug][gc,age         ] GC(758) Desired survivor size 1048576 bytes, new threshold 1 (max threshold 15)
[24.506s][info ][gc,heap        ] GC(758) PSYoungGen: 236486K(237056K)->486K(229376K) Eden: 236032K(236032K)->0K(228864K) From: 454K(1024K)->486K(512K)
[24.506s][info ][gc,heap        ] GC(758) ParOldGen: 4178K(349696K)->4178K(349696K)
[24.506s][info ][gc,metaspace   ] GC(758) Metaspace: 9579K(9856K)->9579K(9856K) NonClass: 8510K(8640K)->8510K(8640K) Class: 1069K(1216K)->1069K(1216K)
[24.506s][info ][gc             ] GC(758) Pause Young (Allocation Failure) 235M->4M(565M) 0.252ms
[24.506s][info ][gc,cpu         ] GC(758) User=0.00s Sys=0.00s Real=0.00s
[24.523s][info ][gc,start       ] GC(759) Pause Young (Allocation Failure)
[24.523s][debug][gc,age         ] GC(759) Desired survivor size 1048576 bytes, new threshold 1 (max threshold 15)
[24.523s][info ][gc,heap        ] GC(759) PSYoungGen: 229350K(229376K)->96K(222720K) Eden: 228864K(228864K)->0K(221696K) From: 486K(512K)->96K(1024K)
[24.523s][info ][gc,heap        ] GC(759) ParOldGen: 4178K(349696K)->4178K(349696K)
[24.523s][info ][gc,metaspace   ] GC(759) Metaspace: 9579K(9856K)->9579K(9856K) NonClass: 8510K(8640K)->8510K(8640K) Class: 1069K(1216K)->1069K(1216K)
[24.523s][info ][gc             ] GC(759) Pause Young (Allocation Failure) 228M->4M(559M) 0.243ms
[24.523s][info ][gc,cpu         ] GC(759) User=0.00s Sys=0.00s Real=0.00s
[24.539s][info ][gc,start       ] GC(760) Pause Young (Allocation Failure)
[24.540s][debug][gc,age         ] GC(760) Desired survivor size 1048576 bytes, new threshold 1 (max threshold 15)
[24.540s][info ][gc,heap        ] GC(760) PSYoungGen: 221759K(222720K)->96K(266752K) Eden: 221663K(221696K)->0K(266240K) From: 96K(1024K)->96K(512K)
[24.540s][info ][gc,heap        ] GC(760) ParOldGen: 4178K(349696K)->4178K(349696K)
[24.540s][info ][gc,metaspace   ] GC(760) Metaspace: 9579K(9856K)->9579K(9856K) NonClass: 8510K(8640K)->8510K(8640K) Class: 1069K(1216K)->1069K(1216K)
[24.540s][info ][gc             ] GC(760) Pause Young (Allocation Failure) 220M->4M(602M) 0.268ms
[24.540s][info ][gc,cpu         ] GC(760) User=0.00s Sys=0.00s Real=0.00s
[24.559s][info ][gc,start       ] GC(761) Pause Young (Allocation Failure)
[24.560s][debug][gc,age         ] GC(761) Desired survivor size 1048576 bytes, new threshold 1 (max threshold 15)
[24.560s][info ][gc,heap        ] GC(761) PSYoungGen: 266157K(266752K)->96K(320512K) Eden: 266061K(266240K)->0K(319488K) From: 96K(512K)->96K(1024K)
[24.560s][info ][gc,heap        ] GC(761) ParOldGen: 4178K(349696K)->4178K(349696K)
[24.560s][info ][gc,metaspace   ] GC(761) Metaspace: 9579K(9856K)->9579K(9856K) NonClass: 8510K(8640K)->8510K(8640K) Class: 1069K(1216K)->1069K(1216K)
[24.560s][info ][gc             ] GC(761) Pause Young (Allocation Failure) 264M->4M(654M) 0.308ms
[24.560s][info ][gc,cpu         ] GC(761) User=0.00s Sys=0.00s Real=0.00s
[24.583s][info ][gc,start       ] GC(762) Pause Young (Allocation Failure)
[24.583s][debug][gc,age         ] GC(762) Desired survivor size 1048576 bytes, new threshold 1 (max threshold 15)
[24.583s][info ][gc,heap        ] GC(762) PSYoungGen: 319533K(320512K)->96K(308736K) Eden: 319437K(319488K)->0K(308224K) From: 96K(1024K)->96K(512K)
[24.583s][info ][gc,heap        ] GC(762) ParOldGen: 4178K(349696K)->4178K(349696K)
[24.583s][info ][gc,metaspace   ] GC(762) Metaspace: 9579K(9856K)->9579K(9856K) NonClass: 8510K(8640K)->8510K(8640K) Class: 1069K(1216K)->1069K(1216K)
[24.583s][info ][gc             ] GC(762) Pause Young (Allocation Failure) 316M->4M(643M) 0.255ms
[24.583s][info ][gc,cpu         ] GC(762) User=0.00s Sys=0.00s Real=0.00s
[24.606s][info ][gc,start       ] GC(763) Pause Young (Allocation Failure)
[24.606s][debug][gc,age         ] GC(763) Desired survivor size 1048576 bytes, new threshold 1 (max threshold 15)
[24.606s][info ][gc,heap        ] GC(763) PSYoungGen: 308297K(308736K)->96K(298496K) Eden: 308201K(308224K)->0K(297472K) From: 96K(512K)->96K(1024K)
[24.606s][info ][gc,heap        ] GC(763) ParOldGen: 4178K(349696K)->4178K(349696K)
[24.606s][info ][gc,metaspace   ] GC(763) Metaspace: 9579K(9856K)->9579K(9856K) NonClass: 8510K(8640K)->8510K(8640K) Class: 1069K(1216K)->1069K(1216K)
[24.606s][info ][gc             ] GC(763) Pause Young (Allocation Failure) 305M->4M(633M) 0.260ms
[24.606s][info ][gc,cpu         ] GC(763) User=0.00s Sys=0.00s Real=0.00s
[24.628s][info ][gc,start       ] GC(764) Pause Young (Allocation Failure)
[24.628s][debug][gc,age         ] GC(764) Desired survivor size 1048576 bytes, new threshold 1 (max threshold 15)
[24.628s][info ][gc,heap        ] GC(764) PSYoungGen: 297246K(298496K)->64K(287744K) Eden: 297150K(297472K)->0K(287232K) From: 96K(1024K)->64K(512K)
[24.628s][info ][gc,heap        ] GC(764) ParOldGen: 4178K(349696K)->4178K(349696K)
[24.628s][info ][gc,metaspace   ] GC(764) Metaspace: 9579K(9856K)->9579K(9856K) NonClass: 8510K(8640K)->8510K(8640K) Class: 1069K(1216K)->1069K(1216K)
[24.628s][info ][gc             ] GC(764) Pause Young (Allocation Failure) 294M->4M(622M) 0.264ms
[24.628s][info ][gc,cpu         ] GC(764) User=0.00s Sys=0.00s Real=0.00s
[24.649s][info ][gc,start       ] GC(765) Pause Young (Allocation Failure)
[24.649s][debug][gc,age         ] GC(765) Desired survivor size 1048576 bytes, new threshold 1 (max threshold 15)
[24.649s][info ][gc,heap        ] GC(765) PSYoungGen: 287043K(287744K)->454K(278528K) Eden: 286979K(287232K)->0K(277504K) From: 64K(512K)->454K(1024K)
[24.649s][info ][gc,heap        ] GC(765) ParOldGen: 4178K(349696K)->4178K(349696K)
[24.649s][info ][gc,metaspace   ] GC(765) Metaspace: 9579K(9856K)->9579K(9856K) NonClass: 8510K(8640K)->8510K(8640K) Class: 1069K(1216K)->1069K(1216K)
[24.649s][info ][gc             ] GC(765) Pause Young (Allocation Failure) 284M->4M(613M) 0.232ms
[24.649s][info ][gc,cpu         ] GC(765) User=0.00s Sys=0.00s Real=0.00s
[24.670s][info ][gc,start       ] GC(766) Pause Young (Allocation Failure)
[24.670s][debug][gc,age         ] GC(766) Desired survivor size 1048576 bytes, new threshold 1 (max threshold 15)
[24.670s][info ][gc,heap        ] GC(766) PSYoungGen: 277752K(278528K)->454K(268800K) Eden: 277297K(277504K)->0K(268288K) From: 454K(1024K)->454K(512K)
[24.670s][info ][gc,heap        ] GC(766) ParOldGen: 4178K(349696K)->4178K(349696K)
[24.670s][info ][gc,metaspace   ] GC(766) Metaspace: 9579K(9856K)->9579K(9856K) NonClass: 8510K(8640K)->8510K(8640K) Class: 1069K(1216K)->1069K(1216K)
[24.670s][info ][gc             ] GC(766) Pause Young (Allocation Failure) 275M->4M(604M) 0.293ms
[24.670s][info ][gc,cpu         ] GC(766) User=0.00s Sys=0.00s Real=0.00s
[24.690s][info ][gc,start       ] GC(767) Pause Young (Allocation Failure)
[24.690s][debug][gc,age         ] GC(767) Desired survivor size 1048576 bytes, new threshold 1 (max threshold 15)
[24.690s][info ][gc,heap        ] GC(767) PSYoungGen: 268691K(268800K)->96K(260608K) Eden: 268236K(268288K)->0K(259584K) From: 454K(512K)->96K(1024K)
[24.690s][info ][gc,heap        ] GC(767) ParOldGen: 4178K(349696K)->4178K(349696K)
[24.690s][info ][gc,metaspace   ] GC(767) Metaspace: 9579K(9856K)->9579K(9856K) NonClass: 8510K(8640K)->8510K(8640K) Class: 1069K(1216K)->1069K(1216K)
[24.690s][info ][gc             ] GC(767) Pause Young (Allocation Failure) 266M->4M(596M) 0.255ms
[24.690s][info ][gc,cpu         ] GC(767) User=0.00s Sys=0.00s Real=0.00s
[24.709s][info ][gc,start       ] GC(768) Pause Young (Allocation Failure)
[24.709s][debug][gc,age         ] GC(768) Desired survivor size 1048576 bytes, new threshold 1 (max threshold 15)
[24.709s][info ][gc,heap        ] GC(768) PSYoungGen: 259680K(260608K)->486K(251904K) Eden: 259584K(259584K)->0K(251392K) From: 96K(1024K)->486K(512K)
[24.709s][info ][gc,heap        ] GC(768) ParOldGen: 4178K(349696K)->4178K(349696K)
[24.709s][info ][gc,metaspace   ] GC(768) Metaspace: 9579K(9856K)->9579K(9856K) NonClass: 8510K(8640K)->8510K(8640K) Class: 1069K(1216K)->1069K(1216K)
[24.709s][info ][gc             ] GC(768) Pause Young (Allocation Failure) 257M->4M(587M) 0.282ms
[24.709s][info ][gc,cpu         ] GC(768) User=0.00s Sys=0.00s Real=0.00s
[24.728s][info ][gc,start       ] GC(769) Pause Young (Allocation Failure)
[24.728s][debug][gc,age         ] GC(769) Desired survivor size 1048576 bytes, new threshold 1 (max threshold 15)
[24.728s][info ][gc,heap        ] GC(769) PSYoungGen: 251690K(251904K)->454K(303104K) Eden: 251204K(251392K)->0K(302080K) From: 486K(512K)->454K(1024K)
[24.728s][info ][gc,heap        ] GC(769) ParOldGen: 4178K(349696K)->4178K(349696K)
[24.728s][info ][gc,metaspace   ] GC(769) Metaspace: 9579K(9856K)->9579K(9856K) NonClass: 8510K(8640K)->8510K(8640K) Class: 1069K(1216K)->1069K(1216K)
[24.728s][info ][gc             ] GC(769) Pause Young (Allocation Failure) 249M->4M(637M) 0.296ms
[24.728s][info ][gc,cpu         ] GC(769) User=0.00s Sys=0.00s Real=0.00s
[24.750s][info ][gc,start       ] GC(770) Pause Young (Allocation Failure)
[24.750s][debug][gc,age         ] GC(770) Desired survivor size 1048576 bytes, new threshold 1 (max threshold 15)
[24.750s][info ][gc,heap        ] GC(770) PSYoungGen: 302436K(303104K)->486K(292352K) Eden: 301981K(302080K)->0K(291840K) From: 454K(1024K)->486K(512K)
[24.750s][info ][gc,heap        ] GC(770) ParOldGen: 4178K(349696K)->4178K(349696K)
[24.750s][info ][gc,metaspace   ] GC(770) Metaspace: 9579K(9856K)->9579K(9856K) NonClass: 8510K(8640K)->8510K(8640K) Class: 1069K(1216K)->1069K(1216K)
[24.750s][info ][gc             ] GC(770) Pause Young (Allocation Failure) 299M->4M(627M) 0.240ms
[24.750s][info ][gc,cpu         ] GC(770) User=0.00s Sys=0.00s Real=0.00s
[24.772s][info ][gc,start       ] GC(771) Pause Young (Allocation Failure)
[24.772s][debug][gc,age         ] GC(771) Desired survivor size 1048576 bytes, new threshold 1 (max threshold 15)
[24.772s][info ][gc,heap        ] GC(771) PSYoungGen: 292014K(292352K)->486K(283136K) Eden: 291527K(291840K)->0K(282112K) From: 486K(512K)->486K(1024K)
[24.772s][info ][gc,heap        ] GC(771) ParOldGen: 4178K(349696K)->4178K(349696K)
[24.772s][info ][gc,metaspace   ] GC(771) Metaspace: 9579K(9856K)->9579K(9856K) NonClass: 8510K(8640K)->8510K(8640K) Class: 1069K(1216K)->1069K(1216K)
[24.772s][info ][gc             ] GC(771) Pause Young (Allocation Failure) 289M->4M(618M) 0.282ms
[24.772s][info ][gc,cpu         ] GC(771) User=0.00s Sys=0.00s Real=0.00s
[24.793s][info ][gc,start       ] GC(772) Pause Young (Allocation Failure)
[24.793s][debug][gc,age         ] GC(772) Desired survivor size 1048576 bytes, new threshold 1 (max threshold 15)
[24.793s][info ][gc,heap        ] GC(772) PSYoungGen: 282598K(283136K)->454K(273408K) Eden: 282112K(282112K)->0K(272896K) From: 486K(1024K)->454K(512K)
[24.793s][info ][gc,heap        ] GC(772) ParOldGen: 4178K(349696K)->4178K(349696K)
[24.793s][info ][gc,metaspace   ] GC(772) Metaspace: 9579K(9856K)->9579K(9856K) NonClass: 8510K(8640K)->8510K(8640K) Class: 1069K(1216K)->1069K(1216K)
[24.793s][info ][gc             ] GC(772) Pause Young (Allocation Failure) 280M->4M(608M) 0.275ms
[24.793s][info ][gc,cpu         ] GC(772) User=0.00s Sys=0.00s Real=0.00s
[24.813s][info ][gc,start       ] GC(773) Pause Young (Allocation Failure)
[24.814s][debug][gc,age         ] GC(773) Desired survivor size 1048576 bytes, new threshold 1 (max threshold 15)
[24.814s][info ][gc,heap        ] GC(773) PSYoungGen: 273169K(273408K)->486K(265216K) Eden: 272714K(272896K)->0K(264192K) From: 454K(512K)->486K(1024K)
[24.814s][info ][gc,heap        ] GC(773) ParOldGen: 4178K(349696K)->4178K(349696K)
[24.814s][info ][gc,metaspace   ] GC(773) Metaspace: 9579K(9856K)->9579K(9856K) NonClass: 8510K(8640K)->8510K(8640K) Class: 1069K(1216K)->1069K(1216K)
[24.814s][info ][gc             ] GC(773) Pause Young (Allocation Failure) 270M->4M(600M) 0.275ms
[24.814s][info ][gc,cpu         ] GC(773) User=0.00s Sys=0.00s Real=0.00s
[24.833s][info ][gc,start       ] GC(774) Pause Young (Allocation Failure)
[24.833s][debug][gc,age         ] GC(774) Desired survivor size 1048576 bytes, new threshold 1 (max threshold 15)
[24.833s][info ][gc,heap        ] GC(774) PSYoungGen: 264678K(265216K)->64K(256000K) Eden: 264192K(264192K)->0K(255488K) From: 486K(1024K)->64K(512K)
[24.833s][info ][gc,heap        ] GC(774) ParOldGen: 4178K(349696K)->4178K(349696K)
[24.833s][info ][gc,metaspace   ] GC(774) Metaspace: 9579K(9856K)->9579K(9856K) NonClass: 8510K(8640K)->8510K(8640K) Class: 1069K(1216K)->1069K(1216K)
[24.833s][info ][gc             ] GC(774) Pause Young (Allocation Failure) 262M->4M(591M) 0.218ms
[24.833s][info ][gc,cpu         ] GC(774) User=0.00s Sys=0.00s Real=0.00s
[24.852s][info ][gc,start       ] GC(775) Pause Young (Allocation Failure)
[24.852s][debug][gc,age         ] GC(775) Desired survivor size 1048576 bytes, new threshold 1 (max threshold 15)
[24.852s][info ][gc,heap        ] GC(775) PSYoungGen: 255380K(256000K)->64K(248320K) Eden: 255316K(255488K)->0K(247296K) From: 64K(512K)->64K(1024K)
[24.852s][info ][gc,heap        ] GC(775) ParOldGen: 4178K(349696K)->4178K(349696K)
[24.852s][info ][gc,metaspace   ] GC(775) Metaspace: 9579K(9856K)->9579K(9856K) NonClass: 8510K(8640K)->8510K(8640K) Class: 1069K(1216K)->1069K(1216K)
[24.852s][info ][gc             ] GC(775) Pause Young (Allocation Failure) 253M->4M(584M) 0.222ms
[24.852s][info ][gc,cpu         ] GC(775) User=0.00s Sys=0.00s Real=0.00s
[24.870s][info ][gc,start       ] GC(776) Pause Young (Allocation Failure)
[24.871s][debug][gc,age         ] GC(776) Desired survivor size 1048576 bytes, new threshold 1 (max threshold 15)
[24.871s][info ][gc,heap        ] GC(776) PSYoungGen: 247297K(248320K)->454K(240128K) Eden: 247233K(247296K)->0K(239616K) From: 64K(1024K)->454K(512K)
[24.871s][info ][gc,heap        ] GC(776) ParOldGen: 4178K(349696K)->4178K(349696K)
[24.871s][info ][gc,metaspace   ] GC(776) Metaspace: 9579K(9856K)->9579K(9856K) NonClass: 8510K(8640K)->8510K(8640K) Class: 1069K(1216K)->1069K(1216K)
[24.871s][info ][gc             ] GC(776) Pause Young (Allocation Failure) 245M->4M(576M) 0.269ms
[24.871s][info ][gc,cpu         ] GC(776) User=0.00s Sys=0.00s Real=0.00s
[24.888s][info ][gc,start       ] GC(777) Pause Young (Allocation Failure)
[24.888s][debug][gc,age         ] GC(777) Desired survivor size 1048576 bytes, new threshold 1 (max threshold 15)
[24.888s][info ][gc,heap        ] GC(777) PSYoungGen: 240070K(240128K)->422K(232960K) Eden: 239616K(239616K)->0K(231936K) From: 454K(512K)->422K(1024K)
[24.888s][info ][gc,heap        ] GC(777) ParOldGen: 4178K(349696K)->4178K(349696K)
[24.888s][info ][gc,metaspace   ] GC(777) Metaspace: 9579K(9856K)->9579K(9856K) NonClass: 8510K(8640K)->8510K(8640K) Class: 1069K(1216K)->1069K(1216K)
[24.888s][info ][gc             ] GC(777) Pause Young (Allocation Failure) 238M->4M(569M) 0.241ms
[24.888s][info ][gc,cpu         ] GC(777) User=0.00s Sys=0.00s Real=0.00s
[24.905s][info ][gc,start       ] GC(778) Pause Young (Allocation Failure)
[24.906s][debug][gc,age         ] GC(778) Desired survivor size 1048576 bytes, new threshold 1 (max threshold 15)
[24.906s][info ][gc,heap        ] GC(778) PSYoungGen: 232295K(232960K)->454K(225280K) Eden: 231872K(231936K)->0K(224768K) From: 422K(1024K)->454K(512K)
[24.906s][info ][gc,heap        ] GC(778) ParOldGen: 4178K(349696K)->4178K(349696K)
[24.906s][info ][gc,metaspace   ] GC(778) Metaspace: 9579K(9856K)->9579K(9856K) NonClass: 8510K(8640K)->8510K(8640K) Class: 1069K(1216K)->1069K(1216K)
[24.906s][info ][gc             ] GC(778) Pause Young (Allocation Failure) 230M->4M(561M) 0.262ms
[24.906s][info ][gc,cpu         ] GC(778) User=0.00s Sys=0.01s Real=0.00s
[24.922s][info ][gc,start       ] GC(779) Pause Young (Allocation Failure)
[24.922s][debug][gc,age         ] GC(779) Desired survivor size 1048576 bytes, new threshold 1 (max threshold 15)
[24.922s][info ][gc,heap        ] GC(779) PSYoungGen: 224944K(225280K)->96K(219136K) Eden: 224489K(224768K)->0K(218112K) From: 454K(512K)->96K(1024K)
[24.922s][info ][gc,heap        ] GC(779) ParOldGen: 4178K(349696K)->4178K(349696K)
[24.922s][info ][gc,metaspace   ] GC(779) Metaspace: 9579K(9856K)->9579K(9856K) NonClass: 8510K(8640K)->8510K(8640K) Class: 1069K(1216K)->1069K(1216K)
[24.922s][info ][gc             ] GC(779) Pause Young (Allocation Failure) 223M->4M(555M) 0.246ms
[24.922s][info ][gc,cpu         ] GC(779) User=0.00s Sys=0.00s Real=0.00s
[24.938s][info ][gc,start       ] GC(780) Pause Young (Allocation Failure)
[24.938s][debug][gc,age         ] GC(780) Desired survivor size 1048576 bytes, new threshold 1 (max threshold 15)
[24.938s][info ][gc,heap        ] GC(780) PSYoungGen: 218208K(219136K)->486K(262656K) Eden: 218112K(218112K)->0K(262144K) From: 96K(1024K)->486K(512K)
[24.938s][info ][gc,heap        ] GC(780) ParOldGen: 4178K(349696K)->4178K(349696K)
[24.938s][info ][gc,metaspace   ] GC(780) Metaspace: 9579K(9856K)->9579K(9856K) NonClass: 8510K(8640K)->8510K(8640K) Class: 1069K(1216K)->1069K(1216K)
[24.938s][info ][gc             ] GC(780) Pause Young (Allocation Failure) 217M->4M(598M) 0.279ms
[24.939s][info ][gc,cpu         ] GC(780) User=0.00s Sys=0.00s Real=0.00s
[24.958s][info ][gc,start       ] GC(781) Pause Young (Allocation Failure)
[24.958s][debug][gc,age         ] GC(781) Desired survivor size 1048576 bytes, new threshold 1 (max threshold 15)
[24.958s][info ][gc,heap        ] GC(781) PSYoungGen: 262454K(262656K)->454K(315904K) Eden: 261967K(262144K)->0K(314880K) From: 486K(512K)->454K(1024K)
[24.958s][info ][gc,heap        ] GC(781) ParOldGen: 4178K(349696K)->4178K(349696K)
[24.958s][info ][gc,metaspace   ] GC(781) Metaspace: 9579K(9856K)->9579K(9856K) NonClass: 8510K(8640K)->8510K(8640K) Class: 1069K(1216K)->1069K(1216K)
[24.958s][info ][gc             ] GC(781) Pause Young (Allocation Failure) 260M->4M(650M) 0.220ms
[24.958s][info ][gc,cpu         ] GC(781) User=0.00s Sys=0.00s Real=0.00s
[24.981s][info ][gc,start       ] GC(782) Pause Young (Allocation Failure)
[24.982s][debug][gc,age         ] GC(782) Desired survivor size 1048576 bytes, new threshold 1 (max threshold 15)
[24.982s][info ][gc,heap        ] GC(782) PSYoungGen: 315277K(315904K)->454K(304640K) Eden: 314822K(314880K)->0K(304128K) From: 454K(1024K)->454K(512K)
[24.982s][info ][gc,heap        ] GC(782) ParOldGen: 4178K(349696K)->4178K(349696K)
[24.982s][info ][gc,metaspace   ] GC(782) Metaspace: 9579K(9856K)->9579K(9856K) NonClass: 8510K(8640K)->8510K(8640K) Class: 1069K(1216K)->1069K(1216K)
[24.982s][info ][gc             ] GC(782) Pause Young (Allocation Failure) 311M->4M(639M) 0.304ms
[24.982s][info ][gc,cpu         ] GC(782) User=0.00s Sys=0.00s Real=0.00s
[25.004s][info ][gc,start       ] GC(783) Pause Young (Allocation Failure)
[25.004s][debug][gc,age         ] GC(783) Desired survivor size 1048576 bytes, new threshold 1 (max threshold 15)
[25.005s][info ][gc,heap        ] GC(783) PSYoungGen: 304248K(304640K)->96K(294912K) Eden: 303794K(304128K)->0K(293888K) From: 454K(512K)->96K(1024K)
[25.005s][info ][gc,heap        ] GC(783) ParOldGen: 4178K(349696K)->4178K(349696K)
[25.005s][info ][gc,metaspace   ] GC(783) Metaspace: 9579K(9856K)->9579K(9856K) NonClass: 8510K(8640K)->8510K(8640K) Class: 1069K(1216K)->1069K(1216K)
[25.005s][info ][gc             ] GC(783) Pause Young (Allocation Failure) 301M->4M(629M) 0.219ms
[25.005s][info ][gc,cpu         ] GC(783) User=0.00s Sys=0.00s Real=0.00s
[25.026s][info ][gc,start       ] GC(784) Pause Young (Allocation Failure)
[25.026s][debug][gc,age         ] GC(784) Desired survivor size 1048576 bytes, new threshold 1 (max threshold 15)
[25.026s][info ][gc,heap        ] GC(784) PSYoungGen: 293824K(294912K)->96K(284672K) Eden: 293728K(293888K)->0K(284160K) From: 96K(1024K)->96K(512K)
[25.026s][info ][gc,heap        ] GC(784) ParOldGen: 4178K(349696K)->4178K(349696K)
[25.026s][info ][gc,metaspace   ] GC(784) Metaspace: 9579K(9856K)->9579K(9856K) NonClass: 8510K(8640K)->8510K(8640K) Class: 1069K(1216K)->1069K(1216K)
[25.026s][info ][gc             ] GC(784) Pause Young (Allocation Failure) 291M->4M(619M) 0.252ms
[25.026s][info ][gc,cpu         ] GC(784) User=0.01s Sys=0.01s Real=0.00s
[25.047s][info ][gc,start       ] GC(785) Pause Young (Allocation Failure)
[25.048s][debug][gc,age         ] GC(785) Desired survivor size 1048576 bytes, new threshold 1 (max threshold 15)
[25.048s][info ][gc,heap        ] GC(785) PSYoungGen: 283882K(284672K)->96K(275968K) Eden: 283786K(284160K)->0K(274944K) From: 96K(512K)->96K(1024K)
[25.048s][info ][gc,heap        ] GC(785) ParOldGen: 4178K(349696K)->4178K(349696K)
[25.048s][info ][gc,metaspace   ] GC(785) Metaspace: 9579K(9856K)->9579K(9856K) NonClass: 8510K(8640K)->8510K(8640K) Class: 1069K(1216K)->1069K(1216K)
[25.048s][info ][gc             ] GC(785) Pause Young (Allocation Failure) 281M->4M(611M) 0.237ms
[25.048s][info ][gc,cpu         ] GC(785) User=0.00s Sys=0.00s Real=0.00s
[25.068s][info ][gc,start       ] GC(786) Pause Young (Allocation Failure)
[25.068s][debug][gc,age         ] GC(786) Desired survivor size 1048576 bytes, new threshold 1 (max threshold 15)
[25.068s][info ][gc,heap        ] GC(786) PSYoungGen: 275040K(275968K)->96K(266240K) Eden: 274944K(274944K)->0K(265728K) From: 96K(1024K)->96K(512K)
[25.068s][info ][gc,heap        ] GC(786) ParOldGen: 4178K(349696K)->4178K(349696K)
[25.068s][info ][gc,metaspace   ] GC(786) Metaspace: 9579K(9856K)->9579K(9856K) NonClass: 8510K(8640K)->8510K(8640K) Class: 1069K(1216K)->1069K(1216K)
[25.068s][info ][gc             ] GC(786) Pause Young (Allocation Failure) 272M->4M(601M) 0.254ms
[25.068s][info ][gc,cpu         ] GC(786) User=0.00s Sys=0.00s Real=0.00s
[25.088s][info ][gc,start       ] GC(787) Pause Young (Allocation Failure)
[25.088s][debug][gc,age         ] GC(787) Desired survivor size 1048576 bytes, new threshold 1 (max threshold 15)
[25.088s][info ][gc,heap        ] GC(787) PSYoungGen: 265626K(266240K)->96K(258048K) Eden: 265530K(265728K)->0K(257024K) From: 96K(512K)->96K(1024K)
[25.088s][info ][gc,heap        ] GC(787) ParOldGen: 4178K(349696K)->4178K(349696K)
[25.088s][info ][gc,metaspace   ] GC(787) Metaspace: 9579K(9856K)->9579K(9856K) NonClass: 8510K(8640K)->8510K(8640K) Class: 1069K(1216K)->1069K(1216K)
[25.088s][info ][gc             ] GC(787) Pause Young (Allocation Failure) 263M->4M(593M) 0.275ms
[25.088s][info ][gc,cpu         ] GC(787) User=0.00s Sys=0.00s Real=0.00s
[25.107s][info ][gc,start       ] GC(788) Pause Young (Allocation Failure)
[25.107s][debug][gc,age         ] GC(788) Desired survivor size 1048576 bytes, new threshold 1 (max threshold 15)
[25.107s][info ][gc,heap        ] GC(788) PSYoungGen: 257120K(258048K)->64K(249344K) Eden: 257024K(257024K)->0K(248832K) From: 96K(1024K)->64K(512K)
[25.107s][info ][gc,heap        ] GC(788) ParOldGen: 4178K(349696K)->4178K(349696K)
[25.107s][info ][gc,metaspace   ] GC(788) Metaspace: 9579K(9856K)->9579K(9856K) NonClass: 8510K(8640K)->8510K(8640K) Class: 1069K(1216K)->1069K(1216K)
[25.107s][info ][gc             ] GC(788) Pause Young (Allocation Failure) 255M->4M(585M) 0.284ms
[25.107s][info ][gc,cpu         ] GC(788) User=0.01s Sys=0.00s Real=0.00s
[25.126s][info ][gc,start       ] GC(789) Pause Young (Allocation Failure)
[25.126s][debug][gc,age         ] GC(789) Desired survivor size 1048576 bytes, new threshold 1 (max threshold 15)
[25.126s][info ][gc,heap        ] GC(789) PSYoungGen: 248507K(249344K)->96K(242176K) Eden: 248443K(248832K)->0K(241152K) From: 64K(512K)->96K(1024K)
[25.126s][info ][gc,heap        ] GC(789) ParOldGen: 4178K(349696K)->4178K(349696K)
[25.126s][info ][gc,metaspace   ] GC(789) Metaspace: 9579K(9856K)->9579K(9856K) NonClass: 8510K(8640K)->8510K(8640K) Class: 1069K(1216K)->1069K(1216K)
[25.126s][info ][gc             ] GC(789) Pause Young (Allocation Failure) 246M->4M(578M) 0.260ms
[25.126s][info ][gc,cpu         ] GC(789) User=0.00s Sys=0.00s Real=0.00s
[25.143s][info ][gc,start       ] GC(790) Pause Young (Allocation Failure)
[25.143s][debug][gc,age         ] GC(790) Desired survivor size 1048576 bytes, new threshold 1 (max threshold 15)
[25.143s][info ][gc,heap        ] GC(790) PSYoungGen: 241248K(242176K)->454K(290304K) Eden: 241152K(241152K)->0K(289792K) From: 96K(1024K)->454K(512K)
[25.143s][info ][gc,heap        ] GC(790) ParOldGen: 4178K(349696K)->4178K(349696K)
[25.143s][info ][gc,metaspace   ] GC(790) Metaspace: 9579K(9856K)->9579K(9856K) NonClass: 8510K(8640K)->8510K(8640K) Class: 1069K(1216K)->1069K(1216K)
[25.143s][info ][gc             ] GC(790) Pause Young (Allocation Failure) 239M->4M(625M) 0.281ms
[25.143s][info ][gc,cpu         ] GC(790) User=0.00s Sys=0.00s Real=0.00s
[25.165s][info ][gc,start       ] GC(791) Pause Young (Allocation Failure)
[25.165s][debug][gc,age         ] GC(791) Desired survivor size 1048576 bytes, new threshold 1 (max threshold 15)
[25.165s][info ][gc,heap        ] GC(791) PSYoungGen: 290246K(290304K)->454K(281088K) Eden: 289792K(289792K)->0K(280064K) From: 454K(512K)->454K(1024K)
[25.165s][info ][gc,heap        ] GC(791) ParOldGen: 4178K(349696K)->4178K(349696K)
[25.165s][info ][gc,metaspace   ] GC(791) Metaspace: 9579K(9856K)->9579K(9856K) NonClass: 8510K(8640K)->8510K(8640K) Class: 1069K(1216K)->1069K(1216K)
[25.165s][info ][gc             ] GC(791) Pause Young (Allocation Failure) 287M->4M(616M) 0.257ms
[25.165s][info ][gc,cpu         ] GC(791) User=0.00s Sys=0.00s Real=0.00s
[25.186s][info ][gc,start       ] GC(792) Pause Young (Allocation Failure)
[25.186s][debug][gc,age         ] GC(792) Desired survivor size 1048576 bytes, new threshold 1 (max threshold 15)
[25.186s][info ][gc,heap        ] GC(792) PSYoungGen: 280154K(281088K)->454K(271360K) Eden: 279699K(280064K)->0K(270848K) From: 454K(1024K)->454K(512K)
[25.186s][info ][gc,heap        ] GC(792) ParOldGen: 4178K(349696K)->4178K(349696K)
[25.186s][info ][gc,metaspace   ] GC(792) Metaspace: 9579K(9856K)->9579K(9856K) NonClass: 8510K(8640K)->8510K(8640K) Class: 1069K(1216K)->1069K(1216K)
[25.186s][info ][gc             ] GC(792) Pause Young (Allocation Failure) 277M->4M(606M) 0.281ms
[25.186s][info ][gc,cpu         ] GC(792) User=0.00s Sys=0.00s Real=0.00s
[25.206s][info ][gc,start       ] GC(793) Pause Young (Allocation Failure)
[25.206s][debug][gc,age         ] GC(793) Desired survivor size 1048576 bytes, new threshold 1 (max threshold 15)
[25.206s][info ][gc,heap        ] GC(793) PSYoungGen: 271302K(271360K)->96K(263168K) Eden: 270848K(270848K)->0K(262144K) From: 454K(512K)->96K(1024K)
[25.206s][info ][gc,heap        ] GC(793) ParOldGen: 4178K(349696K)->4178K(349696K)
[25.206s][info ][gc,metaspace   ] GC(793) Metaspace: 9579K(9856K)->9579K(9856K) NonClass: 8510K(8640K)->8510K(8640K) Class: 1069K(1216K)->1069K(1216K)
[25.206s][info ][gc             ] GC(793) Pause Young (Allocation Failure) 269M->4M(598M) 0.224ms
[25.206s][info ][gc,cpu         ] GC(793) User=0.00s Sys=0.00s Real=0.00s
[25.225s][info ][gc,start       ] GC(794) Pause Young (Allocation Failure)
[25.226s][debug][gc,age         ] GC(794) Desired survivor size 1048576 bytes, new threshold 1 (max threshold 15)
[25.226s][info ][gc,heap        ] GC(794) PSYoungGen: 262016K(263168K)->96K(253952K) Eden: 261920K(262144K)->0K(253440K) From: 96K(1024K)->96K(512K)
[25.226s][info ][gc,heap        ] GC(794) ParOldGen: 4178K(349696K)->4178K(349696K)
[25.226s][info ][gc,metaspace   ] GC(794) Metaspace: 9579K(9856K)->9579K(9856K) NonClass: 8510K(8640K)->8510K(8640K) Class: 1069K(1216K)->1069K(1216K)
[25.226s][info ][gc             ] GC(794) Pause Young (Allocation Failure) 259M->4M(589M) 0.255ms
[25.226s][info ][gc,cpu         ] GC(794) User=0.00s Sys=0.00s Real=0.00s
[25.244s][info ][gc,start       ] GC(795) Pause Young (Allocation Failure)
[25.244s][debug][gc,age         ] GC(795) Desired survivor size 1048576 bytes, new threshold 1 (max threshold 15)
[25.244s][info ][gc,heap        ] GC(795) PSYoungGen: 253507K(253952K)->454K(246272K) Eden: 253411K(253440K)->0K(245248K) From: 96K(512K)->454K(1024K)
[25.244s][info ][gc,heap        ] GC(795) ParOldGen: 4178K(349696K)->4178K(349696K)
[25.244s][info ][gc,metaspace   ] GC(795) Metaspace: 9579K(9856K)->9579K(9856K) NonClass: 8510K(8640K)->8510K(8640K) Class: 1069K(1216K)->1069K(1216K)
[25.244s][info ][gc             ] GC(795) Pause Young (Allocation Failure) 251M->4M(582M) 0.263ms
[25.244s][info ][gc,cpu         ] GC(795) User=0.00s Sys=0.00s Real=0.00s
[25.262s][info ][gc,start       ] GC(796) Pause Young (Allocation Failure)
[25.263s][debug][gc,age         ] GC(796) Desired survivor size 1048576 bytes, new threshold 1 (max threshold 15)
[25.263s][info ][gc,heap        ] GC(796) PSYoungGen: 245514K(246272K)->454K(294912K) Eden: 245059K(245248K)->0K(294400K) From: 454K(1024K)->454K(512K)
[25.263s][info ][gc,heap        ] GC(796) ParOldGen: 4178K(349696K)->4178K(349696K)
[25.263s][info ][gc,metaspace   ] GC(796) Metaspace: 9579K(9856K)->9579K(9856K) NonClass: 8510K(8640K)->8510K(8640K) Class: 1069K(1216K)->1069K(1216K)
[25.263s][info ][gc             ] GC(796) Pause Young (Allocation Failure) 243M->4M(629M) 0.280ms
[25.263s][info ][gc,cpu         ] GC(796) User=0.00s Sys=0.00s Real=0.00s
[25.284s][info ][gc,start       ] GC(797) Pause Young (Allocation Failure)
[25.284s][debug][gc,age         ] GC(797) Desired survivor size 1048576 bytes, new threshold 1 (max threshold 15)
[25.284s][info ][gc,heap        ] GC(797) PSYoungGen: 294598K(294912K)->486K(285696K) Eden: 294143K(294400K)->0K(284672K) From: 454K(512K)->486K(1024K)
[25.284s][info ][gc,heap        ] GC(797) ParOldGen: 4178K(349696K)->4178K(349696K)
[25.284s][info ][gc,metaspace   ] GC(797) Metaspace: 9579K(9856K)->9579K(9856K) NonClass: 8510K(8640K)->8510K(8640K) Class: 1069K(1216K)->1069K(1216K)
[25.284s][info ][gc             ] GC(797) Pause Young (Allocation Failure) 291M->4M(620M) 0.206ms
[25.284s][info ][gc,cpu         ] GC(797) User=0.00s Sys=0.00s Real=0.00s
[25.305s][info ][gc,start       ] GC(798) Pause Young (Allocation Failure)
[25.306s][debug][gc,age         ] GC(798) Desired survivor size 1048576 bytes, new threshold 1 (max threshold 15)
[25.306s][info ][gc,heap        ] GC(798) PSYoungGen: 285158K(285696K)->96K(275456K) Eden: 284672K(284672K)->0K(274944K) From: 486K(1024K)->96K(512K)
[25.306s][info ][gc,heap        ] GC(798) ParOldGen: 4178K(349696K)->4178K(349696K)
[25.306s][info ][gc,metaspace   ] GC(798) Metaspace: 9579K(9856K)->9579K(9856K) NonClass: 8510K(8640K)->8510K(8640K) Class: 1069K(1216K)->1069K(1216K)
[25.306s][info ][gc             ] GC(798) Pause Young (Allocation Failure) 282M->4M(610M) 0.297ms
[25.306s][info ][gc,cpu         ] GC(798) User=0.00s Sys=0.00s Real=0.00s
[25.326s][info ][gc,start       ] GC(799) Pause Young (Allocation Failure)
[25.326s][debug][gc,age         ] GC(799) Desired survivor size 1048576 bytes, new threshold 1 (max threshold 15)
[25.326s][info ][gc,heap        ] GC(799) PSYoungGen: 274933K(275456K)->96K(266752K) Eden: 274837K(274944K)->0K(265728K) From: 96K(512K)->96K(1024K)
[25.326s][info ][gc,heap        ] GC(799) ParOldGen: 4178K(349696K)->4178K(349696K)
[25.326s][info ][gc,metaspace   ] GC(799) Metaspace: 9579K(9856K)->9579K(9856K) NonClass: 8510K(8640K)->8510K(8640K) Class: 1069K(1216K)->1069K(1216K)
[25.326s][info ][gc             ] GC(799) Pause Young (Allocation Failure) 272M->4M(602M) 0.267ms
[25.326s][info ][gc,cpu         ] GC(799) User=0.00s Sys=0.00s Real=0.00s
[25.345s][info ][gc,start       ] GC(800) Pause Young (Allocation Failure)
[25.346s][debug][gc,age         ] GC(800) Desired survivor size 1048576 bytes, new threshold 1 (max threshold 15)
[25.346s][info ][gc,heap        ] GC(800) PSYoungGen: 265612K(266752K)->486K(257536K) Eden: 265516K(265728K)->0K(257024K) From: 96K(1024K)->486K(512K)
[25.346s][info ][gc,heap        ] GC(800) ParOldGen: 4178K(349696K)->4178K(349696K)
[25.346s][info ][gc,metaspace   ] GC(800) Metaspace: 9579K(9856K)->9579K(9856K) NonClass: 8510K(8640K)->8510K(8640K) Class: 1069K(1216K)->1069K(1216K)
[25.346s][info ][gc             ] GC(800) Pause Young (Allocation Failure) 263M->4M(593M) 0.255ms
[25.346s][info ][gc,cpu         ] GC(800) User=0.00s Sys=0.00s Real=0.00s
[25.365s][info ][gc,start       ] GC(801) Pause Young (Allocation Failure)
[25.365s][debug][gc,age         ] GC(801) Desired survivor size 1048576 bytes, new threshold 1 (max threshold 15)
[25.365s][info ][gc,heap        ] GC(801) PSYoungGen: 257494K(257536K)->454K(249856K) Eden: 257007K(257024K)->0K(248832K) From: 486K(512K)->454K(1024K)
[25.365s][info ][gc,heap        ] GC(801) ParOldGen: 4178K(349696K)->4178K(349696K)
[25.365s][info ][gc,metaspace   ] GC(801) Metaspace: 9579K(9856K)->9579K(9856K) NonClass: 8510K(8640K)->8510K(8640K) Class: 1069K(1216K)->1069K(1216K)
[25.365s][info ][gc             ] GC(801) Pause Young (Allocation Failure) 255M->4M(585M) 0.228ms
[25.365s][info ][gc,cpu         ] GC(801) User=0.00s Sys=0.00s Real=0.00s
[25.384s][info ][gc,start       ] GC(802) Pause Young (Allocation Failure)
[25.384s][debug][gc,age         ] GC(802) Desired survivor size 1048576 bytes, new threshold 1 (max threshold 15)
[25.384s][info ][gc,heap        ] GC(802) PSYoungGen: 249153K(249856K)->96K(299520K) Eden: 248698K(248832K)->0K(299008K) From: 454K(1024K)->96K(512K)
[25.384s][info ][gc,heap        ] GC(802) ParOldGen: 4178K(349696K)->4178K(349696K)
[25.384s][info ][gc,metaspace   ] GC(802) Metaspace: 9579K(9856K)->9579K(9856K) NonClass: 8510K(8640K)->8510K(8640K) Class: 1069K(1216K)->1069K(1216K)
[25.384s][info ][gc             ] GC(802) Pause Young (Allocation Failure) 247M->4M(634M) 0.517ms
[25.384s][info ][gc,cpu         ] GC(802) User=0.00s Sys=0.00s Real=0.00s
[25.407s][info ][gc,start       ] GC(803) Pause Young (Allocation Failure)
[25.407s][debug][gc,age         ] GC(803) Desired survivor size 1048576 bytes, new threshold 1 (max threshold 15)
[25.407s][info ][gc,heap        ] GC(803) PSYoungGen: 298851K(299520K)->486K(289792K) Eden: 298755K(299008K)->0K(288768K) From: 96K(512K)->486K(1024K)
[25.407s][info ][gc,heap        ] GC(803) ParOldGen: 4178K(349696K)->4178K(349696K)
[25.407s][info ][gc,metaspace   ] GC(803) Metaspace: 9579K(9856K)->9579K(9856K) NonClass: 8510K(8640K)->8510K(8640K) Class: 1069K(1216K)->1069K(1216K)
[25.407s][info ][gc             ] GC(803) Pause Young (Allocation Failure) 295M->4M(624M) 0.286ms
[25.407s][info ][gc,cpu         ] GC(803) User=0.00s Sys=0.00s Real=0.00s
[25.428s][info ][gc,start       ] GC(804) Pause Young (Allocation Failure)
[25.429s][debug][gc,age         ] GC(804) Desired survivor size 1048576 bytes, new threshold 1 (max threshold 15)
[25.429s][info ][gc,heap        ] GC(804) PSYoungGen: 289254K(289792K)->96K(279552K) Eden: 288768K(288768K)->0K(279040K) From: 486K(1024K)->96K(512K)
[25.429s][info ][gc,heap        ] GC(804) ParOldGen: 4178K(349696K)->4178K(349696K)
[25.429s][info ][gc,metaspace   ] GC(804) Metaspace: 9579K(9856K)->9579K(9856K) NonClass: 8510K(8640K)->8510K(8640K) Class: 1069K(1216K)->1069K(1216K)
[25.429s][info ][gc             ] GC(804) Pause Young (Allocation Failure) 286M->4M(614M) 0.199ms
[25.429s][info ][gc,cpu         ] GC(804) User=0.00s Sys=0.00s Real=0.00s
[25.449s][info ][gc,start       ] GC(805) Pause Young (Allocation Failure)
[25.449s][debug][gc,age         ] GC(805) Desired survivor size 1048576 bytes, new threshold 1 (max threshold 15)
[25.449s][info ][gc,heap        ] GC(805) PSYoungGen: 279136K(279552K)->454K(270848K) Eden: 279040K(279040K)->0K(269824K) From: 96K(512K)->454K(1024K)
[25.449s][info ][gc,heap        ] GC(805) ParOldGen: 4178K(349696K)->4178K(349696K)
[25.449s][info ][gc,metaspace   ] GC(805) Metaspace: 9579K(9856K)->9579K(9856K) NonClass: 8510K(8640K)->8510K(8640K) Class: 1069K(1216K)->1069K(1216K)
[25.449s][info ][gc             ] GC(805) Pause Young (Allocation Failure) 276M->4M(606M) 0.230ms
[25.449s][info ][gc,cpu         ] GC(805) User=0.00s Sys=0.00s Real=0.00s
[25.469s][info ][gc,start       ] GC(806) Pause Young (Allocation Failure)
[25.469s][debug][gc,age         ] GC(806) Desired survivor size 1048576 bytes, new threshold 1 (max threshold 15)
[25.469s][info ][gc,heap        ] GC(806) PSYoungGen: 270278K(270848K)->64K(261632K) Eden: 269824K(269824K)->0K(261120K) From: 454K(1024K)->64K(512K)
[25.469s][info ][gc,heap        ] GC(806) ParOldGen: 4178K(349696K)->4178K(349696K)
[25.469s][info ][gc,metaspace   ] GC(806) Metaspace: 9579K(9856K)->9579K(9856K) NonClass: 8510K(8640K)->8510K(8640K) Class: 1069K(1216K)->1069K(1216K)
[25.469s][info ][gc             ] GC(806) Pause Young (Allocation Failure) 268M->4M(597M) 0.243ms
[25.469s][info ][gc,cpu         ] GC(806) User=0.00s Sys=0.00s Real=0.00s
[25.488s][info ][gc,start       ] GC(807) Pause Young (Allocation Failure)
[25.489s][debug][gc,age         ] GC(807) Desired survivor size 1048576 bytes, new threshold 1 (max threshold 15)
[25.489s][info ][gc,heap        ] GC(807) PSYoungGen: 260824K(261632K)->96K(253952K) Eden: 260760K(261120K)->0K(252928K) From: 64K(512K)->96K(1024K)
[25.489s][info ][gc,heap        ] GC(807) ParOldGen: 4178K(349696K)->4178K(349696K)
[25.489s][info ][gc,metaspace   ] GC(807) Metaspace: 9579K(9856K)->9579K(9856K) NonClass: 8510K(8640K)->8510K(8640K) Class: 1069K(1216K)->1069K(1216K)
[25.489s][info ][gc             ] GC(807) Pause Young (Allocation Failure) 258M->4M(589M) 0.260ms
[25.489s][info ][gc,cpu         ] GC(807) User=0.00s Sys=0.00s Real=0.00s
[25.507s][info ][gc,start       ] GC(808) Pause Young (Allocation Failure)
[25.507s][debug][gc,age         ] GC(808) Desired survivor size 1048576 bytes, new threshold 1 (max threshold 15)
[25.508s][info ][gc,heap        ] GC(808) PSYoungGen: 252737K(253952K)->486K(245248K) Eden: 252641K(252928K)->0K(244736K) From: 96K(1024K)->486K(512K)
[25.508s][info ][gc,heap        ] GC(808) ParOldGen: 4178K(349696K)->4178K(349696K)
[25.508s][info ][gc,metaspace   ] GC(808) Metaspace: 9579K(9856K)->9579K(9856K) NonClass: 8510K(8640K)->8510K(8640K) Class: 1069K(1216K)->1069K(1216K)
[25.508s][info ][gc             ] GC(808) Pause Young (Allocation Failure) 250M->4M(581M) 0.253ms
[25.508s][info ][gc,cpu         ] GC(808) User=0.00s Sys=0.00s Real=0.00s
[25.525s][info ][gc,start       ] GC(809) Pause Young (Allocation Failure)
[25.526s][debug][gc,age         ] GC(809) Desired survivor size 1048576 bytes, new threshold 1 (max threshold 15)
[25.526s][info ][gc,heap        ] GC(809) PSYoungGen: 244905K(245248K)->486K(238080K) Eden: 244419K(244736K)->0K(237056K) From: 486K(512K)->486K(1024K)
[25.526s][info ][gc,heap        ] GC(809) ParOldGen: 4178K(349696K)->4178K(349696K)
[25.526s][info ][gc,metaspace   ] GC(809) Metaspace: 9579K(9856K)->9579K(9856K) NonClass: 8510K(8640K)->8510K(8640K) Class: 1069K(1216K)->1069K(1216K)
[25.526s][info ][gc             ] GC(809) Pause Young (Allocation Failure) 243M->4M(574M) 0.270ms
[25.526s][info ][gc,cpu         ] GC(809) User=0.00s Sys=0.00s Real=0.00s
[25.543s][info ][gc,start       ] GC(810) Pause Young (Allocation Failure)
[25.543s][debug][gc,age         ] GC(810) Desired survivor size 1048576 bytes, new threshold 1 (max threshold 15)
[25.543s][info ][gc,heap        ] GC(810) PSYoungGen: 237370K(238080K)->96K(230400K) Eden: 236883K(237056K)->0K(229888K) From: 486K(1024K)->96K(512K)
[25.543s][info ][gc,heap        ] GC(810) ParOldGen: 4178K(349696K)->4178K(349696K)
[25.543s][info ][gc,metaspace   ] GC(810) Metaspace: 9579K(9856K)->9579K(9856K) NonClass: 8510K(8640K)->8510K(8640K) Class: 1069K(1216K)->1069K(1216K)
[25.543s][info ][gc             ] GC(810) Pause Young (Allocation Failure) 235M->4M(566M) 0.255ms
[25.543s][info ][gc,cpu         ] GC(810) User=0.00s Sys=0.00s Real=0.00s
[25.560s][info ][gc,start       ] GC(811) Pause Young (Allocation Failure)
[25.561s][debug][gc,age         ] GC(811) Desired survivor size 1048576 bytes, new threshold 1 (max threshold 15)
[25.561s][info ][gc,heap        ] GC(811) PSYoungGen: 229975K(230400K)->486K(276992K) Eden: 229879K(229888K)->0K(275968K) From: 96K(512K)->486K(1024K)
[25.561s][info ][gc,heap        ] GC(811) ParOldGen: 4178K(349696K)->4178K(349696K)
[25.561s][info ][gc,metaspace   ] GC(811) Metaspace: 9579K(9856K)->9579K(9856K) NonClass: 8510K(8640K)->8510K(8640K) Class: 1069K(1216K)->1069K(1216K)
[25.561s][info ][gc             ] GC(811) Pause Young (Allocation Failure) 228M->4M(612M) 0.275ms
[25.561s][info ][gc,cpu         ] GC(811) User=0.00s Sys=0.00s Real=0.00s
[25.581s][info ][gc,start       ] GC(812) Pause Young (Allocation Failure)
[25.581s][debug][gc,age         ] GC(812) Desired survivor size 1048576 bytes, new threshold 1 (max threshold 15)
[25.581s][info ][gc,heap        ] GC(812) PSYoungGen: 276203K(276992K)->454K(267264K) Eden: 275717K(275968K)->0K(266752K) From: 486K(1024K)->454K(512K)
[25.581s][info ][gc,heap        ] GC(812) ParOldGen: 4178K(349696K)->4178K(349696K)
[25.581s][info ][gc,metaspace   ] GC(812) Metaspace: 9579K(9856K)->9579K(9856K) NonClass: 8510K(8640K)->8510K(8640K) Class: 1069K(1216K)->1069K(1216K)
[25.581s][info ][gc             ] GC(812) Pause Young (Allocation Failure) 273M->4M(602M) 0.250ms
[25.581s][info ][gc,cpu         ] GC(812) User=0.00s Sys=0.00s Real=0.00s
[25.601s][info ][gc,start       ] GC(813) Pause Young (Allocation Failure)
[25.601s][debug][gc,age         ] GC(813) Desired survivor size 1048576 bytes, new threshold 1 (max threshold 15)
[25.601s][info ][gc,heap        ] GC(813) PSYoungGen: 266866K(267264K)->486K(259072K) Eden: 266411K(266752K)->0K(258048K) From: 454K(512K)->486K(1024K)
[25.601s][info ][gc,heap        ] GC(813) ParOldGen: 4178K(349696K)->4178K(349696K)
[25.601s][info ][gc,metaspace   ] GC(813) Metaspace: 9579K(9856K)->9579K(9856K) NonClass: 8510K(8640K)->8510K(8640K) Class: 1069K(1216K)->1069K(1216K)
[25.601s][info ][gc             ] GC(813) Pause Young (Allocation Failure) 264M->4M(594M) 0.263ms
[25.601s][info ][gc,cpu         ] GC(813) User=0.00s Sys=0.00s Real=0.00s
[25.620s][info ][gc,start       ] GC(814) Pause Young (Allocation Failure)
[25.620s][debug][gc,age         ] GC(814) Desired survivor size 1048576 bytes, new threshold 1 (max threshold 15)
[25.620s][info ][gc,heap        ] GC(814) PSYoungGen: 258534K(259072K)->64K(250368K) Eden: 258048K(258048K)->0K(249856K) From: 486K(1024K)->64K(512K)
[25.620s][info ][gc,heap        ] GC(814) ParOldGen: 4178K(349696K)->4178K(349696K)
[25.620s][info ][gc,metaspace   ] GC(814) Metaspace: 9579K(9856K)->9579K(9856K) NonClass: 8510K(8640K)->8510K(8640K) Class: 1069K(1216K)->1069K(1216K)
[25.620s][info ][gc             ] GC(814) Pause Young (Allocation Failure) 256M->4M(586M) 0.243ms
[25.620s][info ][gc,cpu         ] GC(814) User=0.00s Sys=0.00s Real=0.00s
[25.638s][info ][gc,start       ] GC(815) Pause Young (Allocation Failure)
[25.638s][debug][gc,age         ] GC(815) Desired survivor size 1048576 bytes, new threshold 1 (max threshold 15)
[25.638s][info ][gc,heap        ] GC(815) PSYoungGen: 249849K(250368K)->96K(243200K) Eden: 249785K(249856K)->0K(242176K) From: 64K(512K)->96K(1024K)
[25.638s][info ][gc,heap        ] GC(815) ParOldGen: 4178K(349696K)->4178K(349696K)
[25.638s][info ][gc,metaspace   ] GC(815) Metaspace: 9579K(9856K)->9579K(9856K) NonClass: 8510K(8640K)->8510K(8640K) Class: 1069K(1216K)->1069K(1216K)
[25.638s][info ][gc             ] GC(815) Pause Young (Allocation Failure) 248M->4M(579M) 0.226ms
[25.638s][info ][gc,cpu         ] GC(815) User=0.00s Sys=0.00s Real=0.00s
[25.656s][info ][gc,start       ] GC(816) Pause Young (Allocation Failure)
[25.657s][debug][gc,age         ] GC(816) Desired survivor size 1048576 bytes, new threshold 1 (max threshold 15)
[25.657s][info ][gc,heap        ] GC(816) PSYoungGen: 242023K(243200K)->454K(235008K) Eden: 241927K(242176K)->0K(234496K) From: 96K(1024K)->454K(512K)
[25.657s][info ][gc,heap        ] GC(816) ParOldGen: 4178K(349696K)->4178K(349696K)
[25.657s][info ][gc,metaspace   ] GC(816) Metaspace: 9579K(9856K)->9579K(9856K) NonClass: 8510K(8640K)->8510K(8640K) Class: 1069K(1216K)->1069K(1216K)
[25.657s][info ][gc             ] GC(816) Pause Young (Allocation Failure) 240M->4M(571M) 0.249ms
[25.657s][info ][gc,cpu         ] GC(816) User=0.01s Sys=0.01s Real=0.00s
[25.674s][info ][gc,start       ] GC(817) Pause Young (Allocation Failure)
[25.674s][debug][gc,age         ] GC(817) Desired survivor size 1048576 bytes, new threshold 1 (max threshold 15)
[25.674s][info ][gc,heap        ] GC(817) PSYoungGen: 234801K(235008K)->454K(228352K) Eden: 234347K(234496K)->0K(227328K) From: 454K(512K)->454K(1024K)
[25.674s][info ][gc,heap        ] GC(817) ParOldGen: 4178K(349696K)->4178K(349696K)
[25.674s][info ][gc,metaspace   ] GC(817) Metaspace: 9579K(9856K)->9579K(9856K) NonClass: 8510K(8640K)->8510K(8640K) Class: 1069K(1216K)->1069K(1216K)
[25.674s][info ][gc             ] GC(817) Pause Young (Allocation Failure) 233M->4M(564M) 0.248ms
[25.674s][info ][gc,cpu         ] GC(817) User=0.00s Sys=0.00s Real=0.00s
[25.691s][info ][gc,start       ] GC(818) Pause Young (Allocation Failure)
[25.691s][debug][gc,age         ] GC(818) Desired survivor size 1048576 bytes, new threshold 1 (max threshold 15)
[25.691s][info ][gc,heap        ] GC(818) PSYoungGen: 227734K(228352K)->454K(273408K) Eden: 227280K(227328K)->0K(272896K) From: 454K(1024K)->454K(512K)
[25.691s][info ][gc,heap        ] GC(818) ParOldGen: 4178K(349696K)->4178K(349696K)
[25.691s][info ][gc,metaspace   ] GC(818) Metaspace: 9579K(9856K)->9579K(9856K) NonClass: 8510K(8640K)->8510K(8640K) Class: 1069K(1216K)->1069K(1216K)
[25.691s][info ][gc             ] GC(818) Pause Young (Allocation Failure) 226M->4M(608M) 0.571ms
[25.691s][info ][gc,cpu         ] GC(818) User=0.00s Sys=0.00s Real=0.00s
[25.711s][info ][gc,start       ] GC(819) Pause Young (Allocation Failure)
[25.711s][debug][gc,age         ] GC(819) Desired survivor size 1048576 bytes, new threshold 1 (max threshold 15)
[25.712s][info ][gc,heap        ] GC(819) PSYoungGen: 273071K(273408K)->486K(265216K) Eden: 272617K(272896K)->0K(264192K) From: 454K(512K)->486K(1024K)
[25.712s][info ][gc,heap        ] GC(819) ParOldGen: 4178K(349696K)->4178K(349696K)
[25.712s][info ][gc,metaspace   ] GC(819) Metaspace: 9579K(9856K)->9579K(9856K) NonClass: 8510K(8640K)->8510K(8640K) Class: 1069K(1216K)->1069K(1216K)
[25.712s][info ][gc             ] GC(819) Pause Young (Allocation Failure) 270M->4M(600M) 0.272ms
[25.712s][info ][gc,cpu         ] GC(819) User=0.00s Sys=0.00s Real=0.00s
[25.731s][info ][gc,start       ] GC(820) Pause Young (Allocation Failure)
[25.731s][debug][gc,age         ] GC(820) Desired survivor size 1048576 bytes, new threshold 1 (max threshold 15)
[25.731s][info ][gc,heap        ] GC(820) PSYoungGen: 264532K(265216K)->454K(256000K) Eden: 264045K(264192K)->0K(255488K) From: 486K(1024K)->454K(512K)
[25.731s][info ][gc,heap        ] GC(820) ParOldGen: 4178K(349696K)->4178K(349696K)
[25.731s][info ][gc,metaspace   ] GC(820) Metaspace: 9579K(9856K)->9579K(9856K) NonClass: 8510K(8640K)->8510K(8640K) Class: 1069K(1216K)->1069K(1216K)
[25.731s][info ][gc             ] GC(820) Pause Young (Allocation Failure) 262M->4M(591M) 0.259ms
[25.731s][info ][gc,cpu         ] GC(820) User=0.00s Sys=0.00s Real=0.00s
[25.750s][info ][gc,start       ] GC(821) Pause Young (Allocation Failure)
[25.750s][debug][gc,age         ] GC(821) Desired survivor size 1048576 bytes, new threshold 1 (max threshold 15)
[25.750s][info ][gc,heap        ] GC(821) PSYoungGen: 255942K(256000K)->96K(248320K) Eden: 255488K(255488K)->0K(247296K) From: 454K(512K)->96K(1024K)
[25.750s][info ][gc,heap        ] GC(821) ParOldGen: 4178K(349696K)->4178K(349696K)
[25.750s][info ][gc,metaspace   ] GC(821) Metaspace: 9579K(9856K)->9579K(9856K) NonClass: 8510K(8640K)->8510K(8640K) Class: 1069K(1216K)->1069K(1216K)
[25.750s][info ][gc             ] GC(821) Pause Young (Allocation Failure) 254M->4M(584M) 0.208ms
[25.750s][info ][gc,cpu         ] GC(821) User=0.00s Sys=0.00s Real=0.00s
[25.768s][info ][gc,start       ] GC(822) Pause Young (Allocation Failure)
[25.769s][debug][gc,age         ] GC(822) Desired survivor size 1048576 bytes, new threshold 1 (max threshold 15)
[25.769s][info ][gc,heap        ] GC(822) PSYoungGen: 247338K(248320K)->486K(240128K) Eden: 247242K(247296K)->0K(239616K) From: 96K(1024K)->486K(512K)
[25.769s][info ][gc,heap        ] GC(822) ParOldGen: 4178K(349696K)->4178K(349696K)
[25.769s][info ][gc,metaspace   ] GC(822) Metaspace: 9579K(9856K)->9579K(9856K) NonClass: 8510K(8640K)->8510K(8640K) Class: 1069K(1216K)->1069K(1216K)
[25.769s][info ][gc             ] GC(822) Pause Young (Allocation Failure) 245M->4M(576M) 0.238ms
[25.769s][info ][gc,cpu         ] GC(822) User=0.01s Sys=0.00s Real=0.00s
[25.786s][info ][gc,start       ] GC(823) Pause Young (Allocation Failure)
[25.786s][debug][gc,age         ] GC(823) Desired survivor size 1048576 bytes, new threshold 1 (max threshold 15)
[25.786s][info ][gc,heap        ] GC(823) PSYoungGen: 240102K(240128K)->128K(232960K) Eden: 239616K(239616K)->0K(231936K) From: 486K(512K)->128K(1024K)
[25.786s][info ][gc,heap        ] GC(823) ParOldGen: 4178K(349696K)->4178K(349696K)
[25.786s][info ][gc,metaspace   ] GC(823) Metaspace: 9579K(9856K)->9579K(9856K) NonClass: 8510K(8640K)->8510K(8640K) Class: 1069K(1216K)->1069K(1216K)
[25.786s][info ][gc             ] GC(823) Pause Young (Allocation Failure) 238M->4M(569M) 0.264ms
[25.786s][info ][gc,cpu         ] GC(823) User=0.00s Sys=0.00s Real=0.00s
[25.803s][info ][gc,start       ] GC(824) Pause Young (Allocation Failure)
[25.803s][debug][gc,age         ] GC(824) Desired survivor size 1048576 bytes, new threshold 1 (max threshold 15)
[25.803s][info ][gc,heap        ] GC(824) PSYoungGen: 232030K(232960K)->96K(225280K) Eden: 231902K(231936K)->0K(224768K) From: 128K(1024K)->96K(512K)
[25.803s][info ][gc,heap        ] GC(824) ParOldGen: 4178K(349696K)->4178K(349696K)
[25.803s][info ][gc,metaspace   ] GC(824) Metaspace: 9579K(9856K)->9579K(9856K) NonClass: 8510K(8640K)->8510K(8640K) Class: 1069K(1216K)->1069K(1216K)
[25.803s][info ][gc             ] GC(824) Pause Young (Allocation Failure) 230M->4M(561M) 0.243ms
[25.803s][info ][gc,cpu         ] GC(824) User=0.00s Sys=0.00s Real=0.00s
[25.820s][info ][gc,start       ] GC(825) Pause Young (Allocation Failure)
[25.823s][debug][gc,age         ] GC(825) Desired survivor size 1048576 bytes, new threshold 1 (max threshold 15)
[25.824s][info ][gc,heap        ] GC(825) PSYoungGen: 224591K(225280K)->486K(219136K) Eden: 224495K(224768K)->0K(218112K) From: 96K(512K)->486K(1024K)
[25.824s][info ][gc,heap        ] GC(825) ParOldGen: 4178K(349696K)->4178K(349696K)
[25.824s][info ][gc,metaspace   ] GC(825) Metaspace: 9579K(9856K)->9579K(9856K) NonClass: 8510K(8640K)->8510K(8640K) Class: 1069K(1216K)->1069K(1216K)
[25.824s][info ][gc             ] GC(825) Pause Young (Allocation Failure) 223M->4M(555M) 3.877ms
[25.824s][info ][gc,cpu         ] GC(825) User=0.00s Sys=0.00s Real=0.00s
[25.839s][info ][gc,start       ] GC(826) Pause Young (Allocation Failure)
[25.854s][debug][gc,age         ] GC(826) Desired survivor size 1048576 bytes, new threshold 1 (max threshold 15)
[25.854s][info ][gc,heap        ] GC(826) PSYoungGen: 218546K(219136K)->64K(211968K) Eden: 218060K(218112K)->0K(211456K) From: 486K(1024K)->64K(512K)
[25.854s][info ][gc,heap        ] GC(826) ParOldGen: 4178K(349696K)->4178K(349696K)
[25.854s][info ][gc,metaspace   ] GC(826) Metaspace: 9579K(9856K)->9579K(9856K) NonClass: 8510K(8640K)->8510K(8640K) Class: 1069K(1216K)->1069K(1216K)
[25.854s][info ][gc             ] GC(826) Pause Young (Allocation Failure) 217M->4M(548M) 15.425ms
[25.854s][info ][gc,cpu         ] GC(826) User=0.00s Sys=0.00s Real=0.01s
[25.869s][info ][gc,start       ] GC(827) Pause Young (Allocation Failure)
[25.870s][debug][gc,age         ] GC(827) Desired survivor size 1048576 bytes, new threshold 1 (max threshold 15)
[25.870s][info ][gc,heap        ] GC(827) PSYoungGen: 211217K(211968K)->454K(254976K) Eden: 211153K(211456K)->0K(253952K) From: 64K(512K)->454K(1024K)
[25.870s][info ][gc,heap        ] GC(827) ParOldGen: 4178K(349696K)->4178K(349696K)
[25.870s][info ][gc,metaspace   ] GC(827) Metaspace: 9579K(9856K)->9579K(9856K) NonClass: 8510K(8640K)->8510K(8640K) Class: 1069K(1216K)->1069K(1216K)
[25.870s][info ][gc             ] GC(827) Pause Young (Allocation Failure) 210M->4M(590M) 0.328ms
[25.870s][info ][gc,cpu         ] GC(827) User=0.00s Sys=0.00s Real=0.00s
[25.888s][info ][gc,start       ] GC(828) Pause Young (Allocation Failure)
[25.889s][debug][gc,age         ] GC(828) Desired survivor size 1048576 bytes, new threshold 1 (max threshold 15)
[25.889s][info ][gc,heap        ] GC(828) PSYoungGen: 254406K(254976K)->96K(305664K) Eden: 253952K(253952K)->0K(305152K) From: 454K(1024K)->96K(512K)
[25.889s][info ][gc,heap        ] GC(828) ParOldGen: 4178K(349696K)->4178K(349696K)
[25.889s][info ][gc,metaspace   ] GC(828) Metaspace: 9579K(9856K)->9579K(9856K) NonClass: 8510K(8640K)->8510K(8640K) Class: 1069K(1216K)->1069K(1216K)
[25.889s][info ][gc             ] GC(828) Pause Young (Allocation Failure) 252M->4M(640M) 0.250ms
[25.889s][info ][gc,cpu         ] GC(828) User=0.00s Sys=0.00s Real=0.00s
[25.911s][info ][gc,start       ] GC(829) Pause Young (Allocation Failure)
[25.912s][debug][gc,age         ] GC(829) Desired survivor size 1048576 bytes, new threshold 1 (max threshold 15)
[25.912s][info ][gc,heap        ] GC(829) PSYoungGen: 305248K(305664K)->96K(295936K) Eden: 305152K(305152K)->0K(294912K) From: 96K(512K)->96K(1024K)
[25.912s][info ][gc,heap        ] GC(829) ParOldGen: 4178K(349696K)->4178K(349696K)
[25.912s][info ][gc,metaspace   ] GC(829) Metaspace: 9579K(9856K)->9579K(9856K) NonClass: 8510K(8640K)->8510K(8640K) Class: 1069K(1216K)->1069K(1216K)
[25.912s][info ][gc             ] GC(829) Pause Young (Allocation Failure) 302M->4M(630M) 0.223ms
[25.912s][info ][gc,cpu         ] GC(829) User=0.00s Sys=0.00s Real=0.00s
[25.933s][info ][gc,start       ] GC(830) Pause Young (Allocation Failure)
[25.933s][debug][gc,age         ] GC(830) Desired survivor size 1048576 bytes, new threshold 1 (max threshold 15)
[25.933s][info ][gc,heap        ] GC(830) PSYoungGen: 294708K(295936K)->96K(285696K) Eden: 294612K(294912K)->0K(285184K) From: 96K(1024K)->96K(512K)
[25.933s][info ][gc,heap        ] GC(830) ParOldGen: 4178K(349696K)->4178K(349696K)
[25.933s][info ][gc,metaspace   ] GC(830) Metaspace: 9579K(9856K)->9579K(9856K) NonClass: 8510K(8640K)->8510K(8640K) Class: 1069K(1216K)->1069K(1216K)
[25.933s][info ][gc             ] GC(830) Pause Young (Allocation Failure) 291M->4M(620M) 0.270ms
[25.933s][info ][gc,cpu         ] GC(830) User=0.00s Sys=0.00s Real=0.00s
[25.954s][info ][gc,start       ] GC(831) Pause Young (Allocation Failure)
[25.954s][debug][gc,age         ] GC(831) Desired survivor size 1048576 bytes, new threshold 1 (max threshold 15)
[25.954s][info ][gc,heap        ] GC(831) PSYoungGen: 285153K(285696K)->96K(276480K) Eden: 285057K(285184K)->0K(275456K) From: 96K(512K)->96K(1024K)
[25.954s][info ][gc,heap        ] GC(831) ParOldGen: 4178K(349696K)->4178K(349696K)
[25.954s][info ][gc,metaspace   ] GC(831) Metaspace: 9579K(9856K)->9579K(9856K) NonClass: 8510K(8640K)->8510K(8640K) Class: 1069K(1216K)->1069K(1216K)
[25.954s][info ][gc             ] GC(831) Pause Young (Allocation Failure) 282M->4M(611M) 0.250ms
[25.954s][info ][gc,cpu         ] GC(831) User=0.00s Sys=0.00s Real=0.00s
[25.974s][info ][gc,start       ] GC(832) Pause Young (Allocation Failure)
[25.975s][debug][gc,age         ] GC(832) Desired survivor size 1048576 bytes, new threshold 1 (max threshold 15)
[25.975s][info ][gc,heap        ] GC(832) PSYoungGen: 275190K(276480K)->96K(266752K) Eden: 275094K(275456K)->0K(266240K) From: 96K(1024K)->96K(512K)
[25.975s][info ][gc,heap        ] GC(832) ParOldGen: 4178K(349696K)->4178K(349696K)
[25.975s][info ][gc,metaspace   ] GC(832) Metaspace: 9579K(9856K)->9579K(9856K) NonClass: 8510K(8640K)->8510K(8640K) Class: 1069K(1216K)->1069K(1216K)
[25.975s][info ][gc             ] GC(832) Pause Young (Allocation Failure) 272M->4M(602M) 0.261ms
[25.975s][info ][gc,cpu         ] GC(832) User=0.00s Sys=0.00s Real=0.00s
[25.994s][info ][gc,start       ] GC(833) Pause Young (Allocation Failure)
[25.994s][debug][gc,age         ] GC(833) Desired survivor size 1048576 bytes, new threshold 1 (max threshold 15)
[25.994s][info ][gc,heap        ] GC(833) PSYoungGen: 266275K(266752K)->454K(258560K) Eden: 266179K(266240K)->0K(257536K) From: 96K(512K)->454K(1024K)
[25.994s][info ][gc,heap        ] GC(833) ParOldGen: 4178K(349696K)->4178K(349696K)
[25.994s][info ][gc,metaspace   ] GC(833) Metaspace: 9579K(9856K)->9579K(9856K) NonClass: 8510K(8640K)->8510K(8640K) Class: 1069K(1216K)->1069K(1216K)
[25.994s][info ][gc             ] GC(833) Pause Young (Allocation Failure) 264M->4M(594M) 0.256ms
[25.994s][info ][gc,cpu         ] GC(833) User=0.00s Sys=0.00s Real=0.00s
[26.014s][info ][gc,start       ] GC(834) Pause Young (Allocation Failure)
[26.014s][debug][gc,age         ] GC(834) Desired survivor size 1048576 bytes, new threshold 1 (max threshold 15)
[26.014s][info ][gc,heap        ] GC(834) PSYoungGen: 257861K(258560K)->96K(249856K) Eden: 257406K(257536K)->0K(249344K) From: 454K(1024K)->96K(512K)
[26.014s][info ][gc,heap        ] GC(834) ParOldGen: 4178K(349696K)->4178K(349696K)
[26.014s][info ][gc,metaspace   ] GC(834) Metaspace: 9579K(9856K)->9579K(9856K) NonClass: 8510K(8640K)->8510K(8640K) Class: 1069K(1216K)->1069K(1216K)
[26.014s][info ][gc             ] GC(834) Pause Young (Allocation Failure) 255M->4M(585M) 0.256ms
[26.014s][info ][gc,cpu         ] GC(834) User=0.00s Sys=0.00s Real=0.00s
[26.032s][info ][gc,start       ] GC(835) Pause Young (Allocation Failure)
[26.032s][debug][gc,age         ] GC(835) Desired survivor size 1048576 bytes, new threshold 1 (max threshold 15)
[26.032s][info ][gc,heap        ] GC(835) PSYoungGen: 249159K(249856K)->96K(242688K) Eden: 249063K(249344K)->0K(241664K) From: 96K(512K)->96K(1024K)
[26.032s][info ][gc,heap        ] GC(835) ParOldGen: 4178K(349696K)->4178K(349696K)
[26.032s][info ][gc,metaspace   ] GC(835) Metaspace: 9579K(9856K)->9579K(9856K) NonClass: 8510K(8640K)->8510K(8640K) Class: 1069K(1216K)->1069K(1216K)
[26.032s][info ][gc             ] GC(835) Pause Young (Allocation Failure) 247M->4M(578M) 0.274ms
[26.032s][info ][gc,cpu         ] GC(835) User=0.00s Sys=0.00s Real=0.00s
[26.050s][info ][gc,start       ] GC(836) Pause Young (Allocation Failure)
[26.050s][debug][gc,age         ] GC(836) Desired survivor size 1048576 bytes, new threshold 1 (max threshold 15)
[26.050s][info ][gc,heap        ] GC(836) PSYoungGen: 241706K(242688K)->454K(234496K) Eden: 241610K(241664K)->0K(233984K) From: 96K(1024K)->454K(512K)
[26.050s][info ][gc,heap        ] GC(836) ParOldGen: 4178K(349696K)->4178K(349696K)
[26.050s][info ][gc,metaspace   ] GC(836) Metaspace: 9579K(9856K)->9579K(9856K) NonClass: 8510K(8640K)->8510K(8640K) Class: 1069K(1216K)->1069K(1216K)
[26.050s][info ][gc             ] GC(836) Pause Young (Allocation Failure) 240M->4M(570M) 0.246ms
[26.050s][info ][gc,cpu         ] GC(836) User=0.00s Sys=0.00s Real=0.00s
[26.068s][info ][gc,start       ] GC(837) Pause Young (Allocation Failure)
[26.068s][debug][gc,age         ] GC(837) Desired survivor size 1048576 bytes, new threshold 1 (max threshold 15)
[26.068s][info ][gc,heap        ] GC(837) PSYoungGen: 234350K(234496K)->96K(227840K) Eden: 233895K(233984K)->0K(226816K) From: 454K(512K)->96K(1024K)
[26.068s][info ][gc,heap        ] GC(837) ParOldGen: 4178K(349696K)->4178K(349696K)
[26.068s][info ][gc,metaspace   ] GC(837) Metaspace: 9579K(9856K)->9579K(9856K) NonClass: 8510K(8640K)->8510K(8640K) Class: 1069K(1216K)->1069K(1216K)
[26.068s][info ][gc             ] GC(837) Pause Young (Allocation Failure) 232M->4M(564M) 0.252ms
[26.068s][info ][gc,cpu         ] GC(837) User=0.00s Sys=0.00s Real=0.00s
[26.085s][info ][gc,start       ] GC(838) Pause Young (Allocation Failure)
[26.085s][debug][gc,age         ] GC(838) Desired survivor size 1048576 bytes, new threshold 1 (max threshold 15)
[26.085s][info ][gc,heap        ] GC(838) PSYoungGen: 226586K(227840K)->96K(272896K) Eden: 226490K(226816K)->0K(272384K) From: 96K(1024K)->96K(512K)
[26.085s][info ][gc,heap        ] GC(838) ParOldGen: 4178K(349696K)->4178K(349696K)
[26.085s][info ][gc,metaspace   ] GC(838) Metaspace: 9579K(9856K)->9579K(9856K) NonClass: 8510K(8640K)->8510K(8640K) Class: 1069K(1216K)->1069K(1216K)
[26.085s][info ][gc             ] GC(838) Pause Young (Allocation Failure) 225M->4M(608M) 0.271ms
[26.085s][info ][gc,cpu         ] GC(838) User=0.00s Sys=0.00s Real=0.00s
[26.105s][info ][gc,start       ] GC(839) Pause Young (Allocation Failure)
[26.105s][debug][gc,age         ] GC(839) Desired survivor size 1048576 bytes, new threshold 1 (max threshold 15)
[26.105s][info ][gc,heap        ] GC(839) PSYoungGen: 272480K(272896K)->454K(310784K) Eden: 272384K(272384K)->0K(309760K) From: 96K(512K)->454K(1024K)
[26.105s][info ][gc,heap        ] GC(839) ParOldGen: 4178K(349696K)->4178K(349696K)
[26.105s][info ][gc,metaspace   ] GC(839) Metaspace: 9579K(9856K)->9579K(9856K) NonClass: 8510K(8640K)->8510K(8640K) Class: 1069K(1216K)->1069K(1216K)
[26.105s][info ][gc             ] GC(839) Pause Young (Allocation Failure) 270M->4M(645M) 0.298ms
[26.105s][info ][gc,cpu         ] GC(839) User=0.00s Sys=0.00s Real=0.01s
[26.128s][info ][gc,start       ] GC(840) Pause Young (Allocation Failure)
[26.128s][debug][gc,age         ] GC(840) Desired survivor size 1048576 bytes, new threshold 1 (max threshold 15)
[26.128s][info ][gc,heap        ] GC(840) PSYoungGen: 309886K(310784K)->486K(328192K) Eden: 309431K(309760K)->0K(327168K) From: 454K(1024K)->486K(1024K)
[26.128s][info ][gc,heap        ] GC(840) ParOldGen: 4178K(349696K)->4178K(349696K)
[26.128s][info ][gc,metaspace   ] GC(840) Metaspace: 9579K(9856K)->9579K(9856K) NonClass: 8510K(8640K)->8510K(8640K) Class: 1069K(1216K)->1069K(1216K)
[26.128s][info ][gc             ] GC(840) Pause Young (Allocation Failure) 306M->4M(662M) 0.317ms
[26.128s][info ][gc,cpu         ] GC(840) User=0.00s Sys=0.00s Real=0.00s
[26.153s][info ][gc,start       ] GC(841) Pause Young (Allocation Failure)
[26.154s][debug][gc,age         ] GC(841) Desired survivor size 1048576 bytes, new threshold 1 (max threshold 15)
[26.154s][info ][gc,heap        ] GC(841) PSYoungGen: 327362K(328192K)->486K(316416K) Eden: 326875K(327168K)->0K(315904K) From: 486K(1024K)->486K(512K)
[26.154s][info ][gc,heap        ] GC(841) ParOldGen: 4178K(349696K)->4178K(349696K)
[26.154s][info ][gc,metaspace   ] GC(841) Metaspace: 9579K(9856K)->9579K(9856K) NonClass: 8510K(8640K)->8510K(8640K) Class: 1069K(1216K)->1069K(1216K)
[26.154s][info ][gc             ] GC(841) Pause Young (Allocation Failure) 323M->4M(650M) 0.297ms
[26.154s][info ][gc,cpu         ] GC(841) User=0.00s Sys=0.00s Real=0.00s
[26.177s][info ][gc,start       ] GC(842) Pause Young (Allocation Failure)
[26.177s][debug][gc,age         ] GC(842) Desired survivor size 1048576 bytes, new threshold 1 (max threshold 15)
[26.177s][info ][gc,heap        ] GC(842) PSYoungGen: 316390K(316416K)->96K(305664K) Eden: 315904K(315904K)->0K(305152K) From: 486K(512K)->96K(512K)
[26.177s][info ][gc,heap        ] GC(842) ParOldGen: 4178K(349696K)->4178K(349696K)
[26.177s][info ][gc,metaspace   ] GC(842) Metaspace: 9579K(9856K)->9579K(9856K) NonClass: 8510K(8640K)->8510K(8640K) Class: 1069K(1216K)->1069K(1216K)
[26.177s][info ][gc             ] GC(842) Pause Young (Allocation Failure) 313M->4M(640M) 0.269ms
[26.177s][info ][gc,cpu         ] GC(842) User=0.00s Sys=0.00s Real=0.00s
[26.199s][info ][gc,start       ] GC(843) Pause Young (Allocation Failure)
[26.200s][debug][gc,age         ] GC(843) Desired survivor size 1048576 bytes, new threshold 1 (max threshold 15)
[26.200s][info ][gc,heap        ] GC(843) PSYoungGen: 305248K(305664K)->486K(295936K) Eden: 305152K(305152K)->0K(294912K) From: 96K(512K)->486K(1024K)
[26.200s][info ][gc,heap        ] GC(843) ParOldGen: 4178K(349696K)->4178K(349696K)
[26.200s][info ][gc,metaspace   ] GC(843) Metaspace: 9579K(9856K)->9579K(9856K) NonClass: 8510K(8640K)->8510K(8640K) Class: 1069K(1216K)->1069K(1216K)
[26.200s][info ][gc             ] GC(843) Pause Young (Allocation Failure) 302M->4M(630M) 0.269ms
[26.200s][info ][gc,cpu         ] GC(843) User=0.00s Sys=0.00s Real=0.00s
[26.221s][info ][gc,start       ] GC(844) Pause Young (Allocation Failure)
[26.222s][debug][gc,age         ] GC(844) Desired survivor size 1048576 bytes, new threshold 1 (max threshold 15)
[26.222s][info ][gc,heap        ] GC(844) PSYoungGen: 295398K(295936K)->96K(285696K) Eden: 294912K(294912K)->0K(285184K) From: 486K(1024K)->96K(512K)
[26.222s][info ][gc,heap        ] GC(844) ParOldGen: 4178K(349696K)->4178K(349696K)
[26.222s][info ][gc,metaspace   ] GC(844) Metaspace: 9579K(9856K)->9579K(9856K) NonClass: 8510K(8640K)->8510K(8640K) Class: 1069K(1216K)->1069K(1216K)
[26.222s][info ][gc             ] GC(844) Pause Young (Allocation Failure) 292M->4M(620M) 0.315ms
[26.222s][info ][gc,cpu         ] GC(844) User=0.00s Sys=0.00s Real=0.00s
[26.243s][info ][gc,start       ] GC(845) Pause Young (Allocation Failure)
[26.244s][debug][gc,age         ] GC(845) Desired survivor size 1048576 bytes, new threshold 1 (max threshold 15)
[26.244s][info ][gc,heap        ] GC(845) PSYoungGen: 284958K(285696K)->486K(276480K) Eden: 284862K(285184K)->0K(275456K) From: 96K(512K)->486K(1024K)
[26.244s][info ][gc,heap        ] GC(845) ParOldGen: 4178K(349696K)->4178K(349696K)
[26.244s][info ][gc,metaspace   ] GC(845) Metaspace: 9579K(9856K)->9579K(9856K) NonClass: 8510K(8640K)->8510K(8640K) Class: 1069K(1216K)->1069K(1216K)
[26.244s][info ][gc             ] GC(845) Pause Young (Allocation Failure) 282M->4M(611M) 0.277ms
[26.244s][info ][gc,cpu         ] GC(845) User=0.00s Sys=0.00s Real=0.00s
[26.264s][info ][gc,start       ] GC(846) Pause Young (Allocation Failure)
[26.264s][debug][gc,age         ] GC(846) Desired survivor size 1048576 bytes, new threshold 1 (max threshold 15)
[26.264s][info ][gc,heap        ] GC(846) PSYoungGen: 275857K(276480K)->96K(266752K) Eden: 275371K(275456K)->0K(266240K) From: 486K(1024K)->96K(512K)
[26.264s][info ][gc,heap        ] GC(846) ParOldGen: 4178K(349696K)->4178K(349696K)
[26.264s][info ][gc,metaspace   ] GC(846) Metaspace: 9579K(9856K)->9579K(9856K) NonClass: 8510K(8640K)->8510K(8640K) Class: 1069K(1216K)->1069K(1216K)
[26.264s][info ][gc             ] GC(846) Pause Young (Allocation Failure) 273M->4M(602M) 0.267ms
[26.264s][info ][gc,cpu         ] GC(846) User=0.00s Sys=0.00s Real=0.00s
[26.284s][info ][gc,start       ] GC(847) Pause Young (Allocation Failure)
[26.284s][debug][gc,age         ] GC(847) Desired survivor size 1048576 bytes, new threshold 1 (max threshold 15)
[26.284s][info ][gc,heap        ] GC(847) PSYoungGen: 266187K(266752K)->486K(258560K) Eden: 266091K(266240K)->0K(257536K) From: 96K(512K)->486K(1024K)
[26.284s][info ][gc,heap        ] GC(847) ParOldGen: 4178K(349696K)->4178K(349696K)
[26.284s][info ][gc,metaspace   ] GC(847) Metaspace: 9579K(9856K)->9579K(9856K) NonClass: 8510K(8640K)->8510K(8640K) Class: 1069K(1216K)->1069K(1216K)
[26.284s][info ][gc             ] GC(847) Pause Young (Allocation Failure) 264M->4M(594M) 0.244ms
[26.284s][info ][gc,cpu         ] GC(847) User=0.00s Sys=0.00s Real=0.00s
[26.303s][info ][gc,start       ] GC(848) Pause Young (Allocation Failure)
[26.303s][debug][gc,age         ] GC(848) Desired survivor size 1048576 bytes, new threshold 1 (max threshold 15)
[26.303s][info ][gc,heap        ] GC(848) PSYoungGen: 258022K(258560K)->96K(249856K) Eden: 257536K(257536K)->0K(249344K) From: 486K(1024K)->96K(512K)
[26.303s][info ][gc,heap        ] GC(848) ParOldGen: 4178K(349696K)->4178K(349696K)
[26.303s][info ][gc,metaspace   ] GC(848) Metaspace: 9579K(9856K)->9579K(9856K) NonClass: 8510K(8640K)->8510K(8640K) Class: 1069K(1216K)->1069K(1216K)
[26.303s][info ][gc             ] GC(848) Pause Young (Allocation Failure) 256M->4M(585M) 0.253ms
[26.303s][info ][gc,cpu         ] GC(848) User=0.00s Sys=0.00s Real=0.00s
[26.321s][info ][gc,start       ] GC(849) Pause Young (Allocation Failure)
[26.321s][debug][gc,age         ] GC(849) Desired survivor size 1048576 bytes, new threshold 1 (max threshold 15)
[26.322s][info ][gc,heap        ] GC(849) PSYoungGen: 249107K(249856K)->96K(242688K) Eden: 249011K(249344K)->0K(241664K) From: 96K(512K)->96K(1024K)
[26.322s][info ][gc,heap        ] GC(849) ParOldGen: 4178K(349696K)->4178K(349696K)
[26.322s][info ][gc,metaspace   ] GC(849) Metaspace: 9579K(9856K)->9579K(9856K) NonClass: 8510K(8640K)->8510K(8640K) Class: 1069K(1216K)->1069K(1216K)
[26.322s][info ][gc             ] GC(849) Pause Young (Allocation Failure) 247M->4M(578M) 0.228ms
[26.322s][info ][gc,cpu         ] GC(849) User=0.00s Sys=0.00s Real=0.00s
[26.339s][info ][gc,start       ] GC(850) Pause Young (Allocation Failure)
[26.339s][debug][gc,age         ] GC(850) Desired survivor size 1048576 bytes, new threshold 1 (max threshold 15)
[26.339s][info ][gc,heap        ] GC(850) PSYoungGen: 241708K(242688K)->96K(234496K) Eden: 241612K(241664K)->0K(233984K) From: 96K(1024K)->96K(512K)
[26.339s][info ][gc,heap        ] GC(850) ParOldGen: 4178K(349696K)->4178K(349696K)
[26.339s][info ][gc,metaspace   ] GC(850) Metaspace: 9579K(9856K)->9579K(9856K) NonClass: 8510K(8640K)->8510K(8640K) Class: 1069K(1216K)->1069K(1216K)
[26.339s][info ][gc             ] GC(850) Pause Young (Allocation Failure) 240M->4M(570M) 0.273ms
[26.339s][info ][gc,cpu         ] GC(850) User=0.00s Sys=0.00s Real=0.00s
[26.357s][info ][gc,start       ] GC(851) Pause Young (Allocation Failure)
[26.357s][debug][gc,age         ] GC(851) Desired survivor size 1048576 bytes, new threshold 1 (max threshold 15)
[26.357s][info ][gc,heap        ] GC(851) PSYoungGen: 234035K(234496K)->454K(282112K) Eden: 233939K(233984K)->0K(281088K) From: 96K(512K)->454K(1024K)
[26.357s][info ][gc,heap        ] GC(851) ParOldGen: 4178K(349696K)->4178K(349696K)
[26.357s][info ][gc,metaspace   ] GC(851) Metaspace: 9579K(9856K)->9579K(9856K) NonClass: 8510K(8640K)->8510K(8640K) Class: 1069K(1216K)->1069K(1216K)
[26.357s][info ][gc             ] GC(851) Pause Young (Allocation Failure) 232M->4M(617M) 0.270ms
[26.357s][info ][gc,cpu         ] GC(851) User=0.00s Sys=0.00s Real=0.00s
[26.377s][info ][gc,start       ] GC(852) Pause Young (Allocation Failure)
[26.378s][debug][gc,age         ] GC(852) Desired survivor size 1048576 bytes, new threshold 1 (max threshold 15)
[26.378s][info ][gc,heap        ] GC(852) PSYoungGen: 281397K(282112K)->486K(272384K) Eden: 280942K(281088K)->0K(271872K) From: 454K(1024K)->486K(512K)
[26.378s][info ][gc,heap        ] GC(852) ParOldGen: 4178K(349696K)->4178K(349696K)
[26.378s][info ][gc,metaspace   ] GC(852) Metaspace: 9579K(9856K)->9579K(9856K) NonClass: 8510K(8640K)->8510K(8640K) Class: 1069K(1216K)->1069K(1216K)
[26.378s][info ][gc             ] GC(852) Pause Young (Allocation Failure) 278M->4M(607M) 0.271ms
[26.378s][info ][gc,cpu         ] GC(852) User=0.00s Sys=0.00s Real=0.00s
[26.398s][info ][gc,start       ] GC(853) Pause Young (Allocation Failure)
[26.398s][debug][gc,age         ] GC(853) Desired survivor size 1048576 bytes, new threshold 1 (max threshold 15)
[26.398s][info ][gc,heap        ] GC(853) PSYoungGen: 272262K(272384K)->486K(324608K) Eden: 271775K(271872K)->0K(323584K) From: 486K(512K)->486K(1024K)
[26.398s][info ][gc,heap        ] GC(853) ParOldGen: 4178K(349696K)->4178K(349696K)
[26.398s][info ][gc,metaspace   ] GC(853) Metaspace: 9579K(9856K)->9579K(9856K) NonClass: 8510K(8640K)->8510K(8640K) Class: 1069K(1216K)->1069K(1216K)
[26.398s][info ][gc             ] GC(853) Pause Young (Allocation Failure) 269M->4M(658M) 0.290ms
[26.398s][info ][gc,cpu         ] GC(853) User=0.00s Sys=0.00s Real=0.00s
[26.422s][info ][gc,start       ] GC(854) Pause Young (Allocation Failure)
[26.422s][debug][gc,age         ] GC(854) Desired survivor size 1048576 bytes, new threshold 1 (max threshold 15)
[26.422s][info ][gc,heap        ] GC(854) PSYoungGen: 323781K(324608K)->64K(312832K) Eden: 323295K(323584K)->0K(312320K) From: 486K(1024K)->64K(512K)
[26.422s][info ][gc,heap        ] GC(854) ParOldGen: 4178K(349696K)->4178K(349696K)
[26.422s][info ][gc,metaspace   ] GC(854) Metaspace: 9579K(9856K)->9579K(9856K) NonClass: 8510K(8640K)->8510K(8640K) Class: 1069K(1216K)->1069K(1216K)
[26.422s][info ][gc             ] GC(854) Pause Young (Allocation Failure) 320M->4M(647M) 0.272ms
[26.422s][info ][gc,cpu         ] GC(854) User=0.00s Sys=0.00s Real=0.00s
[26.445s][info ][gc,start       ] GC(855) Pause Young (Allocation Failure)
[26.445s][debug][gc,age         ] GC(855) Desired survivor size 1048576 bytes, new threshold 1 (max threshold 15)
[26.445s][info ][gc,heap        ] GC(855) PSYoungGen: 312130K(312832K)->486K(302592K) Eden: 312066K(312320K)->0K(301568K) From: 64K(512K)->486K(1024K)
[26.445s][info ][gc,heap        ] GC(855) ParOldGen: 4178K(349696K)->4178K(349696K)
[26.445s][info ][gc,metaspace   ] GC(855) Metaspace: 9579K(9856K)->9579K(9856K) NonClass: 8510K(8640K)->8510K(8640K) Class: 1069K(1216K)->1069K(1216K)
[26.445s][info ][gc             ] GC(855) Pause Young (Allocation Failure) 308M->4M(637M) 0.293ms
[26.445s][info ][gc,cpu         ] GC(855) User=0.00s Sys=0.00s Real=0.01s
[26.468s][info ][gc,start       ] GC(856) Pause Young (Allocation Failure)
[26.468s][debug][gc,age         ] GC(856) Desired survivor size 1048576 bytes, new threshold 1 (max threshold 15)
[26.468s][info ][gc,heap        ] GC(856) PSYoungGen: 301758K(302592K)->486K(291840K) Eden: 301271K(301568K)->0K(291328K) From: 486K(1024K)->486K(512K)
[26.468s][info ][gc,heap        ] GC(856) ParOldGen: 4178K(349696K)->4178K(349696K)
[26.468s][info ][gc,metaspace   ] GC(856) Metaspace: 9579K(9856K)->9579K(9856K) NonClass: 8510K(8640K)->8510K(8640K) Class: 1069K(1216K)->1069K(1216K)
[26.468s][info ][gc             ] GC(856) Pause Young (Allocation Failure) 298M->4M(626M) 0.278ms
[26.468s][info ][gc,cpu         ] GC(856) User=0.00s Sys=0.00s Real=0.00s
[26.490s][info ][gc,start       ] GC(857) Pause Young (Allocation Failure)
[26.490s][debug][gc,age         ] GC(857) Desired survivor size 1048576 bytes, new threshold 1 (max threshold 15)
[26.490s][info ][gc,heap        ] GC(857) PSYoungGen: 291809K(291840K)->486K(282624K) Eden: 291322K(291328K)->0K(281600K) From: 486K(512K)->486K(1024K)
[26.490s][info ][gc,heap        ] GC(857) ParOldGen: 4178K(349696K)->4178K(349696K)
[26.490s][info ][gc,metaspace   ] GC(857) Metaspace: 9579K(9856K)->9579K(9856K) NonClass: 8510K(8640K)->8510K(8640K) Class: 1069K(1216K)->1069K(1216K)
[26.490s][info ][gc             ] GC(857) Pause Young (Allocation Failure) 289M->4M(617M) 0.308ms
[26.490s][info ][gc,cpu         ] GC(857) User=0.00s Sys=0.00s Real=0.00s
[26.511s][info ][gc,start       ] GC(858) Pause Young (Allocation Failure)
[26.511s][debug][gc,age         ] GC(858) Desired survivor size 1048576 bytes, new threshold 1 (max threshold 15)
[26.511s][info ][gc,heap        ] GC(858) PSYoungGen: 282045K(282624K)->486K(326656K) Eden: 281558K(281600K)->0K(325632K) From: 486K(1024K)->486K(1024K)
[26.511s][info ][gc,heap        ] GC(858) ParOldGen: 4178K(349696K)->4178K(349696K)
[26.511s][info ][gc,metaspace   ] GC(858) Metaspace: 9579K(9856K)->9579K(9856K) NonClass: 8510K(8640K)->8510K(8640K) Class: 1069K(1216K)->1069K(1216K)
[26.511s][info ][gc             ] GC(858) Pause Young (Allocation Failure) 279M->4M(660M) 0.336ms
[26.511s][info ][gc,cpu         ] GC(858) User=0.00s Sys=0.00s Real=0.00s
[26.536s][info ][gc,start       ] GC(859) Pause Young (Allocation Failure)
[26.536s][debug][gc,age         ] GC(859) Desired survivor size 1048576 bytes, new threshold 1 (max threshold 15)
[26.536s][info ][gc,heap        ] GC(859) PSYoungGen: 326112K(326656K)->96K(314880K) Eden: 325626K(325632K)->0K(314368K) From: 486K(1024K)->96K(512K)
[26.536s][info ][gc,heap        ] GC(859) ParOldGen: 4178K(349696K)->4178K(349696K)
[26.536s][info ][gc,metaspace   ] GC(859) Metaspace: 9579K(9856K)->9579K(9856K) NonClass: 8510K(8640K)->8510K(8640K) Class: 1069K(1216K)->1069K(1216K)
[26.536s][info ][gc             ] GC(859) Pause Young (Allocation Failure) 322M->4M(649M) 0.285ms
[26.536s][info ][gc,cpu         ] GC(859) User=0.00s Sys=0.00s Real=0.00s
[26.559s][info ][gc,start       ] GC(860) Pause Young (Allocation Failure)
[26.559s][debug][gc,age         ] GC(860) Desired survivor size 1048576 bytes, new threshold 1 (max threshold 15)
[26.559s][info ][gc,heap        ] GC(860) PSYoungGen: 314464K(314880K)->96K(304128K) Eden: 314368K(314368K)->0K(303616K) From: 96K(512K)->96K(512K)
[26.559s][info ][gc,heap        ] GC(860) ParOldGen: 4178K(349696K)->4178K(349696K)
[26.559s][info ][gc,metaspace   ] GC(860) Metaspace: 9579K(9856K)->9579K(9856K) NonClass: 8510K(8640K)->8510K(8640K) Class: 1069K(1216K)->1069K(1216K)
[26.559s][info ][gc             ] GC(860) Pause Young (Allocation Failure) 311M->4M(638M) 0.278ms
[26.559s][info ][gc,cpu         ] GC(860) User=0.00s Sys=0.00s Real=0.00s
[26.581s][info ][gc,start       ] GC(861) Pause Young (Allocation Failure)
[26.581s][debug][gc,age         ] GC(861) Desired survivor size 1048576 bytes, new threshold 1 (max threshold 15)
[26.581s][info ][gc,heap        ] GC(861) PSYoungGen: 303463K(304128K)->96K(294400K) Eden: 303367K(303616K)->0K(293376K) From: 96K(512K)->96K(1024K)
[26.581s][info ][gc,heap        ] GC(861) ParOldGen: 4178K(349696K)->4178K(349696K)
[26.581s][info ][gc,metaspace   ] GC(861) Metaspace: 9579K(9856K)->9579K(9856K) NonClass: 8510K(8640K)->8510K(8640K) Class: 1069K(1216K)->1069K(1216K)
[26.581s][info ][gc             ] GC(861) Pause Young (Allocation Failure) 300M->4M(629M) 0.228ms
[26.581s][info ][gc,cpu         ] GC(861) User=0.00s Sys=0.00s Real=0.00s
[26.603s][info ][gc,start       ] GC(862) Pause Young (Allocation Failure)
[26.603s][debug][gc,age         ] GC(862) Desired survivor size 1048576 bytes, new threshold 1 (max threshold 15)
[26.603s][info ][gc,heap        ] GC(862) PSYoungGen: 293374K(294400K)->454K(284160K) Eden: 293278K(293376K)->0K(283648K) From: 96K(1024K)->454K(512K)
[26.603s][info ][gc,heap        ] GC(862) ParOldGen: 4178K(349696K)->4178K(349696K)
[26.603s][info ][gc,metaspace   ] GC(862) Metaspace: 9579K(9856K)->9579K(9856K) NonClass: 8510K(8640K)->8510K(8640K) Class: 1069K(1216K)->1069K(1216K)
[26.603s][info ][gc             ] GC(862) Pause Young (Allocation Failure) 290M->4M(619M) 0.252ms
[26.603s][info ][gc,cpu         ] GC(862) User=0.00s Sys=0.00s Real=0.00s
[26.624s][info ][gc,start       ] GC(863) Pause Young (Allocation Failure)
[26.625s][debug][gc,age         ] GC(863) Desired survivor size 1048576 bytes, new threshold 1 (max threshold 15)
[26.625s][info ][gc,heap        ] GC(863) PSYoungGen: 283909K(284160K)->96K(275456K) Eden: 283454K(283648K)->0K(274432K) From: 454K(512K)->96K(1024K)
[26.625s][info ][gc,heap        ] GC(863) ParOldGen: 4178K(349696K)->4178K(349696K)
[26.625s][info ][gc,metaspace   ] GC(863) Metaspace: 9579K(9856K)->9579K(9856K) NonClass: 8510K(8640K)->8510K(8640K) Class: 1069K(1216K)->1069K(1216K)
[26.625s][info ][gc             ] GC(863) Pause Young (Allocation Failure) 281M->4M(610M) 0.273ms
[26.625s][info ][gc,cpu         ] GC(863) User=0.00s Sys=0.00s Real=0.00s
[26.645s][info ][gc,start       ] GC(864) Pause Young (Allocation Failure)
[26.645s][debug][gc,age         ] GC(864) Desired survivor size 1048576 bytes, new threshold 1 (max threshold 15)
[26.645s][info ][gc,heap        ] GC(864) PSYoungGen: 274314K(275456K)->96K(265728K) Eden: 274218K(274432K)->0K(265216K) From: 96K(1024K)->96K(512K)
[26.645s][info ][gc,heap        ] GC(864) ParOldGen: 4178K(349696K)->4178K(349696K)
[26.645s][info ][gc,metaspace   ] GC(864) Metaspace: 9579K(9856K)->9579K(9856K) NonClass: 8510K(8640K)->8510K(8640K) Class: 1069K(1216K)->1069K(1216K)
[26.645s][info ][gc             ] GC(864) Pause Young (Allocation Failure) 271M->4M(601M) 0.303ms
[26.645s][info ][gc,cpu         ] GC(864) User=0.00s Sys=0.00s Real=0.00s
[26.665s][info ][gc,start       ] GC(865) Pause Young (Allocation Failure)
[26.665s][debug][gc,age         ] GC(865) Desired survivor size 1048576 bytes, new threshold 1 (max threshold 15)
[26.665s][info ][gc,heap        ] GC(865) PSYoungGen: 265008K(265728K)->96K(257536K) Eden: 264912K(265216K)->0K(256512K) From: 96K(512K)->96K(1024K)
[26.665s][info ][gc,heap        ] GC(865) ParOldGen: 4178K(349696K)->4178K(349696K)
[26.665s][info ][gc,metaspace   ] GC(865) Metaspace: 9579K(9856K)->9579K(9856K) NonClass: 8510K(8640K)->8510K(8640K) Class: 1069K(1216K)->1069K(1216K)
[26.665s][info ][gc             ] GC(865) Pause Young (Allocation Failure) 262M->4M(593M) 0.247ms
[26.665s][info ][gc,cpu         ] GC(865) User=0.00s Sys=0.00s Real=0.00s
[26.683s][info ][gc,start       ] GC(866) Pause Young (Allocation Failure)
[26.684s][debug][gc,age         ] GC(866) Desired survivor size 1048576 bytes, new threshold 1 (max threshold 15)
[26.684s][info ][gc,heap        ] GC(866) PSYoungGen: 256608K(257536K)->454K(248832K) Eden: 256512K(256512K)->0K(248320K) From: 96K(1024K)->454K(512K)
[26.684s][info ][gc,heap        ] GC(866) ParOldGen: 4178K(349696K)->4178K(349696K)
[26.684s][info ][gc,metaspace   ] GC(866) Metaspace: 9579K(9856K)->9579K(9856K) NonClass: 8510K(8640K)->8510K(8640K) Class: 1069K(1216K)->1069K(1216K)
[26.684s][info ][gc             ] GC(866) Pause Young (Allocation Failure) 254M->4M(584M) 0.284ms
[26.684s][info ][gc,cpu         ] GC(866) User=0.00s Sys=0.00s Real=0.00s
[26.702s][info ][gc,start       ] GC(867) Pause Young (Allocation Failure)
[26.703s][debug][gc,age         ] GC(867) Desired survivor size 1048576 bytes, new threshold 1 (max threshold 15)
[26.703s][info ][gc,heap        ] GC(867) PSYoungGen: 248660K(248832K)->454K(241664K) Eden: 248205K(248320K)->0K(240640K) From: 454K(512K)->454K(1024K)
[26.703s][info ][gc,heap        ] GC(867) ParOldGen: 4178K(349696K)->4178K(349696K)
[26.703s][info ][gc,metaspace   ] GC(867) Metaspace: 9579K(9856K)->9579K(9856K) NonClass: 8510K(8640K)->8510K(8640K) Class: 1069K(1216K)->1069K(1216K)
[26.703s][info ][gc             ] GC(867) Pause Young (Allocation Failure) 246M->4M(577M) 0.230ms
[26.703s][info ][gc,cpu         ] GC(867) User=0.00s Sys=0.00s Real=0.00s
[26.720s][info ][gc,start       ] GC(868) Pause Young (Allocation Failure)
[26.720s][debug][gc,age         ] GC(868) Desired survivor size 1048576 bytes, new threshold 1 (max threshold 15)
[26.720s][info ][gc,heap        ] GC(868) PSYoungGen: 240951K(241664K)->486K(289280K) Eden: 240496K(240640K)->0K(288768K) From: 454K(1024K)->486K(512K)
[26.720s][info ][gc,heap        ] GC(868) ParOldGen: 4178K(349696K)->4178K(349696K)
[26.720s][info ][gc,metaspace   ] GC(868) Metaspace: 9579K(9856K)->9579K(9856K) NonClass: 8510K(8640K)->8510K(8640K) Class: 1069K(1216K)->1069K(1216K)
[26.720s][info ][gc             ] GC(868) Pause Young (Allocation Failure) 239M->4M(624M) 0.298ms
[26.720s][info ][gc,cpu         ] GC(868) User=0.00s Sys=0.00s Real=0.00s
[26.741s][info ][gc,start       ] GC(869) Pause Young (Allocation Failure)
[26.742s][debug][gc,age         ] GC(869) Desired survivor size 1048576 bytes, new threshold 1 (max threshold 15)
[26.742s][info ][gc,heap        ] GC(869) PSYoungGen: 289227K(289280K)->128K(280064K) Eden: 288740K(288768K)->0K(279040K) From: 486K(512K)->128K(1024K)
[26.742s][info ][gc,heap        ] GC(869) ParOldGen: 4178K(349696K)->4178K(349696K)
[26.742s][info ][gc,metaspace   ] GC(869) Metaspace: 9579K(9856K)->9579K(9856K) NonClass: 8510K(8640K)->8510K(8640K) Class: 1069K(1216K)->1069K(1216K)
[26.742s][info ][gc             ] GC(869) Pause Young (Allocation Failure) 286M->4M(615M) 0.250ms
[26.742s][info ][gc,cpu         ] GC(869) User=0.00s Sys=0.00s Real=0.00s
[26.762s][info ][gc,start       ] GC(870) Pause Young (Allocation Failure)
[26.762s][debug][gc,age         ] GC(870) Desired survivor size 1048576 bytes, new threshold 1 (max threshold 15)
[26.762s][info ][gc,heap        ] GC(870) PSYoungGen: 279168K(280064K)->96K(270336K) Eden: 279040K(279040K)->0K(269824K) From: 128K(1024K)->96K(512K)
[26.762s][info ][gc,heap        ] GC(870) ParOldGen: 4178K(349696K)->4178K(349696K)
[26.762s][info ][gc,metaspace   ] GC(870) Metaspace: 9579K(9856K)->9579K(9856K) NonClass: 8510K(8640K)->8510K(8640K) Class: 1069K(1216K)->1069K(1216K)
[26.762s][info ][gc             ] GC(870) Pause Young (Allocation Failure) 276M->4M(605M) 0.268ms
[26.762s][info ][gc,cpu         ] GC(870) User=0.00s Sys=0.00s Real=0.00s
[26.782s][info ][gc,start       ] GC(871) Pause Young (Allocation Failure)
[26.782s][debug][gc,age         ] GC(871) Desired survivor size 1048576 bytes, new threshold 1 (max threshold 15)
[26.782s][info ][gc,heap        ] GC(871) PSYoungGen: 269586K(270336K)->96K(323072K) Eden: 269490K(269824K)->0K(322048K) From: 96K(512K)->96K(1024K)
[26.782s][info ][gc,heap        ] GC(871) ParOldGen: 4178K(349696K)->4178K(349696K)
[26.782s][info ][gc,metaspace   ] GC(871) Metaspace: 9579K(9856K)->9579K(9856K) NonClass: 8510K(8640K)->8510K(8640K) Class: 1069K(1216K)->1069K(1216K)
[26.782s][info ][gc             ] GC(871) Pause Young (Allocation Failure) 267M->4M(657M) 0.299ms
[26.782s][info ][gc,cpu         ] GC(871) User=0.00s Sys=0.00s Real=0.00s
[26.806s][info ][gc,start       ] GC(872) Pause Young (Allocation Failure)
[26.806s][debug][gc,age         ] GC(872) Desired survivor size 1048576 bytes, new threshold 1 (max threshold 15)
[26.806s][info ][gc,heap        ] GC(872) PSYoungGen: 322060K(323072K)->486K(311296K) Eden: 321964K(322048K)->0K(310784K) From: 96K(1024K)->486K(512K)
[26.806s][info ][gc,heap        ] GC(872) ParOldGen: 4178K(349696K)->4178K(349696K)
[26.806s][info ][gc,metaspace   ] GC(872) Metaspace: 9579K(9856K)->9579K(9856K) NonClass: 8510K(8640K)->8510K(8640K) Class: 1069K(1216K)->1069K(1216K)
[26.806s][info ][gc             ] GC(872) Pause Young (Allocation Failure) 318M->4M(645M) 0.279ms
[26.806s][info ][gc,cpu         ] GC(872) User=0.00s Sys=0.00s Real=0.00s
[26.829s][info ][gc,start       ] GC(873) Pause Young (Allocation Failure)
[26.830s][debug][gc,age         ] GC(873) Desired survivor size 1048576 bytes, new threshold 1 (max threshold 15)
[26.830s][info ][gc,heap        ] GC(873) PSYoungGen: 311252K(311296K)->96K(301056K) Eden: 310766K(310784K)->0K(300032K) From: 486K(512K)->96K(1024K)
[26.830s][info ][gc,heap        ] GC(873) ParOldGen: 4178K(349696K)->4178K(349696K)
[26.830s][info ][gc,metaspace   ] GC(873) Metaspace: 9579K(9856K)->9579K(9856K) NonClass: 8510K(8640K)->8510K(8640K) Class: 1069K(1216K)->1069K(1216K)
[26.830s][info ][gc             ] GC(873) Pause Young (Allocation Failure) 308M->4M(635M) 0.305ms
[26.830s][info ][gc,cpu         ] GC(873) User=0.00s Sys=0.00s Real=0.00s
[26.852s][info ][gc,start       ] GC(874) Pause Young (Allocation Failure)
[26.852s][debug][gc,age         ] GC(874) Desired survivor size 1048576 bytes, new threshold 1 (max threshold 15)
[26.852s][info ][gc,heap        ] GC(874) PSYoungGen: 300128K(301056K)->64K(290304K) Eden: 300032K(300032K)->0K(289792K) From: 96K(1024K)->64K(512K)
[26.852s][info ][gc,heap        ] GC(874) ParOldGen: 4178K(349696K)->4178K(349696K)
[26.852s][info ][gc,metaspace   ] GC(874) Metaspace: 9579K(9856K)->9579K(9856K) NonClass: 8510K(8640K)->8510K(8640K) Class: 1069K(1216K)->1069K(1216K)
[26.852s][info ][gc             ] GC(874) Pause Young (Allocation Failure) 297M->4M(625M) 0.264ms
[26.852s][info ][gc,cpu         ] GC(874) User=0.00s Sys=0.00s Real=0.00s
[26.873s][info ][gc,start       ] GC(875) Pause Young (Allocation Failure)
[26.873s][debug][gc,age         ] GC(875) Desired survivor size 1048576 bytes, new threshold 1 (max threshold 15)
[26.873s][info ][gc,heap        ] GC(875) PSYoungGen: 289856K(290304K)->96K(281088K) Eden: 289792K(289792K)->0K(280064K) From: 64K(512K)->96K(1024K)
[26.873s][info ][gc,heap        ] GC(875) ParOldGen: 4178K(349696K)->4178K(349696K)
[26.873s][info ][gc,metaspace   ] GC(875) Metaspace: 9579K(9856K)->9579K(9856K) NonClass: 8510K(8640K)->8510K(8640K) Class: 1069K(1216K)->1069K(1216K)
[26.873s][info ][gc             ] GC(875) Pause Young (Allocation Failure) 287M->4M(616M) 0.244ms
[26.873s][info ][gc,cpu         ] GC(875) User=0.00s Sys=0.00s Real=0.00s
[26.894s][info ][gc,start       ] GC(876) Pause Young (Allocation Failure)
[26.894s][debug][gc,age         ] GC(876) Desired survivor size 1048576 bytes, new threshold 1 (max threshold 15)
[26.894s][info ][gc,heap        ] GC(876) PSYoungGen: 280160K(281088K)->486K(324096K) Eden: 280064K(280064K)->0K(323072K) From: 96K(1024K)->486K(1024K)
[26.894s][info ][gc,heap        ] GC(876) ParOldGen: 4178K(349696K)->4178K(349696K)
[26.894s][info ][gc,metaspace   ] GC(876) Metaspace: 9579K(9856K)->9579K(9856K) NonClass: 8510K(8640K)->8510K(8640K) Class: 1069K(1216K)->1069K(1216K)
[26.894s][info ][gc             ] GC(876) Pause Young (Allocation Failure) 277M->4M(658M) 0.384ms
[26.894s][info ][gc,cpu         ] GC(876) User=0.00s Sys=0.00s Real=0.00s
[26.918s][info ][gc,start       ] GC(877) Pause Young (Allocation Failure)
[26.918s][debug][gc,age         ] GC(877) Desired survivor size 1048576 bytes, new threshold 1 (max threshold 15)
[26.918s][info ][gc,heap        ] GC(877) PSYoungGen: 323347K(324096K)->486K(324096K) Eden: 322860K(323072K)->0K(323072K) From: 486K(1024K)->486K(1024K)
[26.918s][info ][gc,heap        ] GC(877) ParOldGen: 4178K(349696K)->4178K(349696K)
[26.918s][info ][gc,metaspace   ] GC(877) Metaspace: 9579K(9856K)->9579K(9856K) NonClass: 8510K(8640K)->8510K(8640K) Class: 1069K(1216K)->1069K(1216K)
[26.918s][info ][gc             ] GC(877) Pause Young (Allocation Failure) 319M->4M(658M) 0.318ms
[26.918s][info ][gc,cpu         ] GC(877) User=0.00s Sys=0.01s Real=0.00s
[26.942s][info ][gc,start       ] GC(878) Pause Young (Allocation Failure)
[26.942s][debug][gc,age         ] GC(878) Desired survivor size 1048576 bytes, new threshold 1 (max threshold 15)
[26.942s][info ][gc,heap        ] GC(878) PSYoungGen: 323336K(324096K)->486K(348160K) Eden: 322849K(323072K)->0K(347136K) From: 486K(1024K)->486K(1024K)
[26.942s][info ][gc,heap        ] GC(878) ParOldGen: 4178K(349696K)->4178K(349696K)
[26.942s][info ][gc,metaspace   ] GC(878) Metaspace: 9579K(9856K)->9579K(9856K) NonClass: 8510K(8640K)->8510K(8640K) Class: 1069K(1216K)->1069K(1216K)
[26.942s][info ][gc             ] GC(878) Pause Young (Allocation Failure) 319M->4M(681M) 0.308ms
[26.942s][info ][gc,cpu         ] GC(878) User=0.00s Sys=0.00s Real=0.00s
[26.969s][info ][gc,start       ] GC(879) Pause Young (Allocation Failure)
[26.969s][debug][gc,age         ] GC(879) Desired survivor size 1048576 bytes, new threshold 1 (max threshold 15)
[26.969s][info ][gc,heap        ] GC(879) PSYoungGen: 347622K(348160K)->454K(335360K) Eden: 347136K(347136K)->0K(334848K) From: 486K(1024K)->454K(512K)
[26.969s][info ][gc,heap        ] GC(879) ParOldGen: 4178K(349696K)->4178K(349696K)
[26.969s][info ][gc,metaspace   ] GC(879) Metaspace: 9579K(9856K)->9579K(9856K) NonClass: 8510K(8640K)->8510K(8640K) Class: 1069K(1216K)->1069K(1216K)
[26.969s][info ][gc             ] GC(879) Pause Young (Allocation Failure) 343M->4M(669M) 0.865ms
[26.970s][info ][gc,cpu         ] GC(879) User=0.00s Sys=0.00s Real=0.00s
[26.995s][info ][gc,start       ] GC(880) Pause Young (Allocation Failure)
[26.995s][debug][gc,age         ] GC(880) Desired survivor size 1048576 bytes, new threshold 1 (max threshold 15)
[26.995s][info ][gc,heap        ] GC(880) PSYoungGen: 335023K(335360K)->486K(323584K) Eden: 334568K(334848K)->0K(323072K) From: 454K(512K)->486K(512K)
[26.995s][info ][gc,heap        ] GC(880) ParOldGen: 4178K(349696K)->4178K(349696K)
[26.995s][info ][gc,metaspace   ] GC(880) Metaspace: 9579K(9856K)->9579K(9856K) NonClass: 8510K(8640K)->8510K(8640K) Class: 1069K(1216K)->1069K(1216K)
[26.995s][info ][gc             ] GC(880) Pause Young (Allocation Failure) 331M->4M(657M) 0.269ms
[26.995s][info ][gc,cpu         ] GC(880) User=0.00s Sys=0.00s Real=0.01s
[27.019s][info ][gc,start       ] GC(881) Pause Young (Allocation Failure)
[27.019s][debug][gc,age         ] GC(881) Desired survivor size 1048576 bytes, new threshold 1 (max threshold 15)
[27.019s][info ][gc,heap        ] GC(881) PSYoungGen: 323558K(323584K)->454K(312832K) Eden: 323072K(323072K)->0K(311808K) From: 486K(512K)->454K(1024K)
[27.019s][info ][gc,heap        ] GC(881) ParOldGen: 4178K(349696K)->4178K(349696K)
[27.019s][info ][gc,metaspace   ] GC(881) Metaspace: 9579K(9856K)->9579K(9856K) NonClass: 8510K(8640K)->8510K(8640K) Class: 1069K(1216K)->1069K(1216K)
[27.019s][info ][gc             ] GC(881) Pause Young (Allocation Failure) 320M->4M(647M) 0.196ms
[27.019s][info ][gc,cpu         ] GC(881) User=0.00s Sys=0.00s Real=0.00s
[27.043s][info ][gc,start       ] GC(882) Pause Young (Allocation Failure)
[27.043s][debug][gc,age         ] GC(882) Desired survivor size 1048576 bytes, new threshold 1 (max threshold 15)
[27.043s][info ][gc,heap        ] GC(882) PSYoungGen: 312215K(312832K)->486K(301568K) Eden: 311760K(311808K)->0K(301056K) From: 454K(1024K)->486K(512K)
[27.043s][info ][gc,heap        ] GC(882) ParOldGen: 4178K(349696K)->4178K(349696K)
[27.043s][info ][gc,metaspace   ] GC(882) Metaspace: 9579K(9856K)->9579K(9856K) NonClass: 8510K(8640K)->8510K(8640K) Class: 1069K(1216K)->1069K(1216K)
[27.043s][info ][gc             ] GC(882) Pause Young (Allocation Failure) 308M->4M(636M) 0.291ms
[27.043s][info ][gc,cpu         ] GC(882) User=0.00s Sys=0.00s Real=0.00s
[27.065s][info ][gc,start       ] GC(883) Pause Young (Allocation Failure)
[27.065s][debug][gc,age         ] GC(883) Desired survivor size 1048576 bytes, new threshold 1 (max threshold 15)
[27.065s][info ][gc,heap        ] GC(883) PSYoungGen: 301542K(301568K)->454K(291840K) Eden: 301056K(301056K)->0K(290816K) From: 486K(512K)->454K(1024K)
[27.065s][info ][gc,heap        ] GC(883) ParOldGen: 4178K(349696K)->4178K(349696K)
[27.065s][info ][gc,metaspace   ] GC(883) Metaspace: 9579K(9856K)->9579K(9856K) NonClass: 8510K(8640K)->8510K(8640K) Class: 1069K(1216K)->1069K(1216K)
[27.065s][info ][gc             ] GC(883) Pause Young (Allocation Failure) 298M->4M(626M) 0.269ms
[27.065s][info ][gc,cpu         ] GC(883) User=0.00s Sys=0.00s Real=0.00s
[27.086s][info ][gc,start       ] GC(884) Pause Young (Allocation Failure)
[27.086s][debug][gc,age         ] GC(884) Desired survivor size 1048576 bytes, new threshold 1 (max threshold 15)
[27.086s][info ][gc,heap        ] GC(884) PSYoungGen: 291270K(291840K)->454K(281600K) Eden: 290816K(290816K)->0K(281088K) From: 454K(1024K)->454K(512K)
[27.086s][info ][gc,heap        ] GC(884) ParOldGen: 4178K(349696K)->4178K(349696K)
[27.086s][info ][gc,metaspace   ] GC(884) Metaspace: 9579K(9856K)->9579K(9856K) NonClass: 8510K(8640K)->8510K(8640K) Class: 1069K(1216K)->1069K(1216K)
[27.086s][info ][gc             ] GC(884) Pause Young (Allocation Failure) 288M->4M(616M) 0.262ms
[27.086s][info ][gc,cpu         ] GC(884) User=0.00s Sys=0.00s Real=0.00s
[27.107s][info ][gc,start       ] GC(885) Pause Young (Allocation Failure)
[27.107s][debug][gc,age         ] GC(885) Desired survivor size 1048576 bytes, new threshold 1 (max threshold 15)
[27.107s][info ][gc,heap        ] GC(885) PSYoungGen: 281542K(281600K)->454K(272896K) Eden: 281088K(281088K)->0K(271872K) From: 454K(512K)->454K(1024K)
[27.107s][info ][gc,heap        ] GC(885) ParOldGen: 4178K(349696K)->4178K(349696K)
[27.107s][info ][gc,metaspace   ] GC(885) Metaspace: 9579K(9856K)->9579K(9856K) NonClass: 8510K(8640K)->8510K(8640K) Class: 1069K(1216K)->1069K(1216K)
[27.107s][info ][gc             ] GC(885) Pause Young (Allocation Failure) 279M->4M(608M) 0.279ms
[27.107s][info ][gc,cpu         ] GC(885) User=0.00s Sys=0.00s Real=0.00s
[27.127s][info ][gc,start       ] GC(886) Pause Young (Allocation Failure)
[27.127s][debug][gc,age         ] GC(886) Desired survivor size 1048576 bytes, new threshold 1 (max threshold 15)
[27.127s][info ][gc,heap        ] GC(886) PSYoungGen: 272326K(272896K)->454K(263680K) Eden: 271872K(271872K)->0K(263168K) From: 454K(1024K)->454K(512K)
[27.127s][info ][gc,heap        ] GC(886) ParOldGen: 4178K(349696K)->4178K(349696K)
[27.127s][info ][gc,metaspace   ] GC(886) Metaspace: 9579K(9856K)->9579K(9856K) NonClass: 8510K(8640K)->8510K(8640K) Class: 1069K(1216K)->1069K(1216K)
[27.127s][info ][gc             ] GC(886) Pause Young (Allocation Failure) 270M->4M(599M) 0.236ms
[27.127s][info ][gc,cpu         ] GC(886) User=0.00s Sys=0.00s Real=0.00s
[27.147s][info ][gc,start       ] GC(887) Pause Young (Allocation Failure)
[27.147s][debug][gc,age         ] GC(887) Desired survivor size 1048576 bytes, new threshold 1 (max threshold 15)
[27.147s][info ][gc,heap        ] GC(887) PSYoungGen: 263513K(263680K)->486K(255488K) Eden: 263058K(263168K)->0K(254464K) From: 454K(512K)->486K(1024K)
[27.147s][info ][gc,heap        ] GC(887) ParOldGen: 4178K(349696K)->4178K(349696K)
[27.147s][info ][gc,metaspace   ] GC(887) Metaspace: 9579K(9856K)->9579K(9856K) NonClass: 8510K(8640K)->8510K(8640K) Class: 1069K(1216K)->1069K(1216K)
[27.147s][info ][gc             ] GC(887) Pause Young (Allocation Failure) 261M->4M(591M) 0.210ms
[27.147s][info ][gc,cpu         ] GC(887) User=0.00s Sys=0.00s Real=0.00s
[27.165s][info ][gc,start       ] GC(888) Pause Young (Allocation Failure)
[27.166s][debug][gc,age         ] GC(888) Desired survivor size 1048576 bytes, new threshold 1 (max threshold 15)
[27.166s][info ][gc,heap        ] GC(888) PSYoungGen: 254657K(255488K)->96K(246784K) Eden: 254170K(254464K)->0K(246272K) From: 486K(1024K)->96K(512K)
[27.166s][info ][gc,heap        ] GC(888) ParOldGen: 4178K(349696K)->4178K(349696K)
[27.166s][info ][gc,metaspace   ] GC(888) Metaspace: 9579K(9856K)->9579K(9856K) NonClass: 8510K(8640K)->8510K(8640K) Class: 1069K(1216K)->1069K(1216K)
[27.166s][info ][gc             ] GC(888) Pause Young (Allocation Failure) 252M->4M(582M) 0.227ms
[27.166s][info ][gc,cpu         ] GC(888) User=0.00s Sys=0.01s Real=0.00s
[27.184s][info ][gc,start       ] GC(889) Pause Young (Allocation Failure)
[27.184s][debug][gc,age         ] GC(889) Desired survivor size 1048576 bytes, new threshold 1 (max threshold 15)
[27.184s][info ][gc,heap        ] GC(889) PSYoungGen: 246080K(246784K)->64K(239616K) Eden: 245984K(246272K)->0K(238592K) From: 96K(512K)->64K(1024K)
[27.184s][info ][gc,heap        ] GC(889) ParOldGen: 4178K(349696K)->4178K(349696K)
[27.184s][info ][gc,metaspace   ] GC(889) Metaspace: 9579K(9856K)->9579K(9856K) NonClass: 8510K(8640K)->8510K(8640K) Class: 1069K(1216K)->1069K(1216K)
[27.184s][info ][gc             ] GC(889) Pause Young (Allocation Failure) 244M->4M(575M) 0.303ms
[27.184s][info ][gc,cpu         ] GC(889) User=0.00s Sys=0.00s Real=0.00s
[27.201s][info ][gc,start       ] GC(890) Pause Young (Allocation Failure)
[27.202s][debug][gc,age         ] GC(890) Desired survivor size 1048576 bytes, new threshold 1 (max threshold 15)
[27.202s][info ][gc,heap        ] GC(890) PSYoungGen: 238534K(239616K)->454K(287232K) Eden: 238470K(238592K)->0K(286720K) From: 64K(1024K)->454K(512K)
[27.202s][info ][gc,heap        ] GC(890) ParOldGen: 4178K(349696K)->4178K(349696K)
[27.202s][info ][gc,metaspace   ] GC(890) Metaspace: 9579K(9856K)->9579K(9856K) NonClass: 8510K(8640K)->8510K(8640K) Class: 1069K(1216K)->1069K(1216K)
[27.202s][info ][gc             ] GC(890) Pause Young (Allocation Failure) 237M->4M(622M) 0.309ms
[27.202s][info ][gc,cpu         ] GC(890) User=0.00s Sys=0.00s Real=0.00s
[27.223s][info ][gc,start       ] GC(891) Pause Young (Allocation Failure)
[27.223s][debug][gc,age         ] GC(891) Desired survivor size 1048576 bytes, new threshold 1 (max threshold 15)
[27.223s][info ][gc,heap        ] GC(891) PSYoungGen: 287174K(287232K)->96K(344576K) Eden: 286720K(286720K)->0K(343552K) From: 454K(512K)->96K(1024K)
[27.223s][info ][gc,heap        ] GC(891) ParOldGen: 4178K(349696K)->4178K(349696K)
[27.223s][info ][gc,metaspace   ] GC(891) Metaspace: 9579K(9856K)->9579K(9856K) NonClass: 8510K(8640K)->8510K(8640K) Class: 1069K(1216K)->1069K(1216K)
[27.223s][info ][gc             ] GC(891) Pause Young (Allocation Failure) 284M->4M(678M) 0.269ms
[27.223s][info ][gc,cpu         ] GC(891) User=0.00s Sys=0.00s Real=0.00s
[27.248s][info ][gc,start       ] GC(892) Pause Young (Allocation Failure)
[27.248s][debug][gc,age         ] GC(892) Desired survivor size 1048576 bytes, new threshold 1 (max threshold 15)
[27.248s][info ][gc,heap        ] GC(892) PSYoungGen: 343531K(344576K)->96K(331776K) Eden: 343435K(343552K)->0K(331264K) From: 96K(1024K)->96K(512K)
[27.248s][info ][gc,heap        ] GC(892) ParOldGen: 4178K(349696K)->4178K(349696K)
[27.248s][info ][gc,metaspace   ] GC(892) Metaspace: 9579K(9856K)->9579K(9856K) NonClass: 8510K(8640K)->8510K(8640K) Class: 1069K(1216K)->1069K(1216K)
[27.248s][info ][gc             ] GC(892) Pause Young (Allocation Failure) 339M->4M(665M) 0.243ms
[27.248s][info ][gc,cpu         ] GC(892) User=0.00s Sys=0.00s Real=0.00s
[27.273s][info ][gc,start       ] GC(893) Pause Young (Allocation Failure)
[27.273s][debug][gc,age         ] GC(893) Desired survivor size 1048576 bytes, new threshold 1 (max threshold 15)
[27.273s][info ][gc,heap        ] GC(893) PSYoungGen: 331360K(331776K)->64K(320512K) Eden: 331264K(331264K)->0K(319488K) From: 96K(512K)->64K(1024K)
[27.273s][info ][gc,heap        ] GC(893) ParOldGen: 4178K(349696K)->4178K(349696K)
[27.273s][info ][gc,metaspace   ] GC(893) Metaspace: 9579K(9856K)->9579K(9856K) NonClass: 8510K(8640K)->8510K(8640K) Class: 1069K(1216K)->1069K(1216K)
[27.273s][info ][gc             ] GC(893) Pause Young (Allocation Failure) 327M->4M(654M) 0.234ms
[27.273s][info ][gc,cpu         ] GC(893) User=0.00s Sys=0.00s Real=0.00s
[27.296s][info ][gc,start       ] GC(894) Pause Young (Allocation Failure)
[27.296s][debug][gc,age         ] GC(894) Desired survivor size 1048576 bytes, new threshold 1 (max threshold 15)
[27.296s][info ][gc,heap        ] GC(894) PSYoungGen: 319552K(320512K)->454K(308736K) Eden: 319488K(319488K)->0K(308224K) From: 64K(1024K)->454K(512K)
[27.296s][info ][gc,heap        ] GC(894) ParOldGen: 4178K(349696K)->4178K(349696K)
[27.296s][info ][gc,metaspace   ] GC(894) Metaspace: 9579K(9856K)->9579K(9856K) NonClass: 8510K(8640K)->8510K(8640K) Class: 1069K(1216K)->1069K(1216K)
[27.296s][info ][gc             ] GC(894) Pause Young (Allocation Failure) 316M->4M(643M) 0.278ms
[27.296s][info ][gc,cpu         ] GC(894) User=0.00s Sys=0.00s Real=0.00s
[27.319s][info ][gc,start       ] GC(895) Pause Young (Allocation Failure)
[27.319s][debug][gc,age         ] GC(895) Desired survivor size 1048576 bytes, new threshold 1 (max threshold 15)
[27.319s][info ][gc,heap        ] GC(895) PSYoungGen: 308647K(308736K)->96K(298496K) Eden: 308192K(308224K)->0K(297472K) From: 454K(512K)->96K(1024K)
[27.319s][info ][gc,heap        ] GC(895) ParOldGen: 4178K(349696K)->4178K(349696K)
[27.319s][info ][gc,metaspace   ] GC(895) Metaspace: 9579K(9856K)->9579K(9856K) NonClass: 8510K(8640K)->8510K(8640K) Class: 1069K(1216K)->1069K(1216K)
[27.319s][info ][gc             ] GC(895) Pause Young (Allocation Failure) 305M->4M(633M) 0.261ms
[27.319s][info ][gc,cpu         ] GC(895) User=0.00s Sys=0.00s Real=0.00s
[27.341s][info ][gc,start       ] GC(896) Pause Young (Allocation Failure)
[27.341s][debug][gc,age         ] GC(896) Desired survivor size 1048576 bytes, new threshold 1 (max threshold 15)
[27.341s][info ][gc,heap        ] GC(896) PSYoungGen: 297265K(298496K)->486K(287744K) Eden: 297169K(297472K)->0K(287232K) From: 96K(1024K)->486K(512K)
[27.341s][info ][gc,heap        ] GC(896) ParOldGen: 4178K(349696K)->4178K(349696K)
[27.341s][info ][gc,metaspace   ] GC(896) Metaspace: 9579K(9856K)->9579K(9856K) NonClass: 8510K(8640K)->8510K(8640K) Class: 1069K(1216K)->1069K(1216K)
[27.341s][info ][gc             ] GC(896) Pause Young (Allocation Failure) 294M->4M(622M) 0.277ms
[27.341s][info ][gc,cpu         ] GC(896) User=0.00s Sys=0.00s Real=0.00s
[27.362s][info ][gc,start       ] GC(897) Pause Young (Allocation Failure)
[27.363s][debug][gc,age         ] GC(897) Desired survivor size 1048576 bytes, new threshold 1 (max threshold 15)
[27.363s][info ][gc,heap        ] GC(897) PSYoungGen: 287482K(287744K)->96K(278528K) Eden: 286996K(287232K)->0K(277504K) From: 486K(512K)->96K(1024K)
[27.363s][info ][gc,heap        ] GC(897) ParOldGen: 4178K(349696K)->4178K(349696K)
[27.363s][info ][gc,metaspace   ] GC(897) Metaspace: 9579K(9856K)->9579K(9856K) NonClass: 8510K(8640K)->8510K(8640K) Class: 1069K(1216K)->1069K(1216K)
[27.363s][info ][gc             ] GC(897) Pause Young (Allocation Failure) 284M->4M(613M) 0.253ms
[27.363s][info ][gc,cpu         ] GC(897) User=0.00s Sys=0.00s Real=0.00s
[27.383s][info ][gc,start       ] GC(898) Pause Young (Allocation Failure)
[27.383s][debug][gc,age         ] GC(898) Desired survivor size 1048576 bytes, new threshold 1 (max threshold 15)
[27.383s][info ][gc,heap        ] GC(898) PSYoungGen: 277443K(278528K)->96K(268800K) Eden: 277347K(277504K)->0K(268288K) From: 96K(1024K)->96K(512K)
[27.383s][info ][gc,heap        ] GC(898) ParOldGen: 4178K(349696K)->4178K(349696K)
[27.383s][info ][gc,metaspace   ] GC(898) Metaspace: 9579K(9856K)->9579K(9856K) NonClass: 8510K(8640K)->8510K(8640K) Class: 1069K(1216K)->1069K(1216K)
[27.383s][info ][gc             ] GC(898) Pause Young (Allocation Failure) 275M->4M(604M) 0.252ms
[27.383s][info ][gc,cpu         ] GC(898) User=0.00s Sys=0.00s Real=0.00s
[27.403s][info ][gc,start       ] GC(899) Pause Young (Allocation Failure)
[27.403s][debug][gc,age         ] GC(899) Desired survivor size 1048576 bytes, new threshold 1 (max threshold 15)
[27.403s][info ][gc,heap        ] GC(899) PSYoungGen: 268202K(268800K)->96K(260608K) Eden: 268106K(268288K)->0K(259584K) From: 96K(512K)->96K(1024K)
[27.403s][info ][gc,heap        ] GC(899) ParOldGen: 4178K(349696K)->4178K(349696K)
[27.403s][info ][gc,metaspace   ] GC(899) Metaspace: 9579K(9856K)->9579K(9856K) NonClass: 8510K(8640K)->8510K(8640K) Class: 1069K(1216K)->1069K(1216K)
[27.403s][info ][gc             ] GC(899) Pause Young (Allocation Failure) 265M->4M(596M) 0.254ms
[27.403s][info ][gc,cpu         ] GC(899) User=0.00s Sys=0.00s Real=0.00s
[27.422s][info ][gc,start       ] GC(900) Pause Young (Allocation Failure)
[27.422s][debug][gc,age         ] GC(900) Desired survivor size 1048576 bytes, new threshold 1 (max threshold 15)
[27.422s][info ][gc,heap        ] GC(900) PSYoungGen: 259680K(260608K)->454K(251904K) Eden: 259584K(259584K)->0K(251392K) From: 96K(1024K)->454K(512K)
[27.422s][info ][gc,heap        ] GC(900) ParOldGen: 4178K(349696K)->4178K(349696K)
[27.422s][info ][gc,metaspace   ] GC(900) Metaspace: 9579K(9856K)->9579K(9856K) NonClass: 8510K(8640K)->8510K(8640K) Class: 1069K(1216K)->1069K(1216K)
[27.422s][info ][gc             ] GC(900) Pause Young (Allocation Failure) 257M->4M(587M) 0.297ms
[27.422s][info ][gc,cpu         ] GC(900) User=0.00s Sys=0.00s Real=0.00s
[27.441s][info ][gc,start       ] GC(901) Pause Young (Allocation Failure)
[27.441s][debug][gc,age         ] GC(901) Desired survivor size 1048576 bytes, new threshold 1 (max threshold 15)
[27.441s][info ][gc,heap        ] GC(901) PSYoungGen: 251812K(251904K)->454K(244224K) Eden: 251357K(251392K)->0K(243200K) From: 454K(512K)->454K(1024K)
[27.441s][info ][gc,heap        ] GC(901) ParOldGen: 4178K(349696K)->4178K(349696K)
[27.441s][info ][gc,metaspace   ] GC(901) Metaspace: 9579K(9856K)->9579K(9856K) NonClass: 8510K(8640K)->8510K(8640K) Class: 1069K(1216K)->1069K(1216K)
[27.441s][info ][gc             ] GC(901) Pause Young (Allocation Failure) 249M->4M(580M) 0.263ms
[27.441s][info ][gc,cpu         ] GC(901) User=0.00s Sys=0.00s Real=0.00s
[27.459s][info ][gc,start       ] GC(902) Pause Young (Allocation Failure)
[27.459s][debug][gc,age         ] GC(902) Desired survivor size 1048576 bytes, new threshold 1 (max threshold 15)
[27.459s][info ][gc,heap        ] GC(902) PSYoungGen: 243381K(244224K)->96K(236032K) Eden: 242926K(243200K)->0K(235520K) From: 454K(1024K)->96K(512K)
[27.459s][info ][gc,heap        ] GC(902) ParOldGen: 4178K(349696K)->4178K(349696K)
[27.459s][info ][gc,metaspace   ] GC(902) Metaspace: 9579K(9856K)->9579K(9856K) NonClass: 8510K(8640K)->8510K(8640K) Class: 1069K(1216K)->1069K(1216K)
[27.459s][info ][gc             ] GC(902) Pause Young (Allocation Failure) 241M->4M(572M) 0.250ms
[27.459s][info ][gc,cpu         ] GC(902) User=0.00s Sys=0.00s Real=0.00s
[27.476s][info ][gc,start       ] GC(903) Pause Young (Allocation Failure)
[27.477s][debug][gc,age         ] GC(903) Desired survivor size 1048576 bytes, new threshold 1 (max threshold 15)
[27.477s][info ][gc,heap        ] GC(903) PSYoungGen: 235606K(236032K)->454K(229376K) Eden: 235510K(235520K)->0K(228352K) From: 96K(512K)->454K(1024K)
[27.477s][info ][gc,heap        ] GC(903) ParOldGen: 4178K(349696K)->4178K(349696K)
[27.477s][info ][gc,metaspace   ] GC(903) Metaspace: 9579K(9856K)->9579K(9856K) NonClass: 8510K(8640K)->8510K(8640K) Class: 1069K(1216K)->1069K(1216K)
[27.477s][info ][gc             ] GC(903) Pause Young (Allocation Failure) 234M->4M(565M) 0.236ms
[27.477s][info ][gc,cpu         ] GC(903) User=0.00s Sys=0.00s Real=0.00s
[27.493s][info ][gc,start       ] GC(904) Pause Young (Allocation Failure)
[27.494s][debug][gc,age         ] GC(904) Desired survivor size 1048576 bytes, new threshold 1 (max threshold 15)
[27.494s][info ][gc,heap        ] GC(904) PSYoungGen: 228806K(229376K)->96K(221696K) Eden: 228352K(228352K)->0K(221184K) From: 454K(1024K)->96K(512K)
[27.494s][info ][gc,heap        ] GC(904) ParOldGen: 4178K(349696K)->4178K(349696K)
[27.494s][info ][gc,metaspace   ] GC(904) Metaspace: 9579K(9856K)->9579K(9856K) NonClass: 8510K(8640K)->8510K(8640K) Class: 1069K(1216K)->1069K(1216K)
[27.494s][info ][gc             ] GC(904) Pause Young (Allocation Failure) 227M->4M(558M) 0.243ms
[27.494s][info ][gc,cpu         ] GC(904) User=0.00s Sys=0.00s Real=0.00s
[27.510s][info ][gc,start       ] GC(905) Pause Young (Allocation Failure)
[27.510s][debug][gc,age         ] GC(905) Desired survivor size 1048576 bytes, new threshold 1 (max threshold 15)
[27.510s][info ][gc,heap        ] GC(905) PSYoungGen: 221003K(221696K)->486K(266752K) Eden: 220907K(221184K)->0K(265728K) From: 96K(512K)->486K(1024K)
[27.510s][info ][gc,heap        ] GC(905) ParOldGen: 4178K(349696K)->4178K(349696K)
[27.510s][info ][gc,metaspace   ] GC(905) Metaspace: 9579K(9856K)->9579K(9856K) NonClass: 8510K(8640K)->8510K(8640K) Class: 1069K(1216K)->1069K(1216K)
[27.510s][info ][gc             ] GC(905) Pause Young (Allocation Failure) 219M->4M(602M) 0.265ms
[27.510s][info ][gc,cpu         ] GC(905) User=0.00s Sys=0.00s Real=0.00s
[27.530s][info ][gc,start       ] GC(906) Pause Young (Allocation Failure)
[27.530s][debug][gc,age         ] GC(906) Desired survivor size 1048576 bytes, new threshold 1 (max threshold 15)
[27.530s][info ][gc,heap        ] GC(906) PSYoungGen: 266165K(266752K)->486K(319488K) Eden: 265678K(265728K)->0K(318976K) From: 486K(1024K)->486K(512K)
[27.530s][info ][gc,heap        ] GC(906) ParOldGen: 4178K(349696K)->4178K(349696K)
[27.530s][info ][gc,metaspace   ] GC(906) Metaspace: 9579K(9856K)->9579K(9856K) NonClass: 8510K(8640K)->8510K(8640K) Class: 1069K(1216K)->1069K(1216K)
[27.530s][info ][gc             ] GC(906) Pause Young (Allocation Failure) 264M->4M(653M) 0.269ms
[27.530s][info ][gc,cpu         ] GC(906) User=0.00s Sys=0.00s Real=0.00s
[27.554s][info ][gc,start       ] GC(907) Pause Young (Allocation Failure)
[27.554s][debug][gc,age         ] GC(907) Desired survivor size 1048576 bytes, new threshold 1 (max threshold 15)
[27.554s][info ][gc,heap        ] GC(907) PSYoungGen: 319462K(319488K)->96K(308736K) Eden: 318976K(318976K)->0K(307712K) From: 486K(512K)->96K(1024K)
[27.554s][info ][gc,heap        ] GC(907) ParOldGen: 4178K(349696K)->4178K(349696K)
[27.554s][info ][gc,metaspace   ] GC(907) Metaspace: 9579K(9856K)->9579K(9856K) NonClass: 8510K(8640K)->8510K(8640K) Class: 1069K(1216K)->1069K(1216K)
[27.554s][info ][gc             ] GC(907) Pause Young (Allocation Failure) 316M->4M(643M) 0.428ms
[27.554s][info ][gc,cpu         ] GC(907) User=0.00s Sys=0.00s Real=0.00s
[27.577s][info ][gc,start       ] GC(908) Pause Young (Allocation Failure)
[27.577s][debug][gc,age         ] GC(908) Desired survivor size 1048576 bytes, new threshold 1 (max threshold 15)
[27.577s][info ][gc,heap        ] GC(908) PSYoungGen: 307567K(308736K)->486K(297472K) Eden: 307471K(307712K)->0K(296960K) From: 96K(1024K)->486K(512K)
[27.577s][info ][gc,heap        ] GC(908) ParOldGen: 4178K(349696K)->4178K(349696K)
[27.577s][info ][gc,metaspace   ] GC(908) Metaspace: 9579K(9856K)->9579K(9856K) NonClass: 8510K(8640K)->8510K(8640K) Class: 1069K(1216K)->1069K(1216K)
[27.577s][info ][gc             ] GC(908) Pause Young (Allocation Failure) 304M->4M(632M) 0.268ms
[27.577s][info ][gc,cpu         ] GC(908) User=0.00s Sys=0.00s Real=0.00s
[27.599s][info ][gc,start       ] GC(909) Pause Young (Allocation Failure)
[27.599s][debug][gc,age         ] GC(909) Desired survivor size 1048576 bytes, new threshold 1 (max threshold 15)
[27.599s][info ][gc,heap        ] GC(909) PSYoungGen: 297446K(297472K)->96K(287744K) Eden: 296960K(296960K)->0K(286720K) From: 486K(512K)->96K(1024K)
[27.599s][info ][gc,heap        ] GC(909) ParOldGen: 4178K(349696K)->4178K(349696K)
[27.599s][info ][gc,metaspace   ] GC(909) Metaspace: 9579K(9856K)->9579K(9856K) NonClass: 8510K(8640K)->8510K(8640K) Class: 1069K(1216K)->1069K(1216K)
[27.599s][info ][gc             ] GC(909) Pause Young (Allocation Failure) 294M->4M(622M) 0.266ms
[27.599s][info ][gc,cpu         ] GC(909) User=0.00s Sys=0.00s Real=0.00s
[27.620s][info ][gc,start       ] GC(910) Pause Young (Allocation Failure)
[27.620s][debug][gc,age         ] GC(910) Desired survivor size 1048576 bytes, new threshold 1 (max threshold 15)
[27.620s][info ][gc,heap        ] GC(910) PSYoungGen: 286566K(287744K)->486K(277504K) Eden: 286470K(286720K)->0K(276992K) From: 96K(1024K)->486K(512K)
[27.620s][info ][gc,heap        ] GC(910) ParOldGen: 4178K(349696K)->4178K(349696K)
[27.620s][info ][gc,metaspace   ] GC(910) Metaspace: 9579K(9856K)->9579K(9856K) NonClass: 8510K(8640K)->8510K(8640K) Class: 1069K(1216K)->1069K(1216K)
[27.620s][info ][gc             ] GC(910) Pause Young (Allocation Failure) 283M->4M(612M) 0.285ms
[27.620s][info ][gc,cpu         ] GC(910) User=0.00s Sys=0.00s Real=0.00s
[27.640s][info ][gc,start       ] GC(911) Pause Young (Allocation Failure)
[27.641s][debug][gc,age         ] GC(911) Desired survivor size 1048576 bytes, new threshold 1 (max threshold 15)
[27.641s][info ][gc,heap        ] GC(911) PSYoungGen: 277478K(277504K)->486K(268800K) Eden: 276992K(276992K)->0K(267776K) From: 486K(512K)->486K(1024K)
[27.641s][info ][gc,heap        ] GC(911) ParOldGen: 4178K(349696K)->4178K(349696K)
[27.641s][info ][gc,metaspace   ] GC(911) Metaspace: 9579K(9856K)->9579K(9856K) NonClass: 8510K(8640K)->8510K(8640K) Class: 1069K(1216K)->1069K(1216K)
[27.641s][info ][gc             ] GC(911) Pause Young (Allocation Failure) 275M->4M(604M) 0.231ms
[27.641s][info ][gc,cpu         ] GC(911) User=0.00s Sys=0.00s Real=0.00s
[27.660s][info ][gc,start       ] GC(912) Pause Young (Allocation Failure)
[27.661s][debug][gc,age         ] GC(912) Desired survivor size 1048576 bytes, new threshold 1 (max threshold 15)
[27.661s][info ][gc,heap        ] GC(912) PSYoungGen: 268023K(268800K)->96K(259584K) Eden: 267536K(267776K)->0K(259072K) From: 486K(1024K)->96K(512K)
[27.661s][info ][gc,heap        ] GC(912) ParOldGen: 4178K(349696K)->4178K(349696K)
[27.661s][info ][gc,metaspace   ] GC(912) Metaspace: 9579K(9856K)->9579K(9856K) NonClass: 8510K(8640K)->8510K(8640K) Class: 1069K(1216K)->1069K(1216K)
[27.661s][info ][gc             ] GC(912) Pause Young (Allocation Failure) 265M->4M(595M) 0.269ms
[27.661s][info ][gc,cpu         ] GC(912) User=0.00s Sys=0.00s Real=0.00s
[27.679s][info ][gc,start       ] GC(913) Pause Young (Allocation Failure)
[27.680s][debug][gc,age         ] GC(913) Desired survivor size 1048576 bytes, new threshold 1 (max threshold 15)
[27.680s][info ][gc,heap        ] GC(913) PSYoungGen: 259168K(259584K)->454K(251904K) Eden: 259072K(259072K)->0K(250880K) From: 96K(512K)->454K(1024K)
[27.680s][info ][gc,heap        ] GC(913) ParOldGen: 4178K(349696K)->4178K(349696K)
[27.680s][info ][gc,metaspace   ] GC(913) Metaspace: 9579K(9856K)->9579K(9856K) NonClass: 8510K(8640K)->8510K(8640K) Class: 1069K(1216K)->1069K(1216K)
[27.680s][info ][gc             ] GC(913) Pause Young (Allocation Failure) 257M->4M(587M) 0.254ms
[27.680s][info ][gc,cpu         ] GC(913) User=0.00s Sys=0.00s Real=0.00s
[27.698s][info ][gc,start       ] GC(914) Pause Young (Allocation Failure)
[27.698s][debug][gc,age         ] GC(914) Desired survivor size 1048576 bytes, new threshold 1 (max threshold 15)
[27.698s][info ][gc,heap        ] GC(914) PSYoungGen: 251027K(251904K)->486K(243200K) Eden: 250572K(250880K)->0K(242688K) From: 454K(1024K)->486K(512K)
[27.698s][info ][gc,heap        ] GC(914) ParOldGen: 4178K(349696K)->4178K(349696K)
[27.699s][info ][gc,metaspace   ] GC(914) Metaspace: 9579K(9856K)->9579K(9856K) NonClass: 8510K(8640K)->8510K(8640K) Class: 1069K(1216K)->1069K(1216K)
[27.699s][info ][gc             ] GC(914) Pause Young (Allocation Failure) 249M->4M(579M) 0.384ms
[27.699s][info ][gc,cpu         ] GC(914) User=0.00s Sys=0.01s Real=0.00s
[27.716s][info ][gc,start       ] GC(915) Pause Young (Allocation Failure)
[27.716s][debug][gc,age         ] GC(915) Desired survivor size 1048576 bytes, new threshold 1 (max threshold 15)
[27.716s][info ][gc,heap        ] GC(915) PSYoungGen: 242836K(243200K)->486K(236032K) Eden: 242350K(242688K)->0K(235008K) From: 486K(512K)->486K(1024K)
[27.716s][info ][gc,heap        ] GC(915) ParOldGen: 4178K(349696K)->4178K(349696K)
[27.716s][info ][gc,metaspace   ] GC(915) Metaspace: 9579K(9856K)->9579K(9856K) NonClass: 8510K(8640K)->8510K(8640K) Class: 1069K(1216K)->1069K(1216K)
[27.716s][info ][gc             ] GC(915) Pause Young (Allocation Failure) 241M->4M(572M) 0.243ms
[27.716s][info ][gc,cpu         ] GC(915) User=0.00s Sys=0.00s Real=0.00s
[27.734s][info ][gc,start       ] GC(916) Pause Young (Allocation Failure)
[27.734s][debug][gc,age         ] GC(916) Desired survivor size 1048576 bytes, new threshold 1 (max threshold 15)
[27.734s][info ][gc,heap        ] GC(916) PSYoungGen: 235237K(236032K)->96K(228352K) Eden: 234751K(235008K)->0K(227840K) From: 486K(1024K)->96K(512K)
[27.734s][info ][gc,heap        ] GC(916) ParOldGen: 4178K(349696K)->4178K(349696K)
[27.734s][info ][gc,metaspace   ] GC(916) Metaspace: 9579K(9856K)->9579K(9856K) NonClass: 8510K(8640K)->8510K(8640K) Class: 1069K(1216K)->1069K(1216K)
[27.734s][info ][gc             ] GC(916) Pause Young (Allocation Failure) 233M->4M(564M) 0.260ms
[27.734s][info ][gc,cpu         ] GC(916) User=0.00s Sys=0.00s Real=0.00s
[27.751s][info ][gc,start       ] GC(917) Pause Young (Allocation Failure)
[27.751s][debug][gc,age         ] GC(917) Desired survivor size 1048576 bytes, new threshold 1 (max threshold 15)
[27.751s][info ][gc,heap        ] GC(917) PSYoungGen: 227935K(228352K)->96K(274432K) Eden: 227839K(227840K)->0K(273408K) From: 96K(512K)->96K(1024K)
[27.751s][info ][gc,heap        ] GC(917) ParOldGen: 4178K(349696K)->4178K(349696K)
[27.751s][info ][gc,metaspace   ] GC(917) Metaspace: 9579K(9856K)->9579K(9856K) NonClass: 8510K(8640K)->8510K(8640K) Class: 1069K(1216K)->1069K(1216K)
[27.751s][info ][gc             ] GC(917) Pause Young (Allocation Failure) 226M->4M(609M) 0.253ms
[27.751s][info ][gc,cpu         ] GC(917) User=0.00s Sys=0.00s Real=0.00s
[27.771s][info ][gc,start       ] GC(918) Pause Young (Allocation Failure)
[27.771s][debug][gc,age         ] GC(918) Desired survivor size 1048576 bytes, new threshold 1 (max threshold 15)
[27.771s][info ][gc,heap        ] GC(918) PSYoungGen: 273121K(274432K)->486K(264704K) Eden: 273025K(273408K)->0K(264192K) From: 96K(1024K)->486K(512K)
[27.771s][info ][gc,heap        ] GC(918) ParOldGen: 4178K(349696K)->4178K(349696K)
[27.771s][info ][gc,metaspace   ] GC(918) Metaspace: 9579K(9856K)->9579K(9856K) NonClass: 8510K(8640K)->8510K(8640K) Class: 1069K(1216K)->1069K(1216K)
[27.771s][info ][gc             ] GC(918) Pause Young (Allocation Failure) 270M->4M(600M) 0.249ms
[27.771s][info ][gc,cpu         ] GC(918) User=0.00s Sys=0.00s Real=0.00s
[27.791s][info ][gc,start       ] GC(919) Pause Young (Allocation Failure)
[27.791s][debug][gc,age         ] GC(919) Desired survivor size 1048576 bytes, new threshold 1 (max threshold 15)
[27.791s][info ][gc,heap        ] GC(919) PSYoungGen: 264532K(264704K)->454K(256512K) Eden: 264046K(264192K)->0K(255488K) From: 486K(512K)->454K(1024K)
[27.791s][info ][gc,heap        ] GC(919) ParOldGen: 4178K(349696K)->4178K(349696K)
[27.791s][info ][gc,metaspace   ] GC(919) Metaspace: 9579K(9856K)->9579K(9856K) NonClass: 8510K(8640K)->8510K(8640K) Class: 1069K(1216K)->1069K(1216K)
[27.791s][info ][gc             ] GC(919) Pause Young (Allocation Failure) 262M->4M(592M) 0.254ms
[27.791s][info ][gc,cpu         ] GC(919) User=0.00s Sys=0.00s Real=0.00s
[27.809s][info ][gc,start       ] GC(920) Pause Young (Allocation Failure)
[27.810s][debug][gc,age         ] GC(920) Desired survivor size 1048576 bytes, new threshold 1 (max threshold 15)
[27.810s][info ][gc,heap        ] GC(920) PSYoungGen: 255942K(256512K)->96K(247808K) Eden: 255488K(255488K)->0K(247296K) From: 454K(1024K)->96K(512K)
[27.810s][info ][gc,heap        ] GC(920) ParOldGen: 4178K(349696K)->4178K(349696K)
[27.810s][info ][gc,metaspace   ] GC(920) Metaspace: 9579K(9856K)->9579K(9856K) NonClass: 8510K(8640K)->8510K(8640K) Class: 1069K(1216K)->1069K(1216K)
[27.810s][info ][gc             ] GC(920) Pause Young (Allocation Failure) 254M->4M(583M) 0.384ms
[27.810s][info ][gc,cpu         ] GC(920) User=0.00s Sys=0.00s Real=0.00s
[27.828s][info ][gc,start       ] GC(921) Pause Young (Allocation Failure)
[27.828s][debug][gc,age         ] GC(921) Desired survivor size 1048576 bytes, new threshold 1 (max threshold 15)
[27.828s][info ][gc,heap        ] GC(921) PSYoungGen: 247338K(247808K)->486K(240640K) Eden: 247242K(247296K)->0K(239616K) From: 96K(512K)->486K(1024K)
[27.828s][info ][gc,heap        ] GC(921) ParOldGen: 4178K(349696K)->4178K(349696K)
[27.828s][info ][gc,metaspace   ] GC(921) Metaspace: 9579K(9856K)->9579K(9856K) NonClass: 8510K(8640K)->8510K(8640K) Class: 1069K(1216K)->1069K(1216K)
[27.828s][info ][gc             ] GC(921) Pause Young (Allocation Failure) 245M->4M(576M) 0.247ms
[27.828s][info ][gc,cpu         ] GC(921) User=0.00s Sys=0.00s Real=0.00s
[27.845s][info ][gc,start       ] GC(922) Pause Young (Allocation Failure)
[27.846s][debug][gc,age         ] GC(922) Desired survivor size 1048576 bytes, new threshold 1 (max threshold 15)
[27.846s][info ][gc,heap        ] GC(922) PSYoungGen: 240102K(240640K)->96K(288256K) Eden: 239616K(239616K)->0K(287744K) From: 486K(1024K)->96K(512K)
[27.846s][info ][gc,heap        ] GC(922) ParOldGen: 4178K(349696K)->4178K(349696K)
[27.846s][info ][gc,metaspace   ] GC(922) Metaspace: 9579K(9856K)->9579K(9856K) NonClass: 8510K(8640K)->8510K(8640K) Class: 1069K(1216K)->1069K(1216K)
[27.846s][info ][gc             ] GC(922) Pause Young (Allocation Failure) 238M->4M(623M) 0.255ms
[27.846s][info ][gc,cpu         ] GC(922) User=0.00s Sys=0.00s Real=0.00s
[27.867s][info ][gc,start       ] GC(923) Pause Young (Allocation Failure)
[27.867s][debug][gc,age         ] GC(923) Desired survivor size 1048576 bytes, new threshold 1 (max threshold 15)
[27.867s][info ][gc,heap        ] GC(923) PSYoungGen: 287611K(288256K)->96K(279040K) Eden: 287515K(287744K)->0K(278016K) From: 96K(512K)->96K(1024K)
[27.867s][info ][gc,heap        ] GC(923) ParOldGen: 4178K(349696K)->4178K(349696K)
[27.867s][info ][gc,metaspace   ] GC(923) Metaspace: 9579K(9856K)->9579K(9856K) NonClass: 8510K(8640K)->8510K(8640K) Class: 1069K(1216K)->1069K(1216K)
[27.867s][info ][gc             ] GC(923) Pause Young (Allocation Failure) 284M->4M(614M) 0.243ms
[27.867s][info ][gc,cpu         ] GC(923) User=0.00s Sys=0.00s Real=0.00s
[27.887s][info ][gc,start       ] GC(924) Pause Young (Allocation Failure)
[27.887s][debug][gc,age         ] GC(924) Desired survivor size 1048576 bytes, new threshold 1 (max threshold 15)
[27.887s][info ][gc,heap        ] GC(924) PSYoungGen: 278112K(279040K)->96K(269312K) Eden: 278016K(278016K)->0K(268800K) From: 96K(1024K)->96K(512K)
[27.887s][info ][gc,heap        ] GC(924) ParOldGen: 4178K(349696K)->4178K(349696K)
[27.887s][info ][gc,metaspace   ] GC(924) Metaspace: 9579K(9856K)->9579K(9856K) NonClass: 8510K(8640K)->8510K(8640K) Class: 1069K(1216K)->1069K(1216K)
[27.887s][info ][gc             ] GC(924) Pause Young (Allocation Failure) 275M->4M(604M) 0.257ms
[27.887s][info ][gc,cpu         ] GC(924) User=0.00s Sys=0.00s Real=0.00s
[27.907s][info ][gc,start       ] GC(925) Pause Young (Allocation Failure)
[27.907s][debug][gc,age         ] GC(925) Desired survivor size 1048576 bytes, new threshold 1 (max threshold 15)
[27.907s][info ][gc,heap        ] GC(925) PSYoungGen: 268882K(269312K)->96K(323584K) Eden: 268786K(268800K)->0K(322560K) From: 96K(512K)->96K(1024K)
[27.907s][info ][gc,heap        ] GC(925) ParOldGen: 4178K(349696K)->4178K(349696K)
[27.907s][info ][gc,metaspace   ] GC(925) Metaspace: 9579K(9856K)->9579K(9856K) NonClass: 8510K(8640K)->8510K(8640K) Class: 1069K(1216K)->1069K(1216K)
[27.907s][info ][gc             ] GC(925) Pause Young (Allocation Failure) 266M->4M(657M) 0.284ms
[27.907s][info ][gc,cpu         ] GC(925) User=0.00s Sys=0.00s Real=0.00s
[27.931s][info ][gc,start       ] GC(926) Pause Young (Allocation Failure)
[27.931s][debug][gc,age         ] GC(926) Desired survivor size 1048576 bytes, new threshold 1 (max threshold 15)
[27.931s][info ][gc,heap        ] GC(926) PSYoungGen: 322620K(323584K)->96K(311808K) Eden: 322524K(322560K)->0K(311296K) From: 96K(1024K)->96K(512K)
[27.931s][info ][gc,heap        ] GC(926) ParOldGen: 4178K(349696K)->4178K(349696K)
[27.931s][info ][gc,metaspace   ] GC(926) Metaspace: 9579K(9856K)->9579K(9856K) NonClass: 8510K(8640K)->8510K(8640K) Class: 1069K(1216K)->1069K(1216K)
[27.931s][info ][gc             ] GC(926) Pause Young (Allocation Failure) 319M->4M(646M) 0.294ms
[27.931s][info ][gc,cpu         ] GC(926) User=0.00s Sys=0.00s Real=0.00s
[27.954s][info ][gc,start       ] GC(927) Pause Young (Allocation Failure)
[27.954s][debug][gc,age         ] GC(927) Desired survivor size 1048576 bytes, new threshold 1 (max threshold 15)
[27.954s][info ][gc,heap        ] GC(927) PSYoungGen: 311167K(311808K)->96K(301568K) Eden: 311071K(311296K)->0K(300544K) From: 96K(512K)->96K(1024K)
[27.954s][info ][gc,heap        ] GC(927) ParOldGen: 4178K(349696K)->4178K(349696K)
[27.954s][info ][gc,metaspace   ] GC(927) Metaspace: 9579K(9856K)->9579K(9856K) NonClass: 8510K(8640K)->8510K(8640K) Class: 1069K(1216K)->1069K(1216K)
[27.954s][info ][gc             ] GC(927) Pause Young (Allocation Failure) 307M->4M(636M) 0.269ms
[27.954s][info ][gc,cpu         ] GC(927) User=0.00s Sys=0.00s Real=0.00s
[27.976s][info ][gc,start       ] GC(928) Pause Young (Allocation Failure)
[27.976s][debug][gc,age         ] GC(928) Desired survivor size 1048576 bytes, new threshold 1 (max threshold 15)
[27.976s][info ][gc,heap        ] GC(928) PSYoungGen: 300640K(301568K)->454K(290816K) Eden: 300544K(300544K)->0K(290304K) From: 96K(1024K)->454K(512K)
[27.976s][info ][gc,heap        ] GC(928) ParOldGen: 4178K(349696K)->4178K(349696K)
[27.976s][info ][gc,metaspace   ] GC(928) Metaspace: 9579K(9856K)->9579K(9856K) NonClass: 8510K(8640K)->8510K(8640K) Class: 1069K(1216K)->1069K(1216K)
[27.976s][info ][gc             ] GC(928) Pause Young (Allocation Failure) 297M->4M(625M) 0.248ms
[27.976s][info ][gc,cpu         ] GC(928) User=0.00s Sys=0.00s Real=0.00s
[27.998s][info ][gc,start       ] GC(929) Pause Young (Allocation Failure)
[27.998s][debug][gc,age         ] GC(929) Desired survivor size 1048576 bytes, new threshold 1 (max threshold 15)
[27.998s][info ][gc,heap        ] GC(929) PSYoungGen: 290539K(290816K)->96K(281600K) Eden: 290084K(290304K)->0K(280576K) From: 454K(512K)->96K(1024K)
[27.998s][info ][gc,heap        ] GC(929) ParOldGen: 4178K(349696K)->4178K(349696K)
[27.998s][info ][gc,metaspace   ] GC(929) Metaspace: 9579K(9856K)->9579K(9856K) NonClass: 8510K(8640K)->8510K(8640K) Class: 1069K(1216K)->1069K(1216K)
[27.998s][info ][gc             ] GC(929) Pause Young (Allocation Failure) 287M->4M(616M) 0.270ms
[27.998s][info ][gc,cpu         ] GC(929) User=0.00s Sys=0.00s Real=0.00s
[28.018s][info ][gc,start       ] GC(930) Pause Young (Allocation Failure)
[28.018s][debug][gc,age         ] GC(930) Desired survivor size 1048576 bytes, new threshold 1 (max threshold 15)
[28.018s][info ][gc,heap        ] GC(930) PSYoungGen: 280672K(281600K)->96K(271872K) Eden: 280576K(280576K)->0K(271360K) From: 96K(1024K)->96K(512K)
[28.018s][info ][gc,heap        ] GC(930) ParOldGen: 4178K(349696K)->4178K(349696K)
[28.018s][info ][gc,metaspace   ] GC(930) Metaspace: 9579K(9856K)->9579K(9856K) NonClass: 8510K(8640K)->8510K(8640K) Class: 1069K(1216K)->1069K(1216K)
[28.018s][info ][gc             ] GC(930) Pause Young (Allocation Failure) 278M->4M(607M) 0.271ms
[28.018s][info ][gc,cpu         ] GC(930) User=0.00s Sys=0.00s Real=0.00s
[28.038s][info ][gc,start       ] GC(931) Pause Young (Allocation Failure)
[28.039s][debug][gc,age         ] GC(931) Desired survivor size 1048576 bytes, new threshold 1 (max threshold 15)
[28.039s][info ][gc,heap        ] GC(931) PSYoungGen: 271447K(271872K)->486K(263680K) Eden: 271351K(271360K)->0K(262656K) From: 96K(512K)->486K(1024K)
[28.039s][info ][gc,heap        ] GC(931) ParOldGen: 4178K(349696K)->4178K(349696K)
[28.039s][info ][gc,metaspace   ] GC(931) Metaspace: 9581K(9856K)->9581K(9856K) NonClass: 8512K(8640K)->8512K(8640K) Class: 1069K(1216K)->1069K(1216K)
[28.039s][info ][gc             ] GC(931) Pause Young (Allocation Failure) 269M->4M(599M) 0.256ms
[28.039s][info ][gc,cpu         ] GC(931) User=0.00s Sys=0.01s Real=0.00s
[28.058s][info ][gc,start       ] GC(932) Pause Young (Allocation Failure)
[28.058s][debug][gc,age         ] GC(932) Desired survivor size 1048576 bytes, new threshold 1 (max threshold 15)
[28.058s][info ][gc,heap        ] GC(932) PSYoungGen: 263142K(263680K)->96K(254464K) Eden: 262656K(262656K)->0K(253952K) From: 486K(1024K)->96K(512K)
[28.058s][info ][gc,heap        ] GC(932) ParOldGen: 4178K(349696K)->4178K(349696K)
[28.058s][info ][gc,metaspace   ] GC(932) Metaspace: 9581K(9856K)->9581K(9856K) NonClass: 8512K(8640K)->8512K(8640K) Class: 1069K(1216K)->1069K(1216K)
[28.058s][info ][gc             ] GC(932) Pause Young (Allocation Failure) 261M->4M(590M) 0.242ms
[28.058s][info ][gc,cpu         ] GC(932) User=0.00s Sys=0.00s Real=0.00s
[28.077s][info ][gc,start       ] GC(933) Pause Young (Allocation Failure)
[28.077s][debug][gc,age         ] GC(933) Desired survivor size 1048576 bytes, new threshold 1 (max threshold 15)
[28.077s][info ][gc,heap        ] GC(933) PSYoungGen: 253938K(254464K)->96K(246784K) Eden: 253842K(253952K)->0K(245760K) From: 96K(512K)->96K(1024K)
[28.077s][info ][gc,heap        ] GC(933) ParOldGen: 4178K(349696K)->4178K(349696K)
[28.077s][info ][gc,metaspace   ] GC(933) Metaspace: 9581K(9856K)->9581K(9856K) NonClass: 8512K(8640K)->8512K(8640K) Class: 1069K(1216K)->1069K(1216K)
[28.077s][info ][gc             ] GC(933) Pause Young (Allocation Failure) 252M->4M(582M) 0.244ms
[28.077s][info ][gc,cpu         ] GC(933) User=0.00s Sys=0.00s Real=0.00s
[28.095s][info ][gc,start       ] GC(934) Pause Young (Allocation Failure)
[28.096s][debug][gc,age         ] GC(934) Desired survivor size 1048576 bytes, new threshold 1 (max threshold 15)
[28.096s][info ][gc,heap        ] GC(934) PSYoungGen: 245856K(246784K)->486K(238592K) Eden: 245760K(245760K)->0K(238080K) From: 96K(1024K)->486K(512K)
[28.096s][info ][gc,heap        ] GC(934) ParOldGen: 4178K(349696K)->4178K(349696K)
[28.096s][info ][gc,metaspace   ] GC(934) Metaspace: 9581K(9856K)->9581K(9856K) NonClass: 8512K(8640K)->8512K(8640K) Class: 1069K(1216K)->1069K(1216K)
[28.096s][info ][gc             ] GC(934) Pause Young (Allocation Failure) 244M->4M(574M) 0.268ms
[28.096s][info ][gc,cpu         ] GC(934) User=0.00s Sys=0.00s Real=0.00s
[28.113s][info ][gc,start       ] GC(935) Pause Young (Allocation Failure)
[28.113s][debug][gc,age         ] GC(935) Desired survivor size 1048576 bytes, new threshold 1 (max threshold 15)
[28.113s][info ][gc,heap        ] GC(935) PSYoungGen: 238566K(238592K)->96K(231936K) Eden: 238080K(238080K)->0K(230912K) From: 486K(512K)->96K(1024K)
[28.113s][info ][gc,heap        ] GC(935) ParOldGen: 4178K(349696K)->4178K(349696K)
[28.113s][info ][gc,metaspace   ] GC(935) Metaspace: 9581K(9856K)->9581K(9856K) NonClass: 8512K(8640K)->8512K(8640K) Class: 1069K(1216K)->1069K(1216K)
[28.113s][info ][gc             ] GC(935) Pause Young (Allocation Failure) 237M->4M(568M) 0.274ms
[28.113s][info ][gc,cpu         ] GC(935) User=0.00s Sys=0.00s Real=0.00s
[28.130s][info ][gc,start       ] GC(936) Pause Young (Allocation Failure)
[28.130s][debug][gc,age         ] GC(936) Desired survivor size 1048576 bytes, new threshold 1 (max threshold 15)
[28.131s][info ][gc,heap        ] GC(936) PSYoungGen: 230775K(231936K)->454K(278016K) Eden: 230679K(230912K)->0K(277504K) From: 96K(1024K)->454K(512K)
[28.131s][info ][gc,heap        ] GC(936) ParOldGen: 4178K(349696K)->4178K(349696K)
[28.131s][info ][gc,metaspace   ] GC(936) Metaspace: 9581K(9856K)->9581K(9856K) NonClass: 8512K(8640K)->8512K(8640K) Class: 1069K(1216K)->1069K(1216K)
[28.131s][info ][gc             ] GC(936) Pause Young (Allocation Failure) 229M->4M(613M) 0.298ms
[28.131s][info ][gc,cpu         ] GC(936) User=0.00s Sys=0.00s Real=0.00s
[28.151s][info ][gc,start       ] GC(937) Pause Young (Allocation Failure)
[28.151s][debug][gc,age         ] GC(937) Desired survivor size 1048576 bytes, new threshold 1 (max threshold 15)
[28.151s][info ][gc,heap        ] GC(937) PSYoungGen: 277866K(278016K)->96K(333312K) Eden: 277412K(277504K)->0K(332288K) From: 454K(512K)->96K(1024K)
[28.151s][info ][gc,heap        ] GC(937) ParOldGen: 4178K(349696K)->4178K(349696K)
[28.151s][info ][gc,metaspace   ] GC(937) Metaspace: 9581K(9856K)->9581K(9856K) NonClass: 8512K(8640K)->8512K(8640K) Class: 1069K(1216K)->1069K(1216K)
[28.151s][info ][gc             ] GC(937) Pause Young (Allocation Failure) 275M->4M(667M) 0.261ms
[28.151s][info ][gc,cpu         ] GC(937) User=0.00s Sys=0.00s Real=0.00s
[28.175s][info ][gc,start       ] GC(938) Pause Young (Allocation Failure)
[28.175s][debug][gc,age         ] GC(938) Desired survivor size 1048576 bytes, new threshold 1 (max threshold 15)
[28.175s][info ][gc,heap        ] GC(938) PSYoungGen: 332087K(333312K)->64K(321024K) Eden: 331991K(332288K)->0K(320512K) From: 96K(1024K)->64K(512K)
[28.175s][info ][gc,heap        ] GC(938) ParOldGen: 4178K(349696K)->4178K(349696K)
[28.175s][info ][gc,metaspace   ] GC(938) Metaspace: 9581K(9856K)->9581K(9856K) NonClass: 8512K(8640K)->8512K(8640K) Class: 1069K(1216K)->1069K(1216K)
[28.175s][info ][gc             ] GC(938) Pause Young (Allocation Failure) 328M->4M(655M) 0.278ms
[28.175s][info ][gc,cpu         ] GC(938) User=0.00s Sys=0.00s Real=0.01s
[28.198s][info ][gc,start       ] GC(939) Pause Young (Allocation Failure)
[28.199s][debug][gc,age         ] GC(939) Desired survivor size 1048576 bytes, new threshold 1 (max threshold 15)
[28.199s][info ][gc,heap        ] GC(939) PSYoungGen: 320576K(321024K)->454K(310272K) Eden: 320512K(320512K)->0K(309248K) From: 64K(512K)->454K(1024K)
[28.199s][info ][gc,heap        ] GC(939) ParOldGen: 4178K(349696K)->4178K(349696K)
[28.199s][info ][gc,metaspace   ] GC(939) Metaspace: 9581K(9856K)->9581K(9856K) NonClass: 8512K(8640K)->8512K(8640K) Class: 1069K(1216K)->1069K(1216K)
[28.199s][info ][gc             ] GC(939) Pause Young (Allocation Failure) 317M->4M(644M) 0.291ms
[28.199s][info ][gc,cpu         ] GC(939) User=0.00s Sys=0.01s Real=0.00s
[28.221s][info ][gc,start       ] GC(940) Pause Young (Allocation Failure)
[28.222s][debug][gc,age         ] GC(940) Desired survivor size 1048576 bytes, new threshold 1 (max threshold 15)
[28.222s][info ][gc,heap        ] GC(940) PSYoungGen: 309495K(310272K)->96K(299008K) Eden: 309041K(309248K)->0K(298496K) From: 454K(1024K)->96K(512K)
[28.222s][info ][gc,heap        ] GC(940) ParOldGen: 4178K(349696K)->4178K(349696K)
[28.222s][info ][gc,metaspace   ] GC(940) Metaspace: 9581K(9856K)->9581K(9856K) NonClass: 8512K(8640K)->8512K(8640K) Class: 1069K(1216K)->1069K(1216K)
[28.222s][info ][gc             ] GC(940) Pause Young (Allocation Failure) 306M->4M(633M) 0.254ms
[28.222s][info ][gc,cpu         ] GC(940) User=0.00s Sys=0.00s Real=0.00s
[28.243s][info ][gc,start       ] GC(941) Pause Young (Allocation Failure)
[28.243s][debug][gc,age         ] GC(941) Desired survivor size 1048576 bytes, new threshold 1 (max threshold 15)
[28.243s][info ][gc,heap        ] GC(941) PSYoungGen: 298592K(299008K)->64K(289280K) Eden: 298496K(298496K)->0K(288256K) From: 96K(512K)->64K(1024K)
[28.243s][info ][gc,heap        ] GC(941) ParOldGen: 4178K(349696K)->4178K(349696K)
[28.243s][info ][gc,metaspace   ] GC(941) Metaspace: 9581K(9856K)->9581K(9856K) NonClass: 8512K(8640K)->8512K(8640K) Class: 1069K(1216K)->1069K(1216K)
[28.243s][info ][gc             ] GC(941) Pause Young (Allocation Failure) 295M->4M(624M) 0.263ms
[28.243s][info ][gc,cpu         ] GC(941) User=0.00s Sys=0.00s Real=0.00s
[28.265s][info ][gc,start       ] GC(942) Pause Young (Allocation Failure)
[28.265s][debug][gc,age         ] GC(942) Desired survivor size 1048576 bytes, new threshold 1 (max threshold 15)
[28.265s][info ][gc,heap        ] GC(942) PSYoungGen: 287976K(289280K)->486K(279040K) Eden: 287912K(288256K)->0K(278528K) From: 64K(1024K)->486K(512K)
[28.265s][info ][gc,heap        ] GC(942) ParOldGen: 4178K(349696K)->4178K(349696K)
[28.265s][info ][gc,metaspace   ] GC(942) Metaspace: 9581K(9856K)->9581K(9856K) NonClass: 8512K(8640K)->8512K(8640K) Class: 1069K(1216K)->1069K(1216K)
[28.265s][info ][gc             ] GC(942) Pause Young (Allocation Failure) 285M->4M(614M) 0.260ms
[28.265s][info ][gc,cpu         ] GC(942) User=0.00s Sys=0.00s Real=0.00s
[28.285s][info ][gc,start       ] GC(943) Pause Young (Allocation Failure)
[28.285s][debug][gc,age         ] GC(943) Desired survivor size 1048576 bytes, new threshold 1 (max threshold 15)
[28.285s][info ][gc,heap        ] GC(943) PSYoungGen: 279014K(279040K)->64K(270336K) Eden: 278528K(278528K)->0K(269312K) From: 486K(512K)->64K(1024K)
[28.285s][info ][gc,heap        ] GC(943) ParOldGen: 4178K(349696K)->4178K(349696K)
[28.285s][info ][gc,metaspace   ] GC(943) Metaspace: 9581K(9856K)->9581K(9856K) NonClass: 8512K(8640K)->8512K(8640K) Class: 1069K(1216K)->1069K(1216K)
[28.285s][info ][gc             ] GC(943) Pause Young (Allocation Failure) 276M->4M(605M) 0.238ms
[28.285s][info ][gc,cpu         ] GC(943) User=0.00s Sys=0.00s Real=0.01s
[28.305s][info ][gc,start       ] GC(944) Pause Young (Allocation Failure)
[28.306s][debug][gc,age         ] GC(944) Desired survivor size 1048576 bytes, new threshold 1 (max threshold 15)
[28.306s][info ][gc,heap        ] GC(944) PSYoungGen: 269257K(270336K)->454K(261120K) Eden: 269193K(269312K)->0K(260608K) From: 64K(1024K)->454K(512K)
[28.306s][info ][gc,heap        ] GC(944) ParOldGen: 4178K(349696K)->4178K(349696K)
[28.306s][info ][gc,metaspace   ] GC(944) Metaspace: 9581K(9856K)->9581K(9856K) NonClass: 8512K(8640K)->8512K(8640K) Class: 1069K(1216K)->1069K(1216K)
[28.306s][info ][gc             ] GC(944) Pause Young (Allocation Failure) 267M->4M(596M) 0.279ms
[28.306s][info ][gc,cpu         ] GC(944) User=0.00s Sys=0.00s Real=0.01s
[28.324s][info ][gc,start       ] GC(945) Pause Young (Allocation Failure)
[28.325s][debug][gc,age         ] GC(945) Desired survivor size 1048576 bytes, new threshold 1 (max threshold 15)
[28.325s][info ][gc,heap        ] GC(945) PSYoungGen: 260931K(261120K)->486K(313856K) Eden: 260476K(260608K)->0K(312832K) From: 454K(512K)->486K(1024K)
[28.325s][info ][gc,heap        ] GC(945) ParOldGen: 4178K(349696K)->4178K(349696K)
[28.325s][info ][gc,metaspace   ] GC(945) Metaspace: 9581K(9856K)->9581K(9856K) NonClass: 8512K(8640K)->8512K(8640K) Class: 1069K(1216K)->1069K(1216K)
[28.325s][info ][gc             ] GC(945) Pause Young (Allocation Failure) 258M->4M(648M) 0.292ms
[28.325s][info ][gc,cpu         ] GC(945) User=0.00s Sys=0.00s Real=0.00s
[28.348s][info ][gc,start       ] GC(946) Pause Young (Allocation Failure)
[28.348s][debug][gc,age         ] GC(946) Desired survivor size 1048576 bytes, new threshold 1 (max threshold 15)
[28.348s][info ][gc,heap        ] GC(946) PSYoungGen: 313304K(313856K)->96K(302592K) Eden: 312818K(312832K)->0K(302080K) From: 486K(1024K)->96K(512K)
[28.348s][info ][gc,heap        ] GC(946) ParOldGen: 4178K(349696K)->4178K(349696K)
[28.348s][info ][gc,metaspace   ] GC(946) Metaspace: 9581K(9856K)->9581K(9856K) NonClass: 8512K(8640K)->8512K(8640K) Class: 1069K(1216K)->1069K(1216K)
[28.348s][info ][gc             ] GC(946) Pause Young (Allocation Failure) 310M->4M(637M) 0.252ms
[28.348s][info ][gc,cpu         ] GC(946) User=0.00s Sys=0.00s Real=0.00s
[28.370s][info ][gc,start       ] GC(947) Pause Young (Allocation Failure)
[28.370s][debug][gc,age         ] GC(947) Desired survivor size 1048576 bytes, new threshold 1 (max threshold 15)
[28.370s][info ][gc,heap        ] GC(947) PSYoungGen: 302176K(302592K)->96K(292864K) Eden: 302080K(302080K)->0K(291840K) From: 96K(512K)->96K(1024K)
[28.370s][info ][gc,heap        ] GC(947) ParOldGen: 4178K(349696K)->4178K(349696K)
[28.370s][info ][gc,metaspace   ] GC(947) Metaspace: 9581K(9856K)->9581K(9856K) NonClass: 8512K(8640K)->8512K(8640K) Class: 1069K(1216K)->1069K(1216K)
[28.370s][info ][gc             ] GC(947) Pause Young (Allocation Failure) 299M->4M(627M) 0.272ms
[28.370s][info ][gc,cpu         ] GC(947) User=0.00s Sys=0.00s Real=0.00s
[28.392s][info ][gc,start       ] GC(948) Pause Young (Allocation Failure)
[28.392s][debug][gc,age         ] GC(948) Desired survivor size 1048576 bytes, new threshold 1 (max threshold 15)
[28.392s][info ][gc,heap        ] GC(948) PSYoungGen: 291761K(292864K)->486K(282624K) Eden: 291665K(291840K)->0K(282112K) From: 96K(1024K)->486K(512K)
[28.392s][info ][gc,heap        ] GC(948) ParOldGen: 4178K(349696K)->4178K(349696K)
[28.392s][info ][gc,metaspace   ] GC(948) Metaspace: 9581K(9856K)->9581K(9856K) NonClass: 8512K(8640K)->8512K(8640K) Class: 1069K(1216K)->1069K(1216K)
[28.392s][info ][gc             ] GC(948) Pause Young (Allocation Failure) 289M->4M(617M) 0.291ms
[28.392s][info ][gc,cpu         ] GC(948) User=0.00s Sys=0.00s Real=0.00s
[28.413s][info ][gc,start       ] GC(949) Pause Young (Allocation Failure)
[28.413s][debug][gc,age         ] GC(949) Desired survivor size 1048576 bytes, new threshold 1 (max threshold 15)
[28.413s][info ][gc,heap        ] GC(949) PSYoungGen: 282403K(282624K)->64K(273920K) Eden: 281916K(282112K)->0K(272896K) From: 486K(512K)->64K(1024K)
[28.413s][info ][gc,heap        ] GC(949) ParOldGen: 4178K(349696K)->4178K(349696K)
[28.413s][info ][gc,metaspace   ] GC(949) Metaspace: 9581K(9856K)->9581K(9856K) NonClass: 8512K(8640K)->8512K(8640K) Class: 1069K(1216K)->1069K(1216K)
[28.413s][info ][gc             ] GC(949) Pause Young (Allocation Failure) 279M->4M(609M) 0.264ms
[28.413s][info ][gc,cpu         ] GC(949) User=0.00s Sys=0.00s Real=0.00s
[28.433s][info ][gc,start       ] GC(950) Pause Young (Allocation Failure)
[28.433s][debug][gc,age         ] GC(950) Desired survivor size 1048576 bytes, new threshold 1 (max threshold 15)
[28.433s][info ][gc,heap        ] GC(950) PSYoungGen: 272615K(273920K)->96K(264704K) Eden: 272551K(272896K)->0K(264192K) From: 64K(1024K)->96K(512K)
[28.433s][info ][gc,heap        ] GC(950) ParOldGen: 4178K(349696K)->4178K(349696K)
[28.433s][info ][gc,metaspace   ] GC(950) Metaspace: 9581K(9856K)->9581K(9856K) NonClass: 8512K(8640K)->8512K(8640K) Class: 1069K(1216K)->1069K(1216K)
[28.433s][info ][gc             ] GC(950) Pause Young (Allocation Failure) 270M->4M(600M) 0.284ms
[28.433s][info ][gc,cpu         ] GC(950) User=0.00s Sys=0.00s Real=0.00s
[28.453s][info ][gc,start       ] GC(951) Pause Young (Allocation Failure)
[28.453s][debug][gc,age         ] GC(951) Desired survivor size 1048576 bytes, new threshold 1 (max threshold 15)
[28.453s][info ][gc,heap        ] GC(951) PSYoungGen: 264269K(264704K)->96K(256512K) Eden: 264173K(264192K)->0K(255488K) From: 96K(512K)->96K(1024K)
[28.453s][info ][gc,heap        ] GC(951) ParOldGen: 4178K(349696K)->4178K(349696K)
[28.453s][info ][gc,metaspace   ] GC(951) Metaspace: 9581K(9856K)->9581K(9856K) NonClass: 8512K(8640K)->8512K(8640K) Class: 1069K(1216K)->1069K(1216K)
[28.453s][info ][gc             ] GC(951) Pause Young (Allocation Failure) 262M->4M(592M) 0.258ms
[28.453s][info ][gc,cpu         ] GC(951) User=0.00s Sys=0.00s Real=0.00s
[28.471s][info ][gc,start       ] GC(952) Pause Young (Allocation Failure)
[28.472s][debug][gc,age         ] GC(952) Desired survivor size 1048576 bytes, new threshold 1 (max threshold 15)
[28.472s][info ][gc,heap        ] GC(952) PSYoungGen: 255584K(256512K)->96K(307200K) Eden: 255488K(255488K)->0K(306688K) From: 96K(1024K)->96K(512K)
[28.472s][info ][gc,heap        ] GC(952) ParOldGen: 4178K(349696K)->4178K(349696K)
[28.472s][info ][gc,metaspace   ] GC(952) Metaspace: 9581K(9856K)->9581K(9856K) NonClass: 8512K(8640K)->8512K(8640K) Class: 1069K(1216K)->1069K(1216K)
[28.472s][info ][gc             ] GC(952) Pause Young (Allocation Failure) 253M->4M(641M) 0.271ms
[28.472s][info ][gc,cpu         ] GC(952) User=0.00s Sys=0.00s Real=0.00s
[28.494s][info ][gc,start       ] GC(953) Pause Young (Allocation Failure)
[28.494s][debug][gc,age         ] GC(953) Desired survivor size 1048576 bytes, new threshold 1 (max threshold 15)
[28.495s][info ][gc,heap        ] GC(953) PSYoungGen: 306738K(307200K)->486K(330240K) Eden: 306642K(306688K)->0K(329216K) From: 96K(512K)->486K(1024K)
[28.495s][info ][gc,heap        ] GC(953) ParOldGen: 4178K(349696K)->4178K(349696K)
[28.495s][info ][gc,metaspace   ] GC(953) Metaspace: 9581K(9856K)->9581K(9856K) NonClass: 8512K(8640K)->8512K(8640K) Class: 1069K(1216K)->1069K(1216K)
[28.495s][info ][gc             ] GC(953) Pause Young (Allocation Failure) 303M->4M(664M) 0.303ms
[28.495s][info ][gc,cpu         ] GC(953) User=0.00s Sys=0.00s Real=0.00s
[28.519s][info ][gc,start       ] GC(954) Pause Young (Allocation Failure)
[28.519s][debug][gc,age         ] GC(954) Desired survivor size 1048576 bytes, new threshold 1 (max threshold 15)
[28.519s][info ][gc,heap        ] GC(954) PSYoungGen: 329509K(330240K)->486K(318464K) Eden: 329022K(329216K)->0K(317952K) From: 486K(1024K)->486K(512K)
[28.519s][info ][gc,heap        ] GC(954) ParOldGen: 4178K(349696K)->4178K(349696K)
[28.519s][info ][gc,metaspace   ] GC(954) Metaspace: 9581K(9856K)->9581K(9856K) NonClass: 8512K(8640K)->8512K(8640K) Class: 1069K(1216K)->1069K(1216K)
[28.519s][info ][gc             ] GC(954) Pause Young (Allocation Failure) 325M->4M(652M) 0.265ms
[28.519s][info ][gc,cpu         ] GC(954) User=0.00s Sys=0.00s Real=0.00s
[28.542s][info ][gc,start       ] GC(955) Pause Young (Allocation Failure)
[28.542s][debug][gc,age         ] GC(955) Desired survivor size 1048576 bytes, new threshold 1 (max threshold 15)
[28.542s][info ][gc,heap        ] GC(955) PSYoungGen: 318438K(318464K)->486K(308224K) Eden: 317952K(317952K)->0K(307200K) From: 486K(512K)->486K(1024K)
[28.542s][info ][gc,heap        ] GC(955) ParOldGen: 4178K(349696K)->4178K(349696K)
[28.542s][info ][gc,metaspace   ] GC(955) Metaspace: 9581K(9856K)->9581K(9856K) NonClass: 8512K(8640K)->8512K(8640K) Class: 1069K(1216K)->1069K(1216K)
[28.542s][info ][gc             ] GC(955) Pause Young (Allocation Failure) 315M->4M(642M) 0.279ms
[28.542s][info ][gc,cpu         ] GC(955) User=0.00s Sys=0.00s Real=0.00s
[28.565s][info ][gc,start       ] GC(956) Pause Young (Allocation Failure)
[28.565s][debug][gc,age         ] GC(956) Desired survivor size 1048576 bytes, new threshold 1 (max threshold 15)
[28.565s][info ][gc,heap        ] GC(956) PSYoungGen: 307544K(308224K)->486K(296960K) Eden: 307057K(307200K)->0K(296448K) From: 486K(1024K)->486K(512K)
[28.565s][info ][gc,heap        ] GC(956) ParOldGen: 4178K(349696K)->4178K(349696K)
[28.565s][info ][gc,metaspace   ] GC(956) Metaspace: 9581K(9856K)->9581K(9856K) NonClass: 8512K(8640K)->8512K(8640K) Class: 1069K(1216K)->1069K(1216K)
[28.565s][info ][gc             ] GC(956) Pause Young (Allocation Failure) 304M->4M(631M) 0.327ms
[28.565s][info ][gc,cpu         ] GC(956) User=0.00s Sys=0.00s Real=0.00s
[28.586s][info ][gc,start       ] GC(957) Pause Young (Allocation Failure)
[28.587s][debug][gc,age         ] GC(957) Desired survivor size 1048576 bytes, new threshold 1 (max threshold 15)
[28.587s][info ][gc,heap        ] GC(957) PSYoungGen: 296934K(296960K)->64K(287232K) Eden: 296448K(296448K)->0K(286208K) From: 486K(512K)->64K(1024K)
[28.587s][info ][gc,heap        ] GC(957) ParOldGen: 4178K(349696K)->4178K(349696K)
[28.587s][info ][gc,metaspace   ] GC(957) Metaspace: 9581K(9856K)->9581K(9856K) NonClass: 8512K(8640K)->8512K(8640K) Class: 1069K(1216K)->1069K(1216K)
[28.587s][info ][gc             ] GC(957) Pause Young (Allocation Failure) 294M->4M(622M) 0.259ms
[28.587s][info ][gc,cpu         ] GC(957) User=0.00s Sys=0.00s Real=0.00s
[28.608s][info ][gc,start       ] GC(958) Pause Young (Allocation Failure)
[28.608s][debug][gc,age         ] GC(958) Desired survivor size 1048576 bytes, new threshold 1 (max threshold 15)
[28.608s][info ][gc,heap        ] GC(958) PSYoungGen: 286139K(287232K)->64K(276992K) Eden: 286075K(286208K)->0K(276480K) From: 64K(1024K)->64K(512K)
[28.608s][info ][gc,heap        ] GC(958) ParOldGen: 4178K(349696K)->4178K(349696K)
[28.608s][info ][gc,metaspace   ] GC(958) Metaspace: 9581K(9856K)->9581K(9856K) NonClass: 8512K(8640K)->8512K(8640K) Class: 1069K(1216K)->1069K(1216K)
[28.608s][info ][gc             ] GC(958) Pause Young (Allocation Failure) 283M->4M(612M) 0.259ms
[28.608s][info ][gc,cpu         ] GC(958) User=0.00s Sys=0.00s Real=0.00s
[28.628s][info ][gc,start       ] GC(959) Pause Young (Allocation Failure)
[28.628s][debug][gc,age         ] GC(959) Desired survivor size 1048576 bytes, new threshold 1 (max threshold 15)
[28.628s][info ][gc,heap        ] GC(959) PSYoungGen: 276260K(276992K)->486K(332800K) Eden: 276196K(276480K)->0K(331776K) From: 64K(512K)->486K(1024K)
[28.628s][info ][gc,heap        ] GC(959) ParOldGen: 4178K(349696K)->4178K(349696K)
[28.628s][info ][gc,metaspace   ] GC(959) Metaspace: 9581K(9856K)->9581K(9856K) NonClass: 8512K(8640K)->8512K(8640K) Class: 1069K(1216K)->1069K(1216K)
[28.628s][info ][gc             ] GC(959) Pause Young (Allocation Failure) 273M->4M(666M) 0.323ms
[28.628s][info ][gc,cpu         ] GC(959) User=0.00s Sys=0.00s Real=0.00s
[28.653s][info ][gc,start       ] GC(960) Pause Young (Allocation Failure)
[28.653s][debug][gc,age         ] GC(960) Desired survivor size 1048576 bytes, new threshold 1 (max threshold 15)
[28.653s][info ][gc,heap        ] GC(960) PSYoungGen: 331996K(332800K)->454K(320512K) Eden: 331509K(331776K)->0K(320000K) From: 486K(1024K)->454K(512K)
[28.653s][info ][gc,heap        ] GC(960) ParOldGen: 4178K(349696K)->4178K(349696K)
[28.653s][info ][gc,metaspace   ] GC(960) Metaspace: 9581K(9856K)->9581K(9856K) NonClass: 8512K(8640K)->8512K(8640K) Class: 1069K(1216K)->1069K(1216K)
[28.653s][info ][gc             ] GC(960) Pause Young (Allocation Failure) 328M->4M(654M) 0.254ms
[28.653s][info ][gc,cpu         ] GC(960) User=0.00s Sys=0.00s Real=0.00s
[28.676s][info ][gc,start       ] GC(961) Pause Young (Allocation Failure)
[28.676s][debug][gc,age         ] GC(961) Desired survivor size 1048576 bytes, new threshold 1 (max threshold 15)
[28.676s][info ][gc,heap        ] GC(961) PSYoungGen: 320454K(320512K)->486K(309760K) Eden: 320000K(320000K)->0K(308736K) From: 454K(512K)->486K(1024K)
[28.676s][info ][gc,heap        ] GC(961) ParOldGen: 4178K(349696K)->4178K(349696K)
[28.676s][info ][gc,metaspace   ] GC(961) Metaspace: 9581K(9856K)->9581K(9856K) NonClass: 8512K(8640K)->8512K(8640K) Class: 1069K(1216K)->1069K(1216K)
[28.676s][info ][gc             ] GC(961) Pause Young (Allocation Failure) 317M->4M(644M) 0.239ms
[28.676s][info ][gc,cpu         ] GC(961) User=0.00s Sys=0.00s Real=0.00s
[28.699s][info ][gc,start       ] GC(962) Pause Young (Allocation Failure)
[28.699s][debug][gc,age         ] GC(962) Desired survivor size 1048576 bytes, new threshold 1 (max threshold 15)
[28.699s][info ][gc,heap        ] GC(962) PSYoungGen: 309112K(309760K)->454K(298496K) Eden: 308626K(308736K)->0K(297984K) From: 486K(1024K)->454K(512K)
[28.699s][info ][gc,heap        ] GC(962) ParOldGen: 4178K(349696K)->4178K(349696K)
[28.699s][info ][gc,metaspace   ] GC(962) Metaspace: 9581K(9856K)->9581K(9856K) NonClass: 8512K(8640K)->8512K(8640K) Class: 1069K(1216K)->1069K(1216K)
[28.699s][info ][gc             ] GC(962) Pause Young (Allocation Failure) 305M->4M(633M) 0.285ms
[28.699s][info ][gc,cpu         ] GC(962) User=0.00s Sys=0.01s Real=0.00s
[28.721s][info ][gc,start       ] GC(963) Pause Young (Allocation Failure)
[28.721s][debug][gc,age         ] GC(963) Desired survivor size 1048576 bytes, new threshold 1 (max threshold 15)
[28.721s][info ][gc,heap        ] GC(963) PSYoungGen: 298438K(298496K)->486K(288768K) Eden: 297984K(297984K)->0K(287744K) From: 454K(512K)->486K(1024K)
[28.721s][info ][gc,heap        ] GC(963) ParOldGen: 4178K(349696K)->4178K(349696K)
[28.721s][info ][gc,metaspace   ] GC(963) Metaspace: 9581K(9856K)->9581K(9856K) NonClass: 8512K(8640K)->8512K(8640K) Class: 1069K(1216K)->1069K(1216K)
[28.721s][info ][gc             ] GC(963) Pause Young (Allocation Failure) 295M->4M(623M) 0.320ms
[28.721s][info ][gc,cpu         ] GC(963) User=0.00s Sys=0.00s Real=0.00s
[28.742s][info ][gc,start       ] GC(964) Pause Young (Allocation Failure)
[28.742s][debug][gc,age         ] GC(964) Desired survivor size 1048576 bytes, new threshold 1 (max threshold 15)
[28.742s][info ][gc,heap        ] GC(964) PSYoungGen: 288010K(288768K)->486K(278528K) Eden: 287523K(287744K)->0K(278016K) From: 486K(1024K)->486K(512K)
[28.742s][info ][gc,heap        ] GC(964) ParOldGen: 4178K(349696K)->4178K(349696K)
[28.742s][info ][gc,metaspace   ] GC(964) Metaspace: 9581K(9856K)->9581K(9856K) NonClass: 8512K(8640K)->8512K(8640K) Class: 1069K(1216K)->1069K(1216K)
[28.742s][info ][gc             ] GC(964) Pause Young (Allocation Failure) 285M->4M(613M) 0.248ms
[28.742s][info ][gc,cpu         ] GC(964) User=0.00s Sys=0.00s Real=0.00s
[28.762s][info ][gc,start       ] GC(965) Pause Young (Allocation Failure)
[28.763s][debug][gc,age         ] GC(965) Desired survivor size 1048576 bytes, new threshold 1 (max threshold 15)
[28.763s][info ][gc,heap        ] GC(965) PSYoungGen: 278502K(278528K)->486K(269824K) Eden: 278016K(278016K)->0K(268800K) From: 486K(512K)->486K(1024K)
[28.763s][info ][gc,heap        ] GC(965) ParOldGen: 4178K(349696K)->4178K(349696K)
[28.763s][info ][gc,metaspace   ] GC(965) Metaspace: 9581K(9856K)->9581K(9856K) NonClass: 8512K(8640K)->8512K(8640K) Class: 1069K(1216K)->1069K(1216K)
[28.763s][info ][gc             ] GC(965) Pause Young (Allocation Failure) 276M->4M(605M) 0.257ms
[28.763s][info ][gc,cpu         ] GC(965) User=0.00s Sys=0.00s Real=0.00s
[28.782s][info ][gc,start       ] GC(966) Pause Young (Allocation Failure)
[28.783s][debug][gc,age         ] GC(966) Desired survivor size 1048576 bytes, new threshold 1 (max threshold 15)
[28.783s][info ][gc,heap        ] GC(966) PSYoungGen: 269261K(269824K)->454K(260608K) Eden: 268774K(268800K)->0K(260096K) From: 486K(1024K)->454K(512K)
[28.783s][info ][gc,heap        ] GC(966) ParOldGen: 4178K(349696K)->4178K(349696K)
[28.783s][info ][gc,metaspace   ] GC(966) Metaspace: 9581K(9856K)->9581K(9856K) NonClass: 8512K(8640K)->8512K(8640K) Class: 1069K(1216K)->1069K(1216K)
[28.783s][info ][gc             ] GC(966) Pause Young (Allocation Failure) 267M->4M(596M) 0.262ms
[28.783s][info ][gc,cpu         ] GC(966) User=0.00s Sys=0.00s Real=0.00s
[28.801s][info ][gc,start       ] GC(967) Pause Young (Allocation Failure)
[28.802s][debug][gc,age         ] GC(967) Desired survivor size 1048576 bytes, new threshold 1 (max threshold 15)
[28.802s][info ][gc,heap        ] GC(967) PSYoungGen: 260550K(260608K)->486K(313344K) Eden: 260096K(260096K)->0K(312320K) From: 454K(512K)->486K(1024K)
[28.802s][info ][gc,heap        ] GC(967) ParOldGen: 4178K(349696K)->4178K(349696K)
[28.802s][info ][gc,metaspace   ] GC(967) Metaspace: 9581K(9856K)->9581K(9856K) NonClass: 8512K(8640K)->8512K(8640K) Class: 1069K(1216K)->1069K(1216K)
[28.802s][info ][gc             ] GC(967) Pause Young (Allocation Failure) 258M->4M(647M) 0.332ms
[28.802s][info ][gc,cpu         ] GC(967) User=0.00s Sys=0.00s Real=0.00s
[28.825s][info ][gc,start       ] GC(968) Pause Young (Allocation Failure)
[28.825s][debug][gc,age         ] GC(968) Desired survivor size 1048576 bytes, new threshold 1 (max threshold 15)
[28.825s][info ][gc,heap        ] GC(968) PSYoungGen: 312508K(313344K)->96K(302080K) Eden: 312021K(312320K)->0K(301568K) From: 486K(1024K)->96K(512K)
[28.825s][info ][gc,heap        ] GC(968) ParOldGen: 4178K(349696K)->4178K(349696K)
[28.825s][info ][gc,metaspace   ] GC(968) Metaspace: 9581K(9856K)->9581K(9856K) NonClass: 8512K(8640K)->8512K(8640K) Class: 1069K(1216K)->1069K(1216K)
[28.825s][info ][gc             ] GC(968) Pause Young (Allocation Failure) 309M->4M(636M) 0.226ms
[28.825s][info ][gc,cpu         ] GC(968) User=0.00s Sys=0.00s Real=0.00s
[28.847s][info ][gc,start       ] GC(969) Pause Young (Allocation Failure)
[28.847s][debug][gc,age         ] GC(969) Desired survivor size 1048576 bytes, new threshold 1 (max threshold 15)
[28.847s][info ][gc,heap        ] GC(969) PSYoungGen: 301664K(302080K)->64K(292352K) Eden: 301568K(301568K)->0K(291328K) From: 96K(512K)->64K(1024K)
[28.847s][info ][gc,heap        ] GC(969) ParOldGen: 4178K(349696K)->4178K(349696K)
[28.847s][info ][gc,metaspace   ] GC(969) Metaspace: 9581K(9856K)->9581K(9856K) NonClass: 8512K(8640K)->8512K(8640K) Class: 1069K(1216K)->1069K(1216K)
[28.847s][info ][gc             ] GC(969) Pause Young (Allocation Failure) 298M->4M(627M) 0.235ms
[28.847s][info ][gc,cpu         ] GC(969) User=0.01s Sys=0.00s Real=0.00s
[28.868s][info ][gc,start       ] GC(970) Pause Young (Allocation Failure)
[28.869s][debug][gc,age         ] GC(970) Desired survivor size 1048576 bytes, new threshold 1 (max threshold 15)
[28.869s][info ][gc,heap        ] GC(970) PSYoungGen: 291320K(292352K)->96K(282112K) Eden: 291256K(291328K)->0K(281600K) From: 64K(1024K)->96K(512K)
[28.869s][info ][gc,heap        ] GC(970) ParOldGen: 4178K(349696K)->4178K(349696K)
[28.869s][info ][gc,metaspace   ] GC(970) Metaspace: 9581K(9856K)->9581K(9856K) NonClass: 8512K(8640K)->8512K(8640K) Class: 1069K(1216K)->1069K(1216K)
[28.869s][info ][gc             ] GC(970) Pause Young (Allocation Failure) 288M->4M(617M) 0.245ms
[28.869s][info ][gc,cpu         ] GC(970) User=0.00s Sys=0.00s Real=0.00s
[28.889s][info ][gc,start       ] GC(971) Pause Young (Allocation Failure)
[28.889s][debug][gc,age         ] GC(971) Desired survivor size 1048576 bytes, new threshold 1 (max threshold 15)
[28.889s][info ][gc,heap        ] GC(971) PSYoungGen: 281509K(282112K)->486K(273408K) Eden: 281413K(281600K)->0K(272384K) From: 96K(512K)->486K(1024K)
[28.889s][info ][gc,heap        ] GC(971) ParOldGen: 4178K(349696K)->4178K(349696K)
[28.889s][info ][gc,metaspace   ] GC(971) Metaspace: 9581K(9856K)->9581K(9856K) NonClass: 8512K(8640K)->8512K(8640K) Class: 1069K(1216K)->1069K(1216K)
[28.889s][info ][gc             ] GC(971) Pause Young (Allocation Failure) 278M->4M(608M) 0.268ms
[28.889s][info ][gc,cpu         ] GC(971) User=0.00s Sys=0.00s Real=0.00s
[28.909s][info ][gc,start       ] GC(972) Pause Young (Allocation Failure)
[28.910s][debug][gc,age         ] GC(972) Desired survivor size 1048576 bytes, new threshold 1 (max threshold 15)
[28.910s][info ][gc,heap        ] GC(972) PSYoungGen: 272587K(273408K)->96K(264192K) Eden: 272100K(272384K)->0K(263680K) From: 486K(1024K)->96K(512K)
[28.910s][info ][gc,heap        ] GC(972) ParOldGen: 4178K(349696K)->4178K(349696K)
[28.910s][info ][gc,metaspace   ] GC(972) Metaspace: 9581K(9856K)->9581K(9856K) NonClass: 8512K(8640K)->8512K(8640K) Class: 1069K(1216K)->1069K(1216K)
[28.910s][info ][gc             ] GC(972) Pause Young (Allocation Failure) 270M->4M(599M) 0.267ms
[28.910s][info ][gc,cpu         ] GC(972) User=0.00s Sys=0.00s Real=0.00s
[28.929s][info ][gc,start       ] GC(973) Pause Young (Allocation Failure)
[28.929s][debug][gc,age         ] GC(973) Desired survivor size 1048576 bytes, new threshold 1 (max threshold 15)
[28.929s][info ][gc,heap        ] GC(973) PSYoungGen: 263529K(264192K)->64K(256000K) Eden: 263433K(263680K)->0K(254976K) From: 96K(512K)->64K(1024K)
[28.929s][info ][gc,heap        ] GC(973) ParOldGen: 4178K(349696K)->4178K(349696K)
[28.929s][info ][gc,metaspace   ] GC(973) Metaspace: 9581K(9856K)->9581K(9856K) NonClass: 8512K(8640K)->8512K(8640K) Class: 1069K(1216K)->1069K(1216K)
[28.929s][info ][gc             ] GC(973) Pause Young (Allocation Failure) 261M->4M(591M) 0.247ms
[28.929s][info ][gc,cpu         ] GC(973) User=0.00s Sys=0.00s Real=0.00s
[28.948s][info ][gc,start       ] GC(974) Pause Young (Allocation Failure)
[28.948s][debug][gc,age         ] GC(974) Desired survivor size 1048576 bytes, new threshold 1 (max threshold 15)
[28.948s][info ][gc,heap        ] GC(974) PSYoungGen: 254744K(256000K)->96K(306688K) Eden: 254680K(254976K)->0K(306176K) From: 64K(1024K)->96K(512K)
[28.948s][info ][gc,heap        ] GC(974) ParOldGen: 4178K(349696K)->4178K(349696K)
[28.948s][info ][gc,metaspace   ] GC(974) Metaspace: 9581K(9856K)->9581K(9856K) NonClass: 8512K(8640K)->8512K(8640K) Class: 1069K(1216K)->1069K(1216K)
[28.948s][info ][gc             ] GC(974) Pause Young (Allocation Failure) 252M->4M(641M) 0.297ms
[28.948s][info ][gc,cpu         ] GC(974) User=0.00s Sys=0.00s Real=0.00s
[28.971s][info ][gc,start       ] GC(975) Pause Young (Allocation Failure)
[28.971s][debug][gc,age         ] GC(975) Desired survivor size 1048576 bytes, new threshold 1 (max threshold 15)
[28.971s][info ][gc,heap        ] GC(975) PSYoungGen: 306148K(306688K)->486K(342528K) Eden: 306052K(306176K)->0K(341504K) From: 96K(512K)->486K(1024K)
[28.971s][info ][gc,heap        ] GC(975) ParOldGen: 4178K(349696K)->4178K(349696K)
[28.971s][info ][gc,metaspace   ] GC(975) Metaspace: 9581K(9856K)->9581K(9856K) NonClass: 8512K(8640K)->8512K(8640K) Class: 1069K(1216K)->1069K(1216K)
[28.971s][info ][gc             ] GC(975) Pause Young (Allocation Failure) 303M->4M(676M) 0.278ms
[28.971s][info ][gc,cpu         ] GC(975) User=0.00s Sys=0.00s Real=0.00s
[28.997s][info ][gc,start       ] GC(976) Pause Young (Allocation Failure)
[28.997s][debug][gc,age         ] GC(976) Desired survivor size 1048576 bytes, new threshold 1 (max threshold 15)
[28.997s][info ][gc,heap        ] GC(976) PSYoungGen: 341940K(342528K)->486K(329728K) Eden: 341453K(341504K)->0K(329216K) From: 486K(1024K)->486K(512K)
[28.997s][info ][gc,heap        ] GC(976) ParOldGen: 4178K(349696K)->4178K(349696K)
[28.997s][info ][gc,metaspace   ] GC(976) Metaspace: 9581K(9856K)->9581K(9856K) NonClass: 8512K(8640K)->8512K(8640K) Class: 1069K(1216K)->1069K(1216K)
[28.997s][info ][gc             ] GC(976) Pause Young (Allocation Failure) 338M->4M(663M) 0.249ms
[28.997s][info ][gc,cpu         ] GC(976) User=0.00s Sys=0.00s Real=0.00s
[29.021s][info ][gc,start       ] GC(977) Pause Young (Allocation Failure)
[29.021s][debug][gc,age         ] GC(977) Desired survivor size 1048576 bytes, new threshold 1 (max threshold 15)
[29.021s][info ][gc,heap        ] GC(977) PSYoungGen: 329530K(329728K)->486K(318976K) Eden: 329043K(329216K)->0K(317952K) From: 486K(512K)->486K(1024K)
[29.021s][info ][gc,heap        ] GC(977) ParOldGen: 4178K(349696K)->4178K(349696K)
[29.021s][info ][gc,metaspace   ] GC(977) Metaspace: 9581K(9856K)->9581K(9856K) NonClass: 8512K(8640K)->8512K(8640K) Class: 1069K(1216K)->1069K(1216K)
[29.021s][info ][gc             ] GC(977) Pause Young (Allocation Failure) 325M->4M(653M) 0.283ms
[29.021s][info ][gc,cpu         ] GC(977) User=0.00s Sys=0.01s Real=0.00s
[29.044s][info ][gc,start       ] GC(978) Pause Young (Allocation Failure)
[29.044s][debug][gc,age         ] GC(978) Desired survivor size 1048576 bytes, new threshold 1 (max threshold 15)
[29.044s][info ][gc,heap        ] GC(978) PSYoungGen: 318438K(318976K)->64K(307712K) Eden: 317952K(317952K)->0K(307200K) From: 486K(1024K)->64K(512K)
[29.044s][info ][gc,heap        ] GC(978) ParOldGen: 4178K(349696K)->4178K(349696K)
[29.044s][info ][gc,metaspace   ] GC(978) Metaspace: 9581K(9856K)->9581K(9856K) NonClass: 8512K(8640K)->8512K(8640K) Class: 1069K(1216K)->1069K(1216K)
[29.044s][info ][gc             ] GC(978) Pause Young (Allocation Failure) 315M->4M(642M) 0.252ms
[29.044s][info ][gc,cpu         ] GC(978) User=0.00s Sys=0.00s Real=0.00s
[29.067s][info ][gc,start       ] GC(979) Pause Young (Allocation Failure)
[29.067s][debug][gc,age         ] GC(979) Desired survivor size 1048576 bytes, new threshold 1 (max threshold 15)
[29.067s][info ][gc,heap        ] GC(979) PSYoungGen: 307138K(307712K)->64K(297472K) Eden: 307074K(307200K)->0K(296448K) From: 64K(512K)->64K(1024K)
[29.067s][info ][gc,heap        ] GC(979) ParOldGen: 4178K(349696K)->4178K(349696K)
[29.067s][info ][gc,metaspace   ] GC(979) Metaspace: 9581K(9856K)->9581K(9856K) NonClass: 8512K(8640K)->8512K(8640K) Class: 1069K(1216K)->1069K(1216K)
[29.067s][info ][gc             ] GC(979) Pause Young (Allocation Failure) 304M->4M(632M) 0.246ms
[29.067s][info ][gc,cpu         ] GC(979) User=0.01s Sys=0.00s Real=0.00s
[29.089s][info ][gc,start       ] GC(980) Pause Young (Allocation Failure)
[29.089s][debug][gc,age         ] GC(980) Desired survivor size 1048576 bytes, new threshold 1 (max threshold 15)
[29.089s][info ][gc,heap        ] GC(980) PSYoungGen: 296512K(297472K)->486K(286720K) Eden: 296448K(296448K)->0K(286208K) From: 64K(1024K)->486K(512K)
[29.089s][info ][gc,heap        ] GC(980) ParOldGen: 4178K(349696K)->4178K(349696K)
[29.089s][info ][gc,metaspace   ] GC(980) Metaspace: 9581K(9856K)->9581K(9856K) NonClass: 8512K(8640K)->8512K(8640K) Class: 1069K(1216K)->1069K(1216K)
[29.089s][info ][gc             ] GC(980) Pause Young (Allocation Failure) 293M->4M(621M) 0.265ms
[29.089s][info ][gc,cpu         ] GC(980) User=0.00s Sys=0.00s Real=0.00s
[29.110s][info ][gc,start       ] GC(981) Pause Young (Allocation Failure)
[29.110s][debug][gc,age         ] GC(981) Desired survivor size 1048576 bytes, new threshold 1 (max threshold 15)
[29.110s][info ][gc,heap        ] GC(981) PSYoungGen: 286564K(286720K)->486K(277504K) Eden: 286078K(286208K)->0K(276480K) From: 486K(512K)->486K(1024K)
[29.110s][info ][gc,heap        ] GC(981) ParOldGen: 4178K(349696K)->4178K(349696K)
[29.110s][info ][gc,metaspace   ] GC(981) Metaspace: 9581K(9856K)->9581K(9856K) NonClass: 8512K(8640K)->8512K(8640K) Class: 1069K(1216K)->1069K(1216K)
[29.110s][info ][gc             ] GC(981) Pause Young (Allocation Failure) 283M->4M(612M) 0.295ms
[29.110s][info ][gc,cpu         ] GC(981) User=0.00s Sys=0.00s Real=0.00s
[29.130s][info ][gc,start       ] GC(982) Pause Young (Allocation Failure)
[29.131s][debug][gc,age         ] GC(982) Desired survivor size 1048576 bytes, new threshold 1 (max threshold 15)
[29.131s][info ][gc,heap        ] GC(982) PSYoungGen: 276683K(277504K)->96K(267776K) Eden: 276197K(276480K)->0K(267264K) From: 486K(1024K)->96K(512K)
[29.131s][info ][gc,heap        ] GC(982) ParOldGen: 4178K(349696K)->4178K(349696K)
[29.131s][info ][gc,metaspace   ] GC(982) Metaspace: 9581K(9856K)->9581K(9856K) NonClass: 8512K(8640K)->8512K(8640K) Class: 1069K(1216K)->1069K(1216K)
[29.131s][info ][gc             ] GC(982) Pause Young (Allocation Failure) 274M->4M(603M) 0.236ms
[29.131s][info ][gc,cpu         ] GC(982) User=0.00s Sys=0.00s Real=0.00s
[29.150s][info ][gc,start       ] GC(983) Pause Young (Allocation Failure)
[29.150s][debug][gc,age         ] GC(983) Desired survivor size 1048576 bytes, new threshold 1 (max threshold 15)
[29.150s][info ][gc,heap        ] GC(983) PSYoungGen: 267211K(267776K)->64K(259584K) Eden: 267115K(267264K)->0K(258560K) From: 96K(512K)->64K(1024K)
[29.151s][info ][gc,heap        ] GC(983) ParOldGen: 4178K(349696K)->4178K(349696K)
[29.151s][info ][gc,metaspace   ] GC(983) Metaspace: 9581K(9856K)->9581K(9856K) NonClass: 8512K(8640K)->8512K(8640K) Class: 1069K(1216K)->1069K(1216K)
[29.151s][info ][gc             ] GC(983) Pause Young (Allocation Failure) 265M->4M(595M) 0.243ms
[29.151s][info ][gc,cpu         ] GC(983) User=0.00s Sys=0.00s Real=0.00s
[29.169s][info ][gc,start       ] GC(984) Pause Young (Allocation Failure)
[29.169s][debug][gc,age         ] GC(984) Desired survivor size 1048576 bytes, new threshold 1 (max threshold 15)
[29.169s][info ][gc,heap        ] GC(984) PSYoungGen: 258624K(259584K)->486K(250880K) Eden: 258560K(258560K)->0K(250368K) From: 64K(1024K)->486K(512K)
[29.169s][info ][gc,heap        ] GC(984) ParOldGen: 4178K(349696K)->4178K(349696K)
[29.169s][info ][gc,metaspace   ] GC(984) Metaspace: 9581K(9856K)->9581K(9856K) NonClass: 8512K(8640K)->8512K(8640K) Class: 1069K(1216K)->1069K(1216K)
[29.169s][info ][gc             ] GC(984) Pause Young (Allocation Failure) 256M->4M(586M) 0.262ms
[29.169s][info ][gc,cpu         ] GC(984) User=0.00s Sys=0.00s Real=0.00s
[29.188s][info ][gc,start       ] GC(985) Pause Young (Allocation Failure)
[29.188s][debug][gc,age         ] GC(985) Desired survivor size 1048576 bytes, new threshold 1 (max threshold 15)
[29.188s][info ][gc,heap        ] GC(985) PSYoungGen: 250699K(250880K)->96K(243200K) Eden: 250212K(250368K)->0K(242176K) From: 486K(512K)->96K(1024K)
[29.188s][info ][gc,heap        ] GC(985) ParOldGen: 4178K(349696K)->4178K(349696K)
[29.188s][info ][gc,metaspace   ] GC(985) Metaspace: 9581K(9856K)->9581K(9856K) NonClass: 8512K(8640K)->8512K(8640K) Class: 1069K(1216K)->1069K(1216K)
[29.188s][info ][gc             ] GC(985) Pause Young (Allocation Failure) 248M->4M(579M) 0.234ms
[29.188s][info ][gc,cpu         ] GC(985) User=0.00s Sys=0.00s Real=0.00s
[29.206s][info ][gc,start       ] GC(986) Pause Young (Allocation Failure)
[29.206s][debug][gc,age         ] GC(986) Desired survivor size 1048576 bytes, new threshold 1 (max threshold 15)
[29.206s][info ][gc,heap        ] GC(986) PSYoungGen: 242021K(243200K)->486K(291328K) Eden: 241925K(242176K)->0K(290816K) From: 96K(1024K)->486K(512K)
[29.206s][info ][gc,heap        ] GC(986) ParOldGen: 4178K(349696K)->4178K(349696K)
[29.206s][info ][gc,metaspace   ] GC(986) Metaspace: 9581K(9856K)->9581K(9856K) NonClass: 8512K(8640K)->8512K(8640K) Class: 1069K(1216K)->1069K(1216K)
[29.206s][info ][gc             ] GC(986) Pause Young (Allocation Failure) 240M->4M(626M) 0.273ms
[29.206s][info ][gc,cpu         ] GC(986) User=0.00s Sys=0.00s Real=0.00s
[29.227s][info ][gc,start       ] GC(987) Pause Young (Allocation Failure)
[29.228s][debug][gc,age         ] GC(987) Desired survivor size 1048576 bytes, new threshold 1 (max threshold 15)
[29.228s][info ][gc,heap        ] GC(987) PSYoungGen: 290984K(291328K)->486K(345088K) Eden: 290497K(290816K)->0K(344064K) From: 486K(512K)->486K(1024K)
[29.228s][info ][gc,heap        ] GC(987) ParOldGen: 4178K(349696K)->4178K(349696K)
[29.228s][info ][gc,metaspace   ] GC(987) Metaspace: 9581K(9856K)->9581K(9856K) NonClass: 8512K(8640K)->8512K(8640K) Class: 1069K(1216K)->1069K(1216K)
[29.228s][info ][gc             ] GC(987) Pause Young (Allocation Failure) 288M->4M(678M) 0.308ms
[29.228s][info ][gc,cpu         ] GC(987) User=0.00s Sys=0.00s Real=0.00s
[29.253s][info ][gc,start       ] GC(988) Pause Young (Allocation Failure)
[29.253s][debug][gc,age         ] GC(988) Desired survivor size 1048576 bytes, new threshold 1 (max threshold 15)
[29.253s][info ][gc,heap        ] GC(988) PSYoungGen: 344524K(345088K)->486K(348160K) Eden: 344037K(344064K)->0K(347136K) From: 486K(1024K)->486K(1024K)
[29.253s][info ][gc,heap        ] GC(988) ParOldGen: 4178K(349696K)->4178K(349696K)
[29.253s][info ][gc,metaspace   ] GC(988) Metaspace: 9581K(9856K)->9581K(9856K) NonClass: 8512K(8640K)->8512K(8640K) Class: 1069K(1216K)->1069K(1216K)
[29.253s][info ][gc             ] GC(988) Pause Young (Allocation Failure) 340M->4M(681M) 0.290ms
[29.253s][info ][gc,cpu         ] GC(988) User=0.00s Sys=0.00s Real=0.00s
[29.279s][info ][gc,start       ] GC(989) Pause Young (Allocation Failure)
[29.279s][debug][gc,age         ] GC(989) Desired survivor size 1048576 bytes, new threshold 1 (max threshold 15)
[29.279s][info ][gc,heap        ] GC(989) PSYoungGen: 347286K(348160K)->64K(335360K) Eden: 346799K(347136K)->0K(334848K) From: 486K(1024K)->64K(512K)
[29.279s][info ][gc,heap        ] GC(989) ParOldGen: 4178K(349696K)->4178K(349696K)
[29.279s][info ][gc,metaspace   ] GC(989) Metaspace: 9581K(9856K)->9581K(9856K) NonClass: 8512K(8640K)->8512K(8640K) Class: 1069K(1216K)->1069K(1216K)
[29.279s][info ][gc             ] GC(989) Pause Young (Allocation Failure) 343M->4M(669M) 0.246ms
[29.279s][info ][gc,cpu         ] GC(989) User=0.00s Sys=0.00s Real=0.00s
[29.304s][info ][gc,start       ] GC(990) Pause Young (Allocation Failure)
[29.304s][debug][gc,age         ] GC(990) Desired survivor size 1048576 bytes, new threshold 1 (max threshold 15)
[29.304s][info ][gc,heap        ] GC(990) PSYoungGen: 334912K(335360K)->486K(323584K) Eden: 334848K(334848K)->0K(323072K) From: 64K(512K)->486K(512K)
[29.304s][info ][gc,heap        ] GC(990) ParOldGen: 4178K(349696K)->4178K(349696K)
[29.304s][info ][gc,metaspace   ] GC(990) Metaspace: 9581K(9856K)->9581K(9856K) NonClass: 8512K(8640K)->8512K(8640K) Class: 1069K(1216K)->1069K(1216K)
[29.304s][info ][gc             ] GC(990) Pause Young (Allocation Failure) 331M->4M(657M) 0.297ms
[29.304s][info ][gc,cpu         ] GC(990) User=0.00s Sys=0.00s Real=0.00s
[29.327s][info ][gc,start       ] GC(991) Pause Young (Allocation Failure)
[29.328s][debug][gc,age         ] GC(991) Desired survivor size 1048576 bytes, new threshold 1 (max threshold 15)
[29.328s][info ][gc,heap        ] GC(991) PSYoungGen: 323558K(323584K)->454K(312832K) Eden: 323072K(323072K)->0K(311808K) From: 486K(512K)->454K(1024K)
[29.328s][info ][gc,heap        ] GC(991) ParOldGen: 4178K(349696K)->4178K(349696K)
[29.328s][info ][gc,metaspace   ] GC(991) Metaspace: 9581K(9856K)->9581K(9856K) NonClass: 8512K(8640K)->8512K(8640K) Class: 1069K(1216K)->1069K(1216K)
[29.328s][info ][gc             ] GC(991) Pause Young (Allocation Failure) 320M->4M(647M) 0.250ms
[29.328s][info ][gc,cpu         ] GC(991) User=0.00s Sys=0.00s Real=0.00s
[29.351s][info ][gc,start       ] GC(992) Pause Young (Allocation Failure)
[29.351s][debug][gc,age         ] GC(992) Desired survivor size 1048576 bytes, new threshold 1 (max threshold 15)
[29.351s][info ][gc,heap        ] GC(992) PSYoungGen: 311988K(312832K)->96K(301568K) Eden: 311533K(311808K)->0K(301056K) From: 454K(1024K)->96K(512K)
[29.351s][info ][gc,heap        ] GC(992) ParOldGen: 4178K(349696K)->4178K(349696K)
[29.351s][info ][gc,metaspace   ] GC(992) Metaspace: 9581K(9856K)->9581K(9856K) NonClass: 8512K(8640K)->8512K(8640K) Class: 1069K(1216K)->1069K(1216K)
[29.351s][info ][gc             ] GC(992) Pause Young (Allocation Failure) 308M->4M(636M) 0.280ms
[29.351s][info ][gc,cpu         ] GC(992) User=0.00s Sys=0.00s Real=0.00s
[29.373s][info ][gc,start       ] GC(993) Pause Young (Allocation Failure)
[29.373s][debug][gc,age         ] GC(993) Desired survivor size 1048576 bytes, new threshold 1 (max threshold 15)
[29.373s][info ][gc,heap        ] GC(993) PSYoungGen: 300986K(301568K)->486K(291840K) Eden: 300890K(301056K)->0K(290816K) From: 96K(512K)->486K(1024K)
[29.373s][info ][gc,heap        ] GC(993) ParOldGen: 4178K(349696K)->4178K(349696K)
[29.373s][info ][gc,metaspace   ] GC(993) Metaspace: 9581K(9856K)->9581K(9856K) NonClass: 8512K(8640K)->8512K(8640K) Class: 1069K(1216K)->1069K(1216K)
[29.373s][info ][gc             ] GC(993) Pause Young (Allocation Failure) 298M->4M(626M) 0.253ms
[29.373s][info ][gc,cpu         ] GC(993) User=0.00s Sys=0.00s Real=0.00s
[29.394s][info ][gc,start       ] GC(994) Pause Young (Allocation Failure)
[29.395s][debug][gc,age         ] GC(994) Desired survivor size 1048576 bytes, new threshold 1 (max threshold 15)
[29.395s][info ][gc,heap        ] GC(994) PSYoungGen: 290960K(291840K)->486K(281600K) Eden: 290474K(290816K)->0K(281088K) From: 486K(1024K)->486K(512K)
[29.395s][info ][gc,heap        ] GC(994) ParOldGen: 4178K(349696K)->4178K(349696K)
[29.395s][info ][gc,metaspace   ] GC(994) Metaspace: 9581K(9856K)->9581K(9856K) NonClass: 8512K(8640K)->8512K(8640K) Class: 1069K(1216K)->1069K(1216K)
[29.395s][info ][gc             ] GC(994) Pause Young (Allocation Failure) 288M->4M(616M) 0.282ms
[29.395s][info ][gc,cpu         ] GC(994) User=0.00s Sys=0.00s Real=0.00s
[29.415s][info ][gc,start       ] GC(995) Pause Young (Allocation Failure)
[29.415s][debug][gc,age         ] GC(995) Desired survivor size 1048576 bytes, new threshold 1 (max threshold 15)
[29.415s][info ][gc,heap        ] GC(995) PSYoungGen: 281574K(281600K)->486K(272896K) Eden: 281088K(281088K)->0K(271872K) From: 486K(512K)->486K(1024K)
[29.415s][info ][gc,heap        ] GC(995) ParOldGen: 4178K(349696K)->4178K(349696K)
[29.415s][info ][gc,metaspace   ] GC(995) Metaspace: 9581K(9856K)->9581K(9856K) NonClass: 8512K(8640K)->8512K(8640K) Class: 1069K(1216K)->1069K(1216K)
[29.415s][info ][gc             ] GC(995) Pause Young (Allocation Failure) 279M->4M(608M) 0.230ms
[29.415s][info ][gc,cpu         ] GC(995) User=0.00s Sys=0.00s Real=0.01s
[29.435s][info ][gc,start       ] GC(996) Pause Young (Allocation Failure)
[29.436s][debug][gc,age         ] GC(996) Desired survivor size 1048576 bytes, new threshold 1 (max threshold 15)
[29.436s][info ][gc,heap        ] GC(996) PSYoungGen: 272232K(272896K)->486K(263680K) Eden: 271746K(271872K)->0K(263168K) From: 486K(1024K)->486K(512K)
[29.436s][info ][gc,heap        ] GC(996) ParOldGen: 4178K(349696K)->4178K(349696K)
[29.436s][info ][gc,metaspace   ] GC(996) Metaspace: 9581K(9856K)->9581K(9856K) NonClass: 8512K(8640K)->8512K(8640K) Class: 1069K(1216K)->1069K(1216K)
[29.436s][info ][gc             ] GC(996) Pause Young (Allocation Failure) 269M->4M(599M) 0.248ms
[29.436s][info ][gc,cpu         ] GC(996) User=0.00s Sys=0.00s Real=0.00s
[29.455s][info ][gc,start       ] GC(997) Pause Young (Allocation Failure)
[29.455s][debug][gc,age         ] GC(997) Desired survivor size 1048576 bytes, new threshold 1 (max threshold 15)
[29.455s][info ][gc,heap        ] GC(997) PSYoungGen: 263654K(263680K)->96K(255488K) Eden: 263168K(263168K)->0K(254464K) From: 486K(512K)->96K(1024K)
[29.455s][info ][gc,heap        ] GC(997) ParOldGen: 4178K(349696K)->4178K(349696K)
[29.455s][info ][gc,metaspace   ] GC(997) Metaspace: 9581K(9856K)->9581K(9856K) NonClass: 8512K(8640K)->8512K(8640K) Class: 1069K(1216K)->1069K(1216K)
[29.455s][info ][gc             ] GC(997) Pause Young (Allocation Failure) 261M->4M(591M) 0.237ms
[29.455s][info ][gc,cpu         ] GC(997) User=0.00s Sys=0.00s Real=0.00s
[29.474s][info ][gc,start       ] GC(998) Pause Young (Allocation Failure)
[29.474s][debug][gc,age         ] GC(998) Desired survivor size 1048576 bytes, new threshold 1 (max threshold 15)
[29.474s][info ][gc,heap        ] GC(998) PSYoungGen: 254363K(255488K)->486K(306176K) Eden: 254267K(254464K)->0K(305664K) From: 96K(1024K)->486K(512K)
[29.474s][info ][gc,heap        ] GC(998) ParOldGen: 4178K(349696K)->4178K(349696K)
[29.474s][info ][gc,metaspace   ] GC(998) Metaspace: 9581K(9856K)->9581K(9856K) NonClass: 8512K(8640K)->8512K(8640K) Class: 1069K(1216K)->1069K(1216K)
[29.474s][info ][gc             ] GC(998) Pause Young (Allocation Failure) 252M->4M(640M) 0.294ms
[29.474s][info ][gc,cpu         ] GC(998) User=0.00s Sys=0.00s Real=0.00s
[29.496s][info ][gc,start       ] GC(999) Pause Young (Allocation Failure)
[29.497s][debug][gc,age         ] GC(999) Desired survivor size 1048576 bytes, new threshold 1 (max threshold 15)
[29.497s][info ][gc,heap        ] GC(999) PSYoungGen: 305895K(306176K)->96K(296448K) Eden: 305409K(305664K)->0K(295424K) From: 486K(512K)->96K(1024K)
[29.497s][info ][gc,heap        ] GC(999) ParOldGen: 4178K(349696K)->4178K(349696K)
[29.497s][info ][gc,metaspace   ] GC(999) Metaspace: 9581K(9856K)->9581K(9856K) NonClass: 8512K(8640K)->8512K(8640K) Class: 1069K(1216K)->1069K(1216K)
[29.497s][info ][gc             ] GC(999) Pause Young (Allocation Failure) 302M->4M(631M) 0.260ms
[29.497s][info ][gc,cpu         ] GC(999) User=0.01s Sys=0.00s Real=0.00s
[29.518s][info ][gc,start       ] GC(1000) Pause Young (Allocation Failure)
[29.519s][debug][gc,age         ] GC(1000) Desired survivor size 1048576 bytes, new threshold 1 (max threshold 15)
[29.519s][info ][gc,heap        ] GC(1000) PSYoungGen: 295403K(296448K)->96K(286208K) Eden: 295307K(295424K)->0K(285696K) From: 96K(1024K)->96K(512K)
[29.519s][info ][gc,heap        ] GC(1000) ParOldGen: 4178K(349696K)->4178K(349696K)
[29.519s][info ][gc,metaspace   ] GC(1000) Metaspace: 9581K(9856K)->9581K(9856K) NonClass: 8512K(8640K)->8512K(8640K) Class: 1069K(1216K)->1069K(1216K)
[29.519s][info ][gc             ] GC(1000) Pause Young (Allocation Failure) 292M->4M(621M) 0.268ms
[29.519s][info ][gc,cpu         ] GC(1000) User=0.00s Sys=0.00s Real=0.00s
[29.539s][info ][gc,start       ] GC(1001) Pause Young (Allocation Failure)
[29.540s][debug][gc,age         ] GC(1001) Desired survivor size 1048576 bytes, new threshold 1 (max threshold 15)
[29.540s][info ][gc,heap        ] GC(1001) PSYoungGen: 285707K(286208K)->486K(276992K) Eden: 285611K(285696K)->0K(275968K) From: 96K(512K)->486K(1024K)
[29.540s][info ][gc,heap        ] GC(1001) ParOldGen: 4178K(349696K)->4178K(349696K)
[29.540s][info ][gc,metaspace   ] GC(1001) Metaspace: 9581K(9856K)->9581K(9856K) NonClass: 8512K(8640K)->8512K(8640K) Class: 1069K(1216K)->1069K(1216K)
[29.540s][info ][gc             ] GC(1001) Pause Young (Allocation Failure) 283M->4M(612M) 0.233ms
[29.540s][info ][gc,cpu         ] GC(1001) User=0.00s Sys=0.00s Real=0.00s
[29.560s][info ][gc,start       ] GC(1002) Pause Young (Allocation Failure)
[29.560s][debug][gc,age         ] GC(1002) Desired survivor size 1048576 bytes, new threshold 1 (max threshold 15)
[29.560s][info ][gc,heap        ] GC(1002) PSYoungGen: 276454K(276992K)->96K(267264K) Eden: 275968K(275968K)->0K(266752K) From: 486K(1024K)->96K(512K)
[29.560s][info ][gc,heap        ] GC(1002) ParOldGen: 4178K(349696K)->4178K(349696K)
[29.560s][info ][gc,metaspace   ] GC(1002) Metaspace: 9581K(9856K)->9581K(9856K) NonClass: 8512K(8640K)->8512K(8640K) Class: 1069K(1216K)->1069K(1216K)
[29.560s][info ][gc             ] GC(1002) Pause Young (Allocation Failure) 274M->4M(602M) 0.294ms
[29.560s][info ][gc,cpu         ] GC(1002) User=0.00s Sys=0.00s Real=0.00s
[29.579s][info ][gc,start       ] GC(1003) Pause Young (Allocation Failure)
[29.580s][debug][gc,age         ] GC(1003) Desired survivor size 1048576 bytes, new threshold 1 (max threshold 15)
[29.580s][info ][gc,heap        ] GC(1003) PSYoungGen: 266840K(267264K)->486K(259072K) Eden: 266744K(266752K)->0K(258048K) From: 96K(512K)->486K(1024K)
[29.580s][info ][gc,heap        ] GC(1003) ParOldGen: 4178K(349696K)->4178K(349696K)
[29.580s][info ][gc,metaspace   ] GC(1003) Metaspace: 9581K(9856K)->9581K(9856K) NonClass: 8512K(8640K)->8512K(8640K) Class: 1069K(1216K)->1069K(1216K)
[29.580s][info ][gc             ] GC(1003) Pause Young (Allocation Failure) 264M->4M(594M) 0.241ms
[29.580s][info ][gc,cpu         ] GC(1003) User=0.00s Sys=0.00s Real=0.00s
[29.598s][info ][gc,start       ] GC(1004) Pause Young (Allocation Failure)
[29.599s][debug][gc,age         ] GC(1004) Desired survivor size 1048576 bytes, new threshold 1 (max threshold 15)
[29.599s][info ][gc,heap        ] GC(1004) PSYoungGen: 258534K(259072K)->486K(310272K) Eden: 258048K(258048K)->0K(309760K) From: 486K(1024K)->486K(512K)
[29.599s][info ][gc,heap        ] GC(1004) ParOldGen: 4178K(349696K)->4178K(349696K)
[29.599s][info ][gc,metaspace   ] GC(1004) Metaspace: 9581K(9856K)->9581K(9856K) NonClass: 8512K(8640K)->8512K(8640K) Class: 1069K(1216K)->1069K(1216K)
[29.599s][info ][gc             ] GC(1004) Pause Young (Allocation Failure) 256M->4M(644M) 0.274ms
[29.599s][info ][gc,cpu         ] GC(1004) User=0.00s Sys=0.00s Real=0.00s
[29.621s][info ][gc,start       ] GC(1005) Pause Young (Allocation Failure)
[29.622s][debug][gc,age         ] GC(1005) Desired survivor size 1048576 bytes, new threshold 1 (max threshold 15)
[29.622s][info ][gc,heap        ] GC(1005) PSYoungGen: 310045K(310272K)->486K(343552K) Eden: 309559K(309760K)->0K(342528K) From: 486K(512K)->486K(1024K)
[29.622s][info ][gc,heap        ] GC(1005) ParOldGen: 4178K(349696K)->4178K(349696K)
[29.622s][info ][gc,metaspace   ] GC(1005) Metaspace: 9581K(9856K)->9581K(9856K) NonClass: 8512K(8640K)->8512K(8640K) Class: 1069K(1216K)->1069K(1216K)
[29.622s][info ][gc             ] GC(1005) Pause Young (Allocation Failure) 306M->4M(677M) 0.295ms
[29.622s][info ][gc,cpu         ] GC(1005) User=0.00s Sys=0.00s Real=0.00s
[29.647s][info ][gc,start       ] GC(1006) Pause Young (Allocation Failure)
[29.647s][debug][gc,age         ] GC(1006) Desired survivor size 1048576 bytes, new threshold 1 (max threshold 15)
[29.647s][info ][gc,heap        ] GC(1006) PSYoungGen: 342644K(343552K)->486K(348160K) Eden: 342158K(342528K)->0K(347136K) From: 486K(1024K)->486K(1024K)
[29.647s][info ][gc,heap        ] GC(1006) ParOldGen: 4178K(349696K)->4178K(349696K)
[29.647s][info ][gc,metaspace   ] GC(1006) Metaspace: 9581K(9856K)->9581K(9856K) NonClass: 8512K(8640K)->8512K(8640K) Class: 1069K(1216K)->1069K(1216K)
[29.647s][info ][gc             ] GC(1006) Pause Young (Allocation Failure) 338M->4M(681M) 0.296ms
[29.647s][info ][gc,cpu         ] GC(1006) User=0.00s Sys=0.00s Real=0.00s
[29.673s][info ][gc,start       ] GC(1007) Pause Young (Allocation Failure)
[29.673s][debug][gc,age         ] GC(1007) Desired survivor size 1048576 bytes, new threshold 1 (max threshold 15)
[29.673s][info ][gc,heap        ] GC(1007) PSYoungGen: 347249K(348160K)->64K(335360K) Eden: 346763K(347136K)->0K(334848K) From: 486K(1024K)->64K(512K)
[29.673s][info ][gc,heap        ] GC(1007) ParOldGen: 4178K(349696K)->4178K(349696K)
[29.673s][info ][gc,metaspace   ] GC(1007) Metaspace: 9581K(9856K)->9581K(9856K) NonClass: 8512K(8640K)->8512K(8640K) Class: 1069K(1216K)->1069K(1216K)
[29.673s][info ][gc             ] GC(1007) Pause Young (Allocation Failure) 343M->4M(669M) 0.240ms
[29.673s][info ][gc,cpu         ] GC(1007) User=0.00s Sys=0.00s Real=0.00s
[29.697s][info ][gc,start       ] GC(1008) Pause Young (Allocation Failure)
[29.698s][debug][gc,age         ] GC(1008) Desired survivor size 1048576 bytes, new threshold 1 (max threshold 15)
[29.698s][info ][gc,heap        ] GC(1008) PSYoungGen: 334912K(335360K)->486K(323584K) Eden: 334848K(334848K)->0K(323072K) From: 64K(512K)->486K(512K)
[29.698s][info ][gc,heap        ] GC(1008) ParOldGen: 4178K(349696K)->4178K(349696K)
[29.698s][info ][gc,metaspace   ] GC(1008) Metaspace: 9581K(9856K)->9581K(9856K) NonClass: 8512K(8640K)->8512K(8640K) Class: 1069K(1216K)->1069K(1216K)
[29.698s][info ][gc             ] GC(1008) Pause Young (Allocation Failure) 331M->4M(657M) 0.269ms
[29.698s][info ][gc,cpu         ] GC(1008) User=0.00s Sys=0.00s Real=0.00s
[29.721s][info ][gc,start       ] GC(1009) Pause Young (Allocation Failure)
[29.721s][debug][gc,age         ] GC(1009) Desired survivor size 1048576 bytes, new threshold 1 (max threshold 15)
[29.721s][info ][gc,heap        ] GC(1009) PSYoungGen: 323530K(323584K)->486K(312832K) Eden: 323043K(323072K)->0K(311808K) From: 486K(512K)->486K(1024K)
[29.721s][info ][gc,heap        ] GC(1009) ParOldGen: 4178K(349696K)->4178K(349696K)
[29.721s][info ][gc,metaspace   ] GC(1009) Metaspace: 9581K(9856K)->9581K(9856K) NonClass: 8512K(8640K)->8512K(8640K) Class: 1069K(1216K)->1069K(1216K)
[29.722s][info ][gc             ] GC(1009) Pause Young (Allocation Failure) 320M->4M(647M) 0.253ms
[29.722s][info ][gc,cpu         ] GC(1009) User=0.00s Sys=0.00s Real=0.00s
[29.744s][info ][gc,start       ] GC(1010) Pause Young (Allocation Failure)
[29.745s][debug][gc,age         ] GC(1010) Desired survivor size 1048576 bytes, new threshold 1 (max threshold 15)
[29.745s][info ][gc,heap        ] GC(1010) PSYoungGen: 312101K(312832K)->486K(301568K) Eden: 311614K(311808K)->0K(301056K) From: 486K(1024K)->486K(512K)
[29.745s][info ][gc,heap        ] GC(1010) ParOldGen: 4178K(349696K)->4178K(349696K)
[29.745s][info ][gc,metaspace   ] GC(1010) Metaspace: 9581K(9856K)->9581K(9856K) NonClass: 8512K(8640K)->8512K(8640K) Class: 1069K(1216K)->1069K(1216K)
[29.745s][info ][gc             ] GC(1010) Pause Young (Allocation Failure) 308M->4M(636M) 0.290ms
[29.745s][info ][gc,cpu         ] GC(1010) User=0.00s Sys=0.00s Real=0.00s
[29.767s][info ][gc,start       ] GC(1011) Pause Young (Allocation Failure)
[29.767s][debug][gc,age         ] GC(1011) Desired survivor size 1048576 bytes, new threshold 1 (max threshold 15)
[29.767s][info ][gc,heap        ] GC(1011) PSYoungGen: 301542K(301568K)->486K(291840K) Eden: 301056K(301056K)->0K(290816K) From: 486K(512K)->486K(1024K)
[29.767s][info ][gc,heap        ] GC(1011) ParOldGen: 4178K(349696K)->4178K(349696K)
[29.767s][info ][gc,metaspace   ] GC(1011) Metaspace: 9581K(9856K)->9581K(9856K) NonClass: 8512K(8640K)->8512K(8640K) Class: 1069K(1216K)->1069K(1216K)
[29.767s][info ][gc             ] GC(1011) Pause Young (Allocation Failure) 298M->4M(626M) 0.283ms
[29.767s][info ][gc,cpu         ] GC(1011) User=0.00s Sys=0.00s Real=0.00s
[29.788s][info ][gc,start       ] GC(1012) Pause Young (Allocation Failure)
[29.788s][debug][gc,age         ] GC(1012) Desired survivor size 1048576 bytes, new threshold 1 (max threshold 15)
[29.788s][info ][gc,heap        ] GC(1012) PSYoungGen: 291000K(291840K)->486K(281600K) Eden: 290513K(290816K)->0K(281088K) From: 486K(1024K)->486K(512K)
[29.788s][info ][gc,heap        ] GC(1012) ParOldGen: 4178K(349696K)->4178K(349696K)
[29.788s][info ][gc,metaspace   ] GC(1012) Metaspace: 9581K(9856K)->9581K(9856K) NonClass: 8512K(8640K)->8512K(8640K) Class: 1069K(1216K)->1069K(1216K)
[29.788s][info ][gc             ] GC(1012) Pause Young (Allocation Failure) 288M->4M(616M) 0.264ms
[29.788s][info ][gc,cpu         ] GC(1012) User=0.00s Sys=0.00s Real=0.00s
[29.809s][info ][gc,start       ] GC(1013) Pause Young (Allocation Failure)
[29.809s][debug][gc,age         ] GC(1013) Desired survivor size 1048576 bytes, new threshold 1 (max threshold 15)
[29.809s][info ][gc,heap        ] GC(1013) PSYoungGen: 281445K(281600K)->96K(272896K) Eden: 280959K(281088K)->0K(271872K) From: 486K(512K)->96K(1024K)
[29.809s][info ][gc,heap        ] GC(1013) ParOldGen: 4178K(349696K)->4178K(349696K)
[29.809s][info ][gc,metaspace   ] GC(1013) Metaspace: 9581K(9856K)->9581K(9856K) NonClass: 8512K(8640K)->8512K(8640K) Class: 1069K(1216K)->1069K(1216K)
[29.809s][info ][gc             ] GC(1013) Pause Young (Allocation Failure) 278M->4M(608M) 0.236ms
[29.809s][info ][gc,cpu         ] GC(1013) User=0.00s Sys=0.00s Real=0.00s
[29.829s][info ][gc,start       ] GC(1014) Pause Young (Allocation Failure)
[29.829s][debug][gc,age         ] GC(1014) Desired survivor size 1048576 bytes, new threshold 1 (max threshold 15)
[29.829s][info ][gc,heap        ] GC(1014) PSYoungGen: 271857K(272896K)->96K(263680K) Eden: 271761K(271872K)->0K(263168K) From: 96K(1024K)->96K(512K)
[29.829s][info ][gc,heap        ] GC(1014) ParOldGen: 4178K(349696K)->4178K(349696K)
[29.829s][info ][gc,metaspace   ] GC(1014) Metaspace: 9581K(9856K)->9581K(9856K) NonClass: 8512K(8640K)->8512K(8640K) Class: 1069K(1216K)->1069K(1216K)
[29.829s][info ][gc             ] GC(1014) Pause Young (Allocation Failure) 269M->4M(599M) 0.232ms
[29.829s][info ][gc,cpu         ] GC(1014) User=0.00s Sys=0.00s Real=0.00s
[29.849s][info ][gc,start       ] GC(1015) Pause Young (Allocation Failure)
[29.849s][debug][gc,age         ] GC(1015) Desired survivor size 1048576 bytes, new threshold 1 (max threshold 15)
[29.849s][info ][gc,heap        ] GC(1015) PSYoungGen: 263046K(263680K)->486K(255488K) Eden: 262950K(263168K)->0K(254464K) From: 96K(512K)->486K(1024K)
[29.849s][info ][gc,heap        ] GC(1015) ParOldGen: 4178K(349696K)->4178K(349696K)
[29.849s][info ][gc,metaspace   ] GC(1015) Metaspace: 9581K(9856K)->9581K(9856K) NonClass: 8512K(8640K)->8512K(8640K) Class: 1069K(1216K)->1069K(1216K)
[29.849s][info ][gc             ] GC(1015) Pause Young (Allocation Failure) 260M->4M(591M) 0.267ms
[29.849s][info ][gc,cpu         ] GC(1015) User=0.00s Sys=0.00s Real=0.00s
[29.867s][info ][gc,start       ] GC(1016) Pause Young (Allocation Failure)
[29.868s][debug][gc,age         ] GC(1016) Desired survivor size 1048576 bytes, new threshold 1 (max threshold 15)
[29.868s][info ][gc,heap        ] GC(1016) PSYoungGen: 254785K(255488K)->96K(246784K) Eden: 254298K(254464K)->0K(246272K) From: 486K(1024K)->96K(512K)
[29.868s][info ][gc,heap        ] GC(1016) ParOldGen: 4178K(349696K)->4178K(349696K)
[29.868s][info ][gc,metaspace   ] GC(1016) Metaspace: 9581K(9856K)->9581K(9856K) NonClass: 8512K(8640K)->8512K(8640K) Class: 1069K(1216K)->1069K(1216K)
[29.868s][info ][gc             ] GC(1016) Pause Young (Allocation Failure) 252M->4M(582M) 0.218ms
[29.868s][info ][gc,cpu         ] GC(1016) User=0.00s Sys=0.00s Real=0.00s
[29.886s][info ][gc,start       ] GC(1017) Pause Young (Allocation Failure)
[29.886s][debug][gc,age         ] GC(1017) Desired survivor size 1048576 bytes, new threshold 1 (max threshold 15)
[29.886s][info ][gc,heap        ] GC(1017) PSYoungGen: 246102K(246784K)->96K(239616K) Eden: 246006K(246272K)->0K(238592K) From: 96K(512K)->96K(1024K)
[29.886s][info ][gc,heap        ] GC(1017) ParOldGen: 4178K(349696K)->4178K(349696K)
[29.886s][info ][gc,metaspace   ] GC(1017) Metaspace: 9581K(9856K)->9581K(9856K) NonClass: 8512K(8640K)->8512K(8640K) Class: 1069K(1216K)->1069K(1216K)
[29.886s][info ][gc             ] GC(1017) Pause Young (Allocation Failure) 244M->4M(575M) 0.258ms
[29.886s][info ][gc,cpu         ] GC(1017) User=0.01s Sys=0.01s Real=0.00s
[29.903s][info ][gc,start       ] GC(1018) Pause Young (Allocation Failure)
[29.903s][debug][gc,age         ] GC(1018) Desired survivor size 1048576 bytes, new threshold 1 (max threshold 15)
[29.903s][info ][gc,heap        ] GC(1018) PSYoungGen: 238688K(239616K)->486K(287232K) Eden: 238592K(238592K)->0K(286720K) From: 96K(1024K)->486K(512K)
[29.903s][info ][gc,heap        ] GC(1018) ParOldGen: 4178K(349696K)->4178K(349696K)
[29.903s][info ][gc,metaspace   ] GC(1018) Metaspace: 9581K(9856K)->9581K(9856K) NonClass: 8512K(8640K)->8512K(8640K) Class: 1069K(1216K)->1069K(1216K)
[29.903s][info ][gc             ] GC(1018) Pause Young (Allocation Failure) 237M->4M(622M) 0.258ms
[29.903s][info ][gc,cpu         ] GC(1018) User=0.00s Sys=0.00s Real=0.00s
[29.924s][info ][gc,start       ] GC(1019) Pause Young (Allocation Failure)
[29.924s][debug][gc,age         ] GC(1019) Desired survivor size 1048576 bytes, new threshold 1 (max threshold 15)
[29.924s][info ][gc,heap        ] GC(1019) PSYoungGen: 286820K(287232K)->64K(278016K) Eden: 286333K(286720K)->0K(276992K) From: 486K(512K)->64K(1024K)
[29.924s][info ][gc,heap        ] GC(1019) ParOldGen: 4178K(349696K)->4178K(349696K)
[29.924s][info ][gc,metaspace   ] GC(1019) Metaspace: 9581K(9856K)->9581K(9856K) NonClass: 8512K(8640K)->8512K(8640K) Class: 1069K(1216K)->1069K(1216K)
[29.924s][info ][gc             ] GC(1019) Pause Young (Allocation Failure) 284M->4M(613M) 0.227ms
[29.924s][info ][gc,cpu         ] GC(1019) User=0.00s Sys=0.00s Real=0.00s
[29.945s][info ][gc,start       ] GC(1020) Pause Young (Allocation Failure)
[29.945s][debug][gc,age         ] GC(1020) Desired survivor size 1048576 bytes, new threshold 1 (max threshold 15)
[29.945s][info ][gc,heap        ] GC(1020) PSYoungGen: 276977K(278016K)->454K(268288K) Eden: 276913K(276992K)->0K(267776K) From: 64K(1024K)->454K(512K)
[29.945s][info ][gc,heap        ] GC(1020) ParOldGen: 4178K(349696K)->4178K(349696K)
[29.945s][info ][gc,metaspace   ] GC(1020) Metaspace: 9581K(9856K)->9581K(9856K) NonClass: 8512K(8640K)->8512K(8640K) Class: 1069K(1216K)->1069K(1216K)
[29.945s][info ][gc             ] GC(1020) Pause Young (Allocation Failure) 274M->4M(603M) 0.283ms
[29.945s][info ][gc,cpu         ] GC(1020) User=0.00s Sys=0.00s Real=0.00s
[29.964s][info ][gc,start       ] GC(1021) Pause Young (Allocation Failure)
[29.965s][debug][gc,age         ] GC(1021) Desired survivor size 1048576 bytes, new threshold 1 (max threshold 15)
[29.965s][info ][gc,heap        ] GC(1021) PSYoungGen: 268018K(268288K)->96K(322560K) Eden: 267563K(267776K)->0K(321536K) From: 454K(512K)->96K(1024K)
[29.965s][info ][gc,heap        ] GC(1021) ParOldGen: 4178K(349696K)->4178K(349696K)
[29.965s][info ][gc,metaspace   ] GC(1021) Metaspace: 9581K(9856K)->9581K(9856K) NonClass: 8512K(8640K)->8512K(8640K) Class: 1069K(1216K)->1069K(1216K)
[29.965s][info ][gc             ] GC(1021) Pause Young (Allocation Failure) 265M->4M(656M) 0.263ms
[29.965s][info ][gc,cpu         ] GC(1021) User=0.00s Sys=0.00s Real=0.00s
[29.988s][info ][gc,start       ] GC(1022) Pause Young (Allocation Failure)
[29.988s][debug][gc,age         ] GC(1022) Desired survivor size 1048576 bytes, new threshold 1 (max threshold 15)
[29.988s][info ][gc,heap        ] GC(1022) PSYoungGen: 321632K(322560K)->96K(310784K) Eden: 321536K(321536K)->0K(310272K) From: 96K(1024K)->96K(512K)
[29.988s][info ][gc,heap        ] GC(1022) ParOldGen: 4178K(349696K)->4178K(349696K)
[29.988s][info ][gc,metaspace   ] GC(1022) Metaspace: 9581K(9856K)->9581K(9856K) NonClass: 8512K(8640K)->8512K(8640K) Class: 1069K(1216K)->1069K(1216K)
[29.988s][info ][gc             ] GC(1022) Pause Young (Allocation Failure) 318M->4M(645M) 0.315ms
[29.988s][info ][gc,cpu         ] GC(1022) User=0.00s Sys=0.00s Real=0.00s
[30.011s][info ][gc,start       ] GC(1023) Pause Young (Allocation Failure)
[30.011s][debug][gc,age         ] GC(1023) Desired survivor size 1048576 bytes, new threshold 1 (max threshold 15)
[30.011s][info ][gc,heap        ] GC(1023) PSYoungGen: 309998K(310784K)->486K(300544K) Eden: 309902K(310272K)->0K(299520K) From: 96K(512K)->486K(1024K)
[30.011s][info ][gc,heap        ] GC(1023) ParOldGen: 4178K(349696K)->4178K(349696K)
[30.011s][info ][gc,metaspace   ] GC(1023) Metaspace: 9581K(9856K)->9581K(9856K) NonClass: 8512K(8640K)->8512K(8640K) Class: 1069K(1216K)->1069K(1216K)
[30.011s][info ][gc             ] GC(1023) Pause Young (Allocation Failure) 306M->4M(635M) 0.279ms
[30.011s][info ][gc,cpu         ] GC(1023) User=0.00s Sys=0.00s Real=0.00s
[30.033s][info ][gc,start       ] GC(1024) Pause Young (Allocation Failure)
[30.033s][debug][gc,age         ] GC(1024) Desired survivor size 1048576 bytes, new threshold 1 (max threshold 15)
[30.034s][info ][gc,heap        ] GC(1024) PSYoungGen: 300006K(300544K)->96K(289792K) Eden: 299520K(299520K)->0K(289280K) From: 486K(1024K)->96K(512K)
[30.034s][info ][gc,heap        ] GC(1024) ParOldGen: 4178K(349696K)->4178K(349696K)
[30.034s][info ][gc,metaspace   ] GC(1024) Metaspace: 9581K(9856K)->9581K(9856K) NonClass: 8512K(8640K)->8512K(8640K) Class: 1069K(1216K)->1069K(1216K)
[30.034s][info ][gc             ] GC(1024) Pause Young (Allocation Failure) 297M->4M(624M) 0.581ms
[30.034s][info ][gc,cpu         ] GC(1024) User=0.00s Sys=0.00s Real=0.00s
[30.055s][info ][gc,start       ] GC(1025) Pause Young (Allocation Failure)
[30.055s][debug][gc,age         ] GC(1025) Desired survivor size 1048576 bytes, new threshold 1 (max threshold 15)
[30.055s][info ][gc,heap        ] GC(1025) PSYoungGen: 289336K(289792K)->96K(280576K) Eden: 289240K(289280K)->0K(279552K) From: 96K(512K)->96K(1024K)
[30.055s][info ][gc,heap        ] GC(1025) ParOldGen: 4178K(349696K)->4178K(349696K)
[30.055s][info ][gc,metaspace   ] GC(1025) Metaspace: 9581K(9856K)->9581K(9856K) NonClass: 8512K(8640K)->8512K(8640K) Class: 1069K(1216K)->1069K(1216K)
[30.055s][info ][gc             ] GC(1025) Pause Young (Allocation Failure) 286M->4M(615M) 0.219ms
[30.055s][info ][gc,cpu         ] GC(1025) User=0.00s Sys=0.00s Real=0.00s
[30.076s][info ][gc,start       ] GC(1026) Pause Young (Allocation Failure)
[30.076s][debug][gc,age         ] GC(1026) Desired survivor size 1048576 bytes, new threshold 1 (max threshold 15)
[30.076s][info ][gc,heap        ] GC(1026) PSYoungGen: 279424K(280576K)->454K(270848K) Eden: 279328K(279552K)->0K(270336K) From: 96K(1024K)->454K(512K)
[30.076s][info ][gc,heap        ] GC(1026) ParOldGen: 4178K(349696K)->4178K(349696K)
[30.076s][info ][gc,metaspace   ] GC(1026) Metaspace: 9581K(9856K)->9581K(9856K) NonClass: 8512K(8640K)->8512K(8640K) Class: 1069K(1216K)->1069K(1216K)
[30.076s][info ][gc             ] GC(1026) Pause Young (Allocation Failure) 276M->4M(606M) 0.360ms
[30.076s][info ][gc,cpu         ] GC(1026) User=0.00s Sys=0.00s Real=0.00s
[30.095s][info ][gc,start       ] GC(1027) Pause Young (Allocation Failure)
[30.095s][debug][gc,age         ] GC(1027) Desired survivor size 1048576 bytes, new threshold 1 (max threshold 15)
[30.095s][info ][gc,heap        ] GC(1027) PSYoungGen: 270614K(270848K)->96K(262656K) Eden: 270160K(270336K)->0K(261632K) From: 454K(512K)->96K(1024K)
[30.095s][info ][gc,heap        ] GC(1027) ParOldGen: 4178K(349696K)->4178K(349696K)
[30.095s][info ][gc,metaspace   ] GC(1027) Metaspace: 9581K(9856K)->9581K(9856K) NonClass: 8512K(8640K)->8512K(8640K) Class: 1069K(1216K)->1069K(1216K)
[30.095s][info ][gc             ] GC(1027) Pause Young (Allocation Failure) 268M->4M(598M) 0.234ms
[30.095s][info ][gc,cpu         ] GC(1027) User=0.00s Sys=0.00s Real=0.01s
[30.114s][info ][gc,start       ] GC(1028) Pause Young (Allocation Failure)
[30.114s][debug][gc,age         ] GC(1028) Desired survivor size 1048576 bytes, new threshold 1 (max threshold 15)
[30.114s][info ][gc,heap        ] GC(1028) PSYoungGen: 261602K(262656K)->486K(253440K) Eden: 261506K(261632K)->0K(252928K) From: 96K(1024K)->486K(512K)
[30.114s][info ][gc,heap        ] GC(1028) ParOldGen: 4178K(349696K)->4178K(349696K)
[30.114s][info ][gc,metaspace   ] GC(1028) Metaspace: 9581K(9856K)->9581K(9856K) NonClass: 8512K(8640K)->8512K(8640K) Class: 1069K(1216K)->1069K(1216K)
[30.114s][info ][gc             ] GC(1028) Pause Young (Allocation Failure) 259M->4M(589M) 0.242ms
[30.114s][info ][gc,cpu         ] GC(1028) User=0.00s Sys=0.00s Real=0.00s
[30.131s][info ][gc,start       ] GC(1029) Pause Young (Allocation Failure)
[30.131s][debug][gc,age         ] GC(1029) Desired survivor size 1048576 bytes, new threshold 1 (max threshold 15)
[30.131s][info ][gc,heap        ] GC(1029) PSYoungGen: 253414K(253440K)->486K(245760K) Eden: 252928K(252928K)->0K(244736K) From: 486K(512K)->486K(1024K)
[30.131s][info ][gc,heap        ] GC(1029) ParOldGen: 4178K(349696K)->4178K(349696K)
[30.131s][info ][gc,metaspace   ] GC(1029) Metaspace: 9581K(9856K)->9581K(9856K) NonClass: 8512K(8640K)->8512K(8640K) Class: 1069K(1216K)->1069K(1216K)
[30.131s][info ][gc             ] GC(1029) Pause Young (Allocation Failure) 251M->4M(581M) 0.253ms
[30.131s][info ][gc,cpu         ] GC(1029) User=0.00s Sys=0.00s Real=0.00s
[30.149s][info ][gc,start       ] GC(1030) Pause Young (Allocation Failure)
[30.149s][debug][gc,age         ] GC(1030) Desired survivor size 1048576 bytes, new threshold 1 (max threshold 15)
[30.149s][info ][gc,heap        ] GC(1030) PSYoungGen: 245206K(245760K)->96K(237568K) Eden: 244719K(244736K)->0K(237056K) From: 486K(1024K)->96K(512K)
[30.149s][info ][gc,heap        ] GC(1030) ParOldGen: 4178K(349696K)->4178K(349696K)
[30.149s][info ][gc,metaspace   ] GC(1030) Metaspace: 9581K(9856K)->9581K(9856K) NonClass: 8512K(8640K)->8512K(8640K) Class: 1069K(1216K)->1069K(1216K)
[30.149s][info ][gc             ] GC(1030) Pause Young (Allocation Failure) 243M->4M(573M) 0.244ms
[30.149s][info ][gc,cpu         ] GC(1030) User=0.00s Sys=0.00s Real=0.00s
[30.165s][info ][gc,start       ] GC(1031) Pause Young (Allocation Failure)
[30.166s][debug][gc,age         ] GC(1031) Desired survivor size 1048576 bytes, new threshold 1 (max threshold 15)
[30.166s][info ][gc,heap        ] GC(1031) PSYoungGen: 236850K(237568K)->454K(285696K) Eden: 236754K(237056K)->0K(284672K) From: 96K(512K)->454K(1024K)
[30.166s][info ][gc,heap        ] GC(1031) ParOldGen: 4178K(349696K)->4178K(349696K)
[30.166s][info ][gc,metaspace   ] GC(1031) Metaspace: 9581K(9856K)->9581K(9856K) NonClass: 8512K(8640K)->8512K(8640K) Class: 1069K(1216K)->1069K(1216K)
[30.166s][info ][gc             ] GC(1031) Pause Young (Allocation Failure) 235M->4M(620M) 0.245ms
[30.166s][info ][gc,cpu         ] GC(1031) User=0.00s Sys=0.00s Real=0.00s
[30.186s][info ][gc,start       ] GC(1032) Pause Young (Allocation Failure)
[30.186s][debug][gc,age         ] GC(1032) Desired survivor size 1048576 bytes, new threshold 1 (max threshold 15)
[30.186s][info ][gc,heap        ] GC(1032) PSYoungGen: 284791K(285696K)->486K(275456K) Eden: 284336K(284672K)->0K(274944K) From: 454K(1024K)->486K(512K)
[30.186s][info ][gc,heap        ] GC(1032) ParOldGen: 4178K(349696K)->4178K(349696K)
[30.186s][info ][gc,metaspace   ] GC(1032) Metaspace: 9581K(9856K)->9581K(9856K) NonClass: 8512K(8640K)->8512K(8640K) Class: 1069K(1216K)->1069K(1216K)
[30.186s][info ][gc             ] GC(1032) Pause Young (Allocation Failure) 282M->4M(610M) 0.229ms
[30.186s][info ][gc,cpu         ] GC(1032) User=0.00s Sys=0.01s Real=0.00s
[30.205s][info ][gc,start       ] GC(1033) Pause Young (Allocation Failure)
[30.205s][debug][gc,age         ] GC(1033) Desired survivor size 1048576 bytes, new threshold 1 (max threshold 15)
[30.205s][info ][gc,heap        ] GC(1033) PSYoungGen: 275377K(275456K)->486K(266752K) Eden: 274890K(274944K)->0K(265728K) From: 486K(512K)->486K(1024K)
[30.205s][info ][gc,heap        ] GC(1033) ParOldGen: 4178K(349696K)->4178K(349696K)
[30.205s][info ][gc,metaspace   ] GC(1033) Metaspace: 9581K(9856K)->9581K(9856K) NonClass: 8512K(8640K)->8512K(8640K) Class: 1069K(1216K)->1069K(1216K)
[30.205s][info ][gc             ] GC(1033) Pause Young (Allocation Failure) 273M->4M(602M) 0.240ms
[30.205s][info ][gc,cpu         ] GC(1033) User=0.00s Sys=0.00s Real=0.01s
[30.224s][info ][gc,start       ] GC(1034) Pause Young (Allocation Failure)
[30.225s][debug][gc,age         ] GC(1034) Desired survivor size 1048576 bytes, new threshold 1 (max threshold 15)
[30.225s][info ][gc,heap        ] GC(1034) PSYoungGen: 265884K(266752K)->96K(257536K) Eden: 265397K(265728K)->0K(257024K) From: 486K(1024K)->96K(512K)
[30.225s][info ][gc,heap        ] GC(1034) ParOldGen: 4178K(349696K)->4178K(349696K)
[30.225s][info ][gc,metaspace   ] GC(1034) Metaspace: 9581K(9856K)->9581K(9856K) NonClass: 8512K(8640K)->8512K(8640K) Class: 1069K(1216K)->1069K(1216K)
[30.225s][info ][gc             ] GC(1034) Pause Young (Allocation Failure) 263M->4M(593M) 0.280ms
[30.225s][info ][gc,cpu         ] GC(1034) User=0.00s Sys=0.00s Real=0.00s
[30.243s][info ][gc,start       ] GC(1035) Pause Young (Allocation Failure)
[30.243s][debug][gc,age         ] GC(1035) Desired survivor size 1048576 bytes, new threshold 1 (max threshold 15)
[30.243s][info ][gc,heap        ] GC(1035) PSYoungGen: 257078K(257536K)->96K(249856K) Eden: 256982K(257024K)->0K(248832K) From: 96K(512K)->96K(1024K)
[30.243s][info ][gc,heap        ] GC(1035) ParOldGen: 4178K(349696K)->4178K(349696K)
[30.243s][info ][gc,metaspace   ] GC(1035) Metaspace: 9581K(9856K)->9581K(9856K) NonClass: 8512K(8640K)->8512K(8640K) Class: 1069K(1216K)->1069K(1216K)
[30.243s][info ][gc             ] GC(1035) Pause Young (Allocation Failure) 255M->4M(585M) 0.210ms
[30.243s][info ][gc,cpu         ] GC(1035) User=0.00s Sys=0.00s Real=0.00s
[30.261s][info ][gc,start       ] GC(1036) Pause Young (Allocation Failure)
[30.261s][debug][gc,age         ] GC(1036) Desired survivor size 1048576 bytes, new threshold 1 (max threshold 15)
[30.261s][info ][gc,heap        ] GC(1036) PSYoungGen: 248827K(249856K)->454K(241664K) Eden: 248731K(248832K)->0K(241152K) From: 96K(1024K)->454K(512K)
[30.261s][info ][gc,heap        ] GC(1036) ParOldGen: 4178K(349696K)->4178K(349696K)
[30.261s][info ][gc,metaspace   ] GC(1036) Metaspace: 9581K(9856K)->9581K(9856K) NonClass: 8512K(8640K)->8512K(8640K) Class: 1069K(1216K)->1069K(1216K)
[30.261s][info ][gc             ] GC(1036) Pause Young (Allocation Failure) 247M->4M(577M) 0.262ms
[30.261s][info ][gc,cpu         ] GC(1036) User=0.00s Sys=0.00s Real=0.00s
[30.278s][info ][gc,start       ] GC(1037) Pause Young (Allocation Failure)
[30.278s][debug][gc,age         ] GC(1037) Desired survivor size 1048576 bytes, new threshold 1 (max threshold 15)
[30.278s][info ][gc,heap        ] GC(1037) PSYoungGen: 241359K(241664K)->486K(234496K) Eden: 240904K(241152K)->0K(233472K) From: 454K(512K)->486K(1024K)
[30.278s][info ][gc,heap        ] GC(1037) ParOldGen: 4178K(349696K)->4178K(349696K)
[30.278s][info ][gc,metaspace   ] GC(1037) Metaspace: 9581K(9856K)->9581K(9856K) NonClass: 8512K(8640K)->8512K(8640K) Class: 1069K(1216K)->1069K(1216K)
[30.278s][info ][gc             ] GC(1037) Pause Young (Allocation Failure) 239M->4M(570M) 0.203ms
[30.278s][info ][gc,cpu         ] GC(1037) User=0.00s Sys=0.00s Real=0.00s
[30.295s][info ][gc,start       ] GC(1038) Pause Young (Allocation Failure)
[30.295s][debug][gc,age         ] GC(1038) Desired survivor size 1048576 bytes, new threshold 1 (max threshold 15)
[30.295s][info ][gc,heap        ] GC(1038) PSYoungGen: 233831K(234496K)->454K(226816K) Eden: 233345K(233472K)->0K(226304K) From: 486K(1024K)->454K(512K)
[30.295s][info ][gc,heap        ] GC(1038) ParOldGen: 4178K(349696K)->4178K(349696K)
[30.295s][info ][gc,metaspace   ] GC(1038) Metaspace: 9581K(9856K)->9581K(9856K) NonClass: 8512K(8640K)->8512K(8640K) Class: 1069K(1216K)->1069K(1216K)
[30.295s][info ][gc             ] GC(1038) Pause Young (Allocation Failure) 232M->4M(563M) 0.249ms
[30.295s][info ][gc,cpu         ] GC(1038) User=0.00s Sys=0.00s Real=0.00s
[30.311s][info ][gc,start       ] GC(1039) Pause Young (Allocation Failure)
[30.311s][debug][gc,age         ] GC(1039) Desired survivor size 1048576 bytes, new threshold 1 (max threshold 15)
[30.311s][info ][gc,heap        ] GC(1039) PSYoungGen: 226561K(226816K)->96K(220672K) Eden: 226106K(226304K)->0K(219648K) From: 454K(512K)->96K(1024K)
[30.311s][info ][gc,heap        ] GC(1039) ParOldGen: 4178K(349696K)->4178K(349696K)
[30.311s][info ][gc,metaspace   ] GC(1039) Metaspace: 9581K(9856K)->9581K(9856K) NonClass: 8512K(8640K)->8512K(8640K) Class: 1069K(1216K)->1069K(1216K)
[30.311s][info ][gc             ] GC(1039) Pause Young (Allocation Failure) 225M->4M(557M) 0.223ms
[30.311s][info ][gc,cpu         ] GC(1039) User=0.00s Sys=0.00s Real=0.00s
[30.327s][info ][gc,start       ] GC(1040) Pause Young (Allocation Failure)
[30.327s][debug][gc,age         ] GC(1040) Desired survivor size 1048576 bytes, new threshold 1 (max threshold 15)
[30.327s][info ][gc,heap        ] GC(1040) PSYoungGen: 219542K(220672K)->96K(264192K) Eden: 219446K(219648K)->0K(263680K) From: 96K(1024K)->96K(512K)
[30.327s][info ][gc,heap        ] GC(1040) ParOldGen: 4178K(349696K)->4178K(349696K)
[30.327s][info ][gc,metaspace   ] GC(1040) Metaspace: 9581K(9856K)->9581K(9856K) NonClass: 8512K(8640K)->8512K(8640K) Class: 1069K(1216K)->1069K(1216K)
[30.327s][info ][gc             ] GC(1040) Pause Young (Allocation Failure) 218M->4M(599M) 0.232ms
[30.327s][info ][gc,cpu         ] GC(1040) User=0.00s Sys=0.00s Real=0.00s
[30.345s][info ][gc,start       ] GC(1041) Pause Young (Allocation Failure)
[30.345s][debug][gc,age         ] GC(1041) Desired survivor size 1048576 bytes, new threshold 1 (max threshold 15)
[30.345s][info ][gc,heap        ] GC(1041) PSYoungGen: 263514K(264192K)->486K(256000K) Eden: 263418K(263680K)->0K(254976K) From: 96K(512K)->486K(1024K)
[30.346s][info ][gc,heap        ] GC(1041) ParOldGen: 4178K(349696K)->4178K(349696K)
[30.346s][info ][gc,metaspace   ] GC(1041) Metaspace: 9581K(9856K)->9581K(9856K) NonClass: 8512K(8640K)->8512K(8640K) Class: 1069K(1216K)->1069K(1216K)
[30.346s][info ][gc             ] GC(1041) Pause Young (Allocation Failure) 261M->4M(591M) 0.220ms
[30.346s][info ][gc,cpu         ] GC(1041) User=0.00s Sys=0.00s Real=0.00s
[30.364s][info ][gc,start       ] GC(1042) Pause Young (Allocation Failure)
[30.364s][debug][gc,age         ] GC(1042) Desired survivor size 1048576 bytes, new threshold 1 (max threshold 15)
[30.364s][info ][gc,heap        ] GC(1042) PSYoungGen: 255371K(256000K)->96K(306688K) Eden: 254884K(254976K)->0K(306176K) From: 486K(1024K)->96K(512K)
[30.364s][info ][gc,heap        ] GC(1042) ParOldGen: 4178K(349696K)->4178K(349696K)
[30.364s][info ][gc,metaspace   ] GC(1042) Metaspace: 9581K(9856K)->9581K(9856K) NonClass: 8512K(8640K)->8512K(8640K) Class: 1069K(1216K)->1069K(1216K)
[30.364s][info ][gc             ] GC(1042) Pause Young (Allocation Failure) 253M->4M(641M) 0.285ms
[30.364s][info ][gc,cpu         ] GC(1042) User=0.00s Sys=0.00s Real=0.00s
[30.385s][info ][gc,start       ] GC(1043) Pause Young (Allocation Failure)
[30.386s][debug][gc,age         ] GC(1043) Desired survivor size 1048576 bytes, new threshold 1 (max threshold 15)
[30.386s][info ][gc,heap        ] GC(1043) PSYoungGen: 306272K(306688K)->96K(338432K) Eden: 306176K(306176K)->0K(337408K) From: 96K(512K)->96K(1024K)
[30.386s][info ][gc,heap        ] GC(1043) ParOldGen: 4178K(349696K)->4178K(349696K)
[30.386s][info ][gc,metaspace   ] GC(1043) Metaspace: 9581K(9856K)->9581K(9856K) NonClass: 8512K(8640K)->8512K(8640K) Class: 1069K(1216K)->1069K(1216K)
[30.386s][info ][gc             ] GC(1043) Pause Young (Allocation Failure) 303M->4M(672M) 0.346ms
[30.386s][info ][gc,cpu         ] GC(1043) User=0.00s Sys=0.00s Real=0.00s
[30.410s][info ][gc,start       ] GC(1044) Pause Young (Allocation Failure)
[30.411s][debug][gc,age         ] GC(1044) Desired survivor size 1048576 bytes, new threshold 1 (max threshold 15)
[30.411s][info ][gc,heap        ] GC(1044) PSYoungGen: 337381K(338432K)->486K(348160K) Eden: 337285K(337408K)->0K(347136K) From: 96K(1024K)->486K(1024K)
[30.411s][info ][gc,heap        ] GC(1044) ParOldGen: 4178K(349696K)->4178K(349696K)
[30.411s][info ][gc,metaspace   ] GC(1044) Metaspace: 9581K(9856K)->9581K(9856K) NonClass: 8512K(8640K)->8512K(8640K) Class: 1069K(1216K)->1069K(1216K)
[30.411s][info ][gc             ] GC(1044) Pause Young (Allocation Failure) 333M->4M(681M) 0.325ms
[30.411s][info ][gc,cpu         ] GC(1044) User=0.00s Sys=0.00s Real=0.00s
[30.437s][info ][gc,start       ] GC(1045) Pause Young (Allocation Failure)
[30.437s][debug][gc,age         ] GC(1045) Desired survivor size 1048576 bytes, new threshold 1 (max threshold 15)
[30.437s][info ][gc,heap        ] GC(1045) PSYoungGen: 347622K(348160K)->96K(335360K) Eden: 347136K(347136K)->0K(334848K) From: 486K(1024K)->96K(512K)
[30.437s][info ][gc,heap        ] GC(1045) ParOldGen: 4178K(349696K)->4178K(349696K)
[30.437s][info ][gc,metaspace   ] GC(1045) Metaspace: 9581K(9856K)->9581K(9856K) NonClass: 8512K(8640K)->8512K(8640K) Class: 1069K(1216K)->1069K(1216K)
[30.437s][info ][gc             ] GC(1045) Pause Young (Allocation Failure) 343M->4M(669M) 0.285ms
[30.437s][info ][gc,cpu         ] GC(1045) User=0.00s Sys=0.00s Real=0.00s
[30.461s][info ][gc,start       ] GC(1046) Pause Young (Allocation Failure)
[30.461s][debug][gc,age         ] GC(1046) Desired survivor size 1048576 bytes, new threshold 1 (max threshold 15)
[30.461s][info ][gc,heap        ] GC(1046) PSYoungGen: 334944K(335360K)->64K(323584K) Eden: 334848K(334848K)->0K(323072K) From: 96K(512K)->64K(512K)
[30.461s][info ][gc,heap        ] GC(1046) ParOldGen: 4178K(349696K)->4178K(349696K)
[30.461s][info ][gc,metaspace   ] GC(1046) Metaspace: 9581K(9856K)->9581K(9856K) NonClass: 8512K(8640K)->8512K(8640K) Class: 1069K(1216K)->1069K(1216K)
[30.461s][info ][gc             ] GC(1046) Pause Young (Allocation Failure) 331M->4M(657M) 0.271ms
[30.461s][info ][gc,cpu         ] GC(1046) User=0.00s Sys=0.00s Real=0.00s
[30.485s][info ][gc,start       ] GC(1047) Pause Young (Allocation Failure)
[30.485s][debug][gc,age         ] GC(1047) Desired survivor size 1048576 bytes, new threshold 1 (max threshold 15)
[30.485s][info ][gc,heap        ] GC(1047) PSYoungGen: 322953K(323584K)->96K(312832K) Eden: 322889K(323072K)->0K(311808K) From: 64K(512K)->96K(1024K)
[30.485s][info ][gc,heap        ] GC(1047) ParOldGen: 4178K(349696K)->4178K(349696K)
[30.485s][info ][gc,metaspace   ] GC(1047) Metaspace: 9581K(9856K)->9581K(9856K) NonClass: 8512K(8640K)->8512K(8640K) Class: 1069K(1216K)->1069K(1216K)
[30.485s][info ][gc             ] GC(1047) Pause Young (Allocation Failure) 319M->4M(647M) 0.261ms
[30.485s][info ][gc,cpu         ] GC(1047) User=0.00s Sys=0.00s Real=0.01s
[30.508s][info ][gc,start       ] GC(1048) Pause Young (Allocation Failure)
[30.508s][debug][gc,age         ] GC(1048) Desired survivor size 1048576 bytes, new threshold 1 (max threshold 15)
[30.508s][info ][gc,heap        ] GC(1048) PSYoungGen: 311694K(312832K)->486K(301568K) Eden: 311598K(311808K)->0K(301056K) From: 96K(1024K)->486K(512K)
[30.508s][info ][gc,heap        ] GC(1048) ParOldGen: 4178K(349696K)->4178K(349696K)
[30.508s][info ][gc,metaspace   ] GC(1048) Metaspace: 9581K(9856K)->9581K(9856K) NonClass: 8512K(8640K)->8512K(8640K) Class: 1069K(1216K)->1069K(1216K)
[30.508s][info ][gc             ] GC(1048) Pause Young (Allocation Failure) 308M->4M(636M) 0.294ms
[30.508s][info ][gc,cpu         ] GC(1048) User=0.00s Sys=0.00s Real=0.00s
[30.530s][info ][gc,start       ] GC(1049) Pause Young (Allocation Failure)
[30.530s][debug][gc,age         ] GC(1049) Desired survivor size 1048576 bytes, new threshold 1 (max threshold 15)
[30.530s][info ][gc,heap        ] GC(1049) PSYoungGen: 301542K(301568K)->96K(291840K) Eden: 301056K(301056K)->0K(290816K) From: 486K(512K)->96K(1024K)
[30.530s][info ][gc,heap        ] GC(1049) ParOldGen: 4178K(349696K)->4178K(349696K)
[30.530s][info ][gc,metaspace   ] GC(1049) Metaspace: 9581K(9856K)->9581K(9856K) NonClass: 8512K(8640K)->8512K(8640K) Class: 1069K(1216K)->1069K(1216K)
[30.530s][info ][gc             ] GC(1049) Pause Young (Allocation Failure) 298M->4M(626M) 0.235ms
[30.530s][info ][gc,cpu         ] GC(1049) User=0.00s Sys=0.00s Real=0.00s
[30.552s][info ][gc,start       ] GC(1050) Pause Young (Allocation Failure)
[30.552s][debug][gc,age         ] GC(1050) Desired survivor size 1048576 bytes, new threshold 1 (max threshold 15)
[30.552s][info ][gc,heap        ] GC(1050) PSYoungGen: 290742K(291840K)->96K(281600K) Eden: 290646K(290816K)->0K(281088K) From: 96K(1024K)->96K(512K)
[30.552s][info ][gc,heap        ] GC(1050) ParOldGen: 4178K(349696K)->4178K(349696K)
[30.552s][info ][gc,metaspace   ] GC(1050) Metaspace: 9581K(9856K)->9581K(9856K) NonClass: 8512K(8640K)->8512K(8640K) Class: 1069K(1216K)->1069K(1216K)
[30.552s][info ][gc             ] GC(1050) Pause Young (Allocation Failure) 288M->4M(616M) 0.306ms
[30.552s][info ][gc,cpu         ] GC(1050) User=0.00s Sys=0.00s Real=0.00s
[30.573s][info ][gc,start       ] GC(1051) Pause Young (Allocation Failure)
[30.573s][debug][gc,age         ] GC(1051) Desired survivor size 1048576 bytes, new threshold 1 (max threshold 15)
[30.573s][info ][gc,heap        ] GC(1051) PSYoungGen: 281184K(281600K)->64K(272896K) Eden: 281088K(281088K)->0K(271872K) From: 96K(512K)->64K(1024K)
[30.573s][info ][gc,heap        ] GC(1051) ParOldGen: 4178K(349696K)->4178K(349696K)
[30.573s][info ][gc,metaspace   ] GC(1051) Metaspace: 9581K(9856K)->9581K(9856K) NonClass: 8512K(8640K)->8512K(8640K) Class: 1069K(1216K)->1069K(1216K)
[30.573s][info ][gc             ] GC(1051) Pause Young (Allocation Failure) 278M->4M(608M) 0.279ms
[30.573s][info ][gc,cpu         ] GC(1051) User=0.00s Sys=0.00s Real=0.00s
[30.593s][info ][gc,start       ] GC(1052) Pause Young (Allocation Failure)
[30.593s][debug][gc,age         ] GC(1052) Desired survivor size 1048576 bytes, new threshold 1 (max threshold 15)
[30.593s][info ][gc,heap        ] GC(1052) PSYoungGen: 271765K(272896K)->64K(263680K) Eden: 271701K(271872K)->0K(263168K) From: 64K(1024K)->64K(512K)
[30.593s][info ][gc,heap        ] GC(1052) ParOldGen: 4178K(349696K)->4178K(349696K)
[30.593s][info ][gc,metaspace   ] GC(1052) Metaspace: 9581K(9856K)->9581K(9856K) NonClass: 8512K(8640K)->8512K(8640K) Class: 1069K(1216K)->1069K(1216K)
[30.593s][info ][gc             ] GC(1052) Pause Young (Allocation Failure) 269M->4M(599M) 0.288ms
[30.593s][info ][gc,cpu         ] GC(1052) User=0.00s Sys=0.00s Real=0.00s
[30.612s][info ][gc,start       ] GC(1053) Pause Young (Allocation Failure)
[30.613s][debug][gc,age         ] GC(1053) Desired survivor size 1048576 bytes, new threshold 1 (max threshold 15)
[30.613s][info ][gc,heap        ] GC(1053) PSYoungGen: 262928K(263680K)->96K(255488K) Eden: 262864K(263168K)->0K(254464K) From: 64K(512K)->96K(1024K)
[30.613s][info ][gc,heap        ] GC(1053) ParOldGen: 4178K(349696K)->4178K(349696K)
[30.613s][info ][gc,metaspace   ] GC(1053) Metaspace: 9581K(9856K)->9581K(9856K) NonClass: 8512K(8640K)->8512K(8640K) Class: 1069K(1216K)->1069K(1216K)
[30.613s][info ][gc             ] GC(1053) Pause Young (Allocation Failure) 260M->4M(591M) 0.291ms
[30.613s][info ][gc,cpu         ] GC(1053) User=0.00s Sys=0.01s Real=0.00s
[30.631s][info ][gc,start       ] GC(1054) Pause Young (Allocation Failure)
[30.632s][debug][gc,age         ] GC(1054) Desired survivor size 1048576 bytes, new threshold 1 (max threshold 15)
[30.632s][info ][gc,heap        ] GC(1054) PSYoungGen: 254340K(255488K)->486K(306176K) Eden: 254244K(254464K)->0K(305664K) From: 96K(1024K)->486K(512K)
[30.632s][info ][gc,heap        ] GC(1054) ParOldGen: 4178K(349696K)->4178K(349696K)
[30.632s][info ][gc,metaspace   ] GC(1054) Metaspace: 9581K(9856K)->9581K(9856K) NonClass: 8512K(8640K)->8512K(8640K) Class: 1069K(1216K)->1069K(1216K)
[30.632s][info ][gc             ] GC(1054) Pause Young (Allocation Failure) 252M->4M(640M) 0.305ms
[30.632s][info ][gc,cpu         ] GC(1054) User=0.00s Sys=0.00s Real=0.00s
[30.654s][info ][gc,start       ] GC(1055) Pause Young (Allocation Failure)
[30.654s][debug][gc,age         ] GC(1055) Desired survivor size 1048576 bytes, new threshold 1 (max threshold 15)
[30.654s][info ][gc,heap        ] GC(1055) PSYoungGen: 306076K(306176K)->96K(296448K) Eden: 305589K(305664K)->0K(295424K) From: 486K(512K)->96K(1024K)
[30.654s][info ][gc,heap        ] GC(1055) ParOldGen: 4178K(349696K)->4178K(349696K)
[30.654s][info ][gc,metaspace   ] GC(1055) Metaspace: 9581K(9856K)->9581K(9856K) NonClass: 8512K(8640K)->8512K(8640K) Class: 1069K(1216K)->1069K(1216K)
[30.654s][info ][gc             ] GC(1055) Pause Young (Allocation Failure) 302M->4M(631M) 0.239ms
[30.654s][info ][gc,cpu         ] GC(1055) User=0.00s Sys=0.00s Real=0.00s
[30.676s][info ][gc,start       ] GC(1056) Pause Young (Allocation Failure)
[30.676s][debug][gc,age         ] GC(1056) Desired survivor size 1048576 bytes, new threshold 1 (max threshold 15)
[30.676s][info ][gc,heap        ] GC(1056) PSYoungGen: 295215K(296448K)->96K(286208K) Eden: 295119K(295424K)->0K(285696K) From: 96K(1024K)->96K(512K)
[30.676s][info ][gc,heap        ] GC(1056) ParOldGen: 4178K(349696K)->4178K(349696K)
[30.676s][info ][gc,metaspace   ] GC(1056) Metaspace: 9581K(9856K)->9581K(9856K) NonClass: 8512K(8640K)->8512K(8640K) Class: 1069K(1216K)->1069K(1216K)
[30.676s][info ][gc             ] GC(1056) Pause Young (Allocation Failure) 292M->4M(621M) 0.260ms
[30.676s][info ][gc,cpu         ] GC(1056) User=0.00s Sys=0.00s Real=0.00s
[30.697s][info ][gc,start       ] GC(1057) Pause Young (Allocation Failure)
[30.698s][debug][gc,age         ] GC(1057) Desired survivor size 1048576 bytes, new threshold 1 (max threshold 15)
[30.698s][info ][gc,heap        ] GC(1057) PSYoungGen: 285695K(286208K)->454K(276992K) Eden: 285599K(285696K)->0K(275968K) From: 96K(512K)->454K(1024K)
[30.698s][info ][gc,heap        ] GC(1057) ParOldGen: 4178K(349696K)->4178K(349696K)
[30.698s][info ][gc,metaspace   ] GC(1057) Metaspace: 9581K(9856K)->9581K(9856K) NonClass: 8512K(8640K)->8512K(8640K) Class: 1069K(1216K)->1069K(1216K)
[30.698s][info ][gc             ] GC(1057) Pause Young (Allocation Failure) 283M->4M(612M) 0.249ms
[30.698s][info ][gc,cpu         ] GC(1057) User=0.00s Sys=0.00s Real=0.00s
[30.718s][info ][gc,start       ] GC(1058) Pause Young (Allocation Failure)
[30.718s][debug][gc,age         ] GC(1058) Desired survivor size 1048576 bytes, new threshold 1 (max threshold 15)
[30.718s][info ][gc,heap        ] GC(1058) PSYoungGen: 276081K(276992K)->486K(267264K) Eden: 275627K(275968K)->0K(266752K) From: 454K(1024K)->486K(512K)
[30.718s][info ][gc,heap        ] GC(1058) ParOldGen: 4178K(349696K)->4178K(349696K)
[30.718s][info ][gc,metaspace   ] GC(1058) Metaspace: 9581K(9856K)->9581K(9856K) NonClass: 8512K(8640K)->8512K(8640K) Class: 1069K(1216K)->1069K(1216K)
[30.718s][info ][gc             ] GC(1058) Pause Young (Allocation Failure) 273M->4M(602M) 0.314ms
[30.718s][info ][gc,cpu         ] GC(1058) User=0.00s Sys=0.00s Real=0.00s
[30.738s][info ][gc,start       ] GC(1059) Pause Young (Allocation Failure)
[30.738s][debug][gc,age         ] GC(1059) Desired survivor size 1048576 bytes, new threshold 1 (max threshold 15)
[30.738s][info ][gc,heap        ] GC(1059) PSYoungGen: 267152K(267264K)->96K(259072K) Eden: 266665K(266752K)->0K(258048K) From: 486K(512K)->96K(1024K)
[30.738s][info ][gc,heap        ] GC(1059) ParOldGen: 4178K(349696K)->4178K(349696K)
[30.738s][info ][gc,metaspace   ] GC(1059) Metaspace: 9581K(9856K)->9581K(9856K) NonClass: 8512K(8640K)->8512K(8640K) Class: 1069K(1216K)->1069K(1216K)
[30.738s][info ][gc             ] GC(1059) Pause Young (Allocation Failure) 264M->4M(594M) 0.277ms
[30.738s][info ][gc,cpu         ] GC(1059) User=0.00s Sys=0.00s Real=0.00s
[30.758s][info ][gc,start       ] GC(1060) Pause Young (Allocation Failure)
[30.758s][debug][gc,age         ] GC(1060) Desired survivor size 1048576 bytes, new threshold 1 (max threshold 15)
[30.758s][info ][gc,heap        ] GC(1060) PSYoungGen: 257818K(259072K)->96K(250368K) Eden: 257722K(258048K)->0K(249856K) From: 96K(1024K)->96K(512K)
[30.758s][info ][gc,heap        ] GC(1060) ParOldGen: 4178K(349696K)->4178K(349696K)
[30.758s][info ][gc,metaspace   ] GC(1060) Metaspace: 9581K(9856K)->9581K(9856K) NonClass: 8512K(8640K)->8512K(8640K) Class: 1069K(1216K)->1069K(1216K)
[30.758s][info ][gc             ] GC(1060) Pause Young (Allocation Failure) 255M->4M(586M) 0.253ms
[30.758s][info ][gc,cpu         ] GC(1060) User=0.00s Sys=0.00s Real=0.00s
[30.776s][info ][gc,start       ] GC(1061) Pause Young (Allocation Failure)
[30.776s][debug][gc,age         ] GC(1061) Desired survivor size 1048576 bytes, new threshold 1 (max threshold 15)
[30.776s][info ][gc,heap        ] GC(1061) PSYoungGen: 249670K(250368K)->454K(243200K) Eden: 249574K(249856K)->0K(242176K) From: 96K(512K)->454K(1024K)
[30.776s][info ][gc,heap        ] GC(1061) ParOldGen: 4178K(349696K)->4178K(349696K)
[30.776s][info ][gc,metaspace   ] GC(1061) Metaspace: 9581K(9856K)->9581K(9856K) NonClass: 8512K(8640K)->8512K(8640K) Class: 1069K(1216K)->1069K(1216K)
[30.776s][info ][gc             ] GC(1061) Pause Young (Allocation Failure) 247M->4M(579M) 0.271ms
[30.776s][info ][gc,cpu         ] GC(1061) User=0.00s Sys=0.00s Real=0.00s
[30.794s][info ][gc,start       ] GC(1062) Pause Young (Allocation Failure)
[30.794s][debug][gc,age         ] GC(1062) Desired survivor size 1048576 bytes, new threshold 1 (max threshold 15)
[30.795s][info ][gc,heap        ] GC(1062) PSYoungGen: 242539K(243200K)->454K(235008K) Eden: 242085K(242176K)->0K(234496K) From: 454K(1024K)->454K(512K)
[30.795s][info ][gc,heap        ] GC(1062) ParOldGen: 4178K(349696K)->4178K(349696K)
[30.795s][info ][gc,metaspace   ] GC(1062) Metaspace: 9581K(9856K)->9581K(9856K) NonClass: 8512K(8640K)->8512K(8640K) Class: 1069K(1216K)->1069K(1216K)
[30.795s][info ][gc             ] GC(1062) Pause Young (Allocation Failure) 240M->4M(571M) 0.262ms
[30.795s][info ][gc,cpu         ] GC(1062) User=0.00s Sys=0.00s Real=0.00s
[30.812s][info ][gc,start       ] GC(1063) Pause Young (Allocation Failure)
[30.812s][debug][gc,age         ] GC(1063) Desired survivor size 1048576 bytes, new threshold 1 (max threshold 15)
[30.812s][info ][gc,heap        ] GC(1063) PSYoungGen: 234571K(235008K)->486K(282624K) Eden: 234116K(234496K)->0K(281600K) From: 454K(512K)->486K(1024K)
[30.812s][info ][gc,heap        ] GC(1063) ParOldGen: 4178K(349696K)->4178K(349696K)
[30.812s][info ][gc,metaspace   ] GC(1063) Metaspace: 9581K(9856K)->9581K(9856K) NonClass: 8512K(8640K)->8512K(8640K) Class: 1069K(1216K)->1069K(1216K)
[30.812s][info ][gc             ] GC(1063) Pause Young (Allocation Failure) 233M->4M(617M) 0.260ms
[30.812s][info ][gc,cpu         ] GC(1063) User=0.00s Sys=0.00s Real=0.00s
[30.833s][info ][gc,start       ] GC(1064) Pause Young (Allocation Failure)
[30.833s][debug][gc,age         ] GC(1064) Desired survivor size 1048576 bytes, new threshold 1 (max threshold 15)
[30.833s][info ][gc,heap        ] GC(1064) PSYoungGen: 282086K(282624K)->486K(272896K) Eden: 281600K(281600K)->0K(272384K) From: 486K(1024K)->486K(512K)
[30.833s][info ][gc,heap        ] GC(1064) ParOldGen: 4178K(349696K)->4178K(349696K)
[30.833s][info ][gc,metaspace   ] GC(1064) Metaspace: 9581K(9856K)->9581K(9856K) NonClass: 8512K(8640K)->8512K(8640K) Class: 1069K(1216K)->1069K(1216K)
[30.833s][info ][gc             ] GC(1064) Pause Young (Allocation Failure) 279M->4M(608M) 0.285ms
[30.833s][info ][gc,cpu         ] GC(1064) User=0.00s Sys=0.00s Real=0.00s
[30.853s][info ][gc,start       ] GC(1065) Pause Young (Allocation Failure)
[30.853s][debug][gc,age         ] GC(1065) Desired survivor size 1048576 bytes, new threshold 1 (max threshold 15)
[30.853s][info ][gc,heap        ] GC(1065) PSYoungGen: 272582K(272896K)->96K(264704K) Eden: 272096K(272384K)->0K(263680K) From: 486K(512K)->96K(1024K)
[30.853s][info ][gc,heap        ] GC(1065) ParOldGen: 4178K(349696K)->4178K(349696K)
[30.853s][info ][gc,metaspace   ] GC(1065) Metaspace: 9581K(9856K)->9581K(9856K) NonClass: 8512K(8640K)->8512K(8640K) Class: 1069K(1216K)->1069K(1216K)
[30.853s][info ][gc             ] GC(1065) Pause Young (Allocation Failure) 270M->4M(600M) 0.270ms
[30.853s][info ][gc,cpu         ] GC(1065) User=0.00s Sys=0.00s Real=0.00s
[30.873s][info ][gc,start       ] GC(1066) Pause Young (Allocation Failure)
[30.873s][debug][gc,age         ] GC(1066) Desired survivor size 1048576 bytes, new threshold 1 (max threshold 15)
[30.873s][info ][gc,heap        ] GC(1066) PSYoungGen: 263682K(264704K)->454K(255488K) Eden: 263586K(263680K)->0K(254976K) From: 96K(1024K)->454K(512K)
[30.873s][info ][gc,heap        ] GC(1066) ParOldGen: 4178K(349696K)->4178K(349696K)
[30.873s][info ][gc,metaspace   ] GC(1066) Metaspace: 9581K(9856K)->9581K(9856K) NonClass: 8512K(8640K)->8512K(8640K) Class: 1069K(1216K)->1069K(1216K)
[30.873s][info ][gc             ] GC(1066) Pause Young (Allocation Failure) 261M->4M(591M) 0.225ms
[30.873s][info ][gc,cpu         ] GC(1066) User=0.00s Sys=0.00s Real=0.00s
[30.892s][info ][gc,start       ] GC(1067) Pause Young (Allocation Failure)
[30.892s][debug][gc,age         ] GC(1067) Desired survivor size 1048576 bytes, new threshold 1 (max threshold 15)
[30.892s][info ][gc,heap        ] GC(1067) PSYoungGen: 255076K(255488K)->486K(247808K) Eden: 254621K(254976K)->0K(246784K) From: 454K(512K)->486K(1024K)
[30.892s][info ][gc,heap        ] GC(1067) ParOldGen: 4178K(349696K)->4178K(349696K)
[30.892s][info ][gc,metaspace   ] GC(1067) Metaspace: 9581K(9856K)->9581K(9856K) NonClass: 8512K(8640K)->8512K(8640K) Class: 1069K(1216K)->1069K(1216K)
[30.892s][info ][gc             ] GC(1067) Pause Young (Allocation Failure) 253M->4M(583M) 0.243ms
[30.892s][info ][gc,cpu         ] GC(1067) User=0.00s Sys=0.00s Real=0.00s
[30.910s][info ][gc,start       ] GC(1068) Pause Young (Allocation Failure)
[30.910s][debug][gc,age         ] GC(1068) Desired survivor size 1048576 bytes, new threshold 1 (max threshold 15)
[30.910s][info ][gc,heap        ] GC(1068) PSYoungGen: 247221K(247808K)->486K(296960K) Eden: 246735K(246784K)->0K(296448K) From: 486K(1024K)->486K(512K)
[30.910s][info ][gc,heap        ] GC(1068) ParOldGen: 4178K(349696K)->4178K(349696K)
[30.910s][info ][gc,metaspace   ] GC(1068) Metaspace: 9581K(9856K)->9581K(9856K) NonClass: 8512K(8640K)->8512K(8640K) Class: 1069K(1216K)->1069K(1216K)
[30.910s][info ][gc             ] GC(1068) Pause Young (Allocation Failure) 245M->4M(631M) 0.300ms
[30.910s][info ][gc,cpu         ] GC(1068) User=0.00s Sys=0.00s Real=0.00s
[30.932s][info ][gc,start       ] GC(1069) Pause Young (Allocation Failure)
[30.932s][debug][gc,age         ] GC(1069) Desired survivor size 1048576 bytes, new threshold 1 (max threshold 15)
[30.932s][info ][gc,heap        ] GC(1069) PSYoungGen: 296934K(296960K)->486K(341504K) Eden: 296448K(296448K)->0K(340480K) From: 486K(512K)->486K(1024K)
[30.932s][info ][gc,heap        ] GC(1069) ParOldGen: 4178K(349696K)->4178K(349696K)
[30.932s][info ][gc,metaspace   ] GC(1069) Metaspace: 9581K(9856K)->9581K(9856K) NonClass: 8512K(8640K)->8512K(8640K) Class: 1069K(1216K)->1069K(1216K)
[30.932s][info ][gc             ] GC(1069) Pause Young (Allocation Failure) 294M->4M(675M) 0.309ms
[30.932s][info ][gc,cpu         ] GC(1069) User=0.00s Sys=0.00s Real=0.00s
[30.957s][info ][gc,start       ] GC(1070) Pause Young (Allocation Failure)
[30.957s][debug][gc,age         ] GC(1070) Desired survivor size 1048576 bytes, new threshold 1 (max threshold 15)
[30.957s][info ][gc,heap        ] GC(1070) PSYoungGen: 340966K(341504K)->486K(329216K) Eden: 340480K(340480K)->0K(328704K) From: 486K(1024K)->486K(512K)
[30.957s][info ][gc,heap        ] GC(1070) ParOldGen: 4178K(349696K)->4178K(349696K)
[30.957s][info ][gc,metaspace   ] GC(1070) Metaspace: 9581K(9856K)->9581K(9856K) NonClass: 8512K(8640K)->8512K(8640K) Class: 1069K(1216K)->1069K(1216K)
[30.957s][info ][gc             ] GC(1070) Pause Young (Allocation Failure) 337M->4M(663M) 0.266ms
[30.957s][info ][gc,cpu         ] GC(1070) User=0.00s Sys=0.00s Real=0.00s
[30.981s][info ][gc,start       ] GC(1071) Pause Young (Allocation Failure)
[30.981s][debug][gc,age         ] GC(1071) Desired survivor size 1048576 bytes, new threshold 1 (max threshold 15)
[30.981s][info ][gc,heap        ] GC(1071) PSYoungGen: 329076K(329216K)->96K(318464K) Eden: 328590K(328704K)->0K(317440K) From: 486K(512K)->96K(1024K)
[30.981s][info ][gc,heap        ] GC(1071) ParOldGen: 4178K(349696K)->4178K(349696K)
[30.981s][info ][gc,metaspace   ] GC(1071) Metaspace: 9581K(9856K)->9581K(9856K) NonClass: 8512K(8640K)->8512K(8640K) Class: 1069K(1216K)->1069K(1216K)
[30.981s][info ][gc             ] GC(1071) Pause Young (Allocation Failure) 325M->4M(652M) 0.270ms
[30.981s][info ][gc,cpu         ] GC(1071) User=0.00s Sys=0.00s Real=0.00s
[31.004s][info ][gc,start       ] GC(1072) Pause Young (Allocation Failure)
[31.005s][debug][gc,age         ] GC(1072) Desired survivor size 1048576 bytes, new threshold 1 (max threshold 15)
[31.005s][info ][gc,heap        ] GC(1072) PSYoungGen: 317536K(318464K)->486K(307200K) Eden: 317440K(317440K)->0K(306688K) From: 96K(1024K)->486K(512K)
[31.005s][info ][gc,heap        ] GC(1072) ParOldGen: 4178K(349696K)->4178K(349696K)
[31.005s][info ][gc,metaspace   ] GC(1072) Metaspace: 9581K(9856K)->9581K(9856K) NonClass: 8512K(8640K)->8512K(8640K) Class: 1069K(1216K)->1069K(1216K)
[31.005s][info ][gc             ] GC(1072) Pause Young (Allocation Failure) 314M->4M(641M) 0.304ms
[31.005s][info ][gc,cpu         ] GC(1072) User=0.00s Sys=0.00s Real=0.00s
[31.027s][info ][gc,start       ] GC(1073) Pause Young (Allocation Failure)
[31.027s][debug][gc,age         ] GC(1073) Desired survivor size 1048576 bytes, new threshold 1 (max threshold 15)
[31.027s][info ][gc,heap        ] GC(1073) PSYoungGen: 306927K(307200K)->486K(347136K) Eden: 306440K(306688K)->0K(346112K) From: 486K(512K)->486K(1024K)
[31.027s][info ][gc,heap        ] GC(1073) ParOldGen: 4178K(349696K)->4178K(349696K)
[31.027s][info ][gc,metaspace   ] GC(1073) Metaspace: 9581K(9856K)->9581K(9856K) NonClass: 8512K(8640K)->8512K(8640K) Class: 1069K(1216K)->1069K(1216K)
[31.027s][info ][gc             ] GC(1073) Pause Young (Allocation Failure) 303M->4M(680M) 0.326ms
[31.027s][info ][gc,cpu         ] GC(1073) User=0.00s Sys=0.00s Real=0.00s
[31.053s][info ][gc,start       ] GC(1074) Pause Young (Allocation Failure)
[31.053s][debug][gc,age         ] GC(1074) Desired survivor size 1048576 bytes, new threshold 1 (max threshold 15)
[31.054s][info ][gc,heap        ] GC(1074) PSYoungGen: 346246K(347136K)->486K(334336K) Eden: 345759K(346112K)->0K(333824K) From: 486K(1024K)->486K(512K)
[31.054s][info ][gc,heap        ] GC(1074) ParOldGen: 4178K(349696K)->4178K(349696K)
[31.054s][info ][gc,metaspace   ] GC(1074) Metaspace: 9581K(9856K)->9581K(9856K) NonClass: 8512K(8640K)->8512K(8640K) Class: 1069K(1216K)->1069K(1216K)
[31.054s][info ][gc             ] GC(1074) Pause Young (Allocation Failure) 342M->4M(668M) 0.263ms
[31.054s][info ][gc,cpu         ] GC(1074) User=0.00s Sys=0.00s Real=0.00s
[31.078s][info ][gc,start       ] GC(1075) Pause Young (Allocation Failure)
[31.078s][debug][gc,age         ] GC(1075) Desired survivor size 1048576 bytes, new threshold 1 (max threshold 15)
[31.078s][info ][gc,heap        ] GC(1075) PSYoungGen: 334042K(334336K)->486K(323072K) Eden: 333556K(333824K)->0K(322048K) From: 486K(512K)->486K(1024K)
[31.078s][info ][gc,heap        ] GC(1075) ParOldGen: 4178K(349696K)->4178K(349696K)
[31.078s][info ][gc,metaspace   ] GC(1075) Metaspace: 9581K(9856K)->9581K(9856K) NonClass: 8512K(8640K)->8512K(8640K) Class: 1069K(1216K)->1069K(1216K)
[31.078s][info ][gc             ] GC(1075) Pause Young (Allocation Failure) 330M->4M(657M) 0.295ms
[31.078s][info ][gc,cpu         ] GC(1075) User=0.00s Sys=0.00s Real=0.00s
[31.102s][info ][gc,start       ] GC(1076) Pause Young (Allocation Failure)
[31.102s][debug][gc,age         ] GC(1076) Desired survivor size 1048576 bytes, new threshold 1 (max threshold 15)
[31.102s][info ][gc,heap        ] GC(1076) PSYoungGen: 322340K(323072K)->454K(311296K) Eden: 321853K(322048K)->0K(310784K) From: 486K(1024K)->454K(512K)
[31.102s][info ][gc,heap        ] GC(1076) ParOldGen: 4178K(349696K)->4178K(349696K)
[31.102s][info ][gc,metaspace   ] GC(1076) Metaspace: 9581K(9856K)->9581K(9856K) NonClass: 8512K(8640K)->8512K(8640K) Class: 1069K(1216K)->1069K(1216K)
[31.102s][info ][gc             ] GC(1076) Pause Young (Allocation Failure) 318M->4M(645M) 0.258ms
[31.102s][info ][gc,cpu         ] GC(1076) User=0.00s Sys=0.00s Real=0.00s
[31.125s][info ][gc,start       ] GC(1077) Pause Young (Allocation Failure)
[31.125s][debug][gc,age         ] GC(1077) Desired survivor size 1048576 bytes, new threshold 1 (max threshold 15)
[31.125s][info ][gc,heap        ] GC(1077) PSYoungGen: 311209K(311296K)->96K(301056K) Eden: 310755K(310784K)->0K(300032K) From: 454K(512K)->96K(1024K)
[31.125s][info ][gc,heap        ] GC(1077) ParOldGen: 4178K(349696K)->4178K(349696K)
[31.125s][info ][gc,metaspace   ] GC(1077) Metaspace: 9581K(9856K)->9581K(9856K) NonClass: 8512K(8640K)->8512K(8640K) Class: 1069K(1216K)->1069K(1216K)
[31.125s][info ][gc             ] GC(1077) Pause Young (Allocation Failure) 307M->4M(635M) 0.264ms
[31.125s][info ][gc,cpu         ] GC(1077) User=0.00s Sys=0.00s Real=0.01s
[31.147s][info ][gc,start       ] GC(1078) Pause Young (Allocation Failure)
[31.147s][debug][gc,age         ] GC(1078) Desired survivor size 1048576 bytes, new threshold 1 (max threshold 15)
[31.147s][info ][gc,heap        ] GC(1078) PSYoungGen: 300099K(301056K)->486K(290304K) Eden: 300003K(300032K)->0K(289792K) From: 96K(1024K)->486K(512K)
[31.147s][info ][gc,heap        ] GC(1078) ParOldGen: 4178K(349696K)->4178K(349696K)
[31.147s][info ][gc,metaspace   ] GC(1078) Metaspace: 9581K(9856K)->9581K(9856K) NonClass: 8512K(8640K)->8512K(8640K) Class: 1069K(1216K)->1069K(1216K)
[31.147s][info ][gc             ] GC(1078) Pause Young (Allocation Failure) 297M->4M(625M) 0.278ms
[31.147s][info ][gc,cpu         ] GC(1078) User=0.00s Sys=0.00s Real=0.00s
[31.169s][info ][gc,start       ] GC(1079) Pause Young (Allocation Failure)
[31.169s][debug][gc,age         ] GC(1079) Desired survivor size 1048576 bytes, new threshold 1 (max threshold 15)
[31.169s][info ][gc,heap        ] GC(1079) PSYoungGen: 290080K(290304K)->96K(281088K) Eden: 289593K(289792K)->0K(280064K) From: 486K(512K)->96K(1024K)
[31.169s][info ][gc,heap        ] GC(1079) ParOldGen: 4178K(349696K)->4178K(349696K)
[31.169s][info ][gc,metaspace   ] GC(1079) Metaspace: 9581K(9856K)->9581K(9856K) NonClass: 8512K(8640K)->8512K(8640K) Class: 1069K(1216K)->1069K(1216K)
[31.169s][info ][gc             ] GC(1079) Pause Young (Allocation Failure) 287M->4M(616M) 0.238ms
[31.169s][info ][gc,cpu         ] GC(1079) User=0.00s Sys=0.00s Real=0.00s
[31.189s][info ][gc,start       ] GC(1080) Pause Young (Allocation Failure)
[31.190s][debug][gc,age         ] GC(1080) Desired survivor size 1048576 bytes, new threshold 1 (max threshold 15)
[31.190s][info ][gc,heap        ] GC(1080) PSYoungGen: 279875K(281088K)->96K(271360K) Eden: 279779K(280064K)->0K(270848K) From: 96K(1024K)->96K(512K)
[31.190s][info ][gc,heap        ] GC(1080) ParOldGen: 4178K(349696K)->4178K(349696K)
[31.190s][info ][gc,metaspace   ] GC(1080) Metaspace: 9581K(9856K)->9581K(9856K) NonClass: 8512K(8640K)->8512K(8640K) Class: 1069K(1216K)->1069K(1216K)
[31.190s][info ][gc             ] GC(1080) Pause Young (Allocation Failure) 277M->4M(606M) 0.254ms
[31.190s][info ][gc,cpu         ] GC(1080) User=0.00s Sys=0.00s Real=0.00s
[31.209s][info ][gc,start       ] GC(1081) Pause Young (Allocation Failure)
[31.210s][debug][gc,age         ] GC(1081) Desired survivor size 1048576 bytes, new threshold 1 (max threshold 15)
[31.210s][info ][gc,heap        ] GC(1081) PSYoungGen: 270667K(271360K)->486K(263168K) Eden: 270571K(270848K)->0K(262144K) From: 96K(512K)->486K(1024K)
[31.210s][info ][gc,heap        ] GC(1081) ParOldGen: 4178K(349696K)->4178K(349696K)
[31.210s][info ][gc,metaspace   ] GC(1081) Metaspace: 9581K(9856K)->9581K(9856K) NonClass: 8512K(8640K)->8512K(8640K) Class: 1069K(1216K)->1069K(1216K)
[31.210s][info ][gc             ] GC(1081) Pause Young (Allocation Failure) 268M->4M(598M) 0.262ms
[31.210s][info ][gc,cpu         ] GC(1081) User=0.00s Sys=0.00s Real=0.00s
[31.229s][info ][gc,start       ] GC(1082) Pause Young (Allocation Failure)
[31.229s][debug][gc,age         ] GC(1082) Desired survivor size 1048576 bytes, new threshold 1 (max threshold 15)
[31.229s][info ][gc,heap        ] GC(1082) PSYoungGen: 262352K(263168K)->454K(253952K) Eden: 261865K(262144K)->0K(253440K) From: 486K(1024K)->454K(512K)
[31.229s][info ][gc,heap        ] GC(1082) ParOldGen: 4178K(349696K)->4178K(349696K)
[31.229s][info ][gc,metaspace   ] GC(1082) Metaspace: 9581K(9856K)->9581K(9856K) NonClass: 8512K(8640K)->8512K(8640K) Class: 1069K(1216K)->1069K(1216K)
[31.229s][info ][gc             ] GC(1082) Pause Young (Allocation Failure) 260M->4M(589M) 0.280ms
[31.229s][info ][gc,cpu         ] GC(1082) User=0.00s Sys=0.00s Real=0.00s
[31.248s][info ][gc,start       ] GC(1083) Pause Young (Allocation Failure)
[31.248s][debug][gc,age         ] GC(1083) Desired survivor size 1048576 bytes, new threshold 1 (max threshold 15)
[31.248s][info ][gc,heap        ] GC(1083) PSYoungGen: 253548K(253952K)->486K(246272K) Eden: 253093K(253440K)->0K(245248K) From: 454K(512K)->486K(1024K)
[31.248s][info ][gc,heap        ] GC(1083) ParOldGen: 4178K(349696K)->4178K(349696K)
[31.248s][info ][gc,metaspace   ] GC(1083) Metaspace: 9581K(9856K)->9581K(9856K) NonClass: 8512K(8640K)->8512K(8640K) Class: 1069K(1216K)->1069K(1216K)
[31.248s][info ][gc             ] GC(1083) Pause Young (Allocation Failure) 251M->4M(582M) 0.242ms
[31.248s][info ][gc,cpu         ] GC(1083) User=0.00s Sys=0.00s Real=0.00s
[31.266s][info ][gc,start       ] GC(1084) Pause Young (Allocation Failure)
[31.266s][debug][gc,age         ] GC(1084) Desired survivor size 1048576 bytes, new threshold 1 (max threshold 15)
[31.266s][info ][gc,heap        ] GC(1084) PSYoungGen: 245657K(246272K)->454K(238080K) Eden: 245171K(245248K)->0K(237568K) From: 486K(1024K)->454K(512K)
[31.266s][info ][gc,heap        ] GC(1084) ParOldGen: 4178K(349696K)->4178K(349696K)
[31.266s][info ][gc,metaspace   ] GC(1084) Metaspace: 9581K(9856K)->9581K(9856K) NonClass: 8512K(8640K)->8512K(8640K) Class: 1069K(1216K)->1069K(1216K)
[31.266s][info ][gc             ] GC(1084) Pause Young (Allocation Failure) 243M->4M(574M) 0.243ms
[31.266s][info ][gc,cpu         ] GC(1084) User=0.00s Sys=0.00s Real=0.00s
[31.283s][info ][gc,start       ] GC(1085) Pause Young (Allocation Failure)
[31.284s][debug][gc,age         ] GC(1085) Desired survivor size 1048576 bytes, new threshold 1 (max threshold 15)
[31.284s][info ][gc,heap        ] GC(1085) PSYoungGen: 238022K(238080K)->96K(286208K) Eden: 237568K(237568K)->0K(285184K) From: 454K(512K)->96K(1024K)
[31.284s][info ][gc,heap        ] GC(1085) ParOldGen: 4178K(349696K)->4178K(349696K)
[31.284s][info ][gc,metaspace   ] GC(1085) Metaspace: 9581K(9856K)->9581K(9856K) NonClass: 8512K(8640K)->8512K(8640K) Class: 1069K(1216K)->1069K(1216K)
[31.284s][info ][gc             ] GC(1085) Pause Young (Allocation Failure) 236M->4M(621M) 0.231ms
[31.284s][info ][gc,cpu         ] GC(1085) User=0.00s Sys=0.00s Real=0.00s
[31.304s][info ][gc,start       ] GC(1086) Pause Young (Allocation Failure)
[31.305s][debug][gc,age         ] GC(1086) Desired survivor size 1048576 bytes, new threshold 1 (max threshold 15)
[31.305s][info ][gc,heap        ] GC(1086) PSYoungGen: 285009K(286208K)->454K(343040K) Eden: 284913K(285184K)->0K(342528K) From: 96K(1024K)->454K(512K)
[31.305s][info ][gc,heap        ] GC(1086) ParOldGen: 4178K(349696K)->4178K(349696K)
[31.305s][info ][gc,metaspace   ] GC(1086) Metaspace: 9581K(9856K)->9581K(9856K) NonClass: 8512K(8640K)->8512K(8640K) Class: 1069K(1216K)->1069K(1216K)
[31.305s][info ][gc             ] GC(1086) Pause Young (Allocation Failure) 282M->4M(676M) 0.297ms
[31.305s][info ][gc,cpu         ] GC(1086) User=0.00s Sys=0.00s Real=0.00s
[31.330s][info ][gc,start       ] GC(1087) Pause Young (Allocation Failure)
[31.330s][debug][gc,age         ] GC(1087) Desired survivor size 1048576 bytes, new threshold 1 (max threshold 15)
[31.330s][info ][gc,heap        ] GC(1087) PSYoungGen: 342712K(343040K)->486K(331264K) Eden: 342257K(342528K)->0K(330240K) From: 454K(512K)->486K(1024K)
[31.330s][info ][gc,heap        ] GC(1087) ParOldGen: 4178K(349696K)->4178K(349696K)
[31.330s][info ][gc,metaspace   ] GC(1087) Metaspace: 9581K(9856K)->9581K(9856K) NonClass: 8512K(8640K)->8512K(8640K) Class: 1069K(1216K)->1069K(1216K)
[31.330s][info ][gc             ] GC(1087) Pause Young (Allocation Failure) 338M->4M(665M) 0.223ms
[31.330s][info ][gc,cpu         ] GC(1087) User=0.00s Sys=0.00s Real=0.00s
[31.354s][info ][gc,start       ] GC(1088) Pause Young (Allocation Failure)
[31.355s][debug][gc,age         ] GC(1088) Desired survivor size 1048576 bytes, new threshold 1 (max threshold 15)
[31.355s][info ][gc,heap        ] GC(1088) PSYoungGen: 330721K(331264K)->96K(318976K) Eden: 330234K(330240K)->0K(318464K) From: 486K(1024K)->96K(512K)
[31.355s][info ][gc,heap        ] GC(1088) ParOldGen: 4178K(349696K)->4178K(349696K)
[31.355s][info ][gc,metaspace   ] GC(1088) Metaspace: 9581K(9856K)->9581K(9856K) NonClass: 8512K(8640K)->8512K(8640K) Class: 1069K(1216K)->1069K(1216K)
[31.355s][info ][gc             ] GC(1088) Pause Young (Allocation Failure) 327M->4M(653M) 0.279ms
[31.355s][info ][gc,cpu         ] GC(1088) User=0.00s Sys=0.00s Real=0.00s
[31.377s][info ][gc,start       ] GC(1089) Pause Young (Allocation Failure)
[31.378s][debug][gc,age         ] GC(1089) Desired survivor size 1048576 bytes, new threshold 1 (max threshold 15)
[31.378s][info ][gc,heap        ] GC(1089) PSYoungGen: 318560K(318976K)->96K(308224K) Eden: 318464K(318464K)->0K(307200K) From: 96K(512K)->96K(1024K)
[31.378s][info ][gc,heap        ] GC(1089) ParOldGen: 4178K(349696K)->4178K(349696K)
[31.378s][info ][gc,metaspace   ] GC(1089) Metaspace: 9581K(9856K)->9581K(9856K) NonClass: 8512K(8640K)->8512K(8640K) Class: 1069K(1216K)->1069K(1216K)
[31.378s][info ][gc             ] GC(1089) Pause Young (Allocation Failure) 315M->4M(642M) 0.230ms
[31.378s][info ][gc,cpu         ] GC(1089) User=0.00s Sys=0.00s Real=0.00s
[31.400s][info ][gc,start       ] GC(1090) Pause Young (Allocation Failure)
[31.400s][debug][gc,age         ] GC(1090) Desired survivor size 1048576 bytes, new threshold 1 (max threshold 15)
[31.400s][info ][gc,heap        ] GC(1090) PSYoungGen: 307153K(308224K)->64K(296960K) Eden: 307057K(307200K)->0K(296448K) From: 96K(1024K)->64K(512K)
[31.400s][info ][gc,heap        ] GC(1090) ParOldGen: 4178K(349696K)->4178K(349696K)
[31.400s][info ][gc,metaspace   ] GC(1090) Metaspace: 9581K(9856K)->9581K(9856K) NonClass: 8512K(8640K)->8512K(8640K) Class: 1069K(1216K)->1069K(1216K)
[31.400s][info ][gc             ] GC(1090) Pause Young (Allocation Failure) 304M->4M(631M) 0.266ms
[31.400s][info ][gc,cpu         ] GC(1090) User=0.00s Sys=0.00s Real=0.00s
[31.422s][info ][gc,start       ] GC(1091) Pause Young (Allocation Failure)
[31.422s][debug][gc,age         ] GC(1091) Desired survivor size 1048576 bytes, new threshold 1 (max threshold 15)
[31.422s][info ][gc,heap        ] GC(1091) PSYoungGen: 296512K(296960K)->454K(287232K) Eden: 296448K(296448K)->0K(286208K) From: 64K(512K)->454K(1024K)
[31.422s][info ][gc,heap        ] GC(1091) ParOldGen: 4178K(349696K)->4178K(349696K)
[31.422s][info ][gc,metaspace   ] GC(1091) Metaspace: 9581K(9856K)->9581K(9856K) NonClass: 8512K(8640K)->8512K(8640K) Class: 1069K(1216K)->1069K(1216K)
[31.422s][info ][gc             ] GC(1091) Pause Young (Allocation Failure) 293M->4M(622M) 0.293ms
[31.422s][info ][gc,cpu         ] GC(1091) User=0.00s Sys=0.00s Real=0.00s
[31.443s][info ][gc,start       ] GC(1092) Pause Young (Allocation Failure)
[31.443s][debug][gc,age         ] GC(1092) Desired survivor size 1048576 bytes, new threshold 1 (max threshold 15)
[31.443s][info ][gc,heap        ] GC(1092) PSYoungGen: 286530K(287232K)->454K(276992K) Eden: 286075K(286208K)->0K(276480K) From: 454K(1024K)->454K(512K)
[31.443s][info ][gc,heap        ] GC(1092) ParOldGen: 4178K(349696K)->4178K(349696K)
[31.443s][info ][gc,metaspace   ] GC(1092) Metaspace: 9581K(9856K)->9581K(9856K) NonClass: 8512K(8640K)->8512K(8640K) Class: 1069K(1216K)->1069K(1216K)
[31.443s][info ][gc             ] GC(1092) Pause Young (Allocation Failure) 283M->4M(612M) 0.235ms
[31.443s][info ][gc,cpu         ] GC(1092) User=0.00s Sys=0.00s Real=0.00s
[31.464s][info ][gc,start       ] GC(1093) Pause Young (Allocation Failure)
[31.464s][debug][gc,age         ] GC(1093) Desired survivor size 1048576 bytes, new threshold 1 (max threshold 15)
[31.464s][info ][gc,heap        ] GC(1093) PSYoungGen: 276651K(276992K)->96K(268288K) Eden: 276196K(276480K)->0K(267264K) From: 454K(512K)->96K(1024K)
[31.464s][info ][gc,heap        ] GC(1093) ParOldGen: 4178K(349696K)->4178K(349696K)
[31.464s][info ][gc,metaspace   ] GC(1093) Metaspace: 9581K(9856K)->9581K(9856K) NonClass: 8512K(8640K)->8512K(8640K) Class: 1069K(1216K)->1069K(1216K)
[31.464s][info ][gc             ] GC(1093) Pause Young (Allocation Failure) 274M->4M(603M) 0.232ms
[31.464s][info ][gc,cpu         ] GC(1093) User=0.00s Sys=0.00s Real=0.00s
[31.483s][info ][gc,start       ] GC(1094) Pause Young (Allocation Failure)
[31.484s][debug][gc,age         ] GC(1094) Desired survivor size 1048576 bytes, new threshold 1 (max threshold 15)
[31.484s][info ][gc,heap        ] GC(1094) PSYoungGen: 267210K(268288K)->96K(259072K) Eden: 267114K(267264K)->0K(258560K) From: 96K(1024K)->96K(512K)
[31.484s][info ][gc,heap        ] GC(1094) ParOldGen: 4178K(349696K)->4178K(349696K)
[31.484s][info ][gc,metaspace   ] GC(1094) Metaspace: 9581K(9856K)->9581K(9856K) NonClass: 8512K(8640K)->8512K(8640K) Class: 1069K(1216K)->1069K(1216K)
[31.484s][info ][gc             ] GC(1094) Pause Young (Allocation Failure) 265M->4M(594M) 0.235ms
[31.484s][info ][gc,cpu         ] GC(1094) User=0.00s Sys=0.00s Real=0.00s
[31.502s][info ][gc,start       ] GC(1095) Pause Young (Allocation Failure)
[31.502s][debug][gc,age         ] GC(1095) Desired survivor size 1048576 bytes, new threshold 1 (max threshold 15)
[31.502s][info ][gc,heap        ] GC(1095) PSYoungGen: 258656K(259072K)->486K(251392K) Eden: 258560K(258560K)->0K(250368K) From: 96K(512K)->486K(1024K)
[31.502s][info ][gc,heap        ] GC(1095) ParOldGen: 4178K(349696K)->4178K(349696K)
[31.502s][info ][gc,metaspace   ] GC(1095) Metaspace: 9581K(9856K)->9581K(9856K) NonClass: 8512K(8640K)->8512K(8640K) Class: 1069K(1216K)->1069K(1216K)
[31.502s][info ][gc             ] GC(1095) Pause Young (Allocation Failure) 256M->4M(587M) 0.243ms
[31.502s][info ][gc,cpu         ] GC(1095) User=0.00s Sys=0.00s Real=0.00s
[31.521s][info ][gc,start       ] GC(1096) Pause Young (Allocation Failure)
[31.521s][debug][gc,age         ] GC(1096) Desired survivor size 1048576 bytes, new threshold 1 (max threshold 15)
[31.521s][info ][gc,heap        ] GC(1096) PSYoungGen: 250699K(251392K)->96K(242688K) Eden: 250212K(250368K)->0K(242176K) From: 486K(1024K)->96K(512K)
[31.521s][info ][gc,heap        ] GC(1096) ParOldGen: 4178K(349696K)->4178K(349696K)
[31.521s][info ][gc,metaspace   ] GC(1096) Metaspace: 9581K(9856K)->9581K(9856K) NonClass: 8512K(8640K)->8512K(8640K) Class: 1069K(1216K)->1069K(1216K)
[31.521s][info ][gc             ] GC(1096) Pause Young (Allocation Failure) 248M->4M(578M) 0.243ms
[31.521s][info ][gc,cpu         ] GC(1096) User=0.00s Sys=0.00s Real=0.00s
[31.539s][info ][gc,start       ] GC(1097) Pause Young (Allocation Failure)
[31.539s][debug][gc,age         ] GC(1097) Desired survivor size 1048576 bytes, new threshold 1 (max threshold 15)
[31.539s][info ][gc,heap        ] GC(1097) PSYoungGen: 242021K(242688K)->486K(235520K) Eden: 241925K(242176K)->0K(234496K) From: 96K(512K)->486K(1024K)
[31.539s][info ][gc,heap        ] GC(1097) ParOldGen: 4178K(349696K)->4178K(349696K)
[31.539s][info ][gc,metaspace   ] GC(1097) Metaspace: 9581K(9856K)->9581K(9856K) NonClass: 8512K(8640K)->8512K(8640K) Class: 1069K(1216K)->1069K(1216K)
[31.539s][info ][gc             ] GC(1097) Pause Young (Allocation Failure) 240M->4M(571M) 0.227ms
[31.539s][info ][gc,cpu         ] GC(1097) User=0.00s Sys=0.00s Real=0.00s
[31.556s][info ][gc,start       ] GC(1098) Pause Young (Allocation Failure)
[31.556s][debug][gc,age         ] GC(1098) Desired survivor size 1048576 bytes, new threshold 1 (max threshold 15)
[31.557s][info ][gc,heap        ] GC(1098) PSYoungGen: 234833K(235520K)->454K(227840K) Eden: 234346K(234496K)->0K(227328K) From: 486K(1024K)->454K(512K)
[31.557s][info ][gc,heap        ] GC(1098) ParOldGen: 4178K(349696K)->4178K(349696K)
[31.557s][info ][gc,metaspace   ] GC(1098) Metaspace: 9581K(9856K)->9581K(9856K) NonClass: 8512K(8640K)->8512K(8640K) Class: 1069K(1216K)->1069K(1216K)
[31.557s][info ][gc             ] GC(1098) Pause Young (Allocation Failure) 233M->4M(564M) 0.289ms
[31.557s][info ][gc,cpu         ] GC(1098) User=0.00s Sys=0.01s Real=0.00s
[31.573s][info ][gc,start       ] GC(1099) Pause Young (Allocation Failure)
[31.573s][debug][gc,age         ] GC(1099) Desired survivor size 1048576 bytes, new threshold 1 (max threshold 15)
[31.573s][info ][gc,heap        ] GC(1099) PSYoungGen: 227734K(227840K)->454K(273920K) Eden: 227279K(227328K)->0K(272896K) From: 454K(512K)->454K(1024K)
[31.573s][info ][gc,heap        ] GC(1099) ParOldGen: 4178K(349696K)->4178K(349696K)
[31.574s][info ][gc,metaspace   ] GC(1099) Metaspace: 9581K(9856K)->9581K(9856K) NonClass: 8512K(8640K)->8512K(8640K) Class: 1069K(1216K)->1069K(1216K)
[31.574s][info ][gc             ] GC(1099) Pause Young (Allocation Failure) 226M->4M(609M) 0.267ms
[31.574s][info ][gc,cpu         ] GC(1099) User=0.00s Sys=0.00s Real=0.00s
[31.594s][info ][gc,start       ] GC(1100) Pause Young (Allocation Failure)
[31.594s][debug][gc,age         ] GC(1100) Desired survivor size 1048576 bytes, new threshold 1 (max threshold 15)
[31.594s][info ][gc,heap        ] GC(1100) PSYoungGen: 273071K(273920K)->486K(328192K) Eden: 272616K(272896K)->0K(327680K) From: 454K(1024K)->486K(512K)
[31.594s][info ][gc,heap        ] GC(1100) ParOldGen: 4178K(349696K)->4178K(349696K)
[31.594s][info ][gc,metaspace   ] GC(1100) Metaspace: 9581K(9856K)->9581K(9856K) NonClass: 8512K(8640K)->8512K(8640K) Class: 1069K(1216K)->1069K(1216K)
[31.594s][info ][gc             ] GC(1100) Pause Young (Allocation Failure) 270M->4M(662M) 0.268ms
[31.594s][info ][gc,cpu         ] GC(1100) User=0.00s Sys=0.00s Real=0.00s
[31.618s][info ][gc,start       ] GC(1101) Pause Young (Allocation Failure)
[31.618s][debug][gc,age         ] GC(1101) Desired survivor size 1048576 bytes, new threshold 1 (max threshold 15)
[31.618s][info ][gc,heap        ] GC(1101) PSYoungGen: 327907K(328192K)->486K(317440K) Eden: 327421K(327680K)->0K(316416K) From: 486K(512K)->486K(1024K)
[31.618s][info ][gc,heap        ] GC(1101) ParOldGen: 4178K(349696K)->4178K(349696K)
[31.618s][info ][gc,metaspace   ] GC(1101) Metaspace: 9581K(9856K)->9581K(9856K) NonClass: 8512K(8640K)->8512K(8640K) Class: 1069K(1216K)->1069K(1216K)
[31.618s][info ][gc             ] GC(1101) Pause Young (Allocation Failure) 324M->4M(651M) 0.229ms
[31.618s][info ][gc,cpu         ] GC(1101) User=0.00s Sys=0.00s Real=0.00s
[31.641s][info ][gc,start       ] GC(1102) Pause Young (Allocation Failure)
[31.641s][debug][gc,age         ] GC(1102) Desired survivor size 1048576 bytes, new threshold 1 (max threshold 15)
[31.641s][info ][gc,heap        ] GC(1102) PSYoungGen: 316902K(317440K)->96K(306176K) Eden: 316416K(316416K)->0K(305664K) From: 486K(1024K)->96K(512K)
[31.641s][info ][gc,heap        ] GC(1102) ParOldGen: 4178K(349696K)->4178K(349696K)
[31.641s][info ][gc,metaspace   ] GC(1102) Metaspace: 9581K(9856K)->9581K(9856K) NonClass: 8512K(8640K)->8512K(8640K) Class: 1069K(1216K)->1069K(1216K)
[31.641s][info ][gc             ] GC(1102) Pause Young (Allocation Failure) 313M->4M(640M) 0.248ms
[31.641s][info ][gc,cpu         ] GC(1102) User=0.00s Sys=0.00s Real=0.00s
[31.663s][info ][gc,start       ] GC(1103) Pause Young (Allocation Failure)
[31.664s][debug][gc,age         ] GC(1103) Desired survivor size 1048576 bytes, new threshold 1 (max threshold 15)
[31.664s][info ][gc,heap        ] GC(1103) PSYoungGen: 305748K(306176K)->96K(296448K) Eden: 305652K(305664K)->0K(295424K) From: 96K(512K)->96K(1024K)
[31.664s][info ][gc,heap        ] GC(1103) ParOldGen: 4178K(349696K)->4178K(349696K)
[31.664s][info ][gc,metaspace   ] GC(1103) Metaspace: 9581K(9856K)->9581K(9856K) NonClass: 8512K(8640K)->8512K(8640K) Class: 1069K(1216K)->1069K(1216K)
[31.664s][info ][gc             ] GC(1103) Pause Young (Allocation Failure) 302M->4M(631M) 0.237ms
[31.664s][info ][gc,cpu         ] GC(1103) User=0.00s Sys=0.00s Real=0.00s
[31.685s][info ][gc,start       ] GC(1104) Pause Young (Allocation Failure)
[31.686s][debug][gc,age         ] GC(1104) Desired survivor size 1048576 bytes, new threshold 1 (max threshold 15)
[31.686s][info ][gc,heap        ] GC(1104) PSYoungGen: 295425K(296448K)->96K(286208K) Eden: 295329K(295424K)->0K(285696K) From: 96K(1024K)->96K(512K)
[31.686s][info ][gc,heap        ] GC(1104) ParOldGen: 4178K(349696K)->4178K(349696K)
[31.686s][info ][gc,metaspace   ] GC(1104) Metaspace: 9581K(9856K)->9581K(9856K) NonClass: 8512K(8640K)->8512K(8640K) Class: 1069K(1216K)->1069K(1216K)
[31.686s][info ][gc             ] GC(1104) Pause Young (Allocation Failure) 292M->4M(621M) 0.270ms
[31.686s][info ][gc,cpu         ] GC(1104) User=0.00s Sys=0.00s Real=0.00s
[31.707s][info ][gc,start       ] GC(1105) Pause Young (Allocation Failure)
[31.707s][debug][gc,age         ] GC(1105) Desired survivor size 1048576 bytes, new threshold 1 (max threshold 15)
[31.707s][info ][gc,heap        ] GC(1105) PSYoungGen: 285735K(286208K)->486K(276992K) Eden: 285639K(285696K)->0K(275968K) From: 96K(512K)->486K(1024K)
[31.707s][info ][gc,heap        ] GC(1105) ParOldGen: 4178K(349696K)->4178K(349696K)
[31.707s][info ][gc,metaspace   ] GC(1105) Metaspace: 9581K(9856K)->9581K(9856K) NonClass: 8512K(8640K)->8512K(8640K) Class: 1069K(1216K)->1069K(1216K)
[31.707s][info ][gc             ] GC(1105) Pause Young (Allocation Failure) 283M->4M(612M) 0.222ms
[31.707s][info ][gc,cpu         ] GC(1105) User=0.00s Sys=0.00s Real=0.00s
[31.727s][info ][gc,start       ] GC(1106) Pause Young (Allocation Failure)
[31.727s][debug][gc,age         ] GC(1106) Desired survivor size 1048576 bytes, new threshold 1 (max threshold 15)
[31.727s][info ][gc,heap        ] GC(1106) PSYoungGen: 276454K(276992K)->486K(267264K) Eden: 275968K(275968K)->0K(266752K) From: 486K(1024K)->486K(512K)
[31.727s][info ][gc,heap        ] GC(1106) ParOldGen: 4178K(349696K)->4178K(349696K)
[31.727s][info ][gc,metaspace   ] GC(1106) Metaspace: 9581K(9856K)->9581K(9856K) NonClass: 8512K(8640K)->8512K(8640K) Class: 1069K(1216K)->1069K(1216K)
[31.727s][info ][gc             ] GC(1106) Pause Young (Allocation Failure) 274M->4M(602M) 0.304ms
[31.727s][info ][gc,cpu         ] GC(1106) User=0.00s Sys=0.00s Real=0.00s
[31.747s][info ][gc,start       ] GC(1107) Pause Young (Allocation Failure)
[31.747s][debug][gc,age         ] GC(1107) Desired survivor size 1048576 bytes, new threshold 1 (max threshold 15)
[31.747s][info ][gc,heap        ] GC(1107) PSYoungGen: 266848K(267264K)->454K(259072K) Eden: 266362K(266752K)->0K(258048K) From: 486K(512K)->454K(1024K)
[31.747s][info ][gc,heap        ] GC(1107) ParOldGen: 4178K(349696K)->4178K(349696K)
[31.747s][info ][gc,metaspace   ] GC(1107) Metaspace: 9581K(9856K)->9581K(9856K) NonClass: 8512K(8640K)->8512K(8640K) Class: 1069K(1216K)->1069K(1216K)
[31.747s][info ][gc             ] GC(1107) Pause Young (Allocation Failure) 264M->4M(594M) 0.267ms
[31.747s][info ][gc,cpu         ] GC(1107) User=0.00s Sys=0.00s Real=0.00s
[31.765s][info ][gc,start       ] GC(1108) Pause Young (Allocation Failure)
[31.766s][debug][gc,age         ] GC(1108) Desired survivor size 1048576 bytes, new threshold 1 (max threshold 15)
[31.766s][info ][gc,heap        ] GC(1108) PSYoungGen: 258502K(259072K)->486K(310272K) Eden: 258048K(258048K)->0K(309760K) From: 454K(1024K)->486K(512K)
[31.766s][info ][gc,heap        ] GC(1108) ParOldGen: 4178K(349696K)->4178K(349696K)
[31.766s][info ][gc,metaspace   ] GC(1108) Metaspace: 9581K(9856K)->9581K(9856K) NonClass: 8512K(8640K)->8512K(8640K) Class: 1069K(1216K)->1069K(1216K)
[31.766s][info ][gc             ] GC(1108) Pause Young (Allocation Failure) 256M->4M(644M) 0.275ms
[31.766s][info ][gc,cpu         ] GC(1108) User=0.00s Sys=0.00s Real=0.00s
[31.788s][info ][gc,start       ] GC(1109) Pause Young (Allocation Failure)
[31.789s][debug][gc,age         ] GC(1109) Desired survivor size 1048576 bytes, new threshold 1 (max threshold 15)
[31.789s][info ][gc,heap        ] GC(1109) PSYoungGen: 310043K(310272K)->454K(300032K) Eden: 309556K(309760K)->0K(299008K) From: 486K(512K)->454K(1024K)
[31.789s][info ][gc,heap        ] GC(1109) ParOldGen: 4178K(349696K)->4178K(349696K)
[31.789s][info ][gc,metaspace   ] GC(1109) Metaspace: 9581K(9856K)->9581K(9856K) NonClass: 8512K(8640K)->8512K(8640K) Class: 1069K(1216K)->1069K(1216K)
[31.789s][info ][gc             ] GC(1109) Pause Young (Allocation Failure) 306M->4M(634M) 0.231ms
[31.789s][info ][gc,cpu         ] GC(1109) User=0.00s Sys=0.00s Real=0.00s
[31.810s][info ][gc,start       ] GC(1110) Pause Young (Allocation Failure)
[31.810s][debug][gc,age         ] GC(1110) Desired survivor size 1048576 bytes, new threshold 1 (max threshold 15)
[31.810s][info ][gc,heap        ] GC(1110) PSYoungGen: 299462K(300032K)->96K(289280K) Eden: 299008K(299008K)->0K(288768K) From: 454K(1024K)->96K(512K)
[31.810s][info ][gc,heap        ] GC(1110) ParOldGen: 4178K(349696K)->4178K(349696K)
[31.810s][info ][gc,metaspace   ] GC(1110) Metaspace: 9581K(9856K)->9581K(9856K) NonClass: 8512K(8640K)->8512K(8640K) Class: 1069K(1216K)->1069K(1216K)
[31.810s][info ][gc             ] GC(1110) Pause Young (Allocation Failure) 296M->4M(624M) 0.393ms
[31.810s][info ][gc,cpu         ] GC(1110) User=0.00s Sys=0.00s Real=0.00s
[31.832s][info ][gc,start       ] GC(1111) Pause Young (Allocation Failure)
[31.832s][debug][gc,age         ] GC(1111) Desired survivor size 1048576 bytes, new threshold 1 (max threshold 15)
[31.832s][info ][gc,heap        ] GC(1111) PSYoungGen: 288846K(289280K)->454K(280064K) Eden: 288750K(288768K)->0K(279040K) From: 96K(512K)->454K(1024K)
[31.832s][info ][gc,heap        ] GC(1111) ParOldGen: 4178K(349696K)->4178K(349696K)
[31.832s][info ][gc,metaspace   ] GC(1111) Metaspace: 9581K(9856K)->9581K(9856K) NonClass: 8512K(8640K)->8512K(8640K) Class: 1069K(1216K)->1069K(1216K)
[31.832s][info ][gc             ] GC(1111) Pause Young (Allocation Failure) 286M->4M(615M) 0.244ms
[31.832s][info ][gc,cpu         ] GC(1111) User=0.00s Sys=0.00s Real=0.00s
[31.852s][info ][gc,start       ] GC(1112) Pause Young (Allocation Failure)
[31.852s][debug][gc,age         ] GC(1112) Desired survivor size 1048576 bytes, new threshold 1 (max threshold 15)
[31.852s][info ][gc,heap        ] GC(1112) PSYoungGen: 279494K(280064K)->454K(270336K) Eden: 279040K(279040K)->0K(269824K) From: 454K(1024K)->454K(512K)
[31.852s][info ][gc,heap        ] GC(1112) ParOldGen: 4178K(349696K)->4178K(349696K)
[31.852s][info ][gc,metaspace   ] GC(1112) Metaspace: 9581K(9856K)->9581K(9856K) NonClass: 8512K(8640K)->8512K(8640K) Class: 1069K(1216K)->1069K(1216K)
[31.852s][info ][gc             ] GC(1112) Pause Young (Allocation Failure) 277M->4M(605M) 0.248ms
[31.852s][info ][gc,cpu         ] GC(1112) User=0.01s Sys=0.00s Real=0.00s
[31.872s][info ][gc,start       ] GC(1113) Pause Young (Allocation Failure)
[31.872s][debug][gc,age         ] GC(1113) Desired survivor size 1048576 bytes, new threshold 1 (max threshold 15)
[31.872s][info ][gc,heap        ] GC(1113) PSYoungGen: 270278K(270336K)->96K(262144K) Eden: 269824K(269824K)->0K(261120K) From: 454K(512K)->96K(1024K)
[31.872s][info ][gc,heap        ] GC(1113) ParOldGen: 4178K(349696K)->4178K(349696K)
[31.872s][info ][gc,metaspace   ] GC(1113) Metaspace: 9581K(9856K)->9581K(9856K) NonClass: 8512K(8640K)->8512K(8640K) Class: 1069K(1216K)->1069K(1216K)
[31.872s][info ][gc             ] GC(1113) Pause Young (Allocation Failure) 268M->4M(597M) 0.272ms
[31.872s][info ][gc,cpu         ] GC(1113) User=0.01s Sys=0.00s Real=0.00s
[31.891s][info ][gc,start       ] GC(1114) Pause Young (Allocation Failure)
[31.891s][debug][gc,age         ] GC(1114) Desired survivor size 1048576 bytes, new threshold 1 (max threshold 15)
[31.891s][info ][gc,heap        ] GC(1114) PSYoungGen: 260936K(262144K)->96K(253440K) Eden: 260840K(261120K)->0K(252928K) From: 96K(1024K)->96K(512K)
[31.891s][info ][gc,heap        ] GC(1114) ParOldGen: 4178K(349696K)->4178K(349696K)
[31.891s][info ][gc,metaspace   ] GC(1114) Metaspace: 9581K(9856K)->9581K(9856K) NonClass: 8512K(8640K)->8512K(8640K) Class: 1069K(1216K)->1069K(1216K)
[31.891s][info ][gc             ] GC(1114) Pause Young (Allocation Failure) 258M->4M(589M) 0.238ms
[31.891s][info ][gc,cpu         ] GC(1114) User=0.00s Sys=0.00s Real=0.00s
[31.910s][info ][gc,start       ] GC(1115) Pause Young (Allocation Failure)
[31.910s][debug][gc,age         ] GC(1115) Desired survivor size 1048576 bytes, new threshold 1 (max threshold 15)
[31.910s][info ][gc,heap        ] GC(1115) PSYoungGen: 252695K(253440K)->454K(304640K) Eden: 252599K(252928K)->0K(303616K) From: 96K(512K)->454K(1024K)
[31.910s][info ][gc,heap        ] GC(1115) ParOldGen: 4178K(349696K)->4178K(349696K)
[31.910s][info ][gc,metaspace   ] GC(1115) Metaspace: 9581K(9856K)->9581K(9856K) NonClass: 8512K(8640K)->8512K(8640K) Class: 1069K(1216K)->1069K(1216K)
[31.910s][info ][gc             ] GC(1115) Pause Young (Allocation Failure) 250M->4M(639M) 0.267ms
[31.910s][info ][gc,cpu         ] GC(1115) User=0.00s Sys=0.00s Real=0.00s
[31.933s][info ][gc,start       ] GC(1116) Pause Young (Allocation Failure)
[31.933s][debug][gc,age         ] GC(1116) Desired survivor size 1048576 bytes, new threshold 1 (max threshold 15)
[31.933s][info ][gc,heap        ] GC(1116) PSYoungGen: 303843K(304640K)->486K(293888K) Eden: 303388K(303616K)->0K(293376K) From: 454K(1024K)->486K(512K)
[31.933s][info ][gc,heap        ] GC(1116) ParOldGen: 4178K(349696K)->4178K(349696K)
[31.933s][info ][gc,metaspace   ] GC(1116) Metaspace: 9581K(9856K)->9581K(9856K) NonClass: 8512K(8640K)->8512K(8640K) Class: 1069K(1216K)->1069K(1216K)
[31.933s][info ][gc             ] GC(1116) Pause Young (Allocation Failure) 300M->4M(628M) 0.268ms
[31.933s][info ][gc,cpu         ] GC(1116) User=0.00s Sys=0.00s Real=0.00s
[31.954s][info ][gc,start       ] GC(1117) Pause Young (Allocation Failure)
[31.955s][debug][gc,age         ] GC(1117) Desired survivor size 1048576 bytes, new threshold 1 (max threshold 15)
[31.955s][info ][gc,heap        ] GC(1117) PSYoungGen: 293797K(293888K)->96K(284672K) Eden: 293310K(293376K)->0K(283648K) From: 486K(512K)->96K(1024K)
[31.955s][info ][gc,heap        ] GC(1117) ParOldGen: 4178K(349696K)->4178K(349696K)
[31.955s][info ][gc,metaspace   ] GC(1117) Metaspace: 9581K(9856K)->9581K(9856K) NonClass: 8512K(8640K)->8512K(8640K) Class: 1069K(1216K)->1069K(1216K)
[31.955s][info ][gc             ] GC(1117) Pause Young (Allocation Failure) 290M->4M(619M) 0.259ms
[31.955s][info ][gc,cpu         ] GC(1117) User=0.00s Sys=0.00s Real=0.00s
[31.975s][info ][gc,start       ] GC(1118) Pause Young (Allocation Failure)
[31.976s][debug][gc,age         ] GC(1118) Desired survivor size 1048576 bytes, new threshold 1 (max threshold 15)
[31.976s][info ][gc,heap        ] GC(1118) PSYoungGen: 283430K(284672K)->486K(274944K) Eden: 283334K(283648K)->0K(274432K) From: 96K(1024K)->486K(512K)
[31.976s][info ][gc,heap        ] GC(1118) ParOldGen: 4178K(349696K)->4178K(349696K)
[31.976s][info ][gc,metaspace   ] GC(1118) Metaspace: 9581K(9856K)->9581K(9856K) NonClass: 8512K(8640K)->8512K(8640K) Class: 1069K(1216K)->1069K(1216K)
[31.976s][info ][gc             ] GC(1118) Pause Young (Allocation Failure) 280M->4M(610M) 0.252ms
[31.976s][info ][gc,cpu         ] GC(1118) User=0.00s Sys=0.00s Real=0.00s
[31.996s][info ][gc,start       ] GC(1119) Pause Young (Allocation Failure)
[31.996s][debug][gc,age         ] GC(1119) Desired survivor size 1048576 bytes, new threshold 1 (max threshold 15)
[31.996s][info ][gc,heap        ] GC(1119) PSYoungGen: 274718K(274944K)->486K(266240K) Eden: 274232K(274432K)->0K(265216K) From: 486K(512K)->486K(1024K)
[31.996s][info ][gc,heap        ] GC(1119) ParOldGen: 4178K(349696K)->4178K(349696K)
[31.996s][info ][gc,metaspace   ] GC(1119) Metaspace: 9581K(9856K)->9581K(9856K) NonClass: 8512K(8640K)->8512K(8640K) Class: 1069K(1216K)->1069K(1216K)
[31.996s][info ][gc             ] GC(1119) Pause Young (Allocation Failure) 272M->4M(601M) 0.260ms
[31.996s][info ][gc,cpu         ] GC(1119) User=0.00s Sys=0.00s Real=0.00s
[32.015s][info ][gc,start       ] GC(1120) Pause Young (Allocation Failure)
[32.015s][debug][gc,age         ] GC(1120) Desired survivor size 1048576 bytes, new threshold 1 (max threshold 15)
[32.016s][info ][gc,heap        ] GC(1120) PSYoungGen: 265702K(266240K)->96K(257024K) Eden: 265216K(265216K)->0K(256512K) From: 486K(1024K)->96K(512K)
[32.016s][info ][gc,heap        ] GC(1120) ParOldGen: 4178K(349696K)->4178K(349696K)
[32.016s][info ][gc,metaspace   ] GC(1120) Metaspace: 9581K(9856K)->9581K(9856K) NonClass: 8512K(8640K)->8512K(8640K) Class: 1069K(1216K)->1069K(1216K)
[32.016s][info ][gc             ] GC(1120) Pause Young (Allocation Failure) 263M->4M(592M) 0.256ms
[32.016s][info ][gc,cpu         ] GC(1120) User=0.00s Sys=0.00s Real=0.00s
[32.034s][info ][gc,start       ] GC(1121) Pause Young (Allocation Failure)
[32.034s][debug][gc,age         ] GC(1121) Desired survivor size 1048576 bytes, new threshold 1 (max threshold 15)
[32.034s][info ][gc,heap        ] GC(1121) PSYoungGen: 256608K(257024K)->486K(309248K) Eden: 256512K(256512K)->0K(308224K) From: 96K(512K)->486K(1024K)
[32.034s][info ][gc,heap        ] GC(1121) ParOldGen: 4178K(349696K)->4178K(349696K)
[32.034s][info ][gc,metaspace   ] GC(1121) Metaspace: 9581K(9856K)->9581K(9856K) NonClass: 8512K(8640K)->8512K(8640K) Class: 1069K(1216K)->1069K(1216K)
[32.034s][info ][gc             ] GC(1121) Pause Young (Allocation Failure) 254M->4M(643M) 0.278ms
[32.034s][info ][gc,cpu         ] GC(1121) User=0.00s Sys=0.00s Real=0.00s
[32.057s][info ][gc,start       ] GC(1122) Pause Young (Allocation Failure)
[32.057s][debug][gc,age         ] GC(1122) Desired survivor size 1048576 bytes, new threshold 1 (max threshold 15)
[32.057s][info ][gc,heap        ] GC(1122) PSYoungGen: 308418K(309248K)->486K(297984K) Eden: 307931K(308224K)->0K(297472K) From: 486K(1024K)->486K(512K)
[32.057s][info ][gc,heap        ] GC(1122) ParOldGen: 4178K(349696K)->4178K(349696K)
[32.057s][info ][gc,metaspace   ] GC(1122) Metaspace: 9581K(9856K)->9581K(9856K) NonClass: 8512K(8640K)->8512K(8640K) Class: 1069K(1216K)->1069K(1216K)
[32.057s][info ][gc             ] GC(1122) Pause Young (Allocation Failure) 305M->4M(632M) 0.246ms
[32.057s][info ][gc,cpu         ] GC(1122) User=0.00s Sys=0.00s Real=0.00s
[32.079s][info ][gc,start       ] GC(1123) Pause Young (Allocation Failure)
[32.079s][debug][gc,age         ] GC(1123) Desired survivor size 1048576 bytes, new threshold 1 (max threshold 15)
[32.079s][info ][gc,heap        ] GC(1123) PSYoungGen: 297958K(297984K)->486K(288256K) Eden: 297472K(297472K)->0K(287232K) From: 486K(512K)->486K(1024K)
[32.079s][info ][gc,heap        ] GC(1123) ParOldGen: 4178K(349696K)->4178K(349696K)
[32.079s][info ][gc,metaspace   ] GC(1123) Metaspace: 9581K(9856K)->9581K(9856K) NonClass: 8512K(8640K)->8512K(8640K) Class: 1069K(1216K)->1069K(1216K)
[32.079s][info ][gc             ] GC(1123) Pause Young (Allocation Failure) 295M->4M(623M) 0.264ms
[32.079s][info ][gc,cpu         ] GC(1123) User=0.00s Sys=0.01s Real=0.00s
[32.100s][info ][gc,start       ] GC(1124) Pause Young (Allocation Failure)
[32.100s][debug][gc,age         ] GC(1124) Desired survivor size 1048576 bytes, new threshold 1 (max threshold 15)
[32.100s][info ][gc,heap        ] GC(1124) PSYoungGen: 287590K(288256K)->64K(278016K) Eden: 287103K(287232K)->0K(277504K) From: 486K(1024K)->64K(512K)
[32.100s][info ][gc,heap        ] GC(1124) ParOldGen: 4178K(349696K)->4178K(349696K)
[32.100s][info ][gc,metaspace   ] GC(1124) Metaspace: 9581K(9856K)->9581K(9856K) NonClass: 8512K(8640K)->8512K(8640K) Class: 1069K(1216K)->1069K(1216K)
[32.100s][info ][gc             ] GC(1124) Pause Young (Allocation Failure) 284M->4M(613M) 0.231ms
[32.100s][info ][gc,cpu         ] GC(1124) User=0.00s Sys=0.00s Real=0.00s
[32.120s][info ][gc,start       ] GC(1125) Pause Young (Allocation Failure)
[32.121s][debug][gc,age         ] GC(1125) Desired survivor size 1048576 bytes, new threshold 1 (max threshold 15)
[32.121s][info ][gc,heap        ] GC(1125) PSYoungGen: 277568K(278016K)->96K(269312K) Eden: 277504K(277504K)->0K(268288K) From: 64K(512K)->96K(1024K)
[32.121s][info ][gc,heap        ] GC(1125) ParOldGen: 4178K(349696K)->4178K(349696K)
[32.121s][info ][gc,metaspace   ] GC(1125) Metaspace: 9581K(9856K)->9581K(9856K) NonClass: 8512K(8640K)->8512K(8640K) Class: 1069K(1216K)->1069K(1216K)
[32.121s][info ][gc             ] GC(1125) Pause Young (Allocation Failure) 275M->4M(604M) 0.255ms
[32.121s][info ][gc,cpu         ] GC(1125) User=0.00s Sys=0.00s Real=0.00s
[32.140s][info ][gc,start       ] GC(1126) Pause Young (Allocation Failure)
[32.140s][debug][gc,age         ] GC(1126) Desired survivor size 1048576 bytes, new threshold 1 (max threshold 15)
[32.140s][info ][gc,heap        ] GC(1126) PSYoungGen: 268059K(269312K)->96K(260096K) Eden: 267963K(268288K)->0K(259584K) From: 96K(1024K)->96K(512K)
[32.140s][info ][gc,heap        ] GC(1126) ParOldGen: 4178K(349696K)->4178K(349696K)
[32.140s][info ][gc,metaspace   ] GC(1126) Metaspace: 9581K(9856K)->9581K(9856K) NonClass: 8512K(8640K)->8512K(8640K) Class: 1069K(1216K)->1069K(1216K)
[32.140s][info ][gc             ] GC(1126) Pause Young (Allocation Failure) 265M->4M(595M) 0.271ms
[32.140s][info ][gc,cpu         ] GC(1126) User=0.00s Sys=0.00s Real=0.00s
[32.159s][info ][gc,start       ] GC(1127) Pause Young (Allocation Failure)
[32.159s][debug][gc,age         ] GC(1127) Desired survivor size 1048576 bytes, new threshold 1 (max threshold 15)
[32.159s][info ][gc,heap        ] GC(1127) PSYoungGen: 259680K(260096K)->454K(252416K) Eden: 259584K(259584K)->0K(251392K) From: 96K(512K)->454K(1024K)
[32.159s][info ][gc,heap        ] GC(1127) ParOldGen: 4178K(349696K)->4178K(349696K)
[32.159s][info ][gc,metaspace   ] GC(1127) Metaspace: 9581K(9856K)->9581K(9856K) NonClass: 8512K(8640K)->8512K(8640K) Class: 1069K(1216K)->1069K(1216K)
[32.159s][info ][gc             ] GC(1127) Pause Young (Allocation Failure) 257M->4M(588M) 0.235ms
[32.159s][info ][gc,cpu         ] GC(1127) User=0.00s Sys=0.00s Real=0.00s
[32.178s][info ][gc,start       ] GC(1128) Pause Young (Allocation Failure)
[32.178s][debug][gc,age         ] GC(1128) Desired survivor size 1048576 bytes, new threshold 1 (max threshold 15)
[32.178s][info ][gc,heap        ] GC(1128) PSYoungGen: 251823K(252416K)->486K(243712K) Eden: 251368K(251392K)->0K(243200K) From: 454K(1024K)->486K(512K)
[32.178s][info ][gc,heap        ] GC(1128) ParOldGen: 4178K(349696K)->4178K(349696K)
[32.178s][info ][gc,metaspace   ] GC(1128) Metaspace: 9581K(9856K)->9581K(9856K) NonClass: 8512K(8640K)->8512K(8640K) Class: 1069K(1216K)->1069K(1216K)
[32.178s][info ][gc             ] GC(1128) Pause Young (Allocation Failure) 250M->4M(579M) 0.254ms
[32.178s][info ][gc,cpu         ] GC(1128) User=0.00s Sys=0.00s Real=0.00s
[32.196s][info ][gc,start       ] GC(1129) Pause Young (Allocation Failure)
[32.196s][debug][gc,age         ] GC(1129) Desired survivor size 1048576 bytes, new threshold 1 (max threshold 15)
[32.196s][info ][gc,heap        ] GC(1129) PSYoungGen: 243534K(243712K)->486K(292864K) Eden: 243047K(243200K)->0K(291840K) From: 486K(512K)->486K(1024K)
[32.196s][info ][gc,heap        ] GC(1129) ParOldGen: 4178K(349696K)->4178K(349696K)
[32.196s][info ][gc,metaspace   ] GC(1129) Metaspace: 9581K(9856K)->9581K(9856K) NonClass: 8512K(8640K)->8512K(8640K) Class: 1069K(1216K)->1069K(1216K)
[32.196s][info ][gc             ] GC(1129) Pause Young (Allocation Failure) 241M->4M(627M) 0.291ms
[32.196s][info ][gc,cpu         ] GC(1129) User=0.00s Sys=0.00s Real=0.00s
[32.218s][info ][gc,start       ] GC(1130) Pause Young (Allocation Failure)
[32.218s][debug][gc,age         ] GC(1130) Desired survivor size 1048576 bytes, new threshold 1 (max threshold 15)
[32.218s][info ][gc,heap        ] GC(1130) PSYoungGen: 292187K(292864K)->96K(333824K) Eden: 291700K(291840K)->0K(332800K) From: 486K(1024K)->96K(1024K)
[32.218s][info ][gc,heap        ] GC(1130) ParOldGen: 4178K(349696K)->4178K(349696K)
[32.218s][info ][gc,metaspace   ] GC(1130) Metaspace: 9581K(9856K)->9581K(9856K) NonClass: 8512K(8640K)->8512K(8640K) Class: 1069K(1216K)->1069K(1216K)
[32.218s][info ][gc             ] GC(1130) Pause Young (Allocation Failure) 289M->4M(667M) 0.273ms
[32.218s][info ][gc,cpu         ] GC(1130) User=0.00s Sys=0.00s Real=0.00s
[32.242s][info ][gc,start       ] GC(1131) Pause Young (Allocation Failure)
[32.243s][debug][gc,age         ] GC(1131) Desired survivor size 1048576 bytes, new threshold 1 (max threshold 15)
[32.243s][info ][gc,heap        ] GC(1131) PSYoungGen: 332885K(333824K)->64K(321536K) Eden: 332789K(332800K)->0K(321024K) From: 96K(1024K)->64K(512K)
[32.243s][info ][gc,heap        ] GC(1131) ParOldGen: 4178K(349696K)->4178K(349696K)
[32.243s][info ][gc,metaspace   ] GC(1131) Metaspace: 9581K(9856K)->9581K(9856K) NonClass: 8512K(8640K)->8512K(8640K) Class: 1069K(1216K)->1069K(1216K)
[32.243s][info ][gc             ] GC(1131) Pause Young (Allocation Failure) 329M->4M(655M) 0.252ms
[32.243s][info ][gc,cpu         ] GC(1131) User=0.00s Sys=0.00s Real=0.00s
[32.266s][info ][gc,start       ] GC(1132) Pause Young (Allocation Failure)
[32.266s][debug][gc,age         ] GC(1132) Desired survivor size 1048576 bytes, new threshold 1 (max threshold 15)
[32.266s][info ][gc,heap        ] GC(1132) PSYoungGen: 320931K(321536K)->486K(310272K) Eden: 320867K(321024K)->0K(309760K) From: 64K(512K)->486K(512K)
[32.266s][info ][gc,heap        ] GC(1132) ParOldGen: 4178K(349696K)->4178K(349696K)
[32.266s][info ][gc,metaspace   ] GC(1132) Metaspace: 9581K(9856K)->9581K(9856K) NonClass: 8512K(8640K)->8512K(8640K) Class: 1069K(1216K)->1069K(1216K)
[32.266s][info ][gc             ] GC(1132) Pause Young (Allocation Failure) 317M->4M(644M) 0.233ms
[32.266s][info ][gc,cpu         ] GC(1132) User=0.00s Sys=0.00s Real=0.00s
[32.289s][info ][gc,start       ] GC(1133) Pause Young (Allocation Failure)
[32.289s][debug][gc,age         ] GC(1133) Desired survivor size 1048576 bytes, new threshold 1 (max threshold 15)
[32.289s][info ][gc,heap        ] GC(1133) PSYoungGen: 309913K(310272K)->646K(300032K) Eden: 309426K(309760K)->0K(299008K) From: 486K(512K)->646K(1024K)
[32.289s][info ][gc,heap        ] GC(1133) ParOldGen: 4178K(349696K)->4186K(349696K)
[32.289s][info ][gc,metaspace   ] GC(1133) Metaspace: 9583K(9856K)->9583K(9856K) NonClass: 8514K(8640K)->8514K(8640K) Class: 1069K(1216K)->1069K(1216K)
[32.289s][info ][gc             ] GC(1133) Pause Young (Allocation Failure) 306M->4M(634M) 0.282ms
[32.289s][info ][gc,cpu         ] GC(1133) User=0.00s Sys=0.00s Real=0.00s
[32.311s][info ][gc,start       ] GC(1134) Pause Young (Allocation Failure)
[32.311s][debug][gc,age         ] GC(1134) Desired survivor size 1048576 bytes, new threshold 1 (max threshold 15)
[32.312s][info ][gc,heap        ] GC(1134) PSYoungGen: 299475K(300032K)->486K(289280K) Eden: 298829K(299008K)->0K(288768K) From: 646K(1024K)->486K(512K)
[32.312s][info ][gc,heap        ] GC(1134) ParOldGen: 4186K(349696K)->4218K(349696K)
[32.312s][info ][gc,metaspace   ] GC(1134) Metaspace: 9583K(9856K)->9583K(9856K) NonClass: 8514K(8640K)->8514K(8640K) Class: 1069K(1216K)->1069K(1216K)
[32.312s][info ][gc             ] GC(1134) Pause Young (Allocation Failure) 296M->4M(624M) 0.251ms
[32.312s][info ][gc,cpu         ] GC(1134) User=0.00s Sys=0.00s Real=0.00s
[32.333s][info ][gc,start       ] GC(1135) Pause Young (Allocation Failure)
[32.334s][debug][gc,age         ] GC(1135) Desired survivor size 1048576 bytes, new threshold 1 (max threshold 15)
[32.334s][info ][gc,heap        ] GC(1135) PSYoungGen: 289177K(289280K)->486K(280064K) Eden: 288690K(288768K)->0K(279040K) From: 486K(512K)->486K(1024K)
[32.334s][info ][gc,heap        ] GC(1135) ParOldGen: 4218K(349696K)->4218K(349696K)
[32.334s][info ][gc,metaspace   ] GC(1135) Metaspace: 9583K(9856K)->9583K(9856K) NonClass: 8514K(8640K)->8514K(8640K) Class: 1069K(1216K)->1069K(1216K)
[32.334s][info ][gc             ] GC(1135) Pause Young (Allocation Failure) 286M->4M(615M) 0.308ms
[32.334s][info ][gc,cpu         ] GC(1135) User=0.00s Sys=0.00s Real=0.00s
[32.354s][info ][gc,start       ] GC(1136) Pause Young (Allocation Failure)
[32.354s][debug][gc,age         ] GC(1136) Desired survivor size 1048576 bytes, new threshold 1 (max threshold 15)
[32.354s][info ][gc,heap        ] GC(1136) PSYoungGen: 279526K(280064K)->96K(270336K) Eden: 279040K(279040K)->0K(269824K) From: 486K(1024K)->96K(512K)
[32.354s][info ][gc,heap        ] GC(1136) ParOldGen: 4218K(349696K)->4218K(349696K)
[32.354s][info ][gc,metaspace   ] GC(1136) Metaspace: 9583K(9856K)->9583K(9856K) NonClass: 8514K(8640K)->8514K(8640K) Class: 1069K(1216K)->1069K(1216K)
[32.354s][info ][gc             ] GC(1136) Pause Young (Allocation Failure) 277M->4M(605M) 0.263ms
[32.354s][info ][gc,cpu         ] GC(1136) User=0.00s Sys=0.00s Real=0.00s
[32.374s][info ][gc,start       ] GC(1137) Pause Young (Allocation Failure)
[32.374s][debug][gc,age         ] GC(1137) Desired survivor size 1048576 bytes, new threshold 1 (max threshold 15)
[32.374s][info ][gc,heap        ] GC(1137) PSYoungGen: 269886K(270336K)->454K(262144K) Eden: 269790K(269824K)->0K(261120K) From: 96K(512K)->454K(1024K)
[32.374s][info ][gc,heap        ] GC(1137) ParOldGen: 4218K(349696K)->4218K(349696K)
[32.374s][info ][gc,metaspace   ] GC(1137) Metaspace: 9583K(9856K)->9583K(9856K) NonClass: 8514K(8640K)->8514K(8640K) Class: 1069K(1216K)->1069K(1216K)
[32.374s][info ][gc             ] GC(1137) Pause Young (Allocation Failure) 267M->4M(597M) 0.252ms
[32.374s][info ][gc,cpu         ] GC(1137) User=0.00s Sys=0.00s Real=0.00s
[32.393s][info ][gc,start       ] GC(1138) Pause Young (Allocation Failure)
[32.393s][debug][gc,age         ] GC(1138) Desired survivor size 1048576 bytes, new threshold 1 (max threshold 15)
[32.393s][info ][gc,heap        ] GC(1138) PSYoungGen: 261574K(262144K)->486K(253440K) Eden: 261120K(261120K)->0K(252928K) From: 454K(1024K)->486K(512K)
[32.393s][info ][gc,heap        ] GC(1138) ParOldGen: 4218K(349696K)->4218K(349696K)
[32.393s][info ][gc,metaspace   ] GC(1138) Metaspace: 9583K(9856K)->9583K(9856K) NonClass: 8514K(8640K)->8514K(8640K) Class: 1069K(1216K)->1069K(1216K)
[32.393s][info ][gc             ] GC(1138) Pause Young (Allocation Failure) 259M->4M(589M) 0.322ms
[32.393s][info ][gc,cpu         ] GC(1138) User=0.00s Sys=0.00s Real=0.00s
[32.412s][info ][gc,start       ] GC(1139) Pause Young (Allocation Failure)
[32.412s][debug][gc,age         ] GC(1139) Desired survivor size 1048576 bytes, new threshold 1 (max threshold 15)
[32.412s][info ][gc,heap        ] GC(1139) PSYoungGen: 253414K(253440K)->486K(245760K) Eden: 252928K(252928K)->0K(244736K) From: 486K(512K)->486K(1024K)
[32.412s][info ][gc,heap        ] GC(1139) ParOldGen: 4218K(349696K)->4218K(349696K)
[32.412s][info ][gc,metaspace   ] GC(1139) Metaspace: 9583K(9856K)->9583K(9856K) NonClass: 8514K(8640K)->8514K(8640K) Class: 1069K(1216K)->1069K(1216K)
[32.412s][info ][gc             ] GC(1139) Pause Young (Allocation Failure) 251M->4M(581M) 0.302ms
[32.412s][info ][gc,cpu         ] GC(1139) User=0.00s Sys=0.00s Real=0.00s
[32.430s][info ][gc,start       ] GC(1140) Pause Young (Allocation Failure)
[32.430s][debug][gc,age         ] GC(1140) Desired survivor size 1048576 bytes, new threshold 1 (max threshold 15)
[32.430s][info ][gc,heap        ] GC(1140) PSYoungGen: 244993K(245760K)->486K(237568K) Eden: 244506K(244736K)->0K(237056K) From: 486K(1024K)->486K(512K)
[32.430s][info ][gc,heap        ] GC(1140) ParOldGen: 4218K(349696K)->4218K(349696K)
[32.430s][info ][gc,metaspace   ] GC(1140) Metaspace: 9583K(9856K)->9583K(9856K) NonClass: 8514K(8640K)->8514K(8640K) Class: 1069K(1216K)->1069K(1216K)
[32.430s][info ][gc             ] GC(1140) Pause Young (Allocation Failure) 243M->4M(573M) 0.248ms
[32.430s][info ][gc,cpu         ] GC(1140) User=0.00s Sys=0.00s Real=0.00s
[32.448s][info ][gc,start       ] GC(1141) Pause Young (Allocation Failure)
[32.448s][debug][gc,age         ] GC(1141) Desired survivor size 1048576 bytes, new threshold 1 (max threshold 15)
[32.448s][info ][gc,heap        ] GC(1141) PSYoungGen: 237375K(237568K)->96K(285696K) Eden: 236888K(237056K)->0K(284672K) From: 486K(512K)->96K(1024K)
[32.448s][info ][gc,heap        ] GC(1141) ParOldGen: 4218K(349696K)->4218K(349696K)
[32.448s][info ][gc,metaspace   ] GC(1141) Metaspace: 9583K(9856K)->9583K(9856K) NonClass: 8514K(8640K)->8514K(8640K) Class: 1069K(1216K)->1069K(1216K)
[32.448s][info ][gc             ] GC(1141) Pause Young (Allocation Failure) 235M->4M(620M) 0.249ms
[32.448s][info ][gc,cpu         ] GC(1141) User=0.00s Sys=0.01s Real=0.00s
[32.469s][info ][gc,start       ] GC(1142) Pause Young (Allocation Failure)
[32.469s][debug][gc,age         ] GC(1142) Desired survivor size 1048576 bytes, new threshold 1 (max threshold 15)
[32.469s][info ][gc,heap        ] GC(1142) PSYoungGen: 284768K(285696K)->454K(275456K) Eden: 284672K(284672K)->0K(274944K) From: 96K(1024K)->454K(512K)
[32.469s][info ][gc,heap        ] GC(1142) ParOldGen: 4218K(349696K)->4218K(349696K)
[32.469s][info ][gc,metaspace   ] GC(1142) Metaspace: 9583K(9856K)->9583K(9856K) NonClass: 8514K(8640K)->8514K(8640K) Class: 1069K(1216K)->1069K(1216K)
[32.469s][info ][gc             ] GC(1142) Pause Young (Allocation Failure) 282M->4M(610M) 0.518ms
[32.469s][info ][gc,cpu         ] GC(1142) User=0.00s Sys=0.00s Real=0.00s
[32.489s][info ][gc,start       ] GC(1143) Pause Young (Allocation Failure)
[32.489s][debug][gc,age         ] GC(1143) Desired survivor size 1048576 bytes, new threshold 1 (max threshold 15)
[32.489s][info ][gc,heap        ] GC(1143) PSYoungGen: 275301K(275456K)->486K(330240K) Eden: 274846K(274944K)->0K(329216K) From: 454K(512K)->486K(1024K)
[32.489s][info ][gc,heap        ] GC(1143) ParOldGen: 4218K(349696K)->4218K(349696K)
[32.489s][info ][gc,metaspace   ] GC(1143) Metaspace: 9583K(9856K)->9583K(9856K) NonClass: 8514K(8640K)->8514K(8640K) Class: 1069K(1216K)->1069K(1216K)
[32.489s][info ][gc             ] GC(1143) Pause Young (Allocation Failure) 272M->4M(664M) 0.321ms
[32.489s][info ][gc,cpu         ] GC(1143) User=0.00s Sys=0.00s Real=0.00s
[32.514s][info ][gc,start       ] GC(1144) Pause Young (Allocation Failure)
[32.514s][debug][gc,age         ] GC(1144) Desired survivor size 1048576 bytes, new threshold 1 (max threshold 15)
[32.514s][info ][gc,heap        ] GC(1144) PSYoungGen: 329573K(330240K)->486K(331264K) Eden: 329086K(329216K)->0K(330240K) From: 486K(1024K)->486K(1024K)
[32.514s][info ][gc,heap        ] GC(1144) ParOldGen: 4218K(349696K)->4218K(349696K)
[32.514s][info ][gc,metaspace   ] GC(1144) Metaspace: 9583K(9856K)->9583K(9856K) NonClass: 8514K(8640K)->8514K(8640K) Class: 1069K(1216K)->1069K(1216K)
[32.514s][info ][gc             ] GC(1144) Pause Young (Allocation Failure) 325M->4M(665M) 0.356ms
[32.514s][info ][gc,cpu         ] GC(1144) User=0.00s Sys=0.00s Real=0.00s
[32.538s][info ][gc,start       ] GC(1145) Pause Young (Allocation Failure)
[32.538s][debug][gc,age         ] GC(1145) Desired survivor size 1048576 bytes, new threshold 1 (max threshold 15)
[32.538s][info ][gc,heap        ] GC(1145) PSYoungGen: 330636K(331264K)->96K(318976K) Eden: 330149K(330240K)->0K(318464K) From: 486K(1024K)->96K(512K)
[32.538s][info ][gc,heap        ] GC(1145) ParOldGen: 4218K(349696K)->4218K(349696K)
[32.538s][info ][gc,metaspace   ] GC(1145) Metaspace: 9583K(9856K)->9583K(9856K) NonClass: 8514K(8640K)->8514K(8640K) Class: 1069K(1216K)->1069K(1216K)
[32.538s][info ][gc             ] GC(1145) Pause Young (Allocation Failure) 327M->4M(653M) 0.273ms
[32.538s][info ][gc,cpu         ] GC(1145) User=0.00s Sys=0.00s Real=0.00s
[32.562s][info ][gc,start       ] GC(1146) Pause Young (Allocation Failure)
[32.562s][debug][gc,age         ] GC(1146) Desired survivor size 1048576 bytes, new threshold 1 (max threshold 15)
[32.562s][info ][gc,heap        ] GC(1146) PSYoungGen: 318560K(318976K)->96K(307712K) Eden: 318464K(318464K)->0K(307200K) From: 96K(512K)->96K(512K)
[32.562s][info ][gc,heap        ] GC(1146) ParOldGen: 4218K(349696K)->4218K(349696K)
[32.562s][info ][gc,metaspace   ] GC(1146) Metaspace: 9583K(9856K)->9583K(9856K) NonClass: 8514K(8640K)->8514K(8640K) Class: 1069K(1216K)->1069K(1216K)
[32.562s][info ][gc             ] GC(1146) Pause Young (Allocation Failure) 315M->4M(642M) 0.290ms
[32.562s][info ][gc,cpu         ] GC(1146) User=0.01s Sys=0.00s Real=0.00s
[32.584s][info ][gc,start       ] GC(1147) Pause Young (Allocation Failure)
[32.585s][debug][gc,age         ] GC(1147) Desired survivor size 1048576 bytes, new threshold 1 (max threshold 15)
[32.585s][info ][gc,heap        ] GC(1147) PSYoungGen: 307116K(307712K)->128K(297472K) Eden: 307020K(307200K)->0K(296448K) From: 96K(512K)->128K(1024K)
[32.585s][info ][gc,heap        ] GC(1147) ParOldGen: 4218K(349696K)->4218K(349696K)
[32.585s][info ][gc,metaspace   ] GC(1147) Metaspace: 9583K(9856K)->9583K(9856K) NonClass: 8514K(8640K)->8514K(8640K) Class: 1069K(1216K)->1069K(1216K)
[32.585s][info ][gc             ] GC(1147) Pause Young (Allocation Failure) 304M->4M(632M) 0.251ms
[32.585s][info ][gc,cpu         ] GC(1147) User=0.00s Sys=0.00s Real=0.00s
[32.606s][info ][gc,start       ] GC(1148) Pause Young (Allocation Failure)
[32.606s][debug][gc,age         ] GC(1148) Desired survivor size 1048576 bytes, new threshold 1 (max threshold 15)
[32.607s][info ][gc,heap        ] GC(1148) PSYoungGen: 296576K(297472K)->96K(286720K) Eden: 296448K(296448K)->0K(286208K) From: 128K(1024K)->96K(512K)
[32.607s][info ][gc,heap        ] GC(1148) ParOldGen: 4218K(349696K)->4218K(349696K)
[32.607s][info ][gc,metaspace   ] GC(1148) Metaspace: 9583K(9856K)->9583K(9856K) NonClass: 8514K(8640K)->8514K(8640K) Class: 1069K(1216K)->1069K(1216K)
[32.607s][info ][gc             ] GC(1148) Pause Young (Allocation Failure) 293M->4M(621M) 0.306ms
[32.607s][info ][gc,cpu         ] GC(1148) User=0.00s Sys=0.00s Real=0.00s
[32.628s][info ][gc,start       ] GC(1149) Pause Young (Allocation Failure)
[32.628s][debug][gc,age         ] GC(1149) Desired survivor size 1048576 bytes, new threshold 1 (max threshold 15)
[32.628s][info ][gc,heap        ] GC(1149) PSYoungGen: 286166K(286720K)->96K(277504K) Eden: 286070K(286208K)->0K(276480K) From: 96K(512K)->96K(1024K)
[32.628s][info ][gc,heap        ] GC(1149) ParOldGen: 4218K(349696K)->4218K(349696K)
[32.628s][info ][gc,metaspace   ] GC(1149) Metaspace: 9583K(9856K)->9583K(9856K) NonClass: 8514K(8640K)->8514K(8640K) Class: 1069K(1216K)->1069K(1216K)
[32.628s][info ][gc             ] GC(1149) Pause Young (Allocation Failure) 283M->4M(612M) 0.257ms
[32.628s][info ][gc,cpu         ] GC(1149) User=0.00s Sys=0.00s Real=0.00s
[32.648s][info ][gc,start       ] GC(1150) Pause Young (Allocation Failure)
[32.649s][debug][gc,age         ] GC(1150) Desired survivor size 1048576 bytes, new threshold 1 (max threshold 15)
[32.649s][info ][gc,heap        ] GC(1150) PSYoungGen: 276274K(277504K)->486K(267776K) Eden: 276178K(276480K)->0K(267264K) From: 96K(1024K)->486K(512K)
[32.649s][info ][gc,heap        ] GC(1150) ParOldGen: 4218K(349696K)->4218K(349696K)
[32.649s][info ][gc,metaspace   ] GC(1150) Metaspace: 9583K(9856K)->9583K(9856K) NonClass: 8514K(8640K)->8514K(8640K) Class: 1069K(1216K)->1069K(1216K)
[32.649s][info ][gc             ] GC(1150) Pause Young (Allocation Failure) 273M->4M(603M) 0.288ms
[32.649s][info ][gc,cpu         ] GC(1150) User=0.00s Sys=0.00s Real=0.00s
[32.668s][info ][gc,start       ] GC(1151) Pause Young (Allocation Failure)
[32.668s][debug][gc,age         ] GC(1151) Desired survivor size 1048576 bytes, new threshold 1 (max threshold 15)
[32.668s][info ][gc,heap        ] GC(1151) PSYoungGen: 267584K(267776K)->454K(259584K) Eden: 267098K(267264K)->0K(258560K) From: 486K(512K)->454K(1024K)
[32.668s][info ][gc,heap        ] GC(1151) ParOldGen: 4218K(349696K)->4218K(349696K)
[32.668s][info ][gc,metaspace   ] GC(1151) Metaspace: 9583K(9856K)->9583K(9856K) NonClass: 8514K(8640K)->8514K(8640K) Class: 1069K(1216K)->1069K(1216K)
[32.668s][info ][gc             ] GC(1151) Pause Young (Allocation Failure) 265M->4M(595M) 0.211ms
[32.669s][info ][gc,cpu         ] GC(1151) User=0.00s Sys=0.00s Real=0.00s
[32.687s][info ][gc,start       ] GC(1152) Pause Young (Allocation Failure)
[32.688s][debug][gc,age         ] GC(1152) Desired survivor size 1048576 bytes, new threshold 1 (max threshold 15)
[32.688s][info ][gc,heap        ] GC(1152) PSYoungGen: 259014K(259584K)->454K(250880K) Eden: 258560K(258560K)->0K(250368K) From: 454K(1024K)->454K(512K)
[32.688s][info ][gc,heap        ] GC(1152) ParOldGen: 4218K(349696K)->4218K(349696K)
[32.688s][info ][gc,metaspace   ] GC(1152) Metaspace: 9583K(9856K)->9583K(9856K) NonClass: 8514K(8640K)->8514K(8640K) Class: 1069K(1216K)->1069K(1216K)
[32.688s][info ][gc             ] GC(1152) Pause Young (Allocation Failure) 257M->4M(586M) 0.297ms
[32.688s][info ][gc,cpu         ] GC(1152) User=0.00s Sys=0.00s Real=0.00s
[32.706s][info ][gc,start       ] GC(1153) Pause Young (Allocation Failure)
[32.706s][debug][gc,age         ] GC(1153) Desired survivor size 1048576 bytes, new threshold 1 (max threshold 15)
[32.706s][info ][gc,heap        ] GC(1153) PSYoungGen: 250677K(250880K)->96K(243200K) Eden: 250222K(250368K)->0K(242176K) From: 454K(512K)->96K(1024K)
[32.706s][info ][gc,heap        ] GC(1153) ParOldGen: 4218K(349696K)->4218K(349696K)
[32.706s][info ][gc,metaspace   ] GC(1153) Metaspace: 9583K(9856K)->9583K(9856K) NonClass: 8514K(8640K)->8514K(8640K) Class: 1069K(1216K)->1069K(1216K)
[32.706s][info ][gc             ] GC(1153) Pause Young (Allocation Failure) 248M->4M(579M) 0.268ms
[32.706s][info ][gc,cpu         ] GC(1153) User=0.00s Sys=0.00s Real=0.00s
[32.724s][info ][gc,start       ] GC(1154) Pause Young (Allocation Failure)
[32.725s][debug][gc,age         ] GC(1154) Desired survivor size 1048576 bytes, new threshold 1 (max threshold 15)
[32.725s][info ][gc,heap        ] GC(1154) PSYoungGen: 241919K(243200K)->96K(235008K) Eden: 241823K(242176K)->0K(234496K) From: 96K(1024K)->96K(512K)
[32.725s][info ][gc,heap        ] GC(1154) ParOldGen: 4218K(349696K)->4218K(349696K)
[32.725s][info ][gc,metaspace   ] GC(1154) Metaspace: 9583K(9856K)->9583K(9856K) NonClass: 8514K(8640K)->8514K(8640K) Class: 1069K(1216K)->1069K(1216K)
[32.725s][info ][gc             ] GC(1154) Pause Young (Allocation Failure) 240M->4M(571M) 0.259ms
[32.725s][info ][gc,cpu         ] GC(1154) User=0.00s Sys=0.01s Real=0.00s
[32.742s][info ][gc,start       ] GC(1155) Pause Young (Allocation Failure)
[32.742s][debug][gc,age         ] GC(1155) Desired survivor size 1048576 bytes, new threshold 1 (max threshold 15)
[32.742s][info ][gc,heap        ] GC(1155) PSYoungGen: 234422K(235008K)->64K(282624K) Eden: 234326K(234496K)->0K(281600K) From: 96K(512K)->64K(1024K)
[32.742s][info ][gc,heap        ] GC(1155) ParOldGen: 4218K(349696K)->4218K(349696K)
[32.742s][info ][gc,metaspace   ] GC(1155) Metaspace: 9583K(9856K)->9583K(9856K) NonClass: 8514K(8640K)->8514K(8640K) Class: 1069K(1216K)->1069K(1216K)
[32.742s][info ][gc             ] GC(1155) Pause Young (Allocation Failure) 233M->4M(617M) 0.277ms
[32.742s][info ][gc,cpu         ] GC(1155) User=0.00s Sys=0.00s Real=0.00s
[32.762s][info ][gc,start       ] GC(1156) Pause Young (Allocation Failure)
[32.763s][debug][gc,age         ] GC(1156) Desired survivor size 1048576 bytes, new threshold 1 (max threshold 15)
[32.763s][info ][gc,heap        ] GC(1156) PSYoungGen: 281664K(282624K)->486K(272896K) Eden: 281600K(281600K)->0K(272384K) From: 64K(1024K)->486K(512K)
[32.763s][info ][gc,heap        ] GC(1156) ParOldGen: 4218K(349696K)->4218K(349696K)
[32.763s][info ][gc,metaspace   ] GC(1156) Metaspace: 9583K(9856K)->9583K(9856K) NonClass: 8514K(8640K)->8514K(8640K) Class: 1069K(1216K)->1069K(1216K)
[32.763s][info ][gc             ] GC(1156) Pause Young (Allocation Failure) 279M->4M(608M) 0.264ms
[32.763s][info ][gc,cpu         ] GC(1156) User=0.00s Sys=0.00s Real=0.00s
[32.783s][info ][gc,start       ] GC(1157) Pause Young (Allocation Failure)
[32.783s][debug][gc,age         ] GC(1157) Desired survivor size 1048576 bytes, new threshold 1 (max threshold 15)
[32.783s][info ][gc,heap        ] GC(1157) PSYoungGen: 272614K(272896K)->96K(327680K) Eden: 272127K(272384K)->0K(326656K) From: 486K(512K)->96K(1024K)
[32.783s][info ][gc,heap        ] GC(1157) ParOldGen: 4218K(349696K)->4218K(349696K)
[32.783s][info ][gc,metaspace   ] GC(1157) Metaspace: 9583K(9856K)->9583K(9856K) NonClass: 8514K(8640K)->8514K(8640K) Class: 1069K(1216K)->1069K(1216K)
[32.783s][info ][gc             ] GC(1157) Pause Young (Allocation Failure) 270M->4M(661M) 0.288ms
[32.783s][info ][gc,cpu         ] GC(1157) User=0.00s Sys=0.00s Real=0.00s
[32.807s][info ][gc,start       ] GC(1158) Pause Young (Allocation Failure)
[32.807s][debug][gc,age         ] GC(1158) Desired survivor size 1048576 bytes, new threshold 1 (max threshold 15)
[32.807s][info ][gc,heap        ] GC(1158) PSYoungGen: 326544K(327680K)->454K(315904K) Eden: 326448K(326656K)->0K(315392K) From: 96K(1024K)->454K(512K)
[32.807s][info ][gc,heap        ] GC(1158) ParOldGen: 4218K(349696K)->4218K(349696K)
[32.807s][info ][gc,metaspace   ] GC(1158) Metaspace: 9583K(9856K)->9583K(9856K) NonClass: 8514K(8640K)->8514K(8640K) Class: 1069K(1216K)->1069K(1216K)
[32.807s][info ][gc             ] GC(1158) Pause Young (Allocation Failure) 323M->4M(650M) 0.246ms
[32.807s][info ][gc,cpu         ] GC(1158) User=0.00s Sys=0.00s Real=0.00s
[32.831s][info ][gc,start       ] GC(1159) Pause Young (Allocation Failure)
[32.831s][debug][gc,age         ] GC(1159) Desired survivor size 1048576 bytes, new threshold 1 (max threshold 15)
[32.831s][info ][gc,heap        ] GC(1159) PSYoungGen: 315699K(315904K)->96K(305664K) Eden: 315245K(315392K)->0K(304640K) From: 454K(512K)->96K(1024K)
[32.831s][info ][gc,heap        ] GC(1159) ParOldGen: 4218K(349696K)->4218K(349696K)
[32.831s][info ][gc,metaspace   ] GC(1159) Metaspace: 9583K(9856K)->9583K(9856K) NonClass: 8514K(8640K)->8514K(8640K) Class: 1069K(1216K)->1069K(1216K)
[32.831s][info ][gc             ] GC(1159) Pause Young (Allocation Failure) 312M->4M(640M) 0.264ms
[32.831s][info ][gc,cpu         ] GC(1159) User=0.00s Sys=0.00s Real=0.00s
[32.853s][info ][gc,start       ] GC(1160) Pause Young (Allocation Failure)
[32.853s][debug][gc,age         ] GC(1160) Desired survivor size 1048576 bytes, new threshold 1 (max threshold 15)
[32.853s][info ][gc,heap        ] GC(1160) PSYoungGen: 304605K(305664K)->454K(294912K) Eden: 304509K(304640K)->0K(294400K) From: 96K(1024K)->454K(512K)
[32.853s][info ][gc,heap        ] GC(1160) ParOldGen: 4218K(349696K)->4218K(349696K)
[32.853s][info ][gc,metaspace   ] GC(1160) Metaspace: 9583K(9856K)->9583K(9856K) NonClass: 8514K(8640K)->8514K(8640K) Class: 1069K(1216K)->1069K(1216K)
[32.853s][info ][gc             ] GC(1160) Pause Young (Allocation Failure) 301M->4M(629M) 0.256ms
[32.853s][info ][gc,cpu         ] GC(1160) User=0.00s Sys=0.00s Real=0.00s
[32.875s][info ][gc,start       ] GC(1161) Pause Young (Allocation Failure)
[32.875s][debug][gc,age         ] GC(1161) Desired survivor size 1048576 bytes, new threshold 1 (max threshold 15)
[32.875s][info ][gc,heap        ] GC(1161) PSYoungGen: 294609K(294912K)->96K(285696K) Eden: 294155K(294400K)->0K(284672K) From: 454K(512K)->96K(1024K)
[32.875s][info ][gc,heap        ] GC(1161) ParOldGen: 4218K(349696K)->4218K(349696K)
[32.875s][info ][gc,metaspace   ] GC(1161) Metaspace: 9583K(9856K)->9583K(9856K) NonClass: 8514K(8640K)->8514K(8640K) Class: 1069K(1216K)->1069K(1216K)
[32.875s][info ][gc             ] GC(1161) Pause Young (Allocation Failure) 291M->4M(620M) 0.285ms
[32.875s][info ][gc,cpu         ] GC(1161) User=0.01s Sys=0.00s Real=0.01s
[32.896s][info ][gc,start       ] GC(1162) Pause Young (Allocation Failure)
[32.896s][debug][gc,age         ] GC(1162) Desired survivor size 1048576 bytes, new threshold 1 (max threshold 15)
[32.897s][info ][gc,heap        ] GC(1162) PSYoungGen: 284530K(285696K)->96K(275456K) Eden: 284434K(284672K)->0K(274944K) From: 96K(1024K)->96K(512K)
[32.897s][info ][gc,heap        ] GC(1162) ParOldGen: 4218K(349696K)->4218K(349696K)
[32.897s][info ][gc,metaspace   ] GC(1162) Metaspace: 9583K(9856K)->9583K(9856K) NonClass: 8514K(8640K)->8514K(8640K) Class: 1069K(1216K)->1069K(1216K)
[32.897s][info ][gc             ] GC(1162) Pause Young (Allocation Failure) 281M->4M(610M) 0.275ms
[32.897s][info ][gc,cpu         ] GC(1162) User=0.00s Sys=0.00s Real=0.00s
[32.916s][info ][gc,start       ] GC(1163) Pause Young (Allocation Failure)
[32.917s][debug][gc,age         ] GC(1163) Desired survivor size 1048576 bytes, new threshold 1 (max threshold 15)
[32.917s][info ][gc,heap        ] GC(1163) PSYoungGen: 275040K(275456K)->96K(266752K) Eden: 274944K(274944K)->0K(265728K) From: 96K(512K)->96K(1024K)
[32.917s][info ][gc,heap        ] GC(1163) ParOldGen: 4218K(349696K)->4218K(349696K)
[32.917s][info ][gc,metaspace   ] GC(1163) Metaspace: 9583K(9856K)->9583K(9856K) NonClass: 8514K(8640K)->8514K(8640K) Class: 1069K(1216K)->1069K(1216K)
[32.917s][info ][gc             ] GC(1163) Pause Young (Allocation Failure) 272M->4M(602M) 0.213ms
[32.917s][info ][gc,cpu         ] GC(1163) User=0.00s Sys=0.00s Real=0.00s
[32.936s][info ][gc,start       ] GC(1164) Pause Young (Allocation Failure)
[32.936s][debug][gc,age         ] GC(1164) Desired survivor size 1048576 bytes, new threshold 1 (max threshold 15)
[32.937s][info ][gc,heap        ] GC(1164) PSYoungGen: 265598K(266752K)->454K(257536K) Eden: 265502K(265728K)->0K(257024K) From: 96K(1024K)->454K(512K)
[32.937s][info ][gc,heap        ] GC(1164) ParOldGen: 4218K(349696K)->4218K(349696K)
[32.937s][info ][gc,metaspace   ] GC(1164) Metaspace: 9583K(9856K)->9583K(9856K) NonClass: 8514K(8640K)->8514K(8640K) Class: 1069K(1216K)->1069K(1216K)
[32.937s][info ][gc             ] GC(1164) Pause Young (Allocation Failure) 263M->4M(593M) 0.266ms
[32.937s][info ][gc,cpu         ] GC(1164) User=0.01s Sys=0.00s Real=0.00s
[32.955s][info ][gc,start       ] GC(1165) Pause Young (Allocation Failure)
[32.956s][debug][gc,age         ] GC(1165) Desired survivor size 1048576 bytes, new threshold 1 (max threshold 15)
[32.956s][info ][gc,heap        ] GC(1165) PSYoungGen: 257111K(257536K)->64K(249856K) Eden: 256656K(257024K)->0K(248832K) From: 454K(512K)->64K(1024K)
[32.956s][info ][gc,heap        ] GC(1165) ParOldGen: 4218K(349696K)->4218K(349696K)
[32.956s][info ][gc,metaspace   ] GC(1165) Metaspace: 9583K(9856K)->9583K(9856K) NonClass: 8514K(8640K)->8514K(8640K) Class: 1069K(1216K)->1069K(1216K)
[32.956s][info ][gc             ] GC(1165) Pause Young (Allocation Failure) 255M->4M(585M) 0.289ms
[32.956s][info ][gc,cpu         ] GC(1165) User=0.00s Sys=0.00s Real=0.00s
[32.974s][info ][gc,start       ] GC(1166) Pause Young (Allocation Failure)
[32.974s][debug][gc,age         ] GC(1166) Desired survivor size 1048576 bytes, new threshold 1 (max threshold 15)
[32.974s][info ][gc,heap        ] GC(1166) PSYoungGen: 248710K(249856K)->486K(241664K) Eden: 248646K(248832K)->0K(241152K) From: 64K(1024K)->486K(512K)
[32.974s][info ][gc,heap        ] GC(1166) ParOldGen: 4218K(349696K)->4218K(349696K)
[32.974s][info ][gc,metaspace   ] GC(1166) Metaspace: 9583K(9856K)->9583K(9856K) NonClass: 8514K(8640K)->8514K(8640K) Class: 1069K(1216K)->1069K(1216K)
[32.974s][info ][gc             ] GC(1166) Pause Young (Allocation Failure) 247M->4M(577M) 0.267ms
[32.974s][info ][gc,cpu         ] GC(1166) User=0.00s Sys=0.00s Real=0.00s
[32.992s][info ][gc,start       ] GC(1167) Pause Young (Allocation Failure)
[32.992s][debug][gc,age         ] GC(1167) Desired survivor size 1048576 bytes, new threshold 1 (max threshold 15)
[32.992s][info ][gc,heap        ] GC(1167) PSYoungGen: 241406K(241664K)->96K(234496K) Eden: 240920K(241152K)->0K(233472K) From: 486K(512K)->96K(1024K)
[32.992s][info ][gc,heap        ] GC(1167) ParOldGen: 4218K(349696K)->4218K(349696K)
[32.992s][info ][gc,metaspace   ] GC(1167) Metaspace: 9583K(9856K)->9583K(9856K) NonClass: 8514K(8640K)->8514K(8640K) Class: 1069K(1216K)->1069K(1216K)
[32.992s][info ][gc             ] GC(1167) Pause Young (Allocation Failure) 239M->4M(570M) 0.250ms
[32.992s][info ][gc,cpu         ] GC(1167) User=0.00s Sys=0.01s Real=0.00s
[33.010s][info ][gc,start       ] GC(1168) Pause Young (Allocation Failure)
[33.010s][debug][gc,age         ] GC(1168) Desired survivor size 1048576 bytes, new threshold 1 (max threshold 15)
[33.010s][info ][gc,heap        ] GC(1168) PSYoungGen: 233291K(234496K)->486K(226816K) Eden: 233195K(233472K)->0K(226304K) From: 96K(1024K)->486K(512K)
[33.010s][info ][gc,heap        ] GC(1168) ParOldGen: 4218K(349696K)->4218K(349696K)
[33.010s][info ][gc,metaspace   ] GC(1168) Metaspace: 9583K(9856K)->9583K(9856K) NonClass: 8514K(8640K)->8514K(8640K) Class: 1069K(1216K)->1069K(1216K)
[33.010s][info ][gc             ] GC(1168) Pause Young (Allocation Failure) 231M->4M(563M) 0.236ms
[33.010s][info ][gc,cpu         ] GC(1168) User=0.00s Sys=0.00s Real=0.00s
[33.027s][info ][gc,start       ] GC(1169) Pause Young (Allocation Failure)
[33.027s][debug][gc,age         ] GC(1169) Desired survivor size 1048576 bytes, new threshold 1 (max threshold 15)
[33.027s][info ][gc,heap        ] GC(1169) PSYoungGen: 226594K(226816K)->96K(272896K) Eden: 226107K(226304K)->0K(271872K) From: 486K(512K)->96K(1024K)
[33.027s][info ][gc,heap        ] GC(1169) ParOldGen: 4218K(349696K)->4218K(349696K)
[33.027s][info ][gc,metaspace   ] GC(1169) Metaspace: 9583K(9856K)->9583K(9856K) NonClass: 8514K(8640K)->8514K(8640K) Class: 1069K(1216K)->1069K(1216K)
[33.027s][info ][gc             ] GC(1169) Pause Young (Allocation Failure) 225M->4M(608M) 0.238ms
[33.027s][info ][gc,cpu         ] GC(1169) User=0.00s Sys=0.00s Real=0.00s
[33.047s][info ][gc,start       ] GC(1170) Pause Young (Allocation Failure)
[33.047s][debug][gc,age         ] GC(1170) Desired survivor size 1048576 bytes, new threshold 1 (max threshold 15)
[33.047s][info ][gc,heap        ] GC(1170) PSYoungGen: 271749K(272896K)->96K(263680K) Eden: 271653K(271872K)->0K(263168K) From: 96K(1024K)->96K(512K)
[33.047s][info ][gc,heap        ] GC(1170) ParOldGen: 4218K(349696K)->4218K(349696K)
[33.047s][info ][gc,metaspace   ] GC(1170) Metaspace: 9583K(9856K)->9583K(9856K) NonClass: 8514K(8640K)->8514K(8640K) Class: 1069K(1216K)->1069K(1216K)
[33.047s][info ][gc             ] GC(1170) Pause Young (Allocation Failure) 269M->4M(599M) 0.263ms
[33.047s][info ][gc,cpu         ] GC(1170) User=0.00s Sys=0.00s Real=0.00s
[33.067s][info ][gc,start       ] GC(1171) Pause Young (Allocation Failure)
[33.067s][debug][gc,age         ] GC(1171) Desired survivor size 1048576 bytes, new threshold 1 (max threshold 15)
[33.067s][info ][gc,heap        ] GC(1171) PSYoungGen: 262925K(263680K)->422K(255488K) Eden: 262829K(263168K)->0K(254464K) From: 96K(512K)->422K(1024K)
[33.067s][info ][gc,heap        ] GC(1171) ParOldGen: 4218K(349696K)->4218K(349696K)
[33.067s][info ][gc,metaspace   ] GC(1171) Metaspace: 9583K(9856K)->9583K(9856K) NonClass: 8514K(8640K)->8514K(8640K) Class: 1069K(1216K)->1069K(1216K)
[33.067s][info ][gc             ] GC(1171) Pause Young (Allocation Failure) 260M->4M(591M) 0.255ms
[33.067s][info ][gc,cpu         ] GC(1171) User=0.00s Sys=0.00s Real=0.00s
[33.086s][info ][gc,start       ] GC(1172) Pause Young (Allocation Failure)
[33.086s][debug][gc,age         ] GC(1172) Desired survivor size 1048576 bytes, new threshold 1 (max threshold 15)
[33.086s][info ][gc,heap        ] GC(1172) PSYoungGen: 254601K(255488K)->96K(246784K) Eden: 254178K(254464K)->0K(246272K) From: 422K(1024K)->96K(512K)
[33.086s][info ][gc,heap        ] GC(1172) ParOldGen: 4218K(349696K)->4218K(349696K)
[33.086s][info ][gc,metaspace   ] GC(1172) Metaspace: 9583K(9856K)->9583K(9856K) NonClass: 8514K(8640K)->8514K(8640K) Class: 1069K(1216K)->1069K(1216K)
[33.086s][info ][gc             ] GC(1172) Pause Young (Allocation Failure) 252M->4M(582M) 0.505ms
[33.086s][info ][gc,cpu         ] GC(1172) User=0.00s Sys=0.00s Real=0.00s
[33.104s][info ][gc,start       ] GC(1173) Pause Young (Allocation Failure)
[33.104s][debug][gc,age         ] GC(1173) Desired survivor size 1048576 bytes, new threshold 1 (max threshold 15)
[33.104s][info ][gc,heap        ] GC(1173) PSYoungGen: 246038K(246784K)->96K(296960K) Eden: 245942K(246272K)->0K(295936K) From: 96K(512K)->96K(1024K)
[33.104s][info ][gc,heap        ] GC(1173) ParOldGen: 4218K(349696K)->4218K(349696K)
[33.104s][info ][gc,metaspace   ] GC(1173) Metaspace: 9583K(9856K)->9583K(9856K) NonClass: 8514K(8640K)->8514K(8640K) Class: 1069K(1216K)->1069K(1216K)
[33.104s][info ][gc             ] GC(1173) Pause Young (Allocation Failure) 244M->4M(631M) 0.283ms
[33.104s][info ][gc,cpu         ] GC(1173) User=0.00s Sys=0.00s Real=0.00s
[33.126s][info ][gc,start       ] GC(1174) Pause Young (Allocation Failure)
[33.126s][debug][gc,age         ] GC(1174) Desired survivor size 1048576 bytes, new threshold 1 (max threshold 15)
[33.126s][info ][gc,heap        ] GC(1174) PSYoungGen: 295761K(296960K)->454K(324096K) Eden: 295665K(295936K)->0K(323072K) From: 96K(1024K)->454K(1024K)
[33.126s][info ][gc,heap        ] GC(1174) ParOldGen: 4218K(349696K)->4218K(349696K)
[33.126s][info ][gc,metaspace   ] GC(1174) Metaspace: 9583K(9856K)->9583K(9856K) NonClass: 8514K(8640K)->8514K(8640K) Class: 1069K(1216K)->1069K(1216K)
[33.126s][info ][gc             ] GC(1174) Pause Young (Allocation Failure) 292M->4M(658M) 0.301ms
[33.127s][info ][gc,cpu         ] GC(1174) User=0.00s Sys=0.00s Real=0.00s
[33.150s][info ][gc,start       ] GC(1175) Pause Young (Allocation Failure)
[33.150s][debug][gc,age         ] GC(1175) Desired survivor size 1048576 bytes, new threshold 1 (max threshold 15)
[33.150s][info ][gc,heap        ] GC(1175) PSYoungGen: 323465K(324096K)->96K(312320K) Eden: 323011K(323072K)->0K(311808K) From: 454K(1024K)->96K(512K)
[33.150s][info ][gc,heap        ] GC(1175) ParOldGen: 4218K(349696K)->4218K(349696K)
[33.150s][info ][gc,metaspace   ] GC(1175) Metaspace: 9583K(9856K)->9583K(9856K) NonClass: 8514K(8640K)->8514K(8640K) Class: 1069K(1216K)->1069K(1216K)
[33.150s][info ][gc             ] GC(1175) Pause Young (Allocation Failure) 320M->4M(646M) 0.276ms
[33.150s][info ][gc,cpu         ] GC(1175) User=0.00s Sys=0.00s Real=0.00s
[33.173s][info ][gc,start       ] GC(1176) Pause Young (Allocation Failure)
[33.173s][debug][gc,age         ] GC(1176) Desired survivor size 1048576 bytes, new threshold 1 (max threshold 15)
[33.174s][info ][gc,heap        ] GC(1176) PSYoungGen: 311778K(312320K)->96K(301568K) Eden: 311682K(311808K)->0K(301056K) From: 96K(512K)->96K(512K)
[33.174s][info ][gc,heap        ] GC(1176) ParOldGen: 4218K(349696K)->4218K(349696K)
[33.174s][info ][gc,metaspace   ] GC(1176) Metaspace: 9583K(9856K)->9583K(9856K) NonClass: 8514K(8640K)->8514K(8640K) Class: 1069K(1216K)->1069K(1216K)
[33.174s][info ][gc             ] GC(1176) Pause Young (Allocation Failure) 308M->4M(636M) 0.311ms
[33.174s][info ][gc,cpu         ] GC(1176) User=0.00s Sys=0.00s Real=0.00s
[33.196s][info ][gc,start       ] GC(1177) Pause Young (Allocation Failure)
[33.196s][debug][gc,age         ] GC(1177) Desired survivor size 1048576 bytes, new threshold 1 (max threshold 15)
[33.196s][info ][gc,heap        ] GC(1177) PSYoungGen: 300996K(301568K)->96K(291840K) Eden: 300900K(301056K)->0K(290816K) From: 96K(512K)->96K(1024K)
[33.196s][info ][gc,heap        ] GC(1177) ParOldGen: 4218K(349696K)->4218K(349696K)
[33.196s][info ][gc,metaspace   ] GC(1177) Metaspace: 9583K(9856K)->9583K(9856K) NonClass: 8514K(8640K)->8514K(8640K) Class: 1069K(1216K)->1069K(1216K)
[33.196s][info ][gc             ] GC(1177) Pause Young (Allocation Failure) 298M->4M(626M) 0.255ms
[33.196s][info ][gc,cpu         ] GC(1177) User=0.00s Sys=0.00s Real=0.00s
[33.217s][info ][gc,start       ] GC(1178) Pause Young (Allocation Failure)
[33.217s][debug][gc,age         ] GC(1178) Desired survivor size 1048576 bytes, new threshold 1 (max threshold 15)
[33.217s][info ][gc,heap        ] GC(1178) PSYoungGen: 290912K(291840K)->96K(281600K) Eden: 290816K(290816K)->0K(281088K) From: 96K(1024K)->96K(512K)
[33.217s][info ][gc,heap        ] GC(1178) ParOldGen: 4218K(349696K)->4218K(349696K)
[33.217s][info ][gc,metaspace   ] GC(1178) Metaspace: 9583K(9856K)->9583K(9856K) NonClass: 8514K(8640K)->8514K(8640K) Class: 1069K(1216K)->1069K(1216K)
[33.217s][info ][gc             ] GC(1178) Pause Young (Allocation Failure) 288M->4M(616M) 0.256ms
[33.217s][info ][gc,cpu         ] GC(1178) User=0.00s Sys=0.00s Real=0.00s
[33.238s][info ][gc,start       ] GC(1179) Pause Young (Allocation Failure)
[33.238s][debug][gc,age         ] GC(1179) Desired survivor size 1048576 bytes, new threshold 1 (max threshold 15)
[33.238s][info ][gc,heap        ] GC(1179) PSYoungGen: 281184K(281600K)->96K(272896K) Eden: 281088K(281088K)->0K(271872K) From: 96K(512K)->96K(1024K)
[33.238s][info ][gc,heap        ] GC(1179) ParOldGen: 4218K(349696K)->4218K(349696K)
[33.238s][info ][gc,metaspace   ] GC(1179) Metaspace: 9583K(9856K)->9583K(9856K) NonClass: 8514K(8640K)->8514K(8640K) Class: 1069K(1216K)->1069K(1216K)
[33.238s][info ][gc             ] GC(1179) Pause Young (Allocation Failure) 278M->4M(608M) 0.240ms
[33.238s][info ][gc,cpu         ] GC(1179) User=0.00s Sys=0.00s Real=0.00s
[33.258s][info ][gc,start       ] GC(1180) Pause Young (Allocation Failure)
[33.258s][debug][gc,age         ] GC(1180) Desired survivor size 1048576 bytes, new threshold 1 (max threshold 15)
[33.258s][info ][gc,heap        ] GC(1180) PSYoungGen: 271968K(272896K)->96K(263680K) Eden: 271872K(271872K)->0K(263168K) From: 96K(1024K)->96K(512K)
[33.258s][info ][gc,heap        ] GC(1180) ParOldGen: 4218K(349696K)->4218K(349696K)
[33.258s][info ][gc,metaspace   ] GC(1180) Metaspace: 9583K(9856K)->9583K(9856K) NonClass: 8514K(8640K)->8514K(8640K) Class: 1069K(1216K)->1069K(1216K)
[33.258s][info ][gc             ] GC(1180) Pause Young (Allocation Failure) 269M->4M(599M) 0.291ms
[33.258s][info ][gc,cpu         ] GC(1180) User=0.00s Sys=0.00s Real=0.00s
[33.278s][info ][gc,start       ] GC(1181) Pause Young (Allocation Failure)
[33.278s][debug][gc,age         ] GC(1181) Desired survivor size 1048576 bytes, new threshold 1 (max threshold 15)
[33.278s][info ][gc,heap        ] GC(1181) PSYoungGen: 262992K(263680K)->454K(255488K) Eden: 262896K(263168K)->0K(254464K) From: 96K(512K)->454K(1024K)
[33.278s][info ][gc,heap        ] GC(1181) ParOldGen: 4218K(349696K)->4218K(349696K)
[33.278s][info ][gc,metaspace   ] GC(1181) Metaspace: 9583K(9856K)->9583K(9856K) NonClass: 8514K(8640K)->8514K(8640K) Class: 1069K(1216K)->1069K(1216K)
[33.278s][info ][gc             ] GC(1181) Pause Young (Allocation Failure) 260M->4M(591M) 0.226ms
[33.278s][info ][gc,cpu         ] GC(1181) User=0.00s Sys=0.00s Real=0.00s
[33.296s][info ][gc,start       ] GC(1182) Pause Young (Allocation Failure)
[33.297s][debug][gc,age         ] GC(1182) Desired survivor size 1048576 bytes, new threshold 1 (max threshold 15)
[33.297s][info ][gc,heap        ] GC(1182) PSYoungGen: 254718K(255488K)->96K(246784K) Eden: 254263K(254464K)->0K(246272K) From: 454K(1024K)->96K(512K)
[33.297s][info ][gc,heap        ] GC(1182) ParOldGen: 4218K(349696K)->4218K(349696K)
[33.297s][info ][gc,metaspace   ] GC(1182) Metaspace: 9583K(9856K)->9583K(9856K) NonClass: 8514K(8640K)->8514K(8640K) Class: 1069K(1216K)->1069K(1216K)
[33.297s][info ][gc             ] GC(1182) Pause Young (Allocation Failure) 252M->4M(582M) 0.285ms
[33.297s][info ][gc,cpu         ] GC(1182) User=0.00s Sys=0.00s Real=0.00s
[33.315s][info ][gc,start       ] GC(1183) Pause Young (Allocation Failure)
[33.315s][debug][gc,age         ] GC(1183) Desired survivor size 1048576 bytes, new threshold 1 (max threshold 15)
[33.315s][info ][gc,heap        ] GC(1183) PSYoungGen: 246245K(246784K)->96K(239616K) Eden: 246149K(246272K)->0K(238592K) From: 96K(512K)->96K(1024K)
[33.315s][info ][gc,heap        ] GC(1183) ParOldGen: 4218K(349696K)->4218K(349696K)
[33.315s][info ][gc,metaspace   ] GC(1183) Metaspace: 9583K(9856K)->9583K(9856K) NonClass: 8514K(8640K)->8514K(8640K) Class: 1069K(1216K)->1069K(1216K)
[33.315s][info ][gc             ] GC(1183) Pause Young (Allocation Failure) 244M->4M(575M) 0.263ms
[33.315s][info ][gc,cpu         ] GC(1183) User=0.00s Sys=0.00s Real=0.00s
[33.333s][info ][gc,start       ] GC(1184) Pause Young (Allocation Failure)
[33.333s][debug][gc,age         ] GC(1184) Desired survivor size 1048576 bytes, new threshold 1 (max threshold 15)
[33.333s][info ][gc,heap        ] GC(1184) PSYoungGen: 238688K(239616K)->96K(287232K) Eden: 238592K(238592K)->0K(286720K) From: 96K(1024K)->96K(512K)
[33.333s][info ][gc,heap        ] GC(1184) ParOldGen: 4218K(349696K)->4218K(349696K)
[33.333s][info ][gc,metaspace   ] GC(1184) Metaspace: 9583K(9856K)->9583K(9856K) NonClass: 8514K(8640K)->8514K(8640K) Class: 1069K(1216K)->1069K(1216K)
[33.333s][info ][gc             ] GC(1184) Pause Young (Allocation Failure) 237M->4M(622M) 0.294ms
[33.333s][info ][gc,cpu         ] GC(1184) User=0.00s Sys=0.00s Real=0.00s
[33.354s][info ][gc,start       ] GC(1185) Pause Young (Allocation Failure)
[33.354s][debug][gc,age         ] GC(1185) Desired survivor size 1048576 bytes, new threshold 1 (max threshold 15)
[33.354s][info ][gc,heap        ] GC(1185) PSYoungGen: 286507K(287232K)->454K(321024K) Eden: 286411K(286720K)->0K(320000K) From: 96K(512K)->454K(1024K)
[33.354s][info ][gc,heap        ] GC(1185) ParOldGen: 4218K(349696K)->4218K(349696K)
[33.354s][info ][gc,metaspace   ] GC(1185) Metaspace: 9583K(9856K)->9583K(9856K) NonClass: 8514K(8640K)->8514K(8640K) Class: 1069K(1216K)->1069K(1216K)
[33.354s][info ][gc             ] GC(1185) Pause Young (Allocation Failure) 283M->4M(655M) 0.309ms
[33.354s][info ][gc,cpu         ] GC(1185) User=0.00s Sys=0.00s Real=0.00s
[33.377s][info ][gc,start       ] GC(1186) Pause Young (Allocation Failure)
[33.378s][debug][gc,age         ] GC(1186) Desired survivor size 1048576 bytes, new threshold 1 (max threshold 15)
[33.378s][info ][gc,heap        ] GC(1186) PSYoungGen: 320454K(321024K)->96K(309248K) Eden: 320000K(320000K)->0K(308736K) From: 454K(1024K)->96K(512K)
[33.378s][info ][gc,heap        ] GC(1186) ParOldGen: 4218K(349696K)->4218K(349696K)
[33.378s][info ][gc,metaspace   ] GC(1186) Metaspace: 9583K(9856K)->9583K(9856K) NonClass: 8514K(8640K)->8514K(8640K) Class: 1069K(1216K)->1069K(1216K)
[33.378s][info ][gc             ] GC(1186) Pause Young (Allocation Failure) 317M->4M(643M) 0.245ms
[33.378s][info ][gc,cpu         ] GC(1186) User=0.00s Sys=0.00s Real=0.00s
[33.400s][info ][gc,start       ] GC(1187) Pause Young (Allocation Failure)
[33.401s][debug][gc,age         ] GC(1187) Desired survivor size 1048576 bytes, new threshold 1 (max threshold 15)
[33.401s][info ][gc,heap        ] GC(1187) PSYoungGen: 308726K(309248K)->96K(299008K) Eden: 308630K(308736K)->0K(297984K) From: 96K(512K)->96K(1024K)
[33.401s][info ][gc,heap        ] GC(1187) ParOldGen: 4218K(349696K)->4218K(349696K)
[33.401s][info ][gc,metaspace   ] GC(1187) Metaspace: 9583K(9856K)->9583K(9856K) NonClass: 8514K(8640K)->8514K(8640K) Class: 1069K(1216K)->1069K(1216K)
[33.401s][info ][gc             ] GC(1187) Pause Young (Allocation Failure) 305M->4M(633M) 0.262ms
[33.401s][info ][gc,cpu         ] GC(1187) User=0.00s Sys=0.00s Real=0.00s
[33.422s][info ][gc,start       ] GC(1188) Pause Young (Allocation Failure)
[33.423s][debug][gc,age         ] GC(1188) Desired survivor size 1048576 bytes, new threshold 1 (max threshold 15)
[33.423s][info ][gc,heap        ] GC(1188) PSYoungGen: 297986K(299008K)->486K(288256K) Eden: 297890K(297984K)->0K(287744K) From: 96K(1024K)->486K(512K)
[33.423s][info ][gc,heap        ] GC(1188) ParOldGen: 4218K(349696K)->4218K(349696K)
[33.423s][info ][gc,metaspace   ] GC(1188) Metaspace: 9583K(9856K)->9583K(9856K) NonClass: 8514K(8640K)->8514K(8640K) Class: 1069K(1216K)->1069K(1216K)
[33.423s][info ][gc             ] GC(1188) Pause Young (Allocation Failure) 295M->4M(623M) 0.271ms
[33.423s][info ][gc,cpu         ] GC(1188) User=0.00s Sys=0.00s Real=0.00s
[33.443s][info ][gc,start       ] GC(1189) Pause Young (Allocation Failure)
[33.444s][debug][gc,age         ] GC(1189) Desired survivor size 1048576 bytes, new threshold 1 (max threshold 15)
[33.444s][info ][gc,heap        ] GC(1189) PSYoungGen: 288230K(288256K)->486K(279040K) Eden: 287744K(287744K)->0K(278016K) From: 486K(512K)->486K(1024K)
[33.444s][info ][gc,heap        ] GC(1189) ParOldGen: 4218K(349696K)->4218K(349696K)
[33.444s][info ][gc,metaspace   ] GC(1189) Metaspace: 9583K(9856K)->9583K(9856K) NonClass: 8514K(8640K)->8514K(8640K) Class: 1069K(1216K)->1069K(1216K)
[33.444s][info ][gc             ] GC(1189) Pause Young (Allocation Failure) 285M->4M(614M) 0.286ms
[33.444s][info ][gc,cpu         ] GC(1189) User=0.00s Sys=0.00s Real=0.00s
[33.464s][info ][gc,start       ] GC(1190) Pause Young (Allocation Failure)
[33.464s][debug][gc,age         ] GC(1190) Desired survivor size 1048576 bytes, new threshold 1 (max threshold 15)
[33.464s][info ][gc,heap        ] GC(1190) PSYoungGen: 278301K(279040K)->96K(269312K) Eden: 277814K(278016K)->0K(268800K) From: 486K(1024K)->96K(512K)
[33.464s][info ][gc,heap        ] GC(1190) ParOldGen: 4218K(349696K)->4218K(349696K)
[33.464s][info ][gc,metaspace   ] GC(1190) Metaspace: 9583K(9856K)->9583K(9856K) NonClass: 8514K(8640K)->8514K(8640K) Class: 1069K(1216K)->1069K(1216K)
[33.464s][info ][gc             ] GC(1190) Pause Young (Allocation Failure) 275M->4M(604M) 0.247ms
[33.464s][info ][gc,cpu         ] GC(1190) User=0.01s Sys=0.00s Real=0.00s
[33.484s][info ][gc,start       ] GC(1191) Pause Young (Allocation Failure)
[33.485s][debug][gc,age         ] GC(1191) Desired survivor size 1048576 bytes, new threshold 1 (max threshold 15)
[33.485s][info ][gc,heap        ] GC(1191) PSYoungGen: 268751K(269312K)->96K(261120K) Eden: 268655K(268800K)->0K(260096K) From: 96K(512K)->96K(1024K)
[33.485s][info ][gc,heap        ] GC(1191) ParOldGen: 4218K(349696K)->4218K(349696K)
[33.485s][info ][gc,metaspace   ] GC(1191) Metaspace: 9583K(9856K)->9583K(9856K) NonClass: 8514K(8640K)->8514K(8640K) Class: 1069K(1216K)->1069K(1216K)
[33.485s][info ][gc             ] GC(1191) Pause Young (Allocation Failure) 266M->4M(596M) 0.259ms
[33.485s][info ][gc,cpu         ] GC(1191) User=0.00s Sys=0.00s Real=0.00s
[33.503s][info ][gc,start       ] GC(1192) Pause Young (Allocation Failure)
[33.504s][debug][gc,age         ] GC(1192) Desired survivor size 1048576 bytes, new threshold 1 (max threshold 15)
[33.504s][info ][gc,heap        ] GC(1192) PSYoungGen: 260192K(261120K)->486K(312832K) Eden: 260096K(260096K)->0K(312320K) From: 96K(1024K)->486K(512K)
[33.504s][info ][gc,heap        ] GC(1192) ParOldGen: 4218K(349696K)->4218K(349696K)
[33.504s][info ][gc,metaspace   ] GC(1192) Metaspace: 9583K(9856K)->9583K(9856K) NonClass: 8514K(8640K)->8514K(8640K) Class: 1069K(1216K)->1069K(1216K)
[33.504s][info ][gc             ] GC(1192) Pause Young (Allocation Failure) 258M->4M(647M) 0.314ms
[33.504s][info ][gc,cpu         ] GC(1192) User=0.00s Sys=0.00s Real=0.00s
[33.526s][info ][gc,start       ] GC(1193) Pause Young (Allocation Failure)
[33.527s][debug][gc,age         ] GC(1193) Desired survivor size 1048576 bytes, new threshold 1 (max threshold 15)
[33.527s][info ][gc,heap        ] GC(1193) PSYoungGen: 312806K(312832K)->64K(343040K) Eden: 312320K(312320K)->0K(342016K) From: 486K(512K)->64K(1024K)
[33.527s][info ][gc,heap        ] GC(1193) ParOldGen: 4218K(349696K)->4218K(349696K)
[33.527s][info ][gc,metaspace   ] GC(1193) Metaspace: 9583K(9856K)->9583K(9856K) NonClass: 8514K(8640K)->8514K(8640K) Class: 1069K(1216K)->1069K(1216K)
[33.527s][info ][gc             ] GC(1193) Pause Young (Allocation Failure) 309M->4M(676M) 0.296ms
[33.527s][info ][gc,cpu         ] GC(1193) User=0.00s Sys=0.00s Real=0.00s
[33.553s][info ][gc,start       ] GC(1194) Pause Young (Allocation Failure)
[33.553s][debug][gc,age         ] GC(1194) Desired survivor size 1048576 bytes, new threshold 1 (max threshold 15)
[33.553s][info ][gc,heap        ] GC(1194) PSYoungGen: 342014K(343040K)->486K(330240K) Eden: 341950K(342016K)->0K(329728K) From: 64K(1024K)->486K(512K)
[33.553s][info ][gc,heap        ] GC(1194) ParOldGen: 4218K(349696K)->4218K(349696K)
[33.553s][info ][gc,metaspace   ] GC(1194) Metaspace: 9583K(9856K)->9583K(9856K) NonClass: 8514K(8640K)->8514K(8640K) Class: 1069K(1216K)->1069K(1216K)
[33.553s][info ][gc             ] GC(1194) Pause Young (Allocation Failure) 338M->4M(664M) 0.253ms
[33.553s][info ][gc,cpu         ] GC(1194) User=0.00s Sys=0.00s Real=0.00s
[33.577s][info ][gc,start       ] GC(1195) Pause Young (Allocation Failure)
[33.578s][debug][gc,age         ] GC(1195) Desired survivor size 1048576 bytes, new threshold 1 (max threshold 15)
[33.578s][info ][gc,heap        ] GC(1195) PSYoungGen: 330157K(330240K)->486K(318976K) Eden: 329670K(329728K)->0K(317952K) From: 486K(512K)->486K(1024K)
[33.578s][info ][gc,heap        ] GC(1195) ParOldGen: 4218K(349696K)->4218K(349696K)
[33.578s][info ][gc,metaspace   ] GC(1195) Metaspace: 9583K(9856K)->9583K(9856K) NonClass: 8514K(8640K)->8514K(8640K) Class: 1069K(1216K)->1069K(1216K)
[33.578s][info ][gc             ] GC(1195) Pause Young (Allocation Failure) 326M->4M(653M) 0.293ms
[33.578s][info ][gc,cpu         ] GC(1195) User=0.00s Sys=0.00s Real=0.00s
[33.601s][info ][gc,start       ] GC(1196) Pause Young (Allocation Failure)
[33.601s][debug][gc,age         ] GC(1196) Desired survivor size 1048576 bytes, new threshold 1 (max threshold 15)
[33.601s][info ][gc,heap        ] GC(1196) PSYoungGen: 318430K(318976K)->486K(307712K) Eden: 317943K(317952K)->0K(307200K) From: 486K(1024K)->486K(512K)
[33.601s][info ][gc,heap        ] GC(1196) ParOldGen: 4218K(349696K)->4218K(349696K)
[33.601s][info ][gc,metaspace   ] GC(1196) Metaspace: 9583K(9856K)->9583K(9856K) NonClass: 8514K(8640K)->8514K(8640K) Class: 1069K(1216K)->1069K(1216K)
[33.601s][info ][gc             ] GC(1196) Pause Young (Allocation Failure) 315M->4M(642M) 0.299ms
[33.601s][info ][gc,cpu         ] GC(1196) User=0.00s Sys=0.00s Real=0.00s
[33.624s][info ][gc,start       ] GC(1197) Pause Young (Allocation Failure)
[33.624s][debug][gc,age         ] GC(1197) Desired survivor size 1048576 bytes, new threshold 1 (max threshold 15)
[33.624s][info ][gc,heap        ] GC(1197) PSYoungGen: 307378K(307712K)->96K(297472K) Eden: 306891K(307200K)->0K(296448K) From: 486K(512K)->96K(1024K)
[33.624s][info ][gc,heap        ] GC(1197) ParOldGen: 4218K(349696K)->4218K(349696K)
[33.624s][info ][gc,metaspace   ] GC(1197) Metaspace: 9583K(9856K)->9583K(9856K) NonClass: 8514K(8640K)->8514K(8640K) Class: 1069K(1216K)->1069K(1216K)
[33.624s][info ][gc             ] GC(1197) Pause Young (Allocation Failure) 304M->4M(632M) 0.234ms
[33.624s][info ][gc,cpu         ] GC(1197) User=0.00s Sys=0.00s Real=0.00s
[33.646s][info ][gc,start       ] GC(1198) Pause Young (Allocation Failure)
[33.646s][debug][gc,age         ] GC(1198) Desired survivor size 1048576 bytes, new threshold 1 (max threshold 15)
[33.646s][info ][gc,heap        ] GC(1198) PSYoungGen: 296544K(297472K)->64K(286720K) Eden: 296448K(296448K)->0K(286208K) From: 96K(1024K)->64K(512K)
[33.646s][info ][gc,heap        ] GC(1198) ParOldGen: 4218K(349696K)->4218K(349696K)
[33.646s][info ][gc,metaspace   ] GC(1198) Metaspace: 9583K(9856K)->9583K(9856K) NonClass: 8514K(8640K)->8514K(8640K) Class: 1069K(1216K)->1069K(1216K)
[33.646s][info ][gc             ] GC(1198) Pause Young (Allocation Failure) 293M->4M(621M) 0.281ms
[33.646s][info ][gc,cpu         ] GC(1198) User=0.00s Sys=0.00s Real=0.00s
[33.667s][info ][gc,start       ] GC(1199) Pause Young (Allocation Failure)
[33.667s][debug][gc,age         ] GC(1199) Desired survivor size 1048576 bytes, new threshold 1 (max threshold 15)
[33.667s][info ][gc,heap        ] GC(1199) PSYoungGen: 286117K(286720K)->96K(277504K) Eden: 286053K(286208K)->0K(276480K) From: 64K(512K)->96K(1024K)
[33.667s][info ][gc,heap        ] GC(1199) ParOldGen: 4218K(349696K)->4218K(349696K)
[33.667s][info ][gc,metaspace   ] GC(1199) Metaspace: 9583K(9856K)->9583K(9856K) NonClass: 8514K(8640K)->8514K(8640K) Class: 1069K(1216K)->1069K(1216K)
[33.667s][info ][gc             ] GC(1199) Pause Young (Allocation Failure) 283M->4M(612M) 0.270ms
[33.667s][info ][gc,cpu         ] GC(1199) User=0.00s Sys=0.00s Real=0.00s
[33.688s][info ][gc,start       ] GC(1200) Pause Young (Allocation Failure)
[33.688s][debug][gc,age         ] GC(1200) Desired survivor size 1048576 bytes, new threshold 1 (max threshold 15)
[33.688s][info ][gc,heap        ] GC(1200) PSYoungGen: 276290K(277504K)->454K(267776K) Eden: 276194K(276480K)->0K(267264K) From: 96K(1024K)->454K(512K)
[33.688s][info ][gc,heap        ] GC(1200) ParOldGen: 4218K(349696K)->4218K(349696K)
[33.688s][info ][gc,metaspace   ] GC(1200) Metaspace: 9583K(9856K)->9583K(9856K) NonClass: 8514K(8640K)->8514K(8640K) Class: 1069K(1216K)->1069K(1216K)
[33.688s][info ][gc             ] GC(1200) Pause Young (Allocation Failure) 273M->4M(603M) 0.238ms
[33.688s][info ][gc,cpu         ] GC(1200) User=0.00s Sys=0.00s Real=0.00s
[33.708s][info ][gc,start       ] GC(1201) Pause Young (Allocation Failure)
[33.708s][debug][gc,age         ] GC(1201) Desired survivor size 1048576 bytes, new threshold 1 (max threshold 15)
[33.708s][info ][gc,heap        ] GC(1201) PSYoungGen: 267567K(267776K)->486K(259584K) Eden: 267113K(267264K)->0K(258560K) From: 454K(512K)->486K(1024K)
[33.708s][info ][gc,heap        ] GC(1201) ParOldGen: 4218K(349696K)->4218K(349696K)
[33.708s][info ][gc,metaspace   ] GC(1201) Metaspace: 9583K(9856K)->9583K(9856K) NonClass: 8514K(8640K)->8514K(8640K) Class: 1069K(1216K)->1069K(1216K)
[33.708s][info ][gc             ] GC(1201) Pause Young (Allocation Failure) 265M->4M(595M) 0.318ms
[33.708s][info ][gc,cpu         ] GC(1201) User=0.00s Sys=0.00s Real=0.00s
[33.727s][info ][gc,start       ] GC(1202) Pause Young (Allocation Failure)
[33.727s][debug][gc,age         ] GC(1202) Desired survivor size 1048576 bytes, new threshold 1 (max threshold 15)
[33.727s][info ][gc,heap        ] GC(1202) PSYoungGen: 259046K(259584K)->96K(310784K) Eden: 258560K(258560K)->0K(310272K) From: 486K(1024K)->96K(512K)
[33.727s][info ][gc,heap        ] GC(1202) ParOldGen: 4218K(349696K)->4218K(349696K)
[33.727s][info ][gc,metaspace   ] GC(1202) Metaspace: 9583K(9856K)->9583K(9856K) NonClass: 8514K(8640K)->8514K(8640K) Class: 1069K(1216K)->1069K(1216K)
[33.727s][info ][gc             ] GC(1202) Pause Young (Allocation Failure) 257M->4M(645M) 0.278ms
[33.727s][info ][gc,cpu         ] GC(1202) User=0.00s Sys=0.00s Real=0.00s
[33.750s][info ][gc,start       ] GC(1203) Pause Young (Allocation Failure)
[33.750s][debug][gc,age         ] GC(1203) Desired survivor size 1048576 bytes, new threshold 1 (max threshold 15)
[33.750s][info ][gc,heap        ] GC(1203) PSYoungGen: 310045K(310784K)->486K(300544K) Eden: 309949K(310272K)->0K(299520K) From: 96K(512K)->486K(1024K)
[33.750s][info ][gc,heap        ] GC(1203) ParOldGen: 4218K(349696K)->4218K(349696K)
[33.750s][info ][gc,metaspace   ] GC(1203) Metaspace: 9583K(9856K)->9583K(9856K) NonClass: 8514K(8640K)->8514K(8640K) Class: 1069K(1216K)->1069K(1216K)
[33.750s][info ][gc             ] GC(1203) Pause Young (Allocation Failure) 306M->4M(635M) 0.265ms
[33.750s][info ][gc,cpu         ] GC(1203) User=0.00s Sys=0.00s Real=0.00s
[33.771s][info ][gc,start       ] GC(1204) Pause Young (Allocation Failure)
[33.772s][debug][gc,age         ] GC(1204) Desired survivor size 1048576 bytes, new threshold 1 (max threshold 15)
[33.772s][info ][gc,heap        ] GC(1204) PSYoungGen: 300006K(300544K)->64K(289792K) Eden: 299520K(299520K)->0K(289280K) From: 486K(1024K)->64K(512K)
[33.772s][info ][gc,heap        ] GC(1204) ParOldGen: 4218K(349696K)->4218K(349696K)
[33.772s][info ][gc,metaspace   ] GC(1204) Metaspace: 9583K(9856K)->9583K(9856K) NonClass: 8514K(8640K)->8514K(8640K) Class: 1069K(1216K)->1069K(1216K)
[33.772s][info ][gc             ] GC(1204) Pause Young (Allocation Failure) 297M->4M(624M) 0.267ms
[33.772s][info ][gc,cpu         ] GC(1204) User=0.00s Sys=0.00s Real=0.00s
[33.793s][info ][gc,start       ] GC(1205) Pause Young (Allocation Failure)
[33.793s][debug][gc,age         ] GC(1205) Desired survivor size 1048576 bytes, new threshold 1 (max threshold 15)
[33.793s][info ][gc,heap        ] GC(1205) PSYoungGen: 289230K(289792K)->64K(280576K) Eden: 289166K(289280K)->0K(279552K) From: 64K(512K)->64K(1024K)
[33.793s][info ][gc,heap        ] GC(1205) ParOldGen: 4218K(349696K)->4218K(349696K)
[33.793s][info ][gc,metaspace   ] GC(1205) Metaspace: 9583K(9856K)->9583K(9856K) NonClass: 8514K(8640K)->8514K(8640K) Class: 1069K(1216K)->1069K(1216K)
[33.793s][info ][gc             ] GC(1205) Pause Young (Allocation Failure) 286M->4M(615M) 0.302ms
[33.793s][info ][gc,cpu         ] GC(1205) User=0.00s Sys=0.00s Real=0.00s
[33.813s][info ][gc,start       ] GC(1206) Pause Young (Allocation Failure)
[33.814s][debug][gc,age         ] GC(1206) Desired survivor size 1048576 bytes, new threshold 1 (max threshold 15)
[33.814s][info ][gc,heap        ] GC(1206) PSYoungGen: 279616K(280576K)->454K(336384K) Eden: 279552K(279552K)->0K(335872K) From: 64K(1024K)->454K(512K)
[33.814s][info ][gc,heap        ] GC(1206) ParOldGen: 4218K(349696K)->4218K(349696K)
[33.814s][info ][gc,metaspace   ] GC(1206) Metaspace: 9583K(9856K)->9583K(9856K) NonClass: 8514K(8640K)->8514K(8640K) Class: 1069K(1216K)->1069K(1216K)
[33.814s][info ][gc             ] GC(1206) Pause Young (Allocation Failure) 277M->4M(670M) 0.311ms
[33.814s][info ][gc,cpu         ] GC(1206) User=0.00s Sys=0.00s Real=0.00s
[33.838s][info ][gc,start       ] GC(1207) Pause Young (Allocation Failure)
[33.838s][debug][gc,age         ] GC(1207) Desired survivor size 1048576 bytes, new threshold 1 (max threshold 15)
[33.838s][info ][gc,heap        ] GC(1207) PSYoungGen: 336326K(336384K)->96K(325120K) Eden: 335872K(335872K)->0K(324096K) From: 454K(512K)->96K(1024K)
[33.838s][info ][gc,heap        ] GC(1207) ParOldGen: 4218K(349696K)->4218K(349696K)
[33.838s][info ][gc,metaspace   ] GC(1207) Metaspace: 9583K(9856K)->9583K(9856K) NonClass: 8514K(8640K)->8514K(8640K) Class: 1069K(1216K)->1069K(1216K)
[33.838s][info ][gc             ] GC(1207) Pause Young (Allocation Failure) 332M->4M(659M) 0.271ms
[33.838s][info ][gc,cpu         ] GC(1207) User=0.00s Sys=0.00s Real=0.00s
[33.862s][info ][gc,start       ] GC(1208) Pause Young (Allocation Failure)
[33.862s][debug][gc,age         ] GC(1208) Desired survivor size 1048576 bytes, new threshold 1 (max threshold 15)
[33.862s][info ][gc,heap        ] GC(1208) PSYoungGen: 323978K(325120K)->96K(313344K) Eden: 323882K(324096K)->0K(312832K) From: 96K(1024K)->96K(512K)
[33.862s][info ][gc,heap        ] GC(1208) ParOldGen: 4218K(349696K)->4218K(349696K)
[33.862s][info ][gc,metaspace   ] GC(1208) Metaspace: 9583K(9856K)->9583K(9856K) NonClass: 8514K(8640K)->8514K(8640K) Class: 1069K(1216K)->1069K(1216K)
[33.862s][info ][gc             ] GC(1208) Pause Young (Allocation Failure) 320M->4M(647M) 0.255ms
[33.862s][info ][gc,cpu         ] GC(1208) User=0.00s Sys=0.00s Real=0.00s
[33.885s][info ][gc,start       ] GC(1209) Pause Young (Allocation Failure)
[33.886s][debug][gc,age         ] GC(1209) Desired survivor size 1048576 bytes, new threshold 1 (max threshold 15)
[33.886s][info ][gc,heap        ] GC(1209) PSYoungGen: 312883K(313344K)->486K(303104K) Eden: 312787K(312832K)->0K(302080K) From: 96K(512K)->486K(1024K)
[33.886s][info ][gc,heap        ] GC(1209) ParOldGen: 4218K(349696K)->4218K(349696K)
[33.886s][info ][gc,metaspace   ] GC(1209) Metaspace: 9583K(9856K)->9583K(9856K) NonClass: 8514K(8640K)->8514K(8640K) Class: 1069K(1216K)->1069K(1216K)
[33.886s][info ][gc             ] GC(1209) Pause Young (Allocation Failure) 309M->4M(637M) 0.241ms
[33.886s][info ][gc,cpu         ] GC(1209) User=0.00s Sys=0.00s Real=0.00s
[33.908s][info ][gc,start       ] GC(1210) Pause Young (Allocation Failure)
[33.908s][debug][gc,age         ] GC(1210) Desired survivor size 1048576 bytes, new threshold 1 (max threshold 15)
[33.908s][info ][gc,heap        ] GC(1210) PSYoungGen: 302566K(303104K)->96K(292352K) Eden: 302080K(302080K)->0K(291840K) From: 486K(1024K)->96K(512K)
[33.908s][info ][gc,heap        ] GC(1210) ParOldGen: 4218K(349696K)->4218K(349696K)
[33.908s][info ][gc,metaspace   ] GC(1210) Metaspace: 9583K(9856K)->9583K(9856K) NonClass: 8514K(8640K)->8514K(8640K) Class: 1069K(1216K)->1069K(1216K)
[33.908s][info ][gc             ] GC(1210) Pause Young (Allocation Failure) 299M->4M(627M) 0.267ms
[33.908s][info ][gc,cpu         ] GC(1210) User=0.00s Sys=0.00s Real=0.00s
[33.929s][info ][gc,start       ] GC(1211) Pause Young (Allocation Failure)
[33.930s][debug][gc,age         ] GC(1211) Desired survivor size 1048576 bytes, new threshold 1 (max threshold 15)
[33.930s][info ][gc,heap        ] GC(1211) PSYoungGen: 291705K(292352K)->486K(283136K) Eden: 291609K(291840K)->0K(282112K) From: 96K(512K)->486K(1024K)
[33.930s][info ][gc,heap        ] GC(1211) ParOldGen: 4218K(349696K)->4218K(349696K)
[33.930s][info ][gc,metaspace   ] GC(1211) Metaspace: 9583K(9856K)->9583K(9856K) NonClass: 8514K(8640K)->8514K(8640K) Class: 1069K(1216K)->1069K(1216K)
[33.930s][info ][gc             ] GC(1211) Pause Young (Allocation Failure) 288M->4M(618M) 0.261ms
[33.930s][info ][gc,cpu         ] GC(1211) User=0.00s Sys=0.00s Real=0.00s
[33.951s][info ][gc,start       ] GC(1212) Pause Young (Allocation Failure)
[33.951s][debug][gc,age         ] GC(1212) Desired survivor size 1048576 bytes, new threshold 1 (max threshold 15)
[33.951s][info ][gc,heap        ] GC(1212) PSYoungGen: 282352K(283136K)->486K(273408K) Eden: 281866K(282112K)->0K(272896K) From: 486K(1024K)->486K(512K)
[33.951s][info ][gc,heap        ] GC(1212) ParOldGen: 4218K(349696K)->4218K(349696K)
[33.951s][info ][gc,metaspace   ] GC(1212) Metaspace: 9583K(9856K)->9583K(9856K) NonClass: 8514K(8640K)->8514K(8640K) Class: 1069K(1216K)->1069K(1216K)
[33.951s][info ][gc             ] GC(1212) Pause Young (Allocation Failure) 279M->4M(608M) 0.285ms
[33.951s][info ][gc,cpu         ] GC(1212) User=0.00s Sys=0.00s Real=0.00s
[33.971s][info ][gc,start       ] GC(1213) Pause Young (Allocation Failure)
[33.971s][debug][gc,age         ] GC(1213) Desired survivor size 1048576 bytes, new threshold 1 (max threshold 15)
[33.971s][info ][gc,heap        ] GC(1213) PSYoungGen: 273230K(273408K)->96K(265216K) Eden: 272743K(272896K)->0K(264192K) From: 486K(512K)->96K(1024K)
[33.971s][info ][gc,heap        ] GC(1213) ParOldGen: 4218K(349696K)->4218K(349696K)
[33.971s][info ][gc,metaspace   ] GC(1213) Metaspace: 9583K(9856K)->9583K(9856K) NonClass: 8514K(8640K)->8514K(8640K) Class: 1069K(1216K)->1069K(1216K)
[33.971s][info ][gc             ] GC(1213) Pause Young (Allocation Failure) 270M->4M(600M) 0.245ms
[33.971s][info ][gc,cpu         ] GC(1213) User=0.00s Sys=0.00s Real=0.00s
[33.990s][info ][gc,start       ] GC(1214) Pause Young (Allocation Failure)
[33.990s][debug][gc,age         ] GC(1214) Desired survivor size 1048576 bytes, new threshold 1 (max threshold 15)
[33.991s][info ][gc,heap        ] GC(1214) PSYoungGen: 264288K(265216K)->486K(256000K) Eden: 264192K(264192K)->0K(255488K) From: 96K(1024K)->486K(512K)
[33.991s][info ][gc,heap        ] GC(1214) ParOldGen: 4218K(349696K)->4218K(349696K)
[33.991s][info ][gc,metaspace   ] GC(1214) Metaspace: 9583K(9856K)->9583K(9856K) NonClass: 8514K(8640K)->8514K(8640K) Class: 1069K(1216K)->1069K(1216K)
[33.991s][info ][gc             ] GC(1214) Pause Young (Allocation Failure) 262M->4M(591M) 0.287ms
[33.991s][info ][gc,cpu         ] GC(1214) User=0.00s Sys=0.00s Real=0.00s
[34.009s][info ][gc,start       ] GC(1215) Pause Young (Allocation Failure)
[34.010s][debug][gc,age         ] GC(1215) Desired survivor size 1048576 bytes, new threshold 1 (max threshold 15)
[34.010s][info ][gc,heap        ] GC(1215) PSYoungGen: 255839K(256000K)->454K(248320K) Eden: 255352K(255488K)->0K(247296K) From: 486K(512K)->454K(1024K)
[34.010s][info ][gc,heap        ] GC(1215) ParOldGen: 4218K(349696K)->4218K(349696K)
[34.010s][info ][gc,metaspace   ] GC(1215) Metaspace: 9583K(9856K)->9583K(9856K) NonClass: 8514K(8640K)->8514K(8640K) Class: 1069K(1216K)->1069K(1216K)
[34.010s][info ][gc             ] GC(1215) Pause Young (Allocation Failure) 253M->4M(584M) 0.261ms
[34.010s][info ][gc,cpu         ] GC(1215) User=0.00s Sys=0.00s Real=0.00s
[34.028s][info ][gc,start       ] GC(1216) Pause Young (Allocation Failure)
[34.028s][debug][gc,age         ] GC(1216) Desired survivor size 1048576 bytes, new threshold 1 (max threshold 15)
[34.028s][info ][gc,heap        ] GC(1216) PSYoungGen: 247465K(248320K)->64K(240128K) Eden: 247011K(247296K)->0K(239616K) From: 454K(1024K)->64K(512K)
[34.028s][info ][gc,heap        ] GC(1216) ParOldGen: 4218K(349696K)->4218K(349696K)
[34.028s][info ][gc,metaspace   ] GC(1216) Metaspace: 9583K(9856K)->9583K(9856K) NonClass: 8514K(8640K)->8514K(8640K) Class: 1069K(1216K)->1069K(1216K)
[34.028s][info ][gc             ] GC(1216) Pause Young (Allocation Failure) 245M->4M(576M) 0.271ms
[34.028s][info ][gc,cpu         ] GC(1216) User=0.00s Sys=0.00s Real=0.00s
[34.046s][info ][gc,start       ] GC(1217) Pause Young (Allocation Failure)
[34.046s][debug][gc,age         ] GC(1217) Desired survivor size 1048576 bytes, new threshold 1 (max threshold 15)
[34.046s][info ][gc,heap        ] GC(1217) PSYoungGen: 239488K(240128K)->454K(232960K) Eden: 239424K(239616K)->0K(231936K) From: 64K(512K)->454K(1024K)
[34.046s][info ][gc,heap        ] GC(1217) ParOldGen: 4218K(349696K)->4218K(349696K)
[34.046s][info ][gc,metaspace   ] GC(1217) Metaspace: 9583K(9856K)->9583K(9856K) NonClass: 8514K(8640K)->8514K(8640K) Class: 1069K(1216K)->1069K(1216K)
[34.046s][info ][gc             ] GC(1217) Pause Young (Allocation Failure) 237M->4M(569M) 0.206ms
[34.046s][info ][gc,cpu         ] GC(1217) User=0.00s Sys=0.00s Real=0.00s
[34.063s][info ][gc,start       ] GC(1218) Pause Young (Allocation Failure)
[34.063s][debug][gc,age         ] GC(1218) Desired survivor size 1048576 bytes, new threshold 1 (max threshold 15)
[34.063s][info ][gc,heap        ] GC(1218) PSYoungGen: 232060K(232960K)->96K(225280K) Eden: 231605K(231936K)->0K(224768K) From: 454K(1024K)->96K(512K)
[34.063s][info ][gc,heap        ] GC(1218) ParOldGen: 4218K(349696K)->4218K(349696K)
[34.063s][info ][gc,metaspace   ] GC(1218) Metaspace: 9583K(9856K)->9583K(9856K) NonClass: 8514K(8640K)->8514K(8640K) Class: 1069K(1216K)->1069K(1216K)
[34.063s][info ][gc             ] GC(1218) Pause Young (Allocation Failure) 230M->4M(561M) 0.264ms
[34.063s][info ][gc,cpu         ] GC(1218) User=0.00s Sys=0.01s Real=0.00s
[34.080s][info ][gc,start       ] GC(1219) Pause Young (Allocation Failure)
[34.080s][debug][gc,age         ] GC(1219) Desired survivor size 1048576 bytes, new threshold 1 (max threshold 15)
[34.080s][info ][gc,heap        ] GC(1219) PSYoungGen: 224864K(225280K)->96K(219136K) Eden: 224768K(224768K)->0K(218112K) From: 96K(512K)->96K(1024K)
[34.080s][info ][gc,heap        ] GC(1219) ParOldGen: 4218K(349696K)->4218K(349696K)
[34.080s][info ][gc,metaspace   ] GC(1219) Metaspace: 9583K(9856K)->9583K(9856K) NonClass: 8514K(8640K)->8514K(8640K) Class: 1069K(1216K)->1069K(1216K)
[34.080s][info ][gc             ] GC(1219) Pause Young (Allocation Failure) 223M->4M(555M) 0.246ms
[34.080s][info ][gc,cpu         ] GC(1219) User=0.00s Sys=0.00s Real=0.00s
[34.096s][info ][gc,start       ] GC(1220) Pause Young (Allocation Failure)
[34.096s][debug][gc,age         ] GC(1220) Desired survivor size 1048576 bytes, new threshold 1 (max threshold 15)
[34.096s][info ][gc,heap        ] GC(1220) PSYoungGen: 218063K(219136K)->96K(211968K) Eden: 217967K(218112K)->0K(211456K) From: 96K(1024K)->96K(512K)
[34.096s][info ][gc,heap        ] GC(1220) ParOldGen: 4218K(349696K)->4218K(349696K)
[34.096s][info ][gc,metaspace   ] GC(1220) Metaspace: 9583K(9856K)->9583K(9856K) NonClass: 8514K(8640K)->8514K(8640K) Class: 1069K(1216K)->1069K(1216K)
[34.096s][info ][gc             ] GC(1220) Pause Young (Allocation Failure) 217M->4M(548M) 0.242ms
[34.096s][info ][gc,cpu         ] GC(1220) User=0.00s Sys=0.00s Real=0.00s
[34.112s][info ][gc,start       ] GC(1221) Pause Young (Allocation Failure)
[34.112s][debug][gc,age         ] GC(1221) Desired survivor size 1048576 bytes, new threshold 1 (max threshold 15)
[34.112s][info ][gc,heap        ] GC(1221) PSYoungGen: 211199K(211968K)->96K(254976K) Eden: 211103K(211456K)->0K(253952K) From: 96K(512K)->96K(1024K)
[34.112s][info ][gc,heap        ] GC(1221) ParOldGen: 4218K(349696K)->4218K(349696K)
[34.112s][info ][gc,metaspace   ] GC(1221) Metaspace: 9583K(9856K)->9583K(9856K) NonClass: 8514K(8640K)->8514K(8640K) Class: 1069K(1216K)->1069K(1216K)
[34.112s][info ][gc             ] GC(1221) Pause Young (Allocation Failure) 210M->4M(590M) 0.243ms
[34.112s][info ][gc,cpu         ] GC(1221) User=0.00s Sys=0.00s Real=0.00s
[34.131s][info ][gc,start       ] GC(1222) Pause Young (Allocation Failure)
[34.131s][debug][gc,age         ] GC(1222) Desired survivor size 1048576 bytes, new threshold 1 (max threshold 15)
[34.131s][info ][gc,heap        ] GC(1222) PSYoungGen: 254048K(254976K)->486K(305664K) Eden: 253952K(253952K)->0K(305152K) From: 96K(1024K)->486K(512K)
[34.131s][info ][gc,heap        ] GC(1222) ParOldGen: 4218K(349696K)->4218K(349696K)
[34.131s][info ][gc,metaspace   ] GC(1222) Metaspace: 9583K(9856K)->9583K(9856K) NonClass: 8514K(8640K)->8514K(8640K) Class: 1069K(1216K)->1069K(1216K)
[34.131s][info ][gc             ] GC(1222) Pause Young (Allocation Failure) 252M->4M(640M) 0.266ms
[34.131s][info ][gc,cpu         ] GC(1222) User=0.00s Sys=0.00s Real=0.00s
[34.153s][info ][gc,start       ] GC(1223) Pause Young (Allocation Failure)
[34.153s][debug][gc,age         ] GC(1223) Desired survivor size 1048576 bytes, new threshold 1 (max threshold 15)
[34.153s][info ][gc,heap        ] GC(1223) PSYoungGen: 305555K(305664K)->486K(340480K) Eden: 305068K(305152K)->0K(339456K) From: 486K(512K)->486K(1024K)
[34.153s][info ][gc,heap        ] GC(1223) ParOldGen: 4218K(349696K)->4218K(349696K)
[34.153s][info ][gc,metaspace   ] GC(1223) Metaspace: 9583K(9856K)->9583K(9856K) NonClass: 8514K(8640K)->8514K(8640K) Class: 1069K(1216K)->1069K(1216K)
[34.153s][info ][gc             ] GC(1223) Pause Young (Allocation Failure) 302M->4M(674M) 0.304ms
[34.153s][info ][gc,cpu         ] GC(1223) User=0.00s Sys=0.00s Real=0.00s
[34.178s][info ][gc,start       ] GC(1224) Pause Young (Allocation Failure)
[34.178s][debug][gc,age         ] GC(1224) Desired survivor size 1048576 bytes, new threshold 1 (max threshold 15)
[34.179s][info ][gc,heap        ] GC(1224) PSYoungGen: 339792K(340480K)->486K(328192K) Eden: 339305K(339456K)->0K(327680K) From: 486K(1024K)->486K(512K)
[34.179s][info ][gc,heap        ] GC(1224) ParOldGen: 4218K(349696K)->4218K(349696K)
[34.179s][info ][gc,metaspace   ] GC(1224) Metaspace: 9583K(9856K)->9583K(9856K) NonClass: 8514K(8640K)->8514K(8640K) Class: 1069K(1216K)->1069K(1216K)
[34.179s][info ][gc             ] GC(1224) Pause Young (Allocation Failure) 335M->4M(662M) 0.279ms
[34.179s][info ][gc,cpu         ] GC(1224) User=0.00s Sys=0.00s Real=0.00s
[34.203s][info ][gc,start       ] GC(1225) Pause Young (Allocation Failure)
[34.203s][debug][gc,age         ] GC(1225) Desired survivor size 1048576 bytes, new threshold 1 (max threshold 15)
[34.203s][info ][gc,heap        ] GC(1225) PSYoungGen: 328166K(328192K)->486K(317440K) Eden: 327680K(327680K)->0K(316416K) From: 486K(512K)->486K(1024K)
[34.203s][info ][gc,heap        ] GC(1225) ParOldGen: 4218K(349696K)->4218K(349696K)
[34.203s][info ][gc,metaspace   ] GC(1225) Metaspace: 9583K(9856K)->9583K(9856K) NonClass: 8514K(8640K)->8514K(8640K) Class: 1069K(1216K)->1069K(1216K)
[34.203s][info ][gc             ] GC(1225) Pause Young (Allocation Failure) 324M->4M(651M) 0.289ms
[34.203s][info ][gc,cpu         ] GC(1225) User=0.00s Sys=0.00s Real=0.00s
[34.226s][info ][gc,start       ] GC(1226) Pause Young (Allocation Failure)
[34.227s][debug][gc,age         ] GC(1226) Desired survivor size 1048576 bytes, new threshold 1 (max threshold 15)
[34.227s][info ][gc,heap        ] GC(1226) PSYoungGen: 316715K(317440K)->64K(306176K) Eden: 316228K(316416K)->0K(305664K) From: 486K(1024K)->64K(512K)
[34.227s][info ][gc,heap        ] GC(1226) ParOldGen: 4218K(349696K)->4218K(349696K)
[34.227s][info ][gc,metaspace   ] GC(1226) Metaspace: 9583K(9856K)->9583K(9856K) NonClass: 8514K(8640K)->8514K(8640K) Class: 1069K(1216K)->1069K(1216K)
[34.227s][info ][gc             ] GC(1226) Pause Young (Allocation Failure) 313M->4M(640M) 0.296ms
[34.227s][info ][gc,cpu         ] GC(1226) User=0.00s Sys=0.00s Real=0.00s
[34.249s][info ][gc,start       ] GC(1227) Pause Young (Allocation Failure)
[34.249s][debug][gc,age         ] GC(1227) Desired survivor size 1048576 bytes, new threshold 1 (max threshold 15)
[34.249s][info ][gc,heap        ] GC(1227) PSYoungGen: 305728K(306176K)->64K(296448K) Eden: 305664K(305664K)->0K(295424K) From: 64K(512K)->64K(1024K)
[34.249s][info ][gc,heap        ] GC(1227) ParOldGen: 4218K(349696K)->4218K(349696K)
[34.249s][info ][gc,metaspace   ] GC(1227) Metaspace: 9583K(9856K)->9583K(9856K) NonClass: 8514K(8640K)->8514K(8640K) Class: 1069K(1216K)->1069K(1216K)
[34.249s][info ][gc             ] GC(1227) Pause Young (Allocation Failure) 302M->4M(631M) 0.221ms
[34.249s][info ][gc,cpu         ] GC(1227) User=0.00s Sys=0.00s Real=0.00s
[34.271s][info ][gc,start       ] GC(1228) Pause Young (Allocation Failure)
[34.271s][debug][gc,age         ] GC(1228) Desired survivor size 1048576 bytes, new threshold 1 (max threshold 15)
[34.271s][info ][gc,heap        ] GC(1228) PSYoungGen: 295133K(296448K)->486K(286208K) Eden: 295069K(295424K)->0K(285696K) From: 64K(1024K)->486K(512K)
[34.271s][info ][gc,heap        ] GC(1228) ParOldGen: 4218K(349696K)->4218K(349696K)
[34.271s][info ][gc,metaspace   ] GC(1228) Metaspace: 9583K(9856K)->9583K(9856K) NonClass: 8514K(8640K)->8514K(8640K) Class: 1069K(1216K)->1069K(1216K)
[34.271s][info ][gc             ] GC(1228) Pause Young (Allocation Failure) 292M->4M(621M) 0.340ms
[34.271s][info ][gc,cpu         ] GC(1228) User=0.00s Sys=0.00s Real=0.00s
[34.292s][info ][gc,start       ] GC(1229) Pause Young (Allocation Failure)
[34.292s][debug][gc,age         ] GC(1229) Desired survivor size 1048576 bytes, new threshold 1 (max threshold 15)
[34.292s][info ][gc,heap        ] GC(1229) PSYoungGen: 285820K(286208K)->64K(276992K) Eden: 285334K(285696K)->0K(275968K) From: 486K(512K)->64K(1024K)
[34.292s][info ][gc,heap        ] GC(1229) ParOldGen: 4218K(349696K)->4218K(349696K)
[34.292s][info ][gc,metaspace   ] GC(1229) Metaspace: 9583K(9856K)->9583K(9856K) NonClass: 8514K(8640K)->8514K(8640K) Class: 1069K(1216K)->1069K(1216K)
[34.292s][info ][gc             ] GC(1229) Pause Young (Allocation Failure) 283M->4M(612M) 0.272ms
[34.292s][info ][gc,cpu         ] GC(1229) User=0.00s Sys=0.00s Real=0.00s
[34.312s][info ][gc,start       ] GC(1230) Pause Young (Allocation Failure)
[34.313s][debug][gc,age         ] GC(1230) Desired survivor size 1048576 bytes, new threshold 1 (max threshold 15)
[34.313s][info ][gc,heap        ] GC(1230) PSYoungGen: 275802K(276992K)->96K(267264K) Eden: 275738K(275968K)->0K(266752K) From: 64K(1024K)->96K(512K)
[34.313s][info ][gc,heap        ] GC(1230) ParOldGen: 4218K(349696K)->4218K(349696K)
[34.313s][info ][gc,metaspace   ] GC(1230) Metaspace: 9583K(9856K)->9583K(9856K) NonClass: 8514K(8640K)->8514K(8640K) Class: 1069K(1216K)->1069K(1216K)
[34.313s][info ][gc             ] GC(1230) Pause Young (Allocation Failure) 273M->4M(602M) 0.296ms
[34.313s][info ][gc,cpu         ] GC(1230) User=0.00s Sys=0.00s Real=0.00s
[34.332s][info ][gc,start       ] GC(1231) Pause Young (Allocation Failure)
[34.332s][debug][gc,age         ] GC(1231) Desired survivor size 1048576 bytes, new threshold 1 (max threshold 15)
[34.332s][info ][gc,heap        ] GC(1231) PSYoungGen: 266563K(267264K)->96K(259072K) Eden: 266467K(266752K)->0K(258048K) From: 96K(512K)->96K(1024K)
[34.332s][info ][gc,heap        ] GC(1231) ParOldGen: 4218K(349696K)->4218K(349696K)
[34.332s][info ][gc,metaspace   ] GC(1231) Metaspace: 9583K(9856K)->9583K(9856K) NonClass: 8514K(8640K)->8514K(8640K) Class: 1069K(1216K)->1069K(1216K)
[34.332s][info ][gc             ] GC(1231) Pause Young (Allocation Failure) 264M->4M(594M) 0.241ms
[34.332s][info ][gc,cpu         ] GC(1231) User=0.01s Sys=0.00s Real=0.00s
[34.351s][info ][gc,start       ] GC(1232) Pause Young (Allocation Failure)
[34.351s][debug][gc,age         ] GC(1232) Desired survivor size 1048576 bytes, new threshold 1 (max threshold 15)
[34.351s][info ][gc,heap        ] GC(1232) PSYoungGen: 258144K(259072K)->96K(250368K) Eden: 258048K(258048K)->0K(249856K) From: 96K(1024K)->96K(512K)
[34.351s][info ][gc,heap        ] GC(1232) ParOldGen: 4218K(349696K)->4218K(349696K)
[34.351s][info ][gc,metaspace   ] GC(1232) Metaspace: 9583K(9856K)->9583K(9856K) NonClass: 8514K(8640K)->8514K(8640K) Class: 1069K(1216K)->1069K(1216K)
[34.351s][info ][gc             ] GC(1232) Pause Young (Allocation Failure) 256M->4M(586M) 0.270ms
[34.351s][info ][gc,cpu         ] GC(1232) User=0.00s Sys=0.00s Real=0.00s
[34.370s][info ][gc,start       ] GC(1233) Pause Young (Allocation Failure)
[34.370s][debug][gc,age         ] GC(1233) Desired survivor size 1048576 bytes, new threshold 1 (max threshold 15)
[34.370s][info ][gc,heap        ] GC(1233) PSYoungGen: 249891K(250368K)->96K(243200K) Eden: 249795K(249856K)->0K(242176K) From: 96K(512K)->96K(1024K)
[34.370s][info ][gc,heap        ] GC(1233) ParOldGen: 4218K(349696K)->4218K(349696K)
[34.370s][info ][gc,metaspace   ] GC(1233) Metaspace: 9583K(9856K)->9583K(9856K) NonClass: 8514K(8640K)->8514K(8640K) Class: 1069K(1216K)->1069K(1216K)
[34.370s][info ][gc             ] GC(1233) Pause Young (Allocation Failure) 248M->4M(579M) 0.249ms
[34.370s][info ][gc,cpu         ] GC(1233) User=0.00s Sys=0.00s Real=0.00s
[34.388s][info ][gc,start       ] GC(1234) Pause Young (Allocation Failure)
[34.388s][debug][gc,age         ] GC(1234) Desired survivor size 1048576 bytes, new threshold 1 (max threshold 15)
[34.388s][info ][gc,heap        ] GC(1234) PSYoungGen: 242027K(243200K)->486K(291328K) Eden: 241931K(242176K)->0K(290816K) From: 96K(1024K)->486K(512K)
[34.388s][info ][gc,heap        ] GC(1234) ParOldGen: 4218K(349696K)->4218K(349696K)
[34.388s][info ][gc,metaspace   ] GC(1234) Metaspace: 9583K(9856K)->9583K(9856K) NonClass: 8514K(8640K)->8514K(8640K) Class: 1069K(1216K)->1069K(1216K)
[34.388s][info ][gc             ] GC(1234) Pause Young (Allocation Failure) 240M->4M(626M) 0.310ms
[34.388s][info ][gc,cpu         ] GC(1234) User=0.00s Sys=0.00s Real=0.00s
[34.410s][info ][gc,start       ] GC(1235) Pause Young (Allocation Failure)
[34.410s][debug][gc,age         ] GC(1235) Desired survivor size 1048576 bytes, new threshold 1 (max threshold 15)
[34.410s][info ][gc,heap        ] GC(1235) PSYoungGen: 290985K(291328K)->486K(345088K) Eden: 290499K(290816K)->0K(344064K) From: 486K(512K)->486K(1024K)
[34.410s][info ][gc,heap        ] GC(1235) ParOldGen: 4218K(349696K)->4218K(349696K)
[34.410s][info ][gc,metaspace   ] GC(1235) Metaspace: 9583K(9856K)->9583K(9856K) NonClass: 8514K(8640K)->8514K(8640K) Class: 1069K(1216K)->1069K(1216K)
[34.410s][info ][gc             ] GC(1235) Pause Young (Allocation Failure) 288M->4M(678M) 0.253ms
[34.410s][info ][gc,cpu         ] GC(1235) User=0.00s Sys=0.00s Real=0.00s
[34.435s][info ][gc,start       ] GC(1236) Pause Young (Allocation Failure)
[34.435s][debug][gc,age         ] GC(1236) Desired survivor size 1048576 bytes, new threshold 1 (max threshold 15)
[34.435s][info ][gc,heap        ] GC(1236) PSYoungGen: 344527K(345088K)->454K(332288K) Eden: 344040K(344064K)->0K(331776K) From: 486K(1024K)->454K(512K)
[34.435s][info ][gc,heap        ] GC(1236) ParOldGen: 4218K(349696K)->4218K(349696K)
[34.435s][info ][gc,metaspace   ] GC(1236) Metaspace: 9583K(9856K)->9583K(9856K) NonClass: 8514K(8640K)->8514K(8640K) Class: 1069K(1216K)->1069K(1216K)
[34.435s][info ][gc             ] GC(1236) Pause Young (Allocation Failure) 340M->4M(666M) 0.269ms
[34.436s][info ][gc,cpu         ] GC(1236) User=0.00s Sys=0.00s Real=0.01s
[34.460s][info ][gc,start       ] GC(1237) Pause Young (Allocation Failure)
[34.460s][debug][gc,age         ] GC(1237) Desired survivor size 1048576 bytes, new threshold 1 (max threshold 15)
[34.460s][info ][gc,heap        ] GC(1237) PSYoungGen: 332037K(332288K)->64K(321024K) Eden: 331582K(331776K)->0K(320000K) From: 454K(512K)->64K(1024K)
[34.460s][info ][gc,heap        ] GC(1237) ParOldGen: 4218K(349696K)->4218K(349696K)
[34.460s][info ][gc,metaspace   ] GC(1237) Metaspace: 9583K(9856K)->9583K(9856K) NonClass: 8514K(8640K)->8514K(8640K) Class: 1069K(1216K)->1069K(1216K)
[34.460s][info ][gc             ] GC(1237) Pause Young (Allocation Failure) 328M->4M(655M) 0.293ms
[34.460s][info ][gc,cpu         ] GC(1237) User=0.00s Sys=0.00s Real=0.00s
[34.484s][info ][gc,start       ] GC(1238) Pause Young (Allocation Failure)
[34.484s][debug][gc,age         ] GC(1238) Desired survivor size 1048576 bytes, new threshold 1 (max threshold 15)
[34.484s][info ][gc,heap        ] GC(1238) PSYoungGen: 320064K(321024K)->64K(309248K) Eden: 320000K(320000K)->0K(308736K) From: 64K(1024K)->64K(512K)
[34.484s][info ][gc,heap        ] GC(1238) ParOldGen: 4218K(349696K)->4218K(349696K)
[34.484s][info ][gc,metaspace   ] GC(1238) Metaspace: 9583K(9856K)->9583K(9856K) NonClass: 8514K(8640K)->8514K(8640K) Class: 1069K(1216K)->1069K(1216K)
[34.484s][info ][gc             ] GC(1238) Pause Young (Allocation Failure) 316M->4M(643M) 0.281ms
[34.484s][info ][gc,cpu         ] GC(1238) User=0.00s Sys=0.00s Real=0.00s
[34.507s][info ][gc,start       ] GC(1239) Pause Young (Allocation Failure)
[34.507s][debug][gc,age         ] GC(1239) Desired survivor size 1048576 bytes, new threshold 1 (max threshold 15)
[34.507s][info ][gc,heap        ] GC(1239) PSYoungGen: 308797K(309248K)->96K(299008K) Eden: 308733K(308736K)->0K(297984K) From: 64K(512K)->96K(1024K)
[34.507s][info ][gc,heap        ] GC(1239) ParOldGen: 4218K(349696K)->4218K(349696K)
[34.507s][info ][gc,metaspace   ] GC(1239) Metaspace: 9583K(9856K)->9583K(9856K) NonClass: 8514K(8640K)->8514K(8640K) Class: 1069K(1216K)->1069K(1216K)
[34.507s][info ][gc             ] GC(1239) Pause Young (Allocation Failure) 305M->4M(633M) 0.227ms
[34.507s][info ][gc,cpu         ] GC(1239) User=0.00s Sys=0.00s Real=0.00s
[34.529s][info ][gc,start       ] GC(1240) Pause Young (Allocation Failure)
[34.529s][debug][gc,age         ] GC(1240) Desired survivor size 1048576 bytes, new threshold 1 (max threshold 15)
[34.529s][info ][gc,heap        ] GC(1240) PSYoungGen: 298080K(299008K)->486K(288256K) Eden: 297984K(297984K)->0K(287744K) From: 96K(1024K)->486K(512K)
[34.529s][info ][gc,heap        ] GC(1240) ParOldGen: 4218K(349696K)->4218K(349696K)
[34.529s][info ][gc,metaspace   ] GC(1240) Metaspace: 9583K(9856K)->9583K(9856K) NonClass: 8514K(8640K)->8514K(8640K) Class: 1069K(1216K)->1069K(1216K)
[34.529s][info ][gc             ] GC(1240) Pause Young (Allocation Failure) 295M->4M(623M) 0.311ms
[34.529s][info ][gc,cpu         ] GC(1240) User=0.00s Sys=0.00s Real=0.00s
[34.550s][info ][gc,start       ] GC(1241) Pause Young (Allocation Failure)
[34.551s][debug][gc,age         ] GC(1241) Desired survivor size 1048576 bytes, new threshold 1 (max threshold 15)
[34.551s][info ][gc,heap        ] GC(1241) PSYoungGen: 287972K(288256K)->454K(279040K) Eden: 287485K(287744K)->0K(278016K) From: 486K(512K)->454K(1024K)
[34.551s][info ][gc,heap        ] GC(1241) ParOldGen: 4218K(349696K)->4218K(349696K)
[34.551s][info ][gc,metaspace   ] GC(1241) Metaspace: 9583K(9856K)->9583K(9856K) NonClass: 8514K(8640K)->8514K(8640K) Class: 1069K(1216K)->1069K(1216K)
[34.551s][info ][gc             ] GC(1241) Pause Young (Allocation Failure) 285M->4M(614M) 0.273ms
[34.551s][info ][gc,cpu         ] GC(1241) User=0.00s Sys=0.00s Real=0.00s
[34.571s][info ][gc,start       ] GC(1242) Pause Young (Allocation Failure)
[34.571s][debug][gc,age         ] GC(1242) Desired survivor size 1048576 bytes, new threshold 1 (max threshold 15)
[34.571s][info ][gc,heap        ] GC(1242) PSYoungGen: 278470K(279040K)->486K(334336K) Eden: 278016K(278016K)->0K(333824K) From: 454K(1024K)->486K(512K)
[34.571s][info ][gc,heap        ] GC(1242) ParOldGen: 4218K(349696K)->4218K(349696K)
[34.571s][info ][gc,metaspace   ] GC(1242) Metaspace: 9583K(9856K)->9583K(9856K) NonClass: 8514K(8640K)->8514K(8640K) Class: 1069K(1216K)->1069K(1216K)
[34.571s][info ][gc             ] GC(1242) Pause Young (Allocation Failure) 276M->4M(668M) 0.343ms
[34.571s][info ][gc,cpu         ] GC(1242) User=0.00s Sys=0.00s Real=0.00s
[34.596s][info ][gc,start       ] GC(1243) Pause Young (Allocation Failure)
[34.596s][debug][gc,age         ] GC(1243) Desired survivor size 1048576 bytes, new threshold 1 (max threshold 15)
[34.596s][info ][gc,heap        ] GC(1243) PSYoungGen: 334062K(334336K)->454K(323072K) Eden: 333575K(333824K)->0K(322048K) From: 486K(512K)->454K(1024K)
[34.596s][info ][gc,heap        ] GC(1243) ParOldGen: 4218K(349696K)->4218K(349696K)
[34.596s][info ][gc,metaspace   ] GC(1243) Metaspace: 9583K(9856K)->9583K(9856K) NonClass: 8514K(8640K)->8514K(8640K) Class: 1069K(1216K)->1069K(1216K)
[34.596s][info ][gc             ] GC(1243) Pause Young (Allocation Failure) 330M->4M(657M) 0.300ms
[34.596s][info ][gc,cpu         ] GC(1243) User=0.00s Sys=0.00s Real=0.00s
[34.619s][info ][gc,start       ] GC(1244) Pause Young (Allocation Failure)
[34.620s][debug][gc,age         ] GC(1244) Desired survivor size 1048576 bytes, new threshold 1 (max threshold 15)
[34.620s][info ][gc,heap        ] GC(1244) PSYoungGen: 322198K(323072K)->486K(311296K) Eden: 321744K(322048K)->0K(310784K) From: 454K(1024K)->486K(512K)
[34.620s][info ][gc,heap        ] GC(1244) ParOldGen: 4218K(349696K)->4218K(349696K)
[34.620s][info ][gc,metaspace   ] GC(1244) Metaspace: 9583K(9856K)->9583K(9856K) NonClass: 8514K(8640K)->8514K(8640K) Class: 1069K(1216K)->1069K(1216K)
[34.620s][info ][gc             ] GC(1244) Pause Young (Allocation Failure) 318M->4M(645M) 0.321ms
[34.620s][info ][gc,cpu         ] GC(1244) User=0.00s Sys=0.00s Real=0.00s
[34.642s][info ][gc,start       ] GC(1245) Pause Young (Allocation Failure)
[34.643s][debug][gc,age         ] GC(1245) Desired survivor size 1048576 bytes, new threshold 1 (max threshold 15)
[34.643s][info ][gc,heap        ] GC(1245) PSYoungGen: 311148K(311296K)->96K(301056K) Eden: 310661K(310784K)->0K(300032K) From: 486K(512K)->96K(1024K)
[34.643s][info ][gc,heap        ] GC(1245) ParOldGen: 4218K(349696K)->4218K(349696K)
[34.643s][info ][gc,metaspace   ] GC(1245) Metaspace: 9583K(9856K)->9583K(9856K) NonClass: 8514K(8640K)->8514K(8640K) Class: 1069K(1216K)->1069K(1216K)
[34.643s][info ][gc             ] GC(1245) Pause Young (Allocation Failure) 307M->4M(635M) 0.293ms
[34.643s][info ][gc,cpu         ] GC(1245) User=0.00s Sys=0.00s Real=0.00s
[34.664s][info ][gc,start       ] GC(1246) Pause Young (Allocation Failure)
[34.665s][debug][gc,age         ] GC(1246) Desired survivor size 1048576 bytes, new threshold 1 (max threshold 15)
[34.665s][info ][gc,heap        ] GC(1246) PSYoungGen: 300010K(301056K)->486K(290304K) Eden: 299914K(300032K)->0K(289792K) From: 96K(1024K)->486K(512K)
[34.665s][info ][gc,heap        ] GC(1246) ParOldGen: 4218K(349696K)->4218K(349696K)
[34.665s][info ][gc,metaspace   ] GC(1246) Metaspace: 9583K(9856K)->9583K(9856K) NonClass: 8514K(8640K)->8514K(8640K) Class: 1069K(1216K)->1069K(1216K)
[34.665s][info ][gc             ] GC(1246) Pause Young (Allocation Failure) 297M->4M(625M) 0.286ms
[34.665s][info ][gc,cpu         ] GC(1246) User=0.00s Sys=0.00s Real=0.00s
[34.686s][info ][gc,start       ] GC(1247) Pause Young (Allocation Failure)
[34.686s][debug][gc,age         ] GC(1247) Desired survivor size 1048576 bytes, new threshold 1 (max threshold 15)
[34.686s][info ][gc,heap        ] GC(1247) PSYoungGen: 289958K(290304K)->96K(281088K) Eden: 289471K(289792K)->0K(280064K) From: 486K(512K)->96K(1024K)
[34.686s][info ][gc,heap        ] GC(1247) ParOldGen: 4218K(349696K)->4218K(349696K)
[34.686s][info ][gc,metaspace   ] GC(1247) Metaspace: 9583K(9856K)->9583K(9856K) NonClass: 8514K(8640K)->8514K(8640K) Class: 1069K(1216K)->1069K(1216K)
[34.686s][info ][gc             ] GC(1247) Pause Young (Allocation Failure) 287M->4M(616M) 0.265ms
[34.686s][info ][gc,cpu         ] GC(1247) User=0.00s Sys=0.00s Real=0.00s
[34.707s][info ][gc,start       ] GC(1248) Pause Young (Allocation Failure)
[34.707s][debug][gc,age         ] GC(1248) Desired survivor size 1048576 bytes, new threshold 1 (max threshold 15)
[34.707s][info ][gc,heap        ] GC(1248) PSYoungGen: 280068K(281088K)->486K(271360K) Eden: 279972K(280064K)->0K(270848K) From: 96K(1024K)->486K(512K)
[34.707s][info ][gc,heap        ] GC(1248) ParOldGen: 4218K(349696K)->4218K(349696K)
[34.707s][info ][gc,metaspace   ] GC(1248) Metaspace: 9583K(9856K)->9583K(9856K) NonClass: 8514K(8640K)->8514K(8640K) Class: 1069K(1216K)->1069K(1216K)
[34.707s][info ][gc             ] GC(1248) Pause Young (Allocation Failure) 277M->4M(606M) 0.260ms
[34.707s][info ][gc,cpu         ] GC(1248) User=0.00s Sys=0.00s Real=0.00s
[34.727s][info ][gc,start       ] GC(1249) Pause Young (Allocation Failure)
[34.727s][debug][gc,age         ] GC(1249) Desired survivor size 1048576 bytes, new threshold 1 (max threshold 15)
[34.727s][info ][gc,heap        ] GC(1249) PSYoungGen: 271283K(271360K)->454K(263168K) Eden: 270796K(270848K)->0K(262144K) From: 486K(512K)->454K(1024K)
[34.727s][info ][gc,heap        ] GC(1249) ParOldGen: 4218K(349696K)->4218K(349696K)
[34.727s][info ][gc,metaspace   ] GC(1249) Metaspace: 9583K(9856K)->9583K(9856K) NonClass: 8514K(8640K)->8514K(8640K) Class: 1069K(1216K)->1069K(1216K)
[34.727s][info ][gc             ] GC(1249) Pause Young (Allocation Failure) 269M->4M(598M) 0.251ms
[34.727s][info ][gc,cpu         ] GC(1249) User=0.00s Sys=0.00s Real=0.00s
[34.747s][info ][gc,start       ] GC(1250) Pause Young (Allocation Failure)
[34.747s][debug][gc,age         ] GC(1250) Desired survivor size 1048576 bytes, new threshold 1 (max threshold 15)
[34.747s][info ][gc,heap        ] GC(1250) PSYoungGen: 262594K(263168K)->96K(253952K) Eden: 262139K(262144K)->0K(253440K) From: 454K(1024K)->96K(512K)
[34.747s][info ][gc,heap        ] GC(1250) ParOldGen: 4218K(349696K)->4218K(349696K)
[34.747s][info ][gc,metaspace   ] GC(1250) Metaspace: 9583K(9856K)->9583K(9856K) NonClass: 8514K(8640K)->8514K(8640K) Class: 1069K(1216K)->1069K(1216K)
[34.747s][info ][gc             ] GC(1250) Pause Young (Allocation Failure) 260M->4M(589M) 0.264ms
[34.747s][info ][gc,cpu         ] GC(1250) User=0.00s Sys=0.00s Real=0.00s
[34.766s][info ][gc,start       ] GC(1251) Pause Young (Allocation Failure)
[34.766s][debug][gc,age         ] GC(1251) Desired survivor size 1048576 bytes, new threshold 1 (max threshold 15)
[34.766s][info ][gc,heap        ] GC(1251) PSYoungGen: 253373K(253952K)->96K(246272K) Eden: 253277K(253440K)->0K(245248K) From: 96K(512K)->96K(1024K)
[34.766s][info ][gc,heap        ] GC(1251) ParOldGen: 4218K(349696K)->4218K(349696K)
[34.766s][info ][gc,metaspace   ] GC(1251) Metaspace: 9583K(9856K)->9583K(9856K) NonClass: 8514K(8640K)->8514K(8640K) Class: 1069K(1216K)->1069K(1216K)
[34.766s][info ][gc             ] GC(1251) Pause Young (Allocation Failure) 251M->4M(582M) 0.216ms
[34.766s][info ][gc,cpu         ] GC(1251) User=0.00s Sys=0.00s Real=0.00s
[34.784s][info ][gc,start       ] GC(1252) Pause Young (Allocation Failure)
[34.784s][debug][gc,age         ] GC(1252) Desired survivor size 1048576 bytes, new threshold 1 (max threshold 15)
[34.784s][info ][gc,heap        ] GC(1252) PSYoungGen: 245187K(246272K)->96K(238080K) Eden: 245091K(245248K)->0K(237568K) From: 96K(1024K)->96K(512K)
[34.784s][info ][gc,heap        ] GC(1252) ParOldGen: 4218K(349696K)->4218K(349696K)
[34.784s][info ][gc,metaspace   ] GC(1252) Metaspace: 9583K(9856K)->9583K(9856K) NonClass: 8514K(8640K)->8514K(8640K) Class: 1069K(1216K)->1069K(1216K)
[34.784s][info ][gc             ] GC(1252) Pause Young (Allocation Failure) 243M->4M(574M) 0.250ms
[34.784s][info ][gc,cpu         ] GC(1252) User=0.00s Sys=0.00s Real=0.00s
[34.802s][info ][gc,start       ] GC(1253) Pause Young (Allocation Failure)
[34.802s][debug][gc,age         ] GC(1253) Desired survivor size 1048576 bytes, new threshold 1 (max threshold 15)
[34.802s][info ][gc,heap        ] GC(1253) PSYoungGen: 237370K(238080K)->96K(231424K) Eden: 237274K(237568K)->0K(230400K) From: 96K(512K)->96K(1024K)
[34.802s][info ][gc,heap        ] GC(1253) ParOldGen: 4218K(349696K)->4218K(349696K)
[34.802s][info ][gc,metaspace   ] GC(1253) Metaspace: 9583K(9856K)->9583K(9856K) NonClass: 8514K(8640K)->8514K(8640K) Class: 1069K(1216K)->1069K(1216K)
[34.802s][info ][gc             ] GC(1253) Pause Young (Allocation Failure) 235M->4M(567M) 0.255ms
[34.802s][info ][gc,cpu         ] GC(1253) User=0.00s Sys=0.00s Real=0.00s
[34.819s][info ][gc,start       ] GC(1254) Pause Young (Allocation Failure)
[34.819s][debug][gc,age         ] GC(1254) Desired survivor size 1048576 bytes, new threshold 1 (max threshold 15)
[34.819s][info ][gc,heap        ] GC(1254) PSYoungGen: 230154K(231424K)->486K(276992K) Eden: 230058K(230400K)->0K(276480K) From: 96K(1024K)->486K(512K)
[34.819s][info ][gc,heap        ] GC(1254) ParOldGen: 4218K(349696K)->4218K(349696K)
[34.819s][info ][gc,metaspace   ] GC(1254) Metaspace: 9583K(9856K)->9583K(9856K) NonClass: 8514K(8640K)->8514K(8640K) Class: 1069K(1216K)->1069K(1216K)
[34.819s][info ][gc             ] GC(1254) Pause Young (Allocation Failure) 228M->4M(612M) 0.265ms
[34.819s][info ][gc,cpu         ] GC(1254) User=0.00s Sys=0.00s Real=0.00s
[34.839s][info ][gc,start       ] GC(1255) Pause Young (Allocation Failure)
[34.840s][debug][gc,age         ] GC(1255) Desired survivor size 1048576 bytes, new threshold 1 (max threshold 15)
[34.840s][info ][gc,heap        ] GC(1255) PSYoungGen: 276614K(276992K)->96K(332800K) Eden: 276127K(276480K)->0K(331776K) From: 486K(512K)->96K(1024K)
[34.840s][info ][gc,heap        ] GC(1255) ParOldGen: 4218K(349696K)->4218K(349696K)
[34.840s][info ][gc,metaspace   ] GC(1255) Metaspace: 9583K(9856K)->9583K(9856K) NonClass: 8514K(8640K)->8514K(8640K) Class: 1069K(1216K)->1069K(1216K)
[34.840s][info ][gc             ] GC(1255) Pause Young (Allocation Failure) 274M->4M(666M) 0.275ms
[34.840s][info ][gc,cpu         ] GC(1255) User=0.00s Sys=0.00s Real=0.00s
[34.863s][info ][gc,start       ] GC(1256) Pause Young (Allocation Failure)
[34.864s][debug][gc,age         ] GC(1256) Desired survivor size 1048576 bytes, new threshold 1 (max threshold 15)
[34.864s][info ][gc,heap        ] GC(1256) PSYoungGen: 331872K(332800K)->486K(320512K) Eden: 331776K(331776K)->0K(320000K) From: 96K(1024K)->486K(512K)
[34.864s][info ][gc,heap        ] GC(1256) ParOldGen: 4218K(349696K)->4218K(349696K)
[34.864s][info ][gc,metaspace   ] GC(1256) Metaspace: 9583K(9856K)->9583K(9856K) NonClass: 8514K(8640K)->8514K(8640K) Class: 1069K(1216K)->1069K(1216K)
[34.864s][info ][gc             ] GC(1256) Pause Young (Allocation Failure) 328M->4M(654M) 0.275ms
[34.864s][info ][gc,cpu         ] GC(1256) User=0.00s Sys=0.00s Real=0.00s
[34.887s][info ][gc,start       ] GC(1257) Pause Young (Allocation Failure)
[34.887s][debug][gc,age         ] GC(1257) Desired survivor size 1048576 bytes, new threshold 1 (max threshold 15)
[34.887s][info ][gc,heap        ] GC(1257) PSYoungGen: 320486K(320512K)->486K(309760K) Eden: 320000K(320000K)->0K(308736K) From: 486K(512K)->486K(1024K)
[34.887s][info ][gc,heap        ] GC(1257) ParOldGen: 4218K(349696K)->4218K(349696K)
[34.887s][info ][gc,metaspace   ] GC(1257) Metaspace: 9583K(9856K)->9583K(9856K) NonClass: 8514K(8640K)->8514K(8640K) Class: 1069K(1216K)->1069K(1216K)
[34.887s][info ][gc             ] GC(1257) Pause Young (Allocation Failure) 317M->4M(644M) 0.234ms
[34.887s][info ][gc,cpu         ] GC(1257) User=0.00s Sys=0.00s Real=0.00s
[34.910s][info ][gc,start       ] GC(1258) Pause Young (Allocation Failure)
[34.910s][debug][gc,age         ] GC(1258) Desired survivor size 1048576 bytes, new threshold 1 (max threshold 15)
[34.910s][info ][gc,heap        ] GC(1258) PSYoungGen: 309095K(309760K)->486K(298496K) Eden: 308608K(308736K)->0K(297984K) From: 486K(1024K)->486K(512K)
[34.910s][info ][gc,heap        ] GC(1258) ParOldGen: 4218K(349696K)->4218K(349696K)
[34.910s][info ][gc,metaspace   ] GC(1258) Metaspace: 9583K(9856K)->9583K(9856K) NonClass: 8514K(8640K)->8514K(8640K) Class: 1069K(1216K)->1069K(1216K)
[34.910s][info ][gc             ] GC(1258) Pause Young (Allocation Failure) 305M->4M(633M) 0.317ms
[34.910s][info ][gc,cpu         ] GC(1258) User=0.00s Sys=0.00s Real=0.00s
[34.932s][info ][gc,start       ] GC(1259) Pause Young (Allocation Failure)
[34.932s][debug][gc,age         ] GC(1259) Desired survivor size 1048576 bytes, new threshold 1 (max threshold 15)
[34.932s][info ][gc,heap        ] GC(1259) PSYoungGen: 298173K(298496K)->454K(288768K) Eden: 297687K(297984K)->0K(287744K) From: 486K(512K)->454K(1024K)
[34.932s][info ][gc,heap        ] GC(1259) ParOldGen: 4218K(349696K)->4218K(349696K)
[34.932s][info ][gc,metaspace   ] GC(1259) Metaspace: 9583K(9856K)->9583K(9856K) NonClass: 8514K(8640K)->8514K(8640K) Class: 1069K(1216K)->1069K(1216K)
[34.932s][info ][gc             ] GC(1259) Pause Young (Allocation Failure) 295M->4M(623M) 0.225ms
[34.932s][info ][gc,cpu         ] GC(1259) User=0.00s Sys=0.00s Real=0.00s
[34.953s][info ][gc,start       ] GC(1260) Pause Young (Allocation Failure)
[34.954s][debug][gc,age         ] GC(1260) Desired survivor size 1048576 bytes, new threshold 1 (max threshold 15)
[34.954s][info ][gc,heap        ] GC(1260) PSYoungGen: 287942K(288768K)->96K(278528K) Eden: 287487K(287744K)->0K(278016K) From: 454K(1024K)->96K(512K)
[34.954s][info ][gc,heap        ] GC(1260) ParOldGen: 4218K(349696K)->4218K(349696K)
[34.954s][info ][gc,metaspace   ] GC(1260) Metaspace: 9583K(9856K)->9583K(9856K) NonClass: 8514K(8640K)->8514K(8640K) Class: 1069K(1216K)->1069K(1216K)
[34.954s][info ][gc             ] GC(1260) Pause Young (Allocation Failure) 285M->4M(613M) 0.306ms
[34.954s][info ][gc,cpu         ] GC(1260) User=0.00s Sys=0.00s Real=0.00s
[34.974s][info ][gc,start       ] GC(1261) Pause Young (Allocation Failure)
[34.974s][debug][gc,age         ] GC(1261) Desired survivor size 1048576 bytes, new threshold 1 (max threshold 15)
[34.974s][info ][gc,heap        ] GC(1261) PSYoungGen: 277833K(278528K)->486K(269824K) Eden: 277737K(278016K)->0K(268800K) From: 96K(512K)->486K(1024K)
[34.974s][info ][gc,heap        ] GC(1261) ParOldGen: 4218K(349696K)->4218K(349696K)
[34.974s][info ][gc,metaspace   ] GC(1261) Metaspace: 9583K(9856K)->9583K(9856K) NonClass: 8514K(8640K)->8514K(8640K) Class: 1069K(1216K)->1069K(1216K)
[34.974s][info ][gc             ] GC(1261) Pause Young (Allocation Failure) 275M->4M(605M) 0.263ms
[34.974s][info ][gc,cpu         ] GC(1261) User=0.00s Sys=0.00s Real=0.00s
[34.994s][info ][gc,start       ] GC(1262) Pause Young (Allocation Failure)
[34.994s][debug][gc,age         ] GC(1262) Desired survivor size 1048576 bytes, new threshold 1 (max threshold 15)
[34.994s][info ][gc,heap        ] GC(1262) PSYoungGen: 269178K(269824K)->486K(260608K) Eden: 268691K(268800K)->0K(260096K) From: 486K(1024K)->486K(512K)
[34.994s][info ][gc,heap        ] GC(1262) ParOldGen: 4218K(349696K)->4218K(349696K)
[34.994s][info ][gc,metaspace   ] GC(1262) Metaspace: 9583K(9856K)->9583K(9856K) NonClass: 8514K(8640K)->8514K(8640K) Class: 1069K(1216K)->1069K(1216K)
[34.994s][info ][gc             ] GC(1262) Pause Young (Allocation Failure) 266M->4M(596M) 0.286ms
[34.994s][info ][gc,cpu         ] GC(1262) User=0.00s Sys=0.00s Real=0.00s
[35.013s][info ][gc,start       ] GC(1263) Pause Young (Allocation Failure)
[35.013s][debug][gc,age         ] GC(1263) Desired survivor size 1048576 bytes, new threshold 1 (max threshold 15)
[35.013s][info ][gc,heap        ] GC(1263) PSYoungGen: 260582K(260608K)->96K(252928K) Eden: 260096K(260096K)->0K(251904K) From: 486K(512K)->96K(1024K)
[35.013s][info ][gc,heap        ] GC(1263) ParOldGen: 4218K(349696K)->4218K(349696K)
[35.013s][info ][gc,metaspace   ] GC(1263) Metaspace: 9583K(9856K)->9583K(9856K) NonClass: 8514K(8640K)->8514K(8640K) Class: 1069K(1216K)->1069K(1216K)
[35.013s][info ][gc             ] GC(1263) Pause Young (Allocation Failure) 258M->4M(588M) 0.380ms
[35.013s][info ][gc,cpu         ] GC(1263) User=0.00s Sys=0.00s Real=0.00s
[35.032s][info ][gc,start       ] GC(1264) Pause Young (Allocation Failure)
[35.032s][debug][gc,age         ] GC(1264) Desired survivor size 1048576 bytes, new threshold 1 (max threshold 15)
[35.033s][info ][gc,heap        ] GC(1264) PSYoungGen: 251891K(252928K)->486K(244224K) Eden: 251795K(251904K)->0K(243712K) From: 96K(1024K)->486K(512K)
[35.033s][info ][gc,heap        ] GC(1264) ParOldGen: 4218K(349696K)->4218K(349696K)
[35.033s][info ][gc,metaspace   ] GC(1264) Metaspace: 9583K(9856K)->9583K(9856K) NonClass: 8514K(8640K)->8514K(8640K) Class: 1069K(1216K)->1069K(1216K)
[35.033s][info ][gc             ] GC(1264) Pause Young (Allocation Failure) 250M->4M(580M) 0.408ms
[35.033s][info ][gc,cpu         ] GC(1264) User=0.00s Sys=0.00s Real=0.00s
[35.050s][info ][gc,start       ] GC(1265) Pause Young (Allocation Failure)
[35.051s][debug][gc,age         ] GC(1265) Desired survivor size 1048576 bytes, new threshold 1 (max threshold 15)
[35.051s][info ][gc,heap        ] GC(1265) PSYoungGen: 243831K(244224K)->96K(293888K) Eden: 243345K(243712K)->0K(292864K) From: 486K(512K)->96K(1024K)
[35.051s][info ][gc,heap        ] GC(1265) ParOldGen: 4218K(349696K)->4218K(349696K)
[35.051s][info ][gc,metaspace   ] GC(1265) Metaspace: 9583K(9856K)->9583K(9856K) NonClass: 8514K(8640K)->8514K(8640K) Class: 1069K(1216K)->1069K(1216K)
[35.051s][info ][gc             ] GC(1265) Pause Young (Allocation Failure) 242M->4M(628M) 0.300ms
[35.051s][info ][gc,cpu         ] GC(1265) User=0.00s Sys=0.00s Real=0.00s
[35.072s][info ][gc,start       ] GC(1266) Pause Young (Allocation Failure)
[35.073s][debug][gc,age         ] GC(1266) Desired survivor size 1048576 bytes, new threshold 1 (max threshold 15)
[35.073s][info ][gc,heap        ] GC(1266) PSYoungGen: 292618K(293888K)->454K(340480K) Eden: 292522K(292864K)->0K(339456K) From: 96K(1024K)->454K(1024K)
[35.073s][info ][gc,heap        ] GC(1266) ParOldGen: 4218K(349696K)->4218K(349696K)
[35.073s][info ][gc,metaspace   ] GC(1266) Metaspace: 9583K(9856K)->9583K(9856K) NonClass: 8514K(8640K)->8514K(8640K) Class: 1069K(1216K)->1069K(1216K)
[35.073s][info ][gc             ] GC(1266) Pause Young (Allocation Failure) 289M->4M(674M) 0.314ms
[35.073s][info ][gc,cpu         ] GC(1266) User=0.00s Sys=0.00s Real=0.00s
[35.097s][info ][gc,start       ] GC(1267) Pause Young (Allocation Failure)
[35.097s][debug][gc,age         ] GC(1267) Desired survivor size 1048576 bytes, new threshold 1 (max threshold 15)
[35.097s][info ][gc,heap        ] GC(1267) PSYoungGen: 339910K(340480K)->454K(340480K) Eden: 339456K(339456K)->0K(339456K) From: 454K(1024K)->454K(1024K)
[35.097s][info ][gc,heap        ] GC(1267) ParOldGen: 4218K(349696K)->4218K(349696K)
[35.097s][info ][gc,metaspace   ] GC(1267) Metaspace: 9583K(9856K)->9583K(9856K) NonClass: 8514K(8640K)->8514K(8640K) Class: 1069K(1216K)->1069K(1216K)
[35.097s][info ][gc             ] GC(1267) Pause Young (Allocation Failure) 336M->4M(674M) 0.282ms
[35.097s][info ][gc,cpu         ] GC(1267) User=0.00s Sys=0.00s Real=0.00s
[35.122s][info ][gc,start       ] GC(1268) Pause Young (Allocation Failure)
[35.122s][debug][gc,age         ] GC(1268) Desired survivor size 1048576 bytes, new threshold 1 (max threshold 15)
[35.122s][info ][gc,heap        ] GC(1268) PSYoungGen: 339910K(340480K)->96K(328192K) Eden: 339456K(339456K)->0K(327680K) From: 454K(1024K)->96K(512K)
[35.122s][info ][gc,heap        ] GC(1268) ParOldGen: 4218K(349696K)->4218K(349696K)
[35.122s][info ][gc,metaspace   ] GC(1268) Metaspace: 9583K(9856K)->9583K(9856K) NonClass: 8514K(8640K)->8514K(8640K) Class: 1069K(1216K)->1069K(1216K)
[35.122s][info ][gc             ] GC(1268) Pause Young (Allocation Failure) 336M->4M(662M) 0.243ms
[35.122s][info ][gc,cpu         ] GC(1268) User=0.00s Sys=0.00s Real=0.00s
[35.146s][info ][gc,start       ] GC(1269) Pause Young (Allocation Failure)
[35.146s][debug][gc,age         ] GC(1269) Desired survivor size 1048576 bytes, new threshold 1 (max threshold 15)
[35.146s][info ][gc,heap        ] GC(1269) PSYoungGen: 327640K(328192K)->64K(317440K) Eden: 327544K(327680K)->0K(316416K) From: 96K(512K)->64K(1024K)
[35.146s][info ][gc,heap        ] GC(1269) ParOldGen: 4218K(349696K)->4218K(349696K)
[35.146s][info ][gc,metaspace   ] GC(1269) Metaspace: 9583K(9856K)->9583K(9856K) NonClass: 8514K(8640K)->8514K(8640K) Class: 1069K(1216K)->1069K(1216K)
[35.146s][info ][gc             ] GC(1269) Pause Young (Allocation Failure) 324M->4M(651M) 0.291ms
[35.146s][info ][gc,cpu         ] GC(1269) User=0.00s Sys=0.00s Real=0.00s
[35.169s][info ][gc,start       ] GC(1270) Pause Young (Allocation Failure)
[35.169s][debug][gc,age         ] GC(1270) Desired survivor size 1048576 bytes, new threshold 1 (max threshold 15)
[35.169s][info ][gc,heap        ] GC(1270) PSYoungGen: 316480K(317440K)->486K(306176K) Eden: 316416K(316416K)->0K(305664K) From: 64K(1024K)->486K(512K)
[35.169s][info ][gc,heap        ] GC(1270) ParOldGen: 4218K(349696K)->4218K(349696K)
[35.169s][info ][gc,metaspace   ] GC(1270) Metaspace: 9583K(9856K)->9583K(9856K) NonClass: 8514K(8640K)->8514K(8640K) Class: 1069K(1216K)->1069K(1216K)
[35.169s][info ][gc             ] GC(1270) Pause Young (Allocation Failure) 313M->4M(640M) 0.281ms
[35.169s][info ][gc,cpu         ] GC(1270) User=0.00s Sys=0.00s Real=0.00s
[35.192s][info ][gc,start       ] GC(1271) Pause Young (Allocation Failure)
[35.192s][debug][gc,age         ] GC(1271) Desired survivor size 1048576 bytes, new threshold 1 (max threshold 15)
[35.192s][info ][gc,heap        ] GC(1271) PSYoungGen: 305836K(306176K)->454K(296448K) Eden: 305349K(305664K)->0K(295424K) From: 486K(512K)->454K(1024K)
[35.192s][info ][gc,heap        ] GC(1271) ParOldGen: 4218K(349696K)->4218K(349696K)
[35.192s][info ][gc,metaspace   ] GC(1271) Metaspace: 9583K(9856K)->9583K(9856K) NonClass: 8514K(8640K)->8514K(8640K) Class: 1069K(1216K)->1069K(1216K)
[35.192s][info ][gc             ] GC(1271) Pause Young (Allocation Failure) 302M->4M(631M) 0.263ms
[35.192s][info ][gc,cpu         ] GC(1271) User=0.00s Sys=0.00s Real=0.00s
[35.214s][info ][gc,start       ] GC(1272) Pause Young (Allocation Failure)
[35.214s][debug][gc,age         ] GC(1272) Desired survivor size 1048576 bytes, new threshold 1 (max threshold 15)
[35.214s][info ][gc,heap        ] GC(1272) PSYoungGen: 295827K(296448K)->486K(286208K) Eden: 295372K(295424K)->0K(285696K) From: 454K(1024K)->486K(512K)
[35.214s][info ][gc,heap        ] GC(1272) ParOldGen: 4218K(349696K)->4218K(349696K)
[35.214s][info ][gc,metaspace   ] GC(1272) Metaspace: 9583K(9856K)->9583K(9856K) NonClass: 8514K(8640K)->8514K(8640K) Class: 1069K(1216K)->1069K(1216K)
[35.214s][info ][gc             ] GC(1272) Pause Young (Allocation Failure) 293M->4M(621M) 0.319ms
[35.214s][info ][gc,cpu         ] GC(1272) User=0.00s Sys=0.00s Real=0.00s
[35.235s][info ][gc,start       ] GC(1273) Pause Young (Allocation Failure)
[35.235s][debug][gc,age         ] GC(1273) Desired survivor size 1048576 bytes, new threshold 1 (max threshold 15)
[35.235s][info ][gc,heap        ] GC(1273) PSYoungGen: 285862K(286208K)->64K(276992K) Eden: 285375K(285696K)->0K(275968K) From: 486K(512K)->64K(1024K)
[35.235s][info ][gc,heap        ] GC(1273) ParOldGen: 4218K(349696K)->4218K(349696K)
[35.235s][info ][gc,metaspace   ] GC(1273) Metaspace: 9583K(9856K)->9583K(9856K) NonClass: 8514K(8640K)->8514K(8640K) Class: 1069K(1216K)->1069K(1216K)
[35.235s][info ][gc             ] GC(1273) Pause Young (Allocation Failure) 283M->4M(612M) 0.233ms
[35.235s][info ][gc,cpu         ] GC(1273) User=0.00s Sys=0.00s Real=0.01s
[35.255s][info ][gc,start       ] GC(1274) Pause Young (Allocation Failure)
[35.256s][debug][gc,age         ] GC(1274) Desired survivor size 1048576 bytes, new threshold 1 (max threshold 15)
[35.256s][info ][gc,heap        ] GC(1274) PSYoungGen: 275819K(276992K)->96K(267264K) Eden: 275755K(275968K)->0K(266752K) From: 64K(1024K)->96K(512K)
[35.256s][info ][gc,heap        ] GC(1274) ParOldGen: 4218K(349696K)->4218K(349696K)
[35.256s][info ][gc,metaspace   ] GC(1274) Metaspace: 9583K(9856K)->9583K(9856K) NonClass: 8514K(8640K)->8514K(8640K) Class: 1069K(1216K)->1069K(1216K)
[35.256s][info ][gc             ] GC(1274) Pause Young (Allocation Failure) 273M->4M(602M) 0.288ms
[35.256s][info ][gc,cpu         ] GC(1274) User=0.00s Sys=0.00s Real=0.00s
[35.275s][info ][gc,start       ] GC(1275) Pause Young (Allocation Failure)
[35.276s][debug][gc,age         ] GC(1275) Desired survivor size 1048576 bytes, new threshold 1 (max threshold 15)
[35.276s][info ][gc,heap        ] GC(1275) PSYoungGen: 266835K(267264K)->486K(259072K) Eden: 266739K(266752K)->0K(258048K) From: 96K(512K)->486K(1024K)
[35.276s][info ][gc,heap        ] GC(1275) ParOldGen: 4218K(349696K)->4218K(349696K)
[35.276s][info ][gc,metaspace   ] GC(1275) Metaspace: 9583K(9856K)->9583K(9856K) NonClass: 8514K(8640K)->8514K(8640K) Class: 1069K(1216K)->1069K(1216K)
[35.276s][info ][gc             ] GC(1275) Pause Young (Allocation Failure) 264M->4M(594M) 0.268ms
[35.276s][info ][gc,cpu         ] GC(1275) User=0.00s Sys=0.00s Real=0.00s
[35.295s][info ][gc,start       ] GC(1276) Pause Young (Allocation Failure)
[35.295s][debug][gc,age         ] GC(1276) Desired survivor size 1048576 bytes, new threshold 1 (max threshold 15)
[35.295s][info ][gc,heap        ] GC(1276) PSYoungGen: 258494K(259072K)->96K(250368K) Eden: 258007K(258048K)->0K(249856K) From: 486K(1024K)->96K(512K)
[35.295s][info ][gc,heap        ] GC(1276) ParOldGen: 4218K(349696K)->4218K(349696K)
[35.295s][info ][gc,metaspace   ] GC(1276) Metaspace: 9583K(9856K)->9583K(9856K) NonClass: 8514K(8640K)->8514K(8640K) Class: 1069K(1216K)->1069K(1216K)
[35.295s][info ][gc             ] GC(1276) Pause Young (Allocation Failure) 256M->4M(586M) 0.272ms
[35.295s][info ][gc,cpu         ] GC(1276) User=0.00s Sys=0.00s Real=0.00s
[35.313s][info ][gc,start       ] GC(1277) Pause Young (Allocation Failure)
[35.314s][debug][gc,age         ] GC(1277) Desired survivor size 1048576 bytes, new threshold 1 (max threshold 15)
[35.314s][info ][gc,heap        ] GC(1277) PSYoungGen: 249698K(250368K)->486K(243200K) Eden: 249602K(249856K)->0K(242176K) From: 96K(512K)->486K(1024K)
[35.314s][info ][gc,heap        ] GC(1277) ParOldGen: 4218K(349696K)->4218K(349696K)
[35.314s][info ][gc,metaspace   ] GC(1277) Metaspace: 9583K(9856K)->9583K(9856K) NonClass: 8514K(8640K)->8514K(8640K) Class: 1069K(1216K)->1069K(1216K)
[35.314s][info ][gc             ] GC(1277) Pause Young (Allocation Failure) 247M->4M(579M) 0.243ms
[35.314s][info ][gc,cpu         ] GC(1277) User=0.00s Sys=0.00s Real=0.00s
[35.331s][info ][gc,start       ] GC(1278) Pause Young (Allocation Failure)
[35.331s][debug][gc,age         ] GC(1278) Desired survivor size 1048576 bytes, new threshold 1 (max threshold 15)
[35.331s][info ][gc,heap        ] GC(1278) PSYoungGen: 242662K(243200K)->486K(291328K) Eden: 242176K(242176K)->0K(290816K) From: 486K(1024K)->486K(512K)
[35.331s][info ][gc,heap        ] GC(1278) ParOldGen: 4218K(349696K)->4218K(349696K)
[35.331s][info ][gc,metaspace   ] GC(1278) Metaspace: 9583K(9856K)->9583K(9856K) NonClass: 8514K(8640K)->8514K(8640K) Class: 1069K(1216K)->1069K(1216K)
[35.331s][info ][gc             ] GC(1278) Pause Young (Allocation Failure) 241M->4M(626M) 0.298ms
[35.331s][info ][gc,cpu         ] GC(1278) User=0.00s Sys=0.00s Real=0.00s
[35.353s][info ][gc,start       ] GC(1279) Pause Young (Allocation Failure)
[35.353s][debug][gc,age         ] GC(1279) Desired survivor size 1048576 bytes, new threshold 1 (max threshold 15)
[35.353s][info ][gc,heap        ] GC(1279) PSYoungGen: 291124K(291328K)->486K(345088K) Eden: 290637K(290816K)->0K(344064K) From: 486K(512K)->486K(1024K)
[35.353s][info ][gc,heap        ] GC(1279) ParOldGen: 4218K(349696K)->4218K(349696K)
[35.353s][info ][gc,metaspace   ] GC(1279) Metaspace: 9583K(9856K)->9583K(9856K) NonClass: 8514K(8640K)->8514K(8640K) Class: 1069K(1216K)->1069K(1216K)
[35.353s][info ][gc             ] GC(1279) Pause Young (Allocation Failure) 288M->4M(678M) 0.291ms
[35.353s][info ][gc,cpu         ] GC(1279) User=0.00s Sys=0.00s Real=0.00s
[35.378s][info ][gc,start       ] GC(1280) Pause Young (Allocation Failure)
[35.378s][debug][gc,age         ] GC(1280) Desired survivor size 1048576 bytes, new threshold 1 (max threshold 15)
[35.379s][info ][gc,heap        ] GC(1280) PSYoungGen: 344295K(345088K)->486K(332288K) Eden: 343808K(344064K)->0K(331776K) From: 486K(1024K)->486K(512K)
[35.379s][info ][gc,heap        ] GC(1280) ParOldGen: 4218K(349696K)->4218K(349696K)
[35.379s][info ][gc,metaspace   ] GC(1280) Metaspace: 9583K(9856K)->9583K(9856K) NonClass: 8514K(8640K)->8514K(8640K) Class: 1069K(1216K)->1069K(1216K)
[35.379s][info ][gc             ] GC(1280) Pause Young (Allocation Failure) 340M->4M(666M) 0.259ms
[35.379s][info ][gc,cpu         ] GC(1280) User=0.00s Sys=0.00s Real=0.00s
[35.403s][info ][gc,start       ] GC(1281) Pause Young (Allocation Failure)
[35.403s][debug][gc,age         ] GC(1281) Desired survivor size 1048576 bytes, new threshold 1 (max threshold 15)
[35.403s][info ][gc,heap        ] GC(1281) PSYoungGen: 332218K(332288K)->64K(321024K) Eden: 331731K(331776K)->0K(320000K) From: 486K(512K)->64K(1024K)
[35.403s][info ][gc,heap        ] GC(1281) ParOldGen: 4218K(349696K)->4218K(349696K)
[35.403s][info ][gc,metaspace   ] GC(1281) Metaspace: 9583K(9856K)->9583K(9856K) NonClass: 8514K(8640K)->8514K(8640K) Class: 1069K(1216K)->1069K(1216K)
[35.403s][info ][gc             ] GC(1281) Pause Young (Allocation Failure) 328M->4M(655M) 0.240ms
[35.403s][info ][gc,cpu         ] GC(1281) User=0.01s Sys=0.00s Real=0.00s
[35.427s][info ][gc,start       ] GC(1282) Pause Young (Allocation Failure)
[35.427s][debug][gc,age         ] GC(1282) Desired survivor size 1048576 bytes, new threshold 1 (max threshold 15)
[35.427s][info ][gc,heap        ] GC(1282) PSYoungGen: 319893K(321024K)->486K(309248K) Eden: 319829K(320000K)->0K(308736K) From: 64K(1024K)->486K(512K)
[35.427s][info ][gc,heap        ] GC(1282) ParOldGen: 4218K(349696K)->4218K(349696K)
[35.427s][info ][gc,metaspace   ] GC(1282) Metaspace: 9583K(9856K)->9583K(9856K) NonClass: 8514K(8640K)->8514K(8640K) Class: 1069K(1216K)->1069K(1216K)
[35.427s][info ][gc             ] GC(1282) Pause Young (Allocation Failure) 316M->4M(643M) 0.270ms
[35.427s][info ][gc,cpu         ] GC(1282) User=0.00s Sys=0.00s Real=0.00s
[35.450s][info ][gc,start       ] GC(1283) Pause Young (Allocation Failure)
[35.450s][debug][gc,age         ] GC(1283) Desired survivor size 1048576 bytes, new threshold 1 (max threshold 15)
[35.450s][info ][gc,heap        ] GC(1283) PSYoungGen: 309070K(309248K)->486K(299008K) Eden: 308584K(308736K)->0K(297984K) From: 486K(512K)->486K(1024K)
[35.450s][info ][gc,heap        ] GC(1283) ParOldGen: 4218K(349696K)->4218K(349696K)
[35.450s][info ][gc,metaspace   ] GC(1283) Metaspace: 9583K(9856K)->9583K(9856K) NonClass: 8514K(8640K)->8514K(8640K) Class: 1069K(1216K)->1069K(1216K)
[35.450s][info ][gc             ] GC(1283) Pause Young (Allocation Failure) 305M->4M(633M) 0.279ms
[35.450s][info ][gc,cpu         ] GC(1283) User=0.00s Sys=0.00s Real=0.00s
[35.472s][info ][gc,start       ] GC(1284) Pause Young (Allocation Failure)
[35.472s][debug][gc,age         ] GC(1284) Desired survivor size 1048576 bytes, new threshold 1 (max threshold 15)
[35.472s][info ][gc,heap        ] GC(1284) PSYoungGen: 298286K(299008K)->454K(288256K) Eden: 297799K(297984K)->0K(287744K) From: 486K(1024K)->454K(512K)
[35.472s][info ][gc,heap        ] GC(1284) ParOldGen: 4218K(349696K)->4218K(349696K)
[35.472s][info ][gc,metaspace   ] GC(1284) Metaspace: 9583K(9856K)->9583K(9856K) NonClass: 8514K(8640K)->8514K(8640K) Class: 1069K(1216K)->1069K(1216K)
[35.472s][info ][gc             ] GC(1284) Pause Young (Allocation Failure) 295M->4M(623M) 0.260ms
[35.472s][info ][gc,cpu         ] GC(1284) User=0.00s Sys=0.00s Real=0.00s
[35.493s][info ][gc,start       ] GC(1285) Pause Young (Allocation Failure)
[35.493s][debug][gc,age         ] GC(1285) Desired survivor size 1048576 bytes, new threshold 1 (max threshold 15)
[35.494s][info ][gc,heap        ] GC(1285) PSYoungGen: 287881K(288256K)->454K(279040K) Eden: 287426K(287744K)->0K(278016K) From: 454K(512K)->454K(1024K)
[35.494s][info ][gc,heap        ] GC(1285) ParOldGen: 4218K(349696K)->4218K(349696K)
[35.494s][info ][gc,metaspace   ] GC(1285) Metaspace: 9583K(9856K)->9583K(9856K) NonClass: 8514K(8640K)->8514K(8640K) Class: 1069K(1216K)->1069K(1216K)
[35.494s][info ][gc             ] GC(1285) Pause Young (Allocation Failure) 285M->4M(614M) 0.268ms
[35.494s][info ][gc,cpu         ] GC(1285) User=0.00s Sys=0.00s Real=0.00s
[35.514s][info ][gc,start       ] GC(1286) Pause Young (Allocation Failure)
[35.514s][debug][gc,age         ] GC(1286) Desired survivor size 1048576 bytes, new threshold 1 (max threshold 15)
[35.514s][info ][gc,heap        ] GC(1286) PSYoungGen: 278220K(279040K)->96K(269312K) Eden: 277765K(278016K)->0K(268800K) From: 454K(1024K)->96K(512K)
[35.514s][info ][gc,heap        ] GC(1286) ParOldGen: 4218K(349696K)->4218K(349696K)
[35.514s][info ][gc,metaspace   ] GC(1286) Metaspace: 9583K(9856K)->9583K(9856K) NonClass: 8514K(8640K)->8514K(8640K) Class: 1069K(1216K)->1069K(1216K)
[35.514s][info ][gc             ] GC(1286) Pause Young (Allocation Failure) 275M->4M(604M) 0.281ms
[35.514s][info ][gc,cpu         ] GC(1286) User=0.01s Sys=0.00s Real=0.00s
[35.534s][info ][gc,start       ] GC(1287) Pause Young (Allocation Failure)
[35.534s][debug][gc,age         ] GC(1287) Desired survivor size 1048576 bytes, new threshold 1 (max threshold 15)
[35.534s][info ][gc,heap        ] GC(1287) PSYoungGen: 268598K(269312K)->96K(261120K) Eden: 268502K(268800K)->0K(260096K) From: 96K(512K)->96K(1024K)
[35.534s][info ][gc,heap        ] GC(1287) ParOldGen: 4218K(349696K)->4218K(349696K)
[35.534s][info ][gc,metaspace   ] GC(1287) Metaspace: 9583K(9856K)->9583K(9856K) NonClass: 8514K(8640K)->8514K(8640K) Class: 1069K(1216K)->1069K(1216K)
[35.534s][info ][gc             ] GC(1287) Pause Young (Allocation Failure) 266M->4M(596M) 0.239ms
[35.534s][info ][gc,cpu         ] GC(1287) User=0.00s Sys=0.00s Real=0.00s
[35.553s][info ][gc,start       ] GC(1288) Pause Young (Allocation Failure)
[35.553s][debug][gc,age         ] GC(1288) Desired survivor size 1048576 bytes, new threshold 1 (max threshold 15)
[35.553s][info ][gc,heap        ] GC(1288) PSYoungGen: 259879K(261120K)->454K(252416K) Eden: 259783K(260096K)->0K(251904K) From: 96K(1024K)->454K(512K)
[35.553s][info ][gc,heap        ] GC(1288) ParOldGen: 4218K(349696K)->4218K(349696K)
[35.553s][info ][gc,metaspace   ] GC(1288) Metaspace: 9583K(9856K)->9583K(9856K) NonClass: 8514K(8640K)->8514K(8640K) Class: 1069K(1216K)->1069K(1216K)
[35.553s][info ][gc             ] GC(1288) Pause Young (Allocation Failure) 257M->4M(588M) 0.274ms
[35.553s][info ][gc,cpu         ] GC(1288) User=0.00s Sys=0.00s Real=0.00s
[35.572s][info ][gc,start       ] GC(1289) Pause Young (Allocation Failure)
[35.573s][debug][gc,age         ] GC(1289) Desired survivor size 1048576 bytes, new threshold 1 (max threshold 15)
[35.573s][info ][gc,heap        ] GC(1289) PSYoungGen: 252016K(252416K)->486K(244736K) Eden: 251562K(251904K)->0K(243712K) From: 454K(512K)->486K(1024K)
[35.573s][info ][gc,heap        ] GC(1289) ParOldGen: 4218K(349696K)->4218K(349696K)
[35.573s][info ][gc,metaspace   ] GC(1289) Metaspace: 9583K(9856K)->9583K(9856K) NonClass: 8514K(8640K)->8514K(8640K) Class: 1069K(1216K)->1069K(1216K)
[35.573s][info ][gc             ] GC(1289) Pause Young (Allocation Failure) 250M->4M(580M) 0.231ms
[35.573s][info ][gc,cpu         ] GC(1289) User=0.00s Sys=0.00s Real=0.00s
[35.591s][info ][gc,start       ] GC(1290) Pause Young (Allocation Failure)
[35.591s][debug][gc,age         ] GC(1290) Desired survivor size 1048576 bytes, new threshold 1 (max threshold 15)
[35.591s][info ][gc,heap        ] GC(1290) PSYoungGen: 244124K(244736K)->486K(236544K) Eden: 243638K(243712K)->0K(236032K) From: 486K(1024K)->486K(512K)
[35.591s][info ][gc,heap        ] GC(1290) ParOldGen: 4218K(349696K)->4218K(349696K)
[35.591s][info ][gc,metaspace   ] GC(1290) Metaspace: 9583K(9856K)->9583K(9856K) NonClass: 8514K(8640K)->8514K(8640K) Class: 1069K(1216K)->1069K(1216K)
[35.591s][info ][gc             ] GC(1290) Pause Young (Allocation Failure) 242M->4M(572M) 0.266ms
[35.591s][info ][gc,cpu         ] GC(1290) User=0.00s Sys=0.01s Real=0.00s
[35.609s][info ][gc,start       ] GC(1291) Pause Young (Allocation Failure)
[35.609s][debug][gc,age         ] GC(1291) Desired survivor size 1048576 bytes, new threshold 1 (max threshold 15)
[35.609s][info ][gc,heap        ] GC(1291) PSYoungGen: 236326K(236544K)->454K(229888K) Eden: 235839K(236032K)->0K(228864K) From: 486K(512K)->454K(1024K)
[35.609s][info ][gc,heap        ] GC(1291) ParOldGen: 4218K(349696K)->4218K(349696K)
[35.609s][info ][gc,metaspace   ] GC(1291) Metaspace: 9583K(9856K)->9583K(9856K) NonClass: 8514K(8640K)->8514K(8640K) Class: 1069K(1216K)->1069K(1216K)
[35.609s][info ][gc             ] GC(1291) Pause Young (Allocation Failure) 234M->4M(566M) 0.209ms
[35.609s][info ][gc,cpu         ] GC(1291) User=0.00s Sys=0.00s Real=0.00s
[35.626s][info ][gc,start       ] GC(1292) Pause Young (Allocation Failure)
[35.626s][debug][gc,age         ] GC(1292) Desired survivor size 1048576 bytes, new threshold 1 (max threshold 15)
[35.626s][info ][gc,heap        ] GC(1292) PSYoungGen: 229118K(229888K)->96K(222208K) Eden: 228663K(228864K)->0K(221696K) From: 454K(1024K)->96K(512K)
[35.626s][info ][gc,heap        ] GC(1292) ParOldGen: 4218K(349696K)->4218K(349696K)
[35.626s][info ][gc,metaspace   ] GC(1292) Metaspace: 9583K(9856K)->9583K(9856K) NonClass: 8514K(8640K)->8514K(8640K) Class: 1069K(1216K)->1069K(1216K)
[35.626s][info ][gc             ] GC(1292) Pause Young (Allocation Failure) 227M->4M(558M) 0.257ms
[35.626s][info ][gc,cpu         ] GC(1292) User=0.01s Sys=0.00s Real=0.00s
[35.643s][info ][gc,start       ] GC(1293) Pause Young (Allocation Failure)
[35.643s][debug][gc,age         ] GC(1293) Desired survivor size 1048576 bytes, new threshold 1 (max threshold 15)
[35.643s][info ][gc,heap        ] GC(1293) PSYoungGen: 221749K(222208K)->96K(216064K) Eden: 221653K(221696K)->0K(215040K) From: 96K(512K)->96K(1024K)
[35.643s][info ][gc,heap        ] GC(1293) ParOldGen: 4218K(349696K)->4218K(349696K)
[35.643s][info ][gc,metaspace   ] GC(1293) Metaspace: 9583K(9856K)->9583K(9856K) NonClass: 8514K(8640K)->8514K(8640K) Class: 1069K(1216K)->1069K(1216K)
[35.643s][info ][gc             ] GC(1293) Pause Young (Allocation Failure) 220M->4M(552M) 0.220ms
[35.643s][info ][gc,cpu         ] GC(1293) User=0.00s Sys=0.00s Real=0.00s
[35.659s][info ][gc,start       ] GC(1294) Pause Young (Allocation Failure)
[35.659s][debug][gc,age         ] GC(1294) Desired survivor size 1048576 bytes, new threshold 1 (max threshold 15)
[35.659s][info ][gc,heap        ] GC(1294) PSYoungGen: 214894K(216064K)->96K(258560K) Eden: 214798K(215040K)->0K(258048K) From: 96K(1024K)->96K(512K)
[35.659s][info ][gc,heap        ] GC(1294) ParOldGen: 4218K(349696K)->4218K(349696K)
[35.659s][info ][gc,metaspace   ] GC(1294) Metaspace: 9583K(9856K)->9583K(9856K) NonClass: 8514K(8640K)->8514K(8640K) Class: 1069K(1216K)->1069K(1216K)
[35.659s][info ][gc             ] GC(1294) Pause Young (Allocation Failure) 213M->4M(594M) 0.271ms
[35.659s][info ][gc,cpu         ] GC(1294) User=0.00s Sys=0.00s Real=0.00s
[35.678s][info ][gc,start       ] GC(1295) Pause Young (Allocation Failure)
[35.678s][debug][gc,age         ] GC(1295) Desired survivor size 1048576 bytes, new threshold 1 (max threshold 15)
[35.678s][info ][gc,heap        ] GC(1295) PSYoungGen: 257756K(258560K)->96K(250880K) Eden: 257660K(258048K)->0K(249856K) From: 96K(512K)->96K(1024K)
[35.678s][info ][gc,heap        ] GC(1295) ParOldGen: 4218K(349696K)->4218K(349696K)
[35.678s][info ][gc,metaspace   ] GC(1295) Metaspace: 9583K(9856K)->9583K(9856K) NonClass: 8514K(8640K)->8514K(8640K) Class: 1069K(1216K)->1069K(1216K)
[35.678s][info ][gc             ] GC(1295) Pause Young (Allocation Failure) 255M->4M(586M) 0.236ms
[35.678s][info ][gc,cpu         ] GC(1295) User=0.00s Sys=0.00s Real=0.00s
[35.697s][info ][gc,start       ] GC(1296) Pause Young (Allocation Failure)
[35.697s][debug][gc,age         ] GC(1296) Desired survivor size 1048576 bytes, new threshold 1 (max threshold 15)
[35.697s][info ][gc,heap        ] GC(1296) PSYoungGen: 249952K(250880K)->96K(242688K) Eden: 249856K(249856K)->0K(242176K) From: 96K(1024K)->96K(512K)
[35.697s][info ][gc,heap        ] GC(1296) ParOldGen: 4218K(349696K)->4218K(349696K)
[35.697s][info ][gc,metaspace   ] GC(1296) Metaspace: 9583K(9856K)->9583K(9856K) NonClass: 8514K(8640K)->8514K(8640K) Class: 1069K(1216K)->1069K(1216K)
[35.697s][info ][gc             ] GC(1296) Pause Young (Allocation Failure) 248M->4M(578M) 0.237ms
[35.697s][info ][gc,cpu         ] GC(1296) User=0.01s Sys=0.00s Real=0.00s
[35.715s][info ][gc,start       ] GC(1297) Pause Young (Allocation Failure)
[35.715s][debug][gc,age         ] GC(1297) Desired survivor size 1048576 bytes, new threshold 1 (max threshold 15)
[35.715s][info ][gc,heap        ] GC(1297) PSYoungGen: 242172K(242688K)->96K(235520K) Eden: 242076K(242176K)->0K(234496K) From: 96K(512K)->96K(1024K)
[35.715s][info ][gc,heap        ] GC(1297) ParOldGen: 4218K(349696K)->4218K(349696K)
[35.715s][info ][gc,metaspace   ] GC(1297) Metaspace: 9583K(9856K)->9583K(9856K) NonClass: 8514K(8640K)->8514K(8640K) Class: 1069K(1216K)->1069K(1216K)
[35.715s][info ][gc             ] GC(1297) Pause Young (Allocation Failure) 240M->4M(571M) 0.250ms
[35.715s][info ][gc,cpu         ] GC(1297) User=0.00s Sys=0.00s Real=0.00s
[35.732s][info ][gc,start       ] GC(1298) Pause Young (Allocation Failure)
[35.732s][debug][gc,age         ] GC(1298) Desired survivor size 1048576 bytes, new threshold 1 (max threshold 15)
[35.732s][info ][gc,heap        ] GC(1298) PSYoungGen: 234592K(235520K)->96K(227840K) Eden: 234496K(234496K)->0K(227328K) From: 96K(1024K)->96K(512K)
[35.732s][info ][gc,heap        ] GC(1298) ParOldGen: 4218K(349696K)->4218K(349696K)
[35.732s][info ][gc,metaspace   ] GC(1298) Metaspace: 9583K(9856K)->9583K(9856K) NonClass: 8514K(8640K)->8514K(8640K) Class: 1069K(1216K)->1069K(1216K)
[35.732s][info ][gc             ] GC(1298) Pause Young (Allocation Failure) 233M->4M(564M) 0.250ms
[35.732s][info ][gc,cpu         ] GC(1298) User=0.00s Sys=0.00s Real=0.00s
[35.749s][info ][gc,start       ] GC(1299) Pause Young (Allocation Failure)
[35.749s][debug][gc,age         ] GC(1299) Desired survivor size 1048576 bytes, new threshold 1 (max threshold 15)
[35.749s][info ][gc,heap        ] GC(1299) PSYoungGen: 227424K(227840K)->96K(273920K) Eden: 227328K(227328K)->0K(272896K) From: 96K(512K)->96K(1024K)
[35.749s][info ][gc,heap        ] GC(1299) ParOldGen: 4218K(349696K)->4218K(349696K)
[35.749s][info ][gc,metaspace   ] GC(1299) Metaspace: 9583K(9856K)->9583K(9856K) NonClass: 8514K(8640K)->8514K(8640K) Class: 1069K(1216K)->1069K(1216K)
[35.749s][info ][gc             ] GC(1299) Pause Young (Allocation Failure) 226M->4M(609M) 0.205ms
[35.749s][info ][gc,cpu         ] GC(1299) User=0.00s Sys=0.00s Real=0.00s
[35.769s][info ][gc,start       ] GC(1300) Pause Young (Allocation Failure)
[35.769s][debug][gc,age         ] GC(1300) Desired survivor size 1048576 bytes, new threshold 1 (max threshold 15)
[35.769s][info ][gc,heap        ] GC(1300) PSYoungGen: 272697K(273920K)->96K(264704K) Eden: 272601K(272896K)->0K(264192K) From: 96K(1024K)->96K(512K)
[35.769s][info ][gc,heap        ] GC(1300) ParOldGen: 4218K(349696K)->4218K(349696K)
[35.769s][info ][gc,metaspace   ] GC(1300) Metaspace: 9583K(9856K)->9583K(9856K) NonClass: 8514K(8640K)->8514K(8640K) Class: 1069K(1216K)->1069K(1216K)
[35.769s][info ][gc             ] GC(1300) Pause Young (Allocation Failure) 270M->4M(600M) 0.271ms
[35.769s][info ][gc,cpu         ] GC(1300) User=0.00s Sys=0.00s Real=0.00s
[35.789s][info ][gc,start       ] GC(1301) Pause Young (Allocation Failure)
[35.789s][debug][gc,age         ] GC(1301) Desired survivor size 1048576 bytes, new threshold 1 (max threshold 15)
[35.789s][info ][gc,heap        ] GC(1301) PSYoungGen: 263906K(264704K)->486K(256512K) Eden: 263810K(264192K)->0K(255488K) From: 96K(512K)->486K(1024K)
[35.789s][info ][gc,heap        ] GC(1301) ParOldGen: 4218K(349696K)->4218K(349696K)
[35.789s][info ][gc,metaspace   ] GC(1301) Metaspace: 9583K(9856K)->9583K(9856K) NonClass: 8514K(8640K)->8514K(8640K) Class: 1069K(1216K)->1069K(1216K)
[35.789s][info ][gc             ] GC(1301) Pause Young (Allocation Failure) 261M->4M(592M) 0.234ms
[35.789s][info ][gc,cpu         ] GC(1301) User=0.00s Sys=0.00s Real=0.00s
[35.807s][info ][gc,start       ] GC(1302) Pause Young (Allocation Failure)
[35.808s][debug][gc,age         ] GC(1302) Desired survivor size 1048576 bytes, new threshold 1 (max threshold 15)
[35.808s][info ][gc,heap        ] GC(1302) PSYoungGen: 255974K(256512K)->454K(247808K) Eden: 255488K(255488K)->0K(247296K) From: 486K(1024K)->454K(512K)
[35.808s][info ][gc,heap        ] GC(1302) ParOldGen: 4218K(349696K)->4218K(349696K)
[35.808s][info ][gc,metaspace   ] GC(1302) Metaspace: 9583K(9856K)->9583K(9856K) NonClass: 8514K(8640K)->8514K(8640K) Class: 1069K(1216K)->1069K(1216K)
[35.808s][info ][gc             ] GC(1302) Pause Young (Allocation Failure) 254M->4M(583M) 0.281ms
[35.808s][info ][gc,cpu         ] GC(1302) User=0.00s Sys=0.00s Real=0.00s
[35.826s][info ][gc,start       ] GC(1303) Pause Young (Allocation Failure)
[35.826s][debug][gc,age         ] GC(1303) Desired survivor size 1048576 bytes, new threshold 1 (max threshold 15)
[35.826s][info ][gc,heap        ] GC(1303) PSYoungGen: 247750K(247808K)->96K(297984K) Eden: 247296K(247296K)->0K(296960K) From: 454K(512K)->96K(1024K)
[35.826s][info ][gc,heap        ] GC(1303) ParOldGen: 4218K(349696K)->4218K(349696K)
[35.826s][info ][gc,metaspace   ] GC(1303) Metaspace: 9583K(9856K)->9583K(9856K) NonClass: 8514K(8640K)->8514K(8640K) Class: 1069K(1216K)->1069K(1216K)
[35.826s][info ][gc             ] GC(1303) Pause Young (Allocation Failure) 246M->4M(632M) 0.273ms
[35.826s][info ][gc,cpu         ] GC(1303) User=0.00s Sys=0.00s Real=0.00s
[35.848s][info ][gc,start       ] GC(1304) Pause Young (Allocation Failure)
[35.848s][debug][gc,age         ] GC(1304) Desired survivor size 1048576 bytes, new threshold 1 (max threshold 15)
[35.848s][info ][gc,heap        ] GC(1304) PSYoungGen: 297056K(297984K)->454K(287232K) Eden: 296960K(296960K)->0K(286720K) From: 96K(1024K)->454K(512K)
[35.848s][info ][gc,heap        ] GC(1304) ParOldGen: 4218K(349696K)->4218K(349696K)
[35.848s][info ][gc,metaspace   ] GC(1304) Metaspace: 9583K(9856K)->9583K(9856K) NonClass: 8514K(8640K)->8514K(8640K) Class: 1069K(1216K)->1069K(1216K)
[35.848s][info ][gc             ] GC(1304) Pause Young (Allocation Failure) 294M->4M(622M) 0.270ms
[35.848s][info ][gc,cpu         ] GC(1304) User=0.00s Sys=0.00s Real=0.00s
[35.869s][info ][gc,start       ] GC(1305) Pause Young (Allocation Failure)
[35.869s][debug][gc,age         ] GC(1305) Desired survivor size 1048576 bytes, new threshold 1 (max threshold 15)
[35.869s][info ][gc,heap        ] GC(1305) PSYoungGen: 286798K(287232K)->64K(278016K) Eden: 286343K(286720K)->0K(276992K) From: 454K(512K)->64K(1024K)
[35.869s][info ][gc,heap        ] GC(1305) ParOldGen: 4218K(349696K)->4218K(349696K)
[35.869s][info ][gc,metaspace   ] GC(1305) Metaspace: 9583K(9856K)->9583K(9856K) NonClass: 8514K(8640K)->8514K(8640K) Class: 1069K(1216K)->1069K(1216K)
[35.869s][info ][gc             ] GC(1305) Pause Young (Allocation Failure) 284M->4M(613M) 0.241ms
[35.869s][info ][gc,cpu         ] GC(1305) User=0.01s Sys=0.00s Real=0.00s
[35.890s][info ][gc,start       ] GC(1306) Pause Young (Allocation Failure)
[35.890s][debug][gc,age         ] GC(1306) Desired survivor size 1048576 bytes, new threshold 1 (max threshold 15)
[35.890s][info ][gc,heap        ] GC(1306) PSYoungGen: 276869K(278016K)->96K(268288K) Eden: 276805K(276992K)->0K(267776K) From: 64K(1024K)->96K(512K)
[35.890s][info ][gc,heap        ] GC(1306) ParOldGen: 4218K(349696K)->4218K(349696K)
[35.890s][info ][gc,metaspace   ] GC(1306) Metaspace: 9583K(9856K)->9583K(9856K) NonClass: 8514K(8640K)->8514K(8640K) Class: 1069K(1216K)->1069K(1216K)
[35.890s][info ][gc             ] GC(1306) Pause Young (Allocation Failure) 274M->4M(603M) 0.201ms
[35.890s][info ][gc,cpu         ] GC(1306) User=0.01s Sys=0.00s Real=0.00s
[35.910s][info ][gc,start       ] GC(1307) Pause Young (Allocation Failure)
[35.910s][debug][gc,age         ] GC(1307) Desired survivor size 1048576 bytes, new threshold 1 (max threshold 15)
[35.910s][info ][gc,heap        ] GC(1307) PSYoungGen: 267616K(268288K)->486K(260096K) Eden: 267520K(267776K)->0K(259072K) From: 96K(512K)->486K(1024K)
[35.910s][info ][gc,heap        ] GC(1307) ParOldGen: 4218K(349696K)->4218K(349696K)
[35.910s][info ][gc,metaspace   ] GC(1307) Metaspace: 9583K(9856K)->9583K(9856K) NonClass: 8514K(8640K)->8514K(8640K) Class: 1069K(1216K)->1069K(1216K)
[35.910s][info ][gc             ] GC(1307) Pause Young (Allocation Failure) 265M->4M(595M) 0.247ms
[35.910s][info ][gc,cpu         ] GC(1307) User=0.01s Sys=0.00s Real=0.00s
[35.929s][info ][gc,start       ] GC(1308) Pause Young (Allocation Failure)
[35.929s][debug][gc,age         ] GC(1308) Desired survivor size 1048576 bytes, new threshold 1 (max threshold 15)
[35.930s][info ][gc,heap        ] GC(1308) PSYoungGen: 259389K(260096K)->96K(251392K) Eden: 258902K(259072K)->0K(250880K) From: 486K(1024K)->96K(512K)
[35.930s][info ][gc,heap        ] GC(1308) ParOldGen: 4218K(349696K)->4218K(349696K)
[35.930s][info ][gc,metaspace   ] GC(1308) Metaspace: 9583K(9856K)->9583K(9856K) NonClass: 8514K(8640K)->8514K(8640K) Class: 1069K(1216K)->1069K(1216K)
[35.930s][info ][gc             ] GC(1308) Pause Young (Allocation Failure) 257M->4M(587M) 0.390ms
[35.930s][info ][gc,cpu         ] GC(1308) User=0.00s Sys=0.00s Real=0.00s
[35.948s][info ][gc,start       ] GC(1309) Pause Young (Allocation Failure)
[35.948s][debug][gc,age         ] GC(1309) Desired survivor size 1048576 bytes, new threshold 1 (max threshold 15)
[35.948s][info ][gc,heap        ] GC(1309) PSYoungGen: 250976K(251392K)->96K(243712K) Eden: 250880K(250880K)->0K(242688K) From: 96K(512K)->96K(1024K)
[35.948s][info ][gc,heap        ] GC(1309) ParOldGen: 4218K(349696K)->4218K(349696K)
[35.948s][info ][gc,metaspace   ] GC(1309) Metaspace: 9583K(9856K)->9583K(9856K) NonClass: 8514K(8640K)->8514K(8640K) Class: 1069K(1216K)->1069K(1216K)
[35.948s][info ][gc             ] GC(1309) Pause Young (Allocation Failure) 249M->4M(579M) 0.247ms
[35.948s][info ][gc,cpu         ] GC(1309) User=0.00s Sys=0.00s Real=0.00s
[35.966s][info ][gc,start       ] GC(1310) Pause Young (Allocation Failure)
[35.966s][debug][gc,age         ] GC(1310) Desired survivor size 1048576 bytes, new threshold 1 (max threshold 15)
[35.966s][info ][gc,heap        ] GC(1310) PSYoungGen: 242767K(243712K)->486K(235520K) Eden: 242671K(242688K)->0K(235008K) From: 96K(1024K)->486K(512K)
[35.966s][info ][gc,heap        ] GC(1310) ParOldGen: 4218K(349696K)->4218K(349696K)
[35.966s][info ][gc,metaspace   ] GC(1310) Metaspace: 9583K(9856K)->9583K(9856K) NonClass: 8514K(8640K)->8514K(8640K) Class: 1069K(1216K)->1069K(1216K)
[35.966s][info ][gc             ] GC(1310) Pause Young (Allocation Failure) 241M->4M(571M) 0.293ms
[35.966s][info ][gc,cpu         ] GC(1310) User=0.00s Sys=0.00s Real=0.00s
[35.984s][info ][gc,start       ] GC(1311) Pause Young (Allocation Failure)
[35.984s][debug][gc,age         ] GC(1311) Desired survivor size 1048576 bytes, new threshold 1 (max threshold 15)
[35.984s][info ][gc,heap        ] GC(1311) PSYoungGen: 235329K(235520K)->96K(228864K) Eden: 234842K(235008K)->0K(227840K) From: 486K(512K)->96K(1024K)
[35.984s][info ][gc,heap        ] GC(1311) ParOldGen: 4218K(349696K)->4218K(349696K)
[35.984s][info ][gc,metaspace   ] GC(1311) Metaspace: 9583K(9856K)->9583K(9856K) NonClass: 8514K(8640K)->8514K(8640K) Class: 1069K(1216K)->1069K(1216K)
[35.984s][info ][gc             ] GC(1311) Pause Young (Allocation Failure) 233M->4M(565M) 0.240ms
[35.984s][info ][gc,cpu         ] GC(1311) User=0.00s Sys=0.00s Real=0.00s
[36.000s][info ][gc,start       ] GC(1312) Pause Young (Allocation Failure)
[36.001s][debug][gc,age         ] GC(1312) Desired survivor size 1048576 bytes, new threshold 1 (max threshold 15)
[36.001s][info ][gc,heap        ] GC(1312) PSYoungGen: 227784K(228864K)->96K(273920K) Eden: 227688K(227840K)->0K(273408K) From: 96K(1024K)->96K(512K)
[36.001s][info ][gc,heap        ] GC(1312) ParOldGen: 4218K(349696K)->4218K(349696K)
[36.001s][info ][gc,metaspace   ] GC(1312) Metaspace: 9583K(9856K)->9583K(9856K) NonClass: 8514K(8640K)->8514K(8640K) Class: 1069K(1216K)->1069K(1216K)
[36.001s][info ][gc             ] GC(1312) Pause Young (Allocation Failure) 226M->4M(609M) 0.273ms
[36.001s][info ][gc,cpu         ] GC(1312) User=0.00s Sys=0.00s Real=0.00s
[36.021s][info ][gc,start       ] GC(1313) Pause Young (Allocation Failure)
[36.021s][debug][gc,age         ] GC(1313) Desired survivor size 1048576 bytes, new threshold 1 (max threshold 15)
[36.021s][info ][gc,heap        ] GC(1313) PSYoungGen: 273448K(273920K)->96K(265216K) Eden: 273352K(273408K)->0K(264192K) From: 96K(512K)->96K(1024K)
[36.021s][info ][gc,heap        ] GC(1313) ParOldGen: 4218K(349696K)->4218K(349696K)
[36.021s][info ][gc,metaspace   ] GC(1313) Metaspace: 9583K(9856K)->9583K(9856K) NonClass: 8514K(8640K)->8514K(8640K) Class: 1069K(1216K)->1069K(1216K)
[36.021s][info ][gc             ] GC(1313) Pause Young (Allocation Failure) 271M->4M(600M) 0.222ms
[36.021s][info ][gc,cpu         ] GC(1313) User=0.00s Sys=0.00s Real=0.00s
[36.040s][info ][gc,start       ] GC(1314) Pause Young (Allocation Failure)
[36.041s][debug][gc,age         ] GC(1314) Desired survivor size 1048576 bytes, new threshold 1 (max threshold 15)
[36.041s][info ][gc,heap        ] GC(1314) PSYoungGen: 263944K(265216K)->454K(256000K) Eden: 263848K(264192K)->0K(255488K) From: 96K(1024K)->454K(512K)
[36.041s][info ][gc,heap        ] GC(1314) ParOldGen: 4218K(349696K)->4218K(349696K)
[36.041s][info ][gc,metaspace   ] GC(1314) Metaspace: 9583K(9856K)->9583K(9856K) NonClass: 8514K(8640K)->8514K(8640K) Class: 1069K(1216K)->1069K(1216K)
[36.041s][info ][gc             ] GC(1314) Pause Young (Allocation Failure) 261M->4M(591M) 0.283ms
[36.041s][info ][gc,cpu         ] GC(1314) User=0.00s Sys=0.00s Real=0.00s
[36.059s][info ][gc,start       ] GC(1315) Pause Young (Allocation Failure)
[36.059s][debug][gc,age         ] GC(1315) Desired survivor size 1048576 bytes, new threshold 1 (max threshold 15)
[36.060s][info ][gc,heap        ] GC(1315) PSYoungGen: 255829K(256000K)->486K(307712K) Eden: 255374K(255488K)->0K(306688K) From: 454K(512K)->486K(1024K)
[36.060s][info ][gc,heap        ] GC(1315) ParOldGen: 4218K(349696K)->4218K(349696K)
[36.060s][info ][gc,metaspace   ] GC(1315) Metaspace: 9583K(9856K)->9583K(9856K) NonClass: 8514K(8640K)->8514K(8640K) Class: 1069K(1216K)->1069K(1216K)
[36.060s][info ][gc             ] GC(1315) Pause Young (Allocation Failure) 253M->4M(642M) 0.259ms
[36.060s][info ][gc,cpu         ] GC(1315) User=0.00s Sys=0.00s Real=0.00s
[36.082s][info ][gc,start       ] GC(1316) Pause Young (Allocation Failure)
[36.082s][debug][gc,age         ] GC(1316) Desired survivor size 1048576 bytes, new threshold 1 (max threshold 15)
[36.082s][info ][gc,heap        ] GC(1316) PSYoungGen: 307174K(307712K)->454K(296960K) Eden: 306688K(306688K)->0K(296448K) From: 486K(1024K)->454K(512K)
[36.082s][info ][gc,heap        ] GC(1316) ParOldGen: 4218K(349696K)->4218K(349696K)
[36.082s][info ][gc,metaspace   ] GC(1316) Metaspace: 9583K(9856K)->9583K(9856K) NonClass: 8514K(8640K)->8514K(8640K) Class: 1069K(1216K)->1069K(1216K)
[36.082s][info ][gc             ] GC(1316) Pause Young (Allocation Failure) 304M->4M(631M) 0.258ms
[36.082s][info ][gc,cpu         ] GC(1316) User=0.01s Sys=0.00s Real=0.00s
[36.104s][info ][gc,start       ] GC(1317) Pause Young (Allocation Failure)
[36.104s][debug][gc,age         ] GC(1317) Desired survivor size 1048576 bytes, new threshold 1 (max threshold 15)
[36.104s][info ][gc,heap        ] GC(1317) PSYoungGen: 296902K(296960K)->96K(287232K) Eden: 296448K(296448K)->0K(286208K) From: 454K(512K)->96K(1024K)
[36.104s][info ][gc,heap        ] GC(1317) ParOldGen: 4218K(349696K)->4218K(349696K)
[36.104s][info ][gc,metaspace   ] GC(1317) Metaspace: 9583K(9856K)->9583K(9856K) NonClass: 8514K(8640K)->8514K(8640K) Class: 1069K(1216K)->1069K(1216K)
[36.104s][info ][gc             ] GC(1317) Pause Young (Allocation Failure) 294M->4M(622M) 0.238ms
[36.104s][info ][gc,cpu         ] GC(1317) User=0.00s Sys=0.00s Real=0.00s
[36.125s][info ][gc,start       ] GC(1318) Pause Young (Allocation Failure)
[36.125s][debug][gc,age         ] GC(1318) Desired survivor size 1048576 bytes, new threshold 1 (max threshold 15)
[36.125s][info ][gc,heap        ] GC(1318) PSYoungGen: 286180K(287232K)->96K(276992K) Eden: 286084K(286208K)->0K(276480K) From: 96K(1024K)->96K(512K)
[36.125s][info ][gc,heap        ] GC(1318) ParOldGen: 4218K(349696K)->4218K(349696K)
[36.125s][info ][gc,metaspace   ] GC(1318) Metaspace: 9583K(9856K)->9583K(9856K) NonClass: 8514K(8640K)->8514K(8640K) Class: 1069K(1216K)->1069K(1216K)
[36.125s][info ][gc             ] GC(1318) Pause Young (Allocation Failure) 283M->4M(612M) 0.308ms
[36.125s][info ][gc,cpu         ] GC(1318) User=0.00s Sys=0.00s Real=0.00s
[36.145s][info ][gc,start       ] GC(1319) Pause Young (Allocation Failure)
[36.146s][debug][gc,age         ] GC(1319) Desired survivor size 1048576 bytes, new threshold 1 (max threshold 15)
[36.146s][info ][gc,heap        ] GC(1319) PSYoungGen: 276576K(276992K)->64K(268288K) Eden: 276480K(276480K)->0K(267264K) From: 96K(512K)->64K(1024K)
[36.146s][info ][gc,heap        ] GC(1319) ParOldGen: 4218K(349696K)->4218K(349696K)
[36.146s][info ][gc,metaspace   ] GC(1319) Metaspace: 9583K(9856K)->9583K(9856K) NonClass: 8514K(8640K)->8514K(8640K) Class: 1069K(1216K)->1069K(1216K)
[36.146s][info ][gc             ] GC(1319) Pause Young (Allocation Failure) 274M->4M(603M) 0.275ms
[36.146s][info ][gc,cpu         ] GC(1319) User=0.00s Sys=0.00s Real=0.00s
[36.165s][info ][gc,start       ] GC(1320) Pause Young (Allocation Failure)
[36.165s][debug][gc,age         ] GC(1320) Desired survivor size 1048576 bytes, new threshold 1 (max threshold 15)
[36.165s][info ][gc,heap        ] GC(1320) PSYoungGen: 267182K(268288K)->96K(259072K) Eden: 267118K(267264K)->0K(258560K) From: 64K(1024K)->96K(512K)
[36.165s][info ][gc,heap        ] GC(1320) ParOldGen: 4218K(349696K)->4218K(349696K)
[36.165s][info ][gc,metaspace   ] GC(1320) Metaspace: 9583K(9856K)->9583K(9856K) NonClass: 8514K(8640K)->8514K(8640K) Class: 1069K(1216K)->1069K(1216K)
[36.165s][info ][gc             ] GC(1320) Pause Young (Allocation Failure) 265M->4M(594M) 0.257ms
[36.165s][info ][gc,cpu         ] GC(1320) User=0.00s Sys=0.00s Real=0.01s
[36.184s][info ][gc,start       ] GC(1321) Pause Young (Allocation Failure)
[36.184s][debug][gc,age         ] GC(1321) Desired survivor size 1048576 bytes, new threshold 1 (max threshold 15)
[36.184s][info ][gc,heap        ] GC(1321) PSYoungGen: 258656K(259072K)->486K(251392K) Eden: 258560K(258560K)->0K(250368K) From: 96K(512K)->486K(1024K)
[36.184s][info ][gc,heap        ] GC(1321) ParOldGen: 4218K(349696K)->4218K(349696K)
[36.184s][info ][gc,metaspace   ] GC(1321) Metaspace: 9583K(9856K)->9583K(9856K) NonClass: 8514K(8640K)->8514K(8640K) Class: 1069K(1216K)->1069K(1216K)
[36.184s][info ][gc             ] GC(1321) Pause Young (Allocation Failure) 256M->4M(587M) 0.270ms
[36.184s][info ][gc,cpu         ] GC(1321) User=0.01s Sys=0.00s Real=0.00s
[36.203s][info ][gc,start       ] GC(1322) Pause Young (Allocation Failure)
[36.204s][debug][gc,age         ] GC(1322) Desired survivor size 1048576 bytes, new threshold 1 (max threshold 15)
[36.204s][info ][gc,heap        ] GC(1322) PSYoungGen: 250659K(251392K)->96K(242688K) Eden: 250172K(250368K)->0K(242176K) From: 486K(1024K)->96K(512K)
[36.204s][info ][gc,heap        ] GC(1322) ParOldGen: 4218K(349696K)->4218K(349696K)
[36.204s][info ][gc,metaspace   ] GC(1322) Metaspace: 9583K(9856K)->9583K(9856K) NonClass: 8514K(8640K)->8514K(8640K) Class: 1069K(1216K)->1069K(1216K)
[36.204s][info ][gc             ] GC(1322) Pause Young (Allocation Failure) 248M->4M(578M) 0.252ms
[36.204s][info ][gc,cpu         ] GC(1322) User=0.00s Sys=0.00s Real=0.00s
[36.221s][info ][gc,start       ] GC(1323) Pause Young (Allocation Failure)
[36.222s][debug][gc,age         ] GC(1323) Desired survivor size 1048576 bytes, new threshold 1 (max threshold 15)
[36.222s][info ][gc,heap        ] GC(1323) PSYoungGen: 242272K(242688K)->486K(235520K) Eden: 242176K(242176K)->0K(234496K) From: 96K(512K)->486K(1024K)
[36.222s][info ][gc,heap        ] GC(1323) ParOldGen: 4218K(349696K)->4218K(349696K)
[36.222s][info ][gc,metaspace   ] GC(1323) Metaspace: 9583K(9856K)->9583K(9856K) NonClass: 8514K(8640K)->8514K(8640K) Class: 1069K(1216K)->1069K(1216K)
[36.222s][info ][gc             ] GC(1323) Pause Young (Allocation Failure) 240M->4M(571M) 0.263ms
[36.222s][info ][gc,cpu         ] GC(1323) User=0.00s Sys=0.00s Real=0.00s
[36.239s][info ][gc,start       ] GC(1324) Pause Young (Allocation Failure)
[36.239s][debug][gc,age         ] GC(1324) Desired survivor size 1048576 bytes, new threshold 1 (max threshold 15)
[36.239s][info ][gc,heap        ] GC(1324) PSYoungGen: 234837K(235520K)->454K(282112K) Eden: 234350K(234496K)->0K(281600K) From: 486K(1024K)->454K(512K)
[36.239s][info ][gc,heap        ] GC(1324) ParOldGen: 4218K(349696K)->4218K(349696K)
[36.239s][info ][gc,metaspace   ] GC(1324) Metaspace: 9583K(9856K)->9583K(9856K) NonClass: 8514K(8640K)->8514K(8640K) Class: 1069K(1216K)->1069K(1216K)
[36.239s][info ][gc             ] GC(1324) Pause Young (Allocation Failure) 233M->4M(617M) 0.268ms
[36.239s][info ][gc,cpu         ] GC(1324) User=0.00s Sys=0.01s Real=0.00s
[36.260s][info ][gc,start       ] GC(1325) Pause Young (Allocation Failure)
[36.260s][debug][gc,age         ] GC(1325) Desired survivor size 1048576 bytes, new threshold 1 (max threshold 15)
[36.260s][info ][gc,heap        ] GC(1325) PSYoungGen: 281861K(282112K)->96K(273408K) Eden: 281406K(281600K)->0K(272384K) From: 454K(512K)->96K(1024K)
[36.260s][info ][gc,heap        ] GC(1325) ParOldGen: 4218K(349696K)->4218K(349696K)
[36.260s][info ][gc,metaspace   ] GC(1325) Metaspace: 9583K(9856K)->9583K(9856K) NonClass: 8514K(8640K)->8514K(8640K) Class: 1069K(1216K)->1069K(1216K)
[36.260s][info ][gc             ] GC(1325) Pause Young (Allocation Failure) 279M->4M(608M) 0.249ms
[36.260s][info ][gc,cpu         ] GC(1325) User=0.00s Sys=0.00s Real=0.00s
[36.280s][info ][gc,start       ] GC(1326) Pause Young (Allocation Failure)
[36.280s][debug][gc,age         ] GC(1326) Desired survivor size 1048576 bytes, new threshold 1 (max threshold 15)
[36.280s][info ][gc,heap        ] GC(1326) PSYoungGen: 272260K(273408K)->454K(264192K) Eden: 272164K(272384K)->0K(263680K) From: 96K(1024K)->454K(512K)
[36.280s][info ][gc,heap        ] GC(1326) ParOldGen: 4218K(349696K)->4218K(349696K)
[36.280s][info ][gc,metaspace   ] GC(1326) Metaspace: 9583K(9856K)->9583K(9856K) NonClass: 8514K(8640K)->8514K(8640K) Class: 1069K(1216K)->1069K(1216K)
[36.280s][info ][gc             ] GC(1326) Pause Young (Allocation Failure) 269M->4M(599M) 0.262ms
[36.280s][info ][gc,cpu         ] GC(1326) User=0.00s Sys=0.00s Real=0.00s
[36.300s][info ][gc,start       ] GC(1327) Pause Young (Allocation Failure)
[36.300s][debug][gc,age         ] GC(1327) Desired survivor size 1048576 bytes, new threshold 1 (max threshold 15)
[36.300s][info ][gc,heap        ] GC(1327) PSYoungGen: 263833K(264192K)->486K(256000K) Eden: 263378K(263680K)->0K(254976K) From: 454K(512K)->486K(1024K)
[36.300s][info ][gc,heap        ] GC(1327) ParOldGen: 4218K(349696K)->4218K(349696K)
[36.300s][info ][gc,metaspace   ] GC(1327) Metaspace: 9583K(9856K)->9583K(9856K) NonClass: 8514K(8640K)->8514K(8640K) Class: 1069K(1216K)->1069K(1216K)
[36.300s][info ][gc             ] GC(1327) Pause Young (Allocation Failure) 261M->4M(591M) 0.249ms
[36.300s][info ][gc,cpu         ] GC(1327) User=0.00s Sys=0.00s Real=0.00s
[36.319s][info ][gc,start       ] GC(1328) Pause Young (Allocation Failure)
[36.319s][debug][gc,age         ] GC(1328) Desired survivor size 1048576 bytes, new threshold 1 (max threshold 15)
[36.319s][info ][gc,heap        ] GC(1328) PSYoungGen: 255192K(256000K)->454K(247296K) Eden: 254705K(254976K)->0K(246784K) From: 486K(1024K)->454K(512K)
[36.319s][info ][gc,heap        ] GC(1328) ParOldGen: 4218K(349696K)->4218K(349696K)
[36.319s][info ][gc,metaspace   ] GC(1328) Metaspace: 9583K(9856K)->9583K(9856K) NonClass: 8514K(8640K)->8514K(8640K) Class: 1069K(1216K)->1069K(1216K)
[36.319s][info ][gc             ] GC(1328) Pause Young (Allocation Failure) 253M->4M(583M) 0.248ms
[36.319s][info ][gc,cpu         ] GC(1328) User=0.00s Sys=0.00s Real=0.00s
[36.337s][info ][gc,start       ] GC(1329) Pause Young (Allocation Failure)
[36.337s][debug][gc,age         ] GC(1329) Desired survivor size 1048576 bytes, new threshold 1 (max threshold 15)
[36.337s][info ][gc,heap        ] GC(1329) PSYoungGen: 246877K(247296K)->96K(240128K) Eden: 246423K(246784K)->0K(239104K) From: 454K(512K)->96K(1024K)
[36.337s][info ][gc,heap        ] GC(1329) ParOldGen: 4218K(349696K)->4218K(349696K)
[36.337s][info ][gc,metaspace   ] GC(1329) Metaspace: 9583K(9856K)->9583K(9856K) NonClass: 8514K(8640K)->8514K(8640K) Class: 1069K(1216K)->1069K(1216K)
[36.337s][info ][gc             ] GC(1329) Pause Young (Allocation Failure) 245M->4M(576M) 0.250ms
[36.337s][info ][gc,cpu         ] GC(1329) User=0.00s Sys=0.00s Real=0.00s
[36.355s][info ][gc,start       ] GC(1330) Pause Young (Allocation Failure)
[36.355s][debug][gc,age         ] GC(1330) Desired survivor size 1048576 bytes, new threshold 1 (max threshold 15)
[36.355s][info ][gc,heap        ] GC(1330) PSYoungGen: 239200K(240128K)->96K(287744K) Eden: 239104K(239104K)->0K(287232K) From: 96K(1024K)->96K(512K)
[36.355s][info ][gc,heap        ] GC(1330) ParOldGen: 4218K(349696K)->4218K(349696K)
[36.355s][info ][gc,metaspace   ] GC(1330) Metaspace: 9583K(9856K)->9583K(9856K) NonClass: 8514K(8640K)->8514K(8640K) Class: 1069K(1216K)->1069K(1216K)
[36.355s][info ][gc             ] GC(1330) Pause Young (Allocation Failure) 237M->4M(622M) 0.295ms
[36.355s][info ][gc,cpu         ] GC(1330) User=0.00s Sys=0.00s Real=0.00s
[36.376s][info ][gc,start       ] GC(1331) Pause Young (Allocation Failure)
[36.376s][debug][gc,age         ] GC(1331) Desired survivor size 1048576 bytes, new threshold 1 (max threshold 15)
[36.376s][info ][gc,heap        ] GC(1331) PSYoungGen: 287198K(287744K)->454K(334848K) Eden: 287102K(287232K)->0K(333824K) From: 96K(512K)->454K(1024K)
[36.376s][info ][gc,heap        ] GC(1331) ParOldGen: 4218K(349696K)->4218K(349696K)
[36.376s][info ][gc,metaspace   ] GC(1331) Metaspace: 9583K(9856K)->9583K(9856K) NonClass: 8514K(8640K)->8514K(8640K) Class: 1069K(1216K)->1069K(1216K)
[36.376s][info ][gc             ] GC(1331) Pause Young (Allocation Failure) 284M->4M(668M) 0.289ms
[36.376s][info ][gc,cpu         ] GC(1331) User=0.00s Sys=0.00s Real=0.00s
[36.401s][info ][gc,start       ] GC(1332) Pause Young (Allocation Failure)
[36.401s][debug][gc,age         ] GC(1332) Desired survivor size 1048576 bytes, new threshold 1 (max threshold 15)
[36.401s][info ][gc,heap        ] GC(1332) PSYoungGen: 334267K(334848K)->96K(322560K) Eden: 333813K(333824K)->0K(322048K) From: 454K(1024K)->96K(512K)
[36.401s][info ][gc,heap        ] GC(1332) ParOldGen: 4218K(349696K)->4218K(349696K)
[36.401s][info ][gc,metaspace   ] GC(1332) Metaspace: 9583K(9856K)->9583K(9856K) NonClass: 8514K(8640K)->8514K(8640K) Class: 1069K(1216K)->1069K(1216K)
[36.401s][info ][gc             ] GC(1332) Pause Young (Allocation Failure) 330M->4M(656M) 0.278ms
[36.401s][info ][gc,cpu         ] GC(1332) User=0.00s Sys=0.00s Real=0.00s
[36.425s][info ][gc,start       ] GC(1333) Pause Young (Allocation Failure)
[36.425s][debug][gc,age         ] GC(1333) Desired survivor size 1048576 bytes, new threshold 1 (max threshold 15)
[36.425s][info ][gc,heap        ] GC(1333) PSYoungGen: 322073K(322560K)->96K(311808K) Eden: 321977K(322048K)->0K(310784K) From: 96K(512K)->96K(1024K)
[36.425s][info ][gc,heap        ] GC(1333) ParOldGen: 4218K(349696K)->4218K(349696K)
[36.425s][info ][gc,metaspace   ] GC(1333) Metaspace: 9583K(9856K)->9583K(9856K) NonClass: 8514K(8640K)->8514K(8640K) Class: 1069K(1216K)->1069K(1216K)
[36.425s][info ][gc             ] GC(1333) Pause Young (Allocation Failure) 318M->4M(646M) 0.275ms
[36.425s][info ][gc,cpu         ] GC(1333) User=0.00s Sys=0.00s Real=0.00s
[36.448s][info ][gc,start       ] GC(1334) Pause Young (Allocation Failure)
[36.448s][debug][gc,age         ] GC(1334) Desired survivor size 1048576 bytes, new threshold 1 (max threshold 15)
[36.448s][info ][gc,heap        ] GC(1334) PSYoungGen: 310602K(311808K)->486K(300544K) Eden: 310506K(310784K)->0K(300032K) From: 96K(1024K)->486K(512K)
[36.448s][info ][gc,heap        ] GC(1334) ParOldGen: 4218K(349696K)->4218K(349696K)
[36.448s][info ][gc,metaspace   ] GC(1334) Metaspace: 9583K(9856K)->9583K(9856K) NonClass: 8514K(8640K)->8514K(8640K) Class: 1069K(1216K)->1069K(1216K)
[36.448s][info ][gc             ] GC(1334) Pause Young (Allocation Failure) 307M->4M(635M) 0.284ms
[36.448s][info ][gc,cpu         ] GC(1334) User=0.00s Sys=0.00s Real=0.00s
[36.470s][info ][gc,start       ] GC(1335) Pause Young (Allocation Failure)
[36.471s][debug][gc,age         ] GC(1335) Desired survivor size 1048576 bytes, new threshold 1 (max threshold 15)
[36.471s][info ][gc,heap        ] GC(1335) PSYoungGen: 300262K(300544K)->64K(290816K) Eden: 299775K(300032K)->0K(289792K) From: 486K(512K)->64K(1024K)
[36.471s][info ][gc,heap        ] GC(1335) ParOldGen: 4218K(349696K)->4218K(349696K)
[36.471s][info ][gc,metaspace   ] GC(1335) Metaspace: 9583K(9856K)->9583K(9856K) NonClass: 8514K(8640K)->8514K(8640K) Class: 1069K(1216K)->1069K(1216K)
[36.471s][info ][gc             ] GC(1335) Pause Young (Allocation Failure) 297M->4M(625M) 0.260ms
[36.471s][info ][gc,cpu         ] GC(1335) User=0.00s Sys=0.00s Real=0.00s
[36.492s][info ][gc,start       ] GC(1336) Pause Young (Allocation Failure)
[36.492s][debug][gc,age         ] GC(1336) Desired survivor size 1048576 bytes, new threshold 1 (max threshold 15)
[36.492s][info ][gc,heap        ] GC(1336) PSYoungGen: 289498K(290816K)->454K(280576K) Eden: 289434K(289792K)->0K(280064K) From: 64K(1024K)->454K(512K)
[36.492s][info ][gc,heap        ] GC(1336) ParOldGen: 4218K(349696K)->4218K(349696K)
[36.492s][info ][gc,metaspace   ] GC(1336) Metaspace: 9583K(9856K)->9583K(9856K) NonClass: 8514K(8640K)->8514K(8640K) Class: 1069K(1216K)->1069K(1216K)
[36.492s][info ][gc             ] GC(1336) Pause Young (Allocation Failure) 286M->4M(615M) 0.287ms
[36.492s][info ][gc,cpu         ] GC(1336) User=0.00s Sys=0.00s Real=0.00s
[36.513s][info ][gc,start       ] GC(1337) Pause Young (Allocation Failure)
[36.513s][debug][gc,age         ] GC(1337) Desired survivor size 1048576 bytes, new threshold 1 (max threshold 15)
[36.513s][info ][gc,heap        ] GC(1337) PSYoungGen: 280441K(280576K)->96K(271872K) Eden: 279987K(280064K)->0K(270848K) From: 454K(512K)->96K(1024K)
[36.513s][info ][gc,heap        ] GC(1337) ParOldGen: 4218K(349696K)->4218K(349696K)
[36.513s][info ][gc,metaspace   ] GC(1337) Metaspace: 9583K(9856K)->9583K(9856K) NonClass: 8514K(8640K)->8514K(8640K) Class: 1069K(1216K)->1069K(1216K)
[36.513s][info ][gc             ] GC(1337) Pause Young (Allocation Failure) 277M->4M(607M) 0.239ms
[36.513s][info ][gc,cpu         ] GC(1337) User=0.00s Sys=0.00s Real=0.00s
[36.533s][info ][gc,start       ] GC(1338) Pause Young (Allocation Failure)
[36.533s][debug][gc,age         ] GC(1338) Desired survivor size 1048576 bytes, new threshold 1 (max threshold 15)
[36.533s][info ][gc,heap        ] GC(1338) PSYoungGen: 270930K(271872K)->486K(262656K) Eden: 270834K(270848K)->0K(262144K) From: 96K(1024K)->486K(512K)
[36.533s][info ][gc,heap        ] GC(1338) ParOldGen: 4218K(349696K)->4218K(349696K)
[36.533s][info ][gc,metaspace   ] GC(1338) Metaspace: 9583K(9856K)->9583K(9856K) NonClass: 8514K(8640K)->8514K(8640K) Class: 1069K(1216K)->1069K(1216K)
[36.533s][info ][gc             ] GC(1338) Pause Young (Allocation Failure) 268M->4M(598M) 0.315ms
[36.533s][info ][gc,cpu         ] GC(1338) User=0.00s Sys=0.00s Real=0.00s
[36.552s][info ][gc,start       ] GC(1339) Pause Young (Allocation Failure)
[36.552s][debug][gc,age         ] GC(1339) Desired survivor size 1048576 bytes, new threshold 1 (max threshold 15)
[36.552s][info ][gc,heap        ] GC(1339) PSYoungGen: 262630K(262656K)->96K(254464K) Eden: 262144K(262144K)->0K(253440K) From: 486K(512K)->96K(1024K)
[36.552s][info ][gc,heap        ] GC(1339) ParOldGen: 4218K(349696K)->4218K(349696K)
[36.552s][info ][gc,metaspace   ] GC(1339) Metaspace: 9583K(9856K)->9583K(9856K) NonClass: 8514K(8640K)->8514K(8640K) Class: 1069K(1216K)->1069K(1216K)
[36.552s][info ][gc             ] GC(1339) Pause Young (Allocation Failure) 260M->4M(590M) 0.250ms
[36.552s][info ][gc,cpu         ] GC(1339) User=0.00s Sys=0.00s Real=0.00s
[36.571s][info ][gc,start       ] GC(1340) Pause Young (Allocation Failure)
[36.571s][debug][gc,age         ] GC(1340) Desired survivor size 1048576 bytes, new threshold 1 (max threshold 15)
[36.571s][info ][gc,heap        ] GC(1340) PSYoungGen: 253447K(254464K)->486K(304640K) Eden: 253351K(253440K)->0K(304128K) From: 96K(1024K)->486K(512K)
[36.571s][info ][gc,heap        ] GC(1340) ParOldGen: 4218K(349696K)->4218K(349696K)
[36.571s][info ][gc,metaspace   ] GC(1340) Metaspace: 9583K(9856K)->9583K(9856K) NonClass: 8514K(8640K)->8514K(8640K) Class: 1069K(1216K)->1069K(1216K)
[36.571s][info ][gc             ] GC(1340) Pause Young (Allocation Failure) 251M->4M(639M) 0.301ms
[36.571s][info ][gc,cpu         ] GC(1340) User=0.00s Sys=0.00s Real=0.00s
[36.594s][info ][gc,start       ] GC(1341) Pause Young (Allocation Failure)
[36.594s][debug][gc,age         ] GC(1341) Desired survivor size 1048576 bytes, new threshold 1 (max threshold 15)
[36.594s][info ][gc,heap        ] GC(1341) PSYoungGen: 304369K(304640K)->64K(294912K) Eden: 303883K(304128K)->0K(293888K) From: 486K(512K)->64K(1024K)
[36.594s][info ][gc,heap        ] GC(1341) ParOldGen: 4218K(349696K)->4218K(349696K)
[36.594s][info ][gc,metaspace   ] GC(1341) Metaspace: 9583K(9856K)->9583K(9856K) NonClass: 8514K(8640K)->8514K(8640K) Class: 1069K(1216K)->1069K(1216K)
[36.594s][info ][gc             ] GC(1341) Pause Young (Allocation Failure) 301M->4M(629M) 0.216ms
[36.594s][info ][gc,cpu         ] GC(1341) User=0.00s Sys=0.00s Real=0.00s
[36.616s][info ][gc,start       ] GC(1342) Pause Young (Allocation Failure)
[36.616s][debug][gc,age         ] GC(1342) Desired survivor size 1048576 bytes, new threshold 1 (max threshold 15)
[36.616s][info ][gc,heap        ] GC(1342) PSYoungGen: 293846K(294912K)->96K(284672K) Eden: 293782K(293888K)->0K(284160K) From: 64K(1024K)->96K(512K)
[36.616s][info ][gc,heap        ] GC(1342) ParOldGen: 4218K(349696K)->4218K(349696K)
[36.616s][info ][gc,metaspace   ] GC(1342) Metaspace: 9583K(9856K)->9583K(9856K) NonClass: 8514K(8640K)->8514K(8640K) Class: 1069K(1216K)->1069K(1216K)
[36.616s][info ][gc             ] GC(1342) Pause Young (Allocation Failure) 291M->4M(619M) 0.246ms
[36.616s][info ][gc,cpu         ] GC(1342) User=0.00s Sys=0.00s Real=0.00s
[36.637s][info ][gc,start       ] GC(1343) Pause Young (Allocation Failure)
[36.637s][debug][gc,age         ] GC(1343) Desired survivor size 1048576 bytes, new threshold 1 (max threshold 15)
[36.637s][info ][gc,heap        ] GC(1343) PSYoungGen: 283939K(284672K)->486K(275968K) Eden: 283843K(284160K)->0K(274944K) From: 96K(512K)->486K(1024K)
[36.637s][info ][gc,heap        ] GC(1343) ParOldGen: 4218K(349696K)->4218K(349696K)
[36.637s][info ][gc,metaspace   ] GC(1343) Metaspace: 9583K(9856K)->9583K(9856K) NonClass: 8514K(8640K)->8514K(8640K) Class: 1069K(1216K)->1069K(1216K)
[36.637s][info ][gc             ] GC(1343) Pause Young (Allocation Failure) 281M->4M(611M) 0.293ms
[36.637s][info ][gc,cpu         ] GC(1343) User=0.00s Sys=0.01s Real=0.00s
[36.657s][info ][gc,start       ] GC(1344) Pause Young (Allocation Failure)
[36.657s][debug][gc,age         ] GC(1344) Desired survivor size 1048576 bytes, new threshold 1 (max threshold 15)
[36.657s][info ][gc,heap        ] GC(1344) PSYoungGen: 275386K(275968K)->96K(266240K) Eden: 274899K(274944K)->0K(265728K) From: 486K(1024K)->96K(512K)
[36.657s][info ][gc,heap        ] GC(1344) ParOldGen: 4218K(349696K)->4218K(349696K)
[36.657s][info ][gc,metaspace   ] GC(1344) Metaspace: 9583K(9856K)->9583K(9856K) NonClass: 8514K(8640K)->8514K(8640K) Class: 1069K(1216K)->1069K(1216K)
[36.657s][info ][gc             ] GC(1344) Pause Young (Allocation Failure) 273M->4M(601M) 0.296ms
[36.657s][info ][gc,cpu         ] GC(1344) User=0.00s Sys=0.00s Real=0.00s
[36.677s][info ][gc,start       ] GC(1345) Pause Young (Allocation Failure)
[36.677s][debug][gc,age         ] GC(1345) Desired survivor size 1048576 bytes, new threshold 1 (max threshold 15)
[36.677s][info ][gc,heap        ] GC(1345) PSYoungGen: 265726K(266240K)->96K(258048K) Eden: 265630K(265728K)->0K(257024K) From: 96K(512K)->96K(1024K)
[36.677s][info ][gc,heap        ] GC(1345) ParOldGen: 4218K(349696K)->4218K(349696K)
[36.677s][info ][gc,metaspace   ] GC(1345) Metaspace: 9583K(9856K)->9583K(9856K) NonClass: 8514K(8640K)->8514K(8640K) Class: 1069K(1216K)->1069K(1216K)
[36.677s][info ][gc             ] GC(1345) Pause Young (Allocation Failure) 263M->4M(593M) 0.245ms
[36.677s][info ][gc,cpu         ] GC(1345) User=0.00s Sys=0.00s Real=0.00s
[36.696s][info ][gc,start       ] GC(1346) Pause Young (Allocation Failure)
[36.697s][debug][gc,age         ] GC(1346) Desired survivor size 1048576 bytes, new threshold 1 (max threshold 15)
[36.697s][info ][gc,heap        ] GC(1346) PSYoungGen: 257066K(258048K)->96K(249344K) Eden: 256970K(257024K)->0K(248832K) From: 96K(1024K)->96K(512K)
[36.697s][info ][gc,heap        ] GC(1346) ParOldGen: 4218K(349696K)->4218K(349696K)
[36.697s][info ][gc,metaspace   ] GC(1346) Metaspace: 9583K(9856K)->9583K(9856K) NonClass: 8514K(8640K)->8514K(8640K) Class: 1069K(1216K)->1069K(1216K)
[36.697s][info ][gc             ] GC(1346) Pause Young (Allocation Failure) 255M->4M(585M) 0.272ms
[36.697s][info ][gc,cpu         ] GC(1346) User=0.00s Sys=0.00s Real=0.00s
[36.715s][info ][gc,start       ] GC(1347) Pause Young (Allocation Failure)
[36.715s][debug][gc,age         ] GC(1347) Desired survivor size 1048576 bytes, new threshold 1 (max threshold 15)
[36.715s][info ][gc,heap        ] GC(1347) PSYoungGen: 248895K(249344K)->96K(242176K) Eden: 248799K(248832K)->0K(241152K) From: 96K(512K)->96K(1024K)
[36.715s][info ][gc,heap        ] GC(1347) ParOldGen: 4218K(349696K)->4218K(349696K)
[36.715s][info ][gc,metaspace   ] GC(1347) Metaspace: 9583K(9856K)->9583K(9856K) NonClass: 8514K(8640K)->8514K(8640K) Class: 1069K(1216K)->1069K(1216K)
[36.715s][info ][gc             ] GC(1347) Pause Young (Allocation Failure) 247M->4M(578M) 0.273ms
[36.715s][info ][gc,cpu         ] GC(1347) User=0.00s Sys=0.00s Real=0.01s
[36.733s][info ][gc,start       ] GC(1348) Pause Young (Allocation Failure)
[36.733s][debug][gc,age         ] GC(1348) Desired survivor size 1048576 bytes, new threshold 1 (max threshold 15)
[36.733s][info ][gc,heap        ] GC(1348) PSYoungGen: 241248K(242176K)->96K(290304K) Eden: 241152K(241152K)->0K(289792K) From: 96K(1024K)->96K(512K)
[36.733s][info ][gc,heap        ] GC(1348) ParOldGen: 4218K(349696K)->4218K(349696K)
[36.733s][info ][gc,metaspace   ] GC(1348) Metaspace: 9583K(9856K)->9583K(9856K) NonClass: 8514K(8640K)->8514K(8640K) Class: 1069K(1216K)->1069K(1216K)
[36.733s][info ][gc             ] GC(1348) Pause Young (Allocation Failure) 239M->4M(625M) 0.281ms
[36.733s][info ][gc,cpu         ] GC(1348) User=0.00s Sys=0.00s Real=0.00s
[36.755s][info ][gc,start       ] GC(1349) Pause Young (Allocation Failure)
[36.755s][debug][gc,age         ] GC(1349) Desired survivor size 1048576 bytes, new threshold 1 (max threshold 15)
[36.755s][info ][gc,heap        ] GC(1349) PSYoungGen: 289877K(290304K)->96K(341504K) Eden: 289781K(289792K)->0K(340480K) From: 96K(512K)->96K(1024K)
[36.755s][info ][gc,heap        ] GC(1349) ParOldGen: 4218K(349696K)->4218K(349696K)
[36.755s][info ][gc,metaspace   ] GC(1349) Metaspace: 9583K(9856K)->9583K(9856K) NonClass: 8514K(8640K)->8514K(8640K) Class: 1069K(1216K)->1069K(1216K)
[36.755s][info ][gc             ] GC(1349) Pause Young (Allocation Failure) 287M->4M(675M) 0.285ms
[36.755s][info ][gc,cpu         ] GC(1349) User=0.00s Sys=0.00s Real=0.00s
[36.780s][info ][gc,start       ] GC(1350) Pause Young (Allocation Failure)
[36.780s][debug][gc,age         ] GC(1350) Desired survivor size 1048576 bytes, new threshold 1 (max threshold 15)
[36.780s][info ][gc,heap        ] GC(1350) PSYoungGen: 340382K(341504K)->96K(329216K) Eden: 340286K(340480K)->0K(328704K) From: 96K(1024K)->96K(512K)
[36.780s][info ][gc,heap        ] GC(1350) ParOldGen: 4218K(349696K)->4218K(349696K)
[36.780s][info ][gc,metaspace   ] GC(1350) Metaspace: 9583K(9856K)->9583K(9856K) NonClass: 8514K(8640K)->8514K(8640K) Class: 1069K(1216K)->1069K(1216K)
[36.780s][info ][gc             ] GC(1350) Pause Young (Allocation Failure) 336M->4M(663M) 0.261ms
[36.780s][info ][gc,cpu         ] GC(1350) User=0.00s Sys=0.00s Real=0.00s
[36.804s][info ][gc,start       ] GC(1351) Pause Young (Allocation Failure)
[36.804s][debug][gc,age         ] GC(1351) Desired survivor size 1048576 bytes, new threshold 1 (max threshold 15)
[36.804s][info ][gc,heap        ] GC(1351) PSYoungGen: 328466K(329216K)->96K(318464K) Eden: 328370K(328704K)->0K(317440K) From: 96K(512K)->96K(1024K)
[36.804s][info ][gc,heap        ] GC(1351) ParOldGen: 4218K(349696K)->4218K(349696K)
[36.804s][info ][gc,metaspace   ] GC(1351) Metaspace: 9583K(9856K)->9583K(9856K) NonClass: 8514K(8640K)->8514K(8640K) Class: 1069K(1216K)->1069K(1216K)
[36.804s][info ][gc             ] GC(1351) Pause Young (Allocation Failure) 324M->4M(652M) 0.251ms
[36.804s][info ][gc,cpu         ] GC(1351) User=0.00s Sys=0.00s Real=0.00s
[36.828s][info ][gc,start       ] GC(1352) Pause Young (Allocation Failure)
[36.828s][debug][gc,age         ] GC(1352) Desired survivor size 1048576 bytes, new threshold 1 (max threshold 15)
[36.828s][info ][gc,heap        ] GC(1352) PSYoungGen: 317377K(318464K)->64K(307200K) Eden: 317281K(317440K)->0K(306688K) From: 96K(1024K)->64K(512K)
[36.828s][info ][gc,heap        ] GC(1352) ParOldGen: 4218K(349696K)->4218K(349696K)
[36.828s][info ][gc,metaspace   ] GC(1352) Metaspace: 9583K(9856K)->9583K(9856K) NonClass: 8514K(8640K)->8514K(8640K) Class: 1069K(1216K)->1069K(1216K)
[36.828s][info ][gc             ] GC(1352) Pause Young (Allocation Failure) 314M->4M(641M) 0.262ms
[36.828s][info ][gc,cpu         ] GC(1352) User=0.00s Sys=0.00s Real=0.00s
[36.851s][info ][gc,start       ] GC(1353) Pause Young (Allocation Failure)
[36.852s][debug][gc,age         ] GC(1353) Desired survivor size 1048576 bytes, new threshold 1 (max threshold 15)
[36.852s][info ][gc,heap        ] GC(1353) PSYoungGen: 306518K(307200K)->486K(297472K) Eden: 306454K(306688K)->0K(296448K) From: 64K(512K)->486K(1024K)
[36.852s][info ][gc,heap        ] GC(1353) ParOldGen: 4218K(349696K)->4218K(349696K)
[36.852s][info ][gc,metaspace   ] GC(1353) Metaspace: 9583K(9856K)->9583K(9856K) NonClass: 8514K(8640K)->8514K(8640K) Class: 1069K(1216K)->1069K(1216K)
[36.852s][info ][gc             ] GC(1353) Pause Young (Allocation Failure) 303M->4M(632M) 0.258ms
[36.852s][info ][gc,cpu         ] GC(1353) User=0.00s Sys=0.00s Real=0.00s
[36.874s][info ][gc,start       ] GC(1354) Pause Young (Allocation Failure)
[36.874s][debug][gc,age         ] GC(1354) Desired survivor size 1048576 bytes, new threshold 1 (max threshold 15)
[36.874s][info ][gc,heap        ] GC(1354) PSYoungGen: 296774K(297472K)->486K(286720K) Eden: 296287K(296448K)->0K(286208K) From: 486K(1024K)->486K(512K)
[36.874s][info ][gc,heap        ] GC(1354) ParOldGen: 4218K(349696K)->4218K(349696K)
[36.874s][info ][gc,metaspace   ] GC(1354) Metaspace: 9583K(9856K)->9583K(9856K) NonClass: 8514K(8640K)->8514K(8640K) Class: 1069K(1216K)->1069K(1216K)
[36.874s][info ][gc             ] GC(1354) Pause Young (Allocation Failure) 293M->4M(621M) 0.284ms
[36.874s][info ][gc,cpu         ] GC(1354) User=0.01s Sys=0.00s Real=0.00s
[36.895s][info ][gc,start       ] GC(1355) Pause Young (Allocation Failure)
[36.895s][debug][gc,age         ] GC(1355) Desired survivor size 1048576 bytes, new threshold 1 (max threshold 15)
[36.895s][info ][gc,heap        ] GC(1355) PSYoungGen: 286610K(286720K)->64K(277504K) Eden: 286124K(286208K)->0K(276480K) From: 486K(512K)->64K(1024K)
[36.895s][info ][gc,heap        ] GC(1355) ParOldGen: 4218K(349696K)->4218K(349696K)
[36.895s][info ][gc,metaspace   ] GC(1355) Metaspace: 9583K(9856K)->9583K(9856K) NonClass: 8514K(8640K)->8514K(8640K) Class: 1069K(1216K)->1069K(1216K)
[36.895s][info ][gc             ] GC(1355) Pause Young (Allocation Failure) 284M->4M(612M) 0.253ms
[36.895s][info ][gc,cpu         ] GC(1355) User=0.00s Sys=0.01s Real=0.01s
[36.916s][info ][gc,start       ] GC(1356) Pause Young (Allocation Failure)
[36.916s][debug][gc,age         ] GC(1356) Desired survivor size 1048576 bytes, new threshold 1 (max threshold 15)
[36.916s][info ][gc,heap        ] GC(1356) PSYoungGen: 276532K(277504K)->96K(267776K) Eden: 276468K(276480K)->0K(267264K) From: 64K(1024K)->96K(512K)
[36.916s][info ][gc,heap        ] GC(1356) ParOldGen: 4218K(349696K)->4218K(349696K)
[36.916s][info ][gc,metaspace   ] GC(1356) Metaspace: 9583K(9856K)->9583K(9856K) NonClass: 8514K(8640K)->8514K(8640K) Class: 1069K(1216K)->1069K(1216K)
[36.916s][info ][gc             ] GC(1356) Pause Young (Allocation Failure) 274M->4M(603M) 0.244ms
[36.916s][info ][gc,cpu         ] GC(1356) User=0.00s Sys=0.00s Real=0.00s
[36.936s][info ][gc,start       ] GC(1357) Pause Young (Allocation Failure)
[36.936s][debug][gc,age         ] GC(1357) Desired survivor size 1048576 bytes, new threshold 1 (max threshold 15)
[36.936s][info ][gc,heap        ] GC(1357) PSYoungGen: 267018K(267776K)->486K(259584K) Eden: 266922K(267264K)->0K(258560K) From: 96K(512K)->486K(1024K)
[36.936s][info ][gc,heap        ] GC(1357) ParOldGen: 4218K(349696K)->4218K(349696K)
[36.936s][info ][gc,metaspace   ] GC(1357) Metaspace: 9583K(9856K)->9583K(9856K) NonClass: 8514K(8640K)->8514K(8640K) Class: 1069K(1216K)->1069K(1216K)
[36.936s][info ][gc             ] GC(1357) Pause Young (Allocation Failure) 264M->4M(595M) 0.320ms
[36.936s][info ][gc,cpu         ] GC(1357) User=0.00s Sys=0.00s Real=0.00s
[36.955s][info ][gc,start       ] GC(1358) Pause Young (Allocation Failure)
[36.955s][debug][gc,age         ] GC(1358) Desired survivor size 1048576 bytes, new threshold 1 (max threshold 15)
[36.955s][info ][gc,heap        ] GC(1358) PSYoungGen: 258886K(259584K)->454K(250880K) Eden: 258400K(258560K)->0K(250368K) From: 486K(1024K)->454K(512K)
[36.955s][info ][gc,heap        ] GC(1358) ParOldGen: 4218K(349696K)->4218K(349696K)
[36.955s][info ][gc,metaspace   ] GC(1358) Metaspace: 9583K(9856K)->9583K(9856K) NonClass: 8514K(8640K)->8514K(8640K) Class: 1069K(1216K)->1069K(1216K)
[36.955s][info ][gc             ] GC(1358) Pause Young (Allocation Failure) 256M->4M(586M) 0.242ms
[36.955s][info ][gc,cpu         ] GC(1358) User=0.00s Sys=0.00s Real=0.00s
[36.974s][info ][gc,start       ] GC(1359) Pause Young (Allocation Failure)
[36.974s][debug][gc,age         ] GC(1359) Desired survivor size 1048576 bytes, new threshold 1 (max threshold 15)
[36.974s][info ][gc,heap        ] GC(1359) PSYoungGen: 250752K(250880K)->96K(243200K) Eden: 250297K(250368K)->0K(242176K) From: 454K(512K)->96K(1024K)
[36.974s][info ][gc,heap        ] GC(1359) ParOldGen: 4218K(349696K)->4218K(349696K)
[36.974s][info ][gc,metaspace   ] GC(1359) Metaspace: 9583K(9856K)->9583K(9856K) NonClass: 8514K(8640K)->8514K(8640K) Class: 1069K(1216K)->1069K(1216K)
[36.974s][info ][gc             ] GC(1359) Pause Young (Allocation Failure) 248M->4M(579M) 0.223ms
[36.974s][info ][gc,cpu         ] GC(1359) User=0.00s Sys=0.00s Real=0.00s
[36.992s][info ][gc,start       ] GC(1360) Pause Young (Allocation Failure)
[36.992s][debug][gc,age         ] GC(1360) Desired survivor size 1048576 bytes, new threshold 1 (max threshold 15)
[36.992s][info ][gc,heap        ] GC(1360) PSYoungGen: 242133K(243200K)->96K(235008K) Eden: 242037K(242176K)->0K(234496K) From: 96K(1024K)->96K(512K)
[36.992s][info ][gc,heap        ] GC(1360) ParOldGen: 4218K(349696K)->4218K(349696K)
[36.992s][info ][gc,metaspace   ] GC(1360) Metaspace: 9583K(9856K)->9583K(9856K) NonClass: 8514K(8640K)->8514K(8640K) Class: 1069K(1216K)->1069K(1216K)
[36.992s][info ][gc             ] GC(1360) Pause Young (Allocation Failure) 240M->4M(571M) 0.252ms
[36.992s][info ][gc,cpu         ] GC(1360) User=0.00s Sys=0.00s Real=0.00s
[37.010s][info ][gc,start       ] GC(1361) Pause Young (Allocation Failure)
[37.010s][debug][gc,age         ] GC(1361) Desired survivor size 1048576 bytes, new threshold 1 (max threshold 15)
[37.010s][info ][gc,heap        ] GC(1361) PSYoungGen: 234427K(235008K)->64K(228352K) Eden: 234331K(234496K)->0K(227328K) From: 96K(512K)->64K(1024K)
[37.010s][info ][gc,heap        ] GC(1361) ParOldGen: 4218K(349696K)->4218K(349696K)
[37.010s][info ][gc,metaspace   ] GC(1361) Metaspace: 9583K(9856K)->9583K(9856K) NonClass: 8514K(8640K)->8514K(8640K) Class: 1069K(1216K)->1069K(1216K)
[37.010s][info ][gc             ] GC(1361) Pause Young (Allocation Failure) 233M->4M(564M) 0.269ms
[37.010s][info ][gc,cpu         ] GC(1361) User=0.00s Sys=0.00s Real=0.00s
[37.027s][info ][gc,start       ] GC(1362) Pause Young (Allocation Failure)
[37.027s][debug][gc,age         ] GC(1362) Desired survivor size 1048576 bytes, new threshold 1 (max threshold 15)
[37.027s][info ][gc,heap        ] GC(1362) PSYoungGen: 227009K(228352K)->454K(273408K) Eden: 226945K(227328K)->0K(272896K) From: 64K(1024K)->454K(512K)
[37.027s][info ][gc,heap        ] GC(1362) ParOldGen: 4218K(349696K)->4218K(349696K)
[37.027s][info ][gc,metaspace   ] GC(1362) Metaspace: 9583K(9856K)->9583K(9856K) NonClass: 8514K(8640K)->8514K(8640K) Class: 1069K(1216K)->1069K(1216K)
[37.027s][info ][gc             ] GC(1362) Pause Young (Allocation Failure) 225M->4M(608M) 0.271ms
[37.027s][info ][gc,cpu         ] GC(1362) User=0.00s Sys=0.00s Real=0.00s
[37.047s][info ][gc,start       ] GC(1363) Pause Young (Allocation Failure)
[37.047s][debug][gc,age         ] GC(1363) Desired survivor size 1048576 bytes, new threshold 1 (max threshold 15)
[37.047s][info ][gc,heap        ] GC(1363) PSYoungGen: 273330K(273408K)->64K(328704K) Eden: 272875K(272896K)->0K(327680K) From: 454K(512K)->64K(1024K)
[37.047s][info ][gc,heap        ] GC(1363) ParOldGen: 4218K(349696K)->4218K(349696K)
[37.047s][info ][gc,metaspace   ] GC(1363) Metaspace: 9583K(9856K)->9583K(9856K) NonClass: 8514K(8640K)->8514K(8640K) Class: 1069K(1216K)->1069K(1216K)
[37.047s][info ][gc             ] GC(1363) Pause Young (Allocation Failure) 271M->4M(662M) 0.258ms
[37.047s][info ][gc,cpu         ] GC(1363) User=0.00s Sys=0.00s Real=0.00s
[37.071s][info ][gc,start       ] GC(1364) Pause Young (Allocation Failure)
[37.072s][debug][gc,age         ] GC(1364) Desired survivor size 1048576 bytes, new threshold 1 (max threshold 15)
[37.072s][info ][gc,heap        ] GC(1364) PSYoungGen: 327564K(328704K)->96K(316928K) Eden: 327500K(327680K)->0K(316416K) From: 64K(1024K)->96K(512K)
[37.072s][info ][gc,heap        ] GC(1364) ParOldGen: 4218K(349696K)->4218K(349696K)
[37.072s][info ][gc,metaspace   ] GC(1364) Metaspace: 9583K(9856K)->9583K(9856K) NonClass: 8514K(8640K)->8514K(8640K) Class: 1069K(1216K)->1069K(1216K)
[37.072s][info ][gc             ] GC(1364) Pause Young (Allocation Failure) 324M->4M(651M) 0.274ms
[37.072s][info ][gc,cpu         ] GC(1364) User=0.00s Sys=0.00s Real=0.00s
[37.095s][info ][gc,start       ] GC(1365) Pause Young (Allocation Failure)
[37.095s][debug][gc,age         ] GC(1365) Desired survivor size 1048576 bytes, new threshold 1 (max threshold 15)
[37.095s][info ][gc,heap        ] GC(1365) PSYoungGen: 316512K(316928K)->486K(306688K) Eden: 316416K(316416K)->0K(305664K) From: 96K(512K)->486K(1024K)
[37.095s][info ][gc,heap        ] GC(1365) ParOldGen: 4218K(349696K)->4218K(349696K)
[37.095s][info ][gc,metaspace   ] GC(1365) Metaspace: 9583K(9856K)->9583K(9856K) NonClass: 8514K(8640K)->8514K(8640K) Class: 1069K(1216K)->1069K(1216K)
[37.095s][info ][gc             ] GC(1365) Pause Young (Allocation Failure) 313M->4M(641M) 0.310ms
[37.095s][info ][gc,cpu         ] GC(1365) User=0.00s Sys=0.00s Real=0.00s
[37.117s][info ][gc,start       ] GC(1366) Pause Young (Allocation Failure)
[37.118s][debug][gc,age         ] GC(1366) Desired survivor size 1048576 bytes, new threshold 1 (max threshold 15)
[37.118s][info ][gc,heap        ] GC(1366) PSYoungGen: 306059K(306688K)->486K(295936K) Eden: 305573K(305664K)->0K(295424K) From: 486K(1024K)->486K(512K)
[37.118s][info ][gc,heap        ] GC(1366) ParOldGen: 4218K(349696K)->4218K(349696K)
[37.118s][info ][gc,metaspace   ] GC(1366) Metaspace: 9583K(9856K)->9583K(9856K) NonClass: 8514K(8640K)->8514K(8640K) Class: 1069K(1216K)->1069K(1216K)
[37.118s][info ][gc             ] GC(1366) Pause Young (Allocation Failure) 303M->4M(630M) 0.303ms
[37.118s][info ][gc,cpu         ] GC(1366) User=0.00s Sys=0.00s Real=0.00s
[37.139s][info ][gc,start       ] GC(1367) Pause Young (Allocation Failure)
[37.140s][debug][gc,age         ] GC(1367) Desired survivor size 1048576 bytes, new threshold 1 (max threshold 15)
[37.140s][info ][gc,heap        ] GC(1367) PSYoungGen: 295770K(295936K)->486K(343552K) Eden: 295284K(295424K)->0K(342528K) From: 486K(512K)->486K(1024K)
[37.140s][info ][gc,heap        ] GC(1367) ParOldGen: 4218K(349696K)->4218K(349696K)
[37.140s][info ][gc,metaspace   ] GC(1367) Metaspace: 9583K(9856K)->9583K(9856K) NonClass: 8514K(8640K)->8514K(8640K) Class: 1069K(1216K)->1069K(1216K)
[37.140s][info ][gc             ] GC(1367) Pause Young (Allocation Failure) 292M->4M(677M) 0.339ms
[37.140s][info ][gc,cpu         ] GC(1367) User=0.00s Sys=0.00s Real=0.00s
[37.165s][info ][gc,start       ] GC(1368) Pause Young (Allocation Failure)
[37.165s][debug][gc,age         ] GC(1368) Desired survivor size 1048576 bytes, new threshold 1 (max threshold 15)
[37.165s][info ][gc,heap        ] GC(1368) PSYoungGen: 342709K(343552K)->486K(330752K) Eden: 342222K(342528K)->0K(330240K) From: 486K(1024K)->486K(512K)
[37.165s][info ][gc,heap        ] GC(1368) ParOldGen: 4218K(349696K)->4218K(349696K)
[37.165s][info ][gc,metaspace   ] GC(1368) Metaspace: 9583K(9856K)->9583K(9856K) NonClass: 8514K(8640K)->8514K(8640K) Class: 1069K(1216K)->1069K(1216K)
[37.165s][info ][gc             ] GC(1368) Pause Young (Allocation Failure) 338M->4M(664M) 0.267ms
[37.165s][info ][gc,cpu         ] GC(1368) User=0.00s Sys=0.00s Real=0.00s
[37.189s][info ][gc,start       ] GC(1369) Pause Young (Allocation Failure)
[37.190s][debug][gc,age         ] GC(1369) Desired survivor size 1048576 bytes, new threshold 1 (max threshold 15)
[37.190s][info ][gc,heap        ] GC(1369) PSYoungGen: 330717K(330752K)->96K(319488K) Eden: 330231K(330240K)->0K(318464K) From: 486K(512K)->96K(1024K)
[37.190s][info ][gc,heap        ] GC(1369) ParOldGen: 4218K(349696K)->4218K(349696K)
[37.190s][info ][gc,metaspace   ] GC(1369) Metaspace: 9583K(9856K)->9583K(9856K) NonClass: 8514K(8640K)->8514K(8640K) Class: 1069K(1216K)->1069K(1216K)
[37.190s][info ][gc             ] GC(1369) Pause Young (Allocation Failure) 327M->4M(653M) 0.266ms
[37.190s][info ][gc,cpu         ] GC(1369) User=0.00s Sys=0.00s Real=0.00s
[37.213s][info ][gc,start       ] GC(1370) Pause Young (Allocation Failure)
[37.213s][debug][gc,age         ] GC(1370) Desired survivor size 1048576 bytes, new threshold 1 (max threshold 15)
[37.213s][info ][gc,heap        ] GC(1370) PSYoungGen: 318386K(319488K)->96K(307712K) Eden: 318290K(318464K)->0K(307200K) From: 96K(1024K)->96K(512K)
[37.213s][info ][gc,heap        ] GC(1370) ParOldGen: 4218K(349696K)->4218K(349696K)
[37.213s][info ][gc,metaspace   ] GC(1370) Metaspace: 9583K(9856K)->9583K(9856K) NonClass: 8514K(8640K)->8514K(8640K) Class: 1069K(1216K)->1069K(1216K)
[37.213s][info ][gc             ] GC(1370) Pause Young (Allocation Failure) 315M->4M(642M) 0.259ms
[37.213s][info ][gc,cpu         ] GC(1370) User=0.00s Sys=0.00s Real=0.00s
[37.235s][info ][gc,start       ] GC(1371) Pause Young (Allocation Failure)
[37.235s][debug][gc,age         ] GC(1371) Desired survivor size 1048576 bytes, new threshold 1 (max threshold 15)
[37.235s][info ][gc,heap        ] GC(1371) PSYoungGen: 307296K(307712K)->64K(297472K) Eden: 307200K(307200K)->0K(296448K) From: 96K(512K)->64K(1024K)
[37.235s][info ][gc,heap        ] GC(1371) ParOldGen: 4218K(349696K)->4218K(349696K)
[37.235s][info ][gc,metaspace   ] GC(1371) Metaspace: 9583K(9856K)->9583K(9856K) NonClass: 8514K(8640K)->8514K(8640K) Class: 1069K(1216K)->1069K(1216K)
[37.235s][info ][gc             ] GC(1371) Pause Young (Allocation Failure) 304M->4M(632M) 0.234ms
[37.235s][info ][gc,cpu         ] GC(1371) User=0.00s Sys=0.00s Real=0.01s
[37.257s][info ][gc,start       ] GC(1372) Pause Young (Allocation Failure)
[37.257s][debug][gc,age         ] GC(1372) Desired survivor size 1048576 bytes, new threshold 1 (max threshold 15)
[37.257s][info ][gc,heap        ] GC(1372) PSYoungGen: 296416K(297472K)->96K(286720K) Eden: 296352K(296448K)->0K(286208K) From: 64K(1024K)->96K(512K)
[37.257s][info ][gc,heap        ] GC(1372) ParOldGen: 4218K(349696K)->4218K(349696K)
[37.257s][info ][gc,metaspace   ] GC(1372) Metaspace: 9583K(9856K)->9583K(9856K) NonClass: 8514K(8640K)->8514K(8640K) Class: 1069K(1216K)->1069K(1216K)
[37.257s][info ][gc             ] GC(1372) Pause Young (Allocation Failure) 293M->4M(621M) 0.252ms
[37.257s][info ][gc,cpu         ] GC(1372) User=0.00s Sys=0.00s Real=0.00s
[37.278s][info ][gc,start       ] GC(1373) Pause Young (Allocation Failure)
[37.279s][debug][gc,age         ] GC(1373) Desired survivor size 1048576 bytes, new threshold 1 (max threshold 15)
[37.279s][info ][gc,heap        ] GC(1373) PSYoungGen: 286258K(286720K)->486K(277504K) Eden: 286162K(286208K)->0K(276480K) From: 96K(512K)->486K(1024K)
[37.279s][info ][gc,heap        ] GC(1373) ParOldGen: 4218K(349696K)->4218K(349696K)
[37.279s][info ][gc,metaspace   ] GC(1373) Metaspace: 9583K(9856K)->9583K(9856K) NonClass: 8514K(8640K)->8514K(8640K) Class: 1069K(1216K)->1069K(1216K)
[37.279s][info ][gc             ] GC(1373) Pause Young (Allocation Failure) 283M->4M(612M) 0.292ms
[37.279s][info ][gc,cpu         ] GC(1373) User=0.00s Sys=0.00s Real=0.00s
[37.299s][info ][gc,start       ] GC(1374) Pause Young (Allocation Failure)
[37.299s][debug][gc,age         ] GC(1374) Desired survivor size 1048576 bytes, new threshold 1 (max threshold 15)
[37.299s][info ][gc,heap        ] GC(1374) PSYoungGen: 276643K(277504K)->96K(267776K) Eden: 276156K(276480K)->0K(267264K) From: 486K(1024K)->96K(512K)
[37.299s][info ][gc,heap        ] GC(1374) ParOldGen: 4218K(349696K)->4218K(349696K)
[37.299s][info ][gc,metaspace   ] GC(1374) Metaspace: 9583K(9856K)->9583K(9856K) NonClass: 8514K(8640K)->8514K(8640K) Class: 1069K(1216K)->1069K(1216K)
[37.299s][info ][gc             ] GC(1374) Pause Young (Allocation Failure) 274M->4M(603M) 0.252ms
[37.299s][info ][gc,cpu         ] GC(1374) User=0.00s Sys=0.00s Real=0.00s
[37.319s][info ][gc,start       ] GC(1375) Pause Young (Allocation Failure)
[37.319s][debug][gc,age         ] GC(1375) Desired survivor size 1048576 bytes, new threshold 1 (max threshold 15)
[37.319s][info ][gc,heap        ] GC(1375) PSYoungGen: 267240K(267776K)->64K(259584K) Eden: 267144K(267264K)->0K(258560K) From: 96K(512K)->64K(1024K)
[37.319s][info ][gc,heap        ] GC(1375) ParOldGen: 4218K(349696K)->4218K(349696K)
[37.319s][info ][gc,metaspace   ] GC(1375) Metaspace: 9583K(9856K)->9583K(9856K) NonClass: 8514K(8640K)->8514K(8640K) Class: 1069K(1216K)->1069K(1216K)
[37.319s][info ][gc             ] GC(1375) Pause Young (Allocation Failure) 265M->4M(595M) 0.267ms
[37.319s][info ][gc,cpu         ] GC(1375) User=0.00s Sys=0.00s Real=0.00s
[37.338s][info ][gc,start       ] GC(1376) Pause Young (Allocation Failure)
[37.338s][debug][gc,age         ] GC(1376) Desired survivor size 1048576 bytes, new threshold 1 (max threshold 15)
[37.339s][info ][gc,heap        ] GC(1376) PSYoungGen: 258478K(259584K)->96K(250880K) Eden: 258414K(258560K)->0K(250368K) From: 64K(1024K)->96K(512K)
[37.339s][info ][gc,heap        ] GC(1376) ParOldGen: 4218K(349696K)->4218K(349696K)
[37.339s][info ][gc,metaspace   ] GC(1376) Metaspace: 9583K(9856K)->9583K(9856K) NonClass: 8514K(8640K)->8514K(8640K) Class: 1069K(1216K)->1069K(1216K)
[37.339s][info ][gc             ] GC(1376) Pause Young (Allocation Failure) 256M->4M(586M) 0.259ms
[37.339s][info ][gc,cpu         ] GC(1376) User=0.00s Sys=0.00s Real=0.00s
[37.357s][info ][gc,start       ] GC(1377) Pause Young (Allocation Failure)
[37.357s][debug][gc,age         ] GC(1377) Desired survivor size 1048576 bytes, new threshold 1 (max threshold 15)
[37.357s][info ][gc,heap        ] GC(1377) PSYoungGen: 250464K(250880K)->486K(301568K) Eden: 250368K(250368K)->0K(300544K) From: 96K(512K)->486K(1024K)
[37.357s][info ][gc,heap        ] GC(1377) ParOldGen: 4218K(349696K)->4218K(349696K)
[37.357s][info ][gc,metaspace   ] GC(1377) Metaspace: 9583K(9856K)->9583K(9856K) NonClass: 8514K(8640K)->8514K(8640K) Class: 1069K(1216K)->1069K(1216K)
[37.357s][info ][gc             ] GC(1377) Pause Young (Allocation Failure) 248M->4M(636M) 0.295ms
[37.357s][info ][gc,cpu         ] GC(1377) User=0.00s Sys=0.00s Real=0.00s
[37.379s][info ][gc,start       ] GC(1378) Pause Young (Allocation Failure)
[37.379s][debug][gc,age         ] GC(1378) Desired survivor size 1048576 bytes, new threshold 1 (max threshold 15)
[37.379s][info ][gc,heap        ] GC(1378) PSYoungGen: 301030K(301568K)->64K(290816K) Eden: 300544K(300544K)->0K(290304K) From: 486K(1024K)->64K(512K)
[37.379s][info ][gc,heap        ] GC(1378) ParOldGen: 4218K(349696K)->4218K(349696K)
[37.379s][info ][gc,metaspace   ] GC(1378) Metaspace: 9583K(9856K)->9583K(9856K) NonClass: 8514K(8640K)->8514K(8640K) Class: 1069K(1216K)->1069K(1216K)
[37.379s][info ][gc             ] GC(1378) Pause Young (Allocation Failure) 298M->4M(625M) 0.225ms
[37.379s][info ][gc,cpu         ] GC(1378) User=0.00s Sys=0.00s Real=0.00s
[37.400s][info ][gc,start       ] GC(1379) Pause Young (Allocation Failure)
[37.401s][debug][gc,age         ] GC(1379) Desired survivor size 1048576 bytes, new threshold 1 (max threshold 15)
[37.401s][info ][gc,heap        ] GC(1379) PSYoungGen: 290368K(290816K)->454K(281600K) Eden: 290304K(290304K)->0K(280576K) From: 64K(512K)->454K(1024K)
[37.401s][info ][gc,heap        ] GC(1379) ParOldGen: 4218K(349696K)->4218K(349696K)
[37.401s][info ][gc,metaspace   ] GC(1379) Metaspace: 9583K(9856K)->9583K(9856K) NonClass: 8514K(8640K)->8514K(8640K) Class: 1069K(1216K)->1069K(1216K)
[37.401s][info ][gc             ] GC(1379) Pause Young (Allocation Failure) 287M->4M(616M) 0.216ms
[37.401s][info ][gc,cpu         ] GC(1379) User=0.00s Sys=0.00s Real=0.00s
[37.421s][info ][gc,start       ] GC(1380) Pause Young (Allocation Failure)
[37.422s][debug][gc,age         ] GC(1380) Desired survivor size 1048576 bytes, new threshold 1 (max threshold 15)
[37.422s][info ][gc,heap        ] GC(1380) PSYoungGen: 281030K(281600K)->486K(271872K) Eden: 280576K(280576K)->0K(271360K) From: 454K(1024K)->486K(512K)
[37.422s][info ][gc,heap        ] GC(1380) ParOldGen: 4218K(349696K)->4218K(349696K)
[37.422s][info ][gc,metaspace   ] GC(1380) Metaspace: 9583K(9856K)->9583K(9856K) NonClass: 8514K(8640K)->8514K(8640K) Class: 1069K(1216K)->1069K(1216K)
[37.422s][info ][gc             ] GC(1380) Pause Young (Allocation Failure) 278M->4M(607M) 0.298ms
[37.422s][info ][gc,cpu         ] GC(1380) User=0.00s Sys=0.00s Real=0.00s
[37.441s][info ][gc,start       ] GC(1381) Pause Young (Allocation Failure)
[37.441s][debug][gc,age         ] GC(1381) Desired survivor size 1048576 bytes, new threshold 1 (max threshold 15)
[37.441s][info ][gc,heap        ] GC(1381) PSYoungGen: 271846K(271872K)->96K(263680K) Eden: 271360K(271360K)->0K(262656K) From: 486K(512K)->96K(1024K)
[37.441s][info ][gc,heap        ] GC(1381) ParOldGen: 4218K(349696K)->4218K(349696K)
[37.441s][info ][gc,metaspace   ] GC(1381) Metaspace: 9583K(9856K)->9583K(9856K) NonClass: 8514K(8640K)->8514K(8640K) Class: 1069K(1216K)->1069K(1216K)
[37.441s][info ][gc             ] GC(1381) Pause Young (Allocation Failure) 269M->4M(599M) 0.204ms
[37.441s][info ][gc,cpu         ] GC(1381) User=0.00s Sys=0.00s Real=0.00s
[37.461s][info ][gc,start       ] GC(1382) Pause Young (Allocation Failure)
[37.461s][debug][gc,age         ] GC(1382) Desired survivor size 1048576 bytes, new threshold 1 (max threshold 15)
[37.461s][info ][gc,heap        ] GC(1382) PSYoungGen: 262608K(263680K)->96K(254464K) Eden: 262512K(262656K)->0K(253952K) From: 96K(1024K)->96K(512K)
[37.461s][info ][gc,heap        ] GC(1382) ParOldGen: 4218K(349696K)->4218K(349696K)
[37.461s][info ][gc,metaspace   ] GC(1382) Metaspace: 9583K(9856K)->9583K(9856K) NonClass: 8514K(8640K)->8514K(8640K) Class: 1069K(1216K)->1069K(1216K)
[37.461s][info ][gc             ] GC(1382) Pause Young (Allocation Failure) 260M->4M(590M) 0.252ms
[37.461s][info ][gc,cpu         ] GC(1382) User=0.00s Sys=0.00s Real=0.00s
[37.480s][info ][gc,start       ] GC(1383) Pause Young (Allocation Failure)
[37.480s][debug][gc,age         ] GC(1383) Desired survivor size 1048576 bytes, new threshold 1 (max threshold 15)
[37.480s][info ][gc,heap        ] GC(1383) PSYoungGen: 253856K(254464K)->96K(246784K) Eden: 253760K(253952K)->0K(245760K) From: 96K(512K)->96K(1024K)
[37.480s][info ][gc,heap        ] GC(1383) ParOldGen: 4218K(349696K)->4218K(349696K)
[37.480s][info ][gc,metaspace   ] GC(1383) Metaspace: 9583K(9856K)->9583K(9856K) NonClass: 8514K(8640K)->8514K(8640K) Class: 1069K(1216K)->1069K(1216K)
[37.480s][info ][gc             ] GC(1383) Pause Young (Allocation Failure) 252M->4M(582M) 0.244ms
[37.480s][info ][gc,cpu         ] GC(1383) User=0.00s Sys=0.00s Real=0.00s
[37.498s][info ][gc,start       ] GC(1384) Pause Young (Allocation Failure)
[37.498s][debug][gc,age         ] GC(1384) Desired survivor size 1048576 bytes, new threshold 1 (max threshold 15)
[37.498s][info ][gc,heap        ] GC(1384) PSYoungGen: 245667K(246784K)->486K(238592K) Eden: 245571K(245760K)->0K(238080K) From: 96K(1024K)->486K(512K)
[37.498s][info ][gc,heap        ] GC(1384) ParOldGen: 4218K(349696K)->4218K(349696K)
[37.498s][info ][gc,metaspace   ] GC(1384) Metaspace: 9583K(9856K)->9583K(9856K) NonClass: 8514K(8640K)->8514K(8640K) Class: 1069K(1216K)->1069K(1216K)
[37.498s][info ][gc             ] GC(1384) Pause Young (Allocation Failure) 244M->4M(574M) 0.318ms
[37.498s][info ][gc,cpu         ] GC(1384) User=0.00s Sys=0.00s Real=0.00s
[37.516s][info ][gc,start       ] GC(1385) Pause Young (Allocation Failure)
[37.516s][debug][gc,age         ] GC(1385) Desired survivor size 1048576 bytes, new threshold 1 (max threshold 15)
[37.516s][info ][gc,heap        ] GC(1385) PSYoungGen: 238545K(238592K)->454K(231936K) Eden: 238058K(238080K)->0K(230912K) From: 486K(512K)->454K(1024K)
[37.516s][info ][gc,heap        ] GC(1385) ParOldGen: 4218K(349696K)->4218K(349696K)
[37.516s][info ][gc,metaspace   ] GC(1385) Metaspace: 9583K(9856K)->9583K(9856K) NonClass: 8514K(8640K)->8514K(8640K) Class: 1069K(1216K)->1069K(1216K)
[37.516s][info ][gc             ] GC(1385) Pause Young (Allocation Failure) 237M->4M(568M) 0.271ms
[37.516s][info ][gc,cpu         ] GC(1385) User=0.00s Sys=0.01s Real=0.00s
[37.533s][info ][gc,start       ] GC(1386) Pause Young (Allocation Failure)
[37.533s][debug][gc,age         ] GC(1386) Desired survivor size 1048576 bytes, new threshold 1 (max threshold 15)
[37.534s][info ][gc,heap        ] GC(1386) PSYoungGen: 231141K(231936K)->96K(278016K) Eden: 230686K(230912K)->0K(277504K) From: 454K(1024K)->96K(512K)
[37.534s][info ][gc,heap        ] GC(1386) ParOldGen: 4218K(349696K)->4218K(349696K)
[37.534s][info ][gc,metaspace   ] GC(1386) Metaspace: 9583K(9856K)->9583K(9856K) NonClass: 8514K(8640K)->8514K(8640K) Class: 1069K(1216K)->1069K(1216K)
[37.534s][info ][gc             ] GC(1386) Pause Young (Allocation Failure) 229M->4M(613M) 0.275ms
[37.534s][info ][gc,cpu         ] GC(1386) User=0.00s Sys=0.00s Real=0.00s
[37.554s][info ][gc,start       ] GC(1387) Pause Young (Allocation Failure)
[37.554s][debug][gc,age         ] GC(1387) Desired survivor size 1048576 bytes, new threshold 1 (max threshold 15)
[37.554s][info ][gc,heap        ] GC(1387) PSYoungGen: 277418K(278016K)->96K(334336K) Eden: 277322K(277504K)->0K(333312K) From: 96K(512K)->96K(1024K)
[37.554s][info ][gc,heap        ] GC(1387) ParOldGen: 4218K(349696K)->4218K(349696K)
[37.554s][info ][gc,metaspace   ] GC(1387) Metaspace: 9583K(9856K)->9583K(9856K) NonClass: 8514K(8640K)->8514K(8640K) Class: 1069K(1216K)->1069K(1216K)
[37.554s][info ][gc             ] GC(1387) Pause Young (Allocation Failure) 275M->4M(668M) 0.278ms
[37.554s][info ][gc,cpu         ] GC(1387) User=0.00s Sys=0.00s Real=0.00s
[37.579s][info ][gc,start       ] GC(1388) Pause Young (Allocation Failure)
[37.579s][debug][gc,age         ] GC(1388) Desired survivor size 1048576 bytes, new threshold 1 (max threshold 15)
[37.579s][info ][gc,heap        ] GC(1388) PSYoungGen: 333130K(334336K)->96K(322048K) Eden: 333034K(333312K)->0K(321536K) From: 96K(1024K)->96K(512K)
[37.579s][info ][gc,heap        ] GC(1388) ParOldGen: 4218K(349696K)->4218K(349696K)
[37.579s][info ][gc,metaspace   ] GC(1388) Metaspace: 9583K(9856K)->9583K(9856K) NonClass: 8514K(8640K)->8514K(8640K) Class: 1069K(1216K)->1069K(1216K)
[37.579s][info ][gc             ] GC(1388) Pause Young (Allocation Failure) 329M->4M(656M) 0.269ms
[37.579s][info ][gc,cpu         ] GC(1388) User=0.00s Sys=0.00s Real=0.00s
[37.602s][info ][gc,start       ] GC(1389) Pause Young (Allocation Failure)
[37.603s][debug][gc,age         ] GC(1389) Desired survivor size 1048576 bytes, new threshold 1 (max threshold 15)
[37.603s][info ][gc,heap        ] GC(1389) PSYoungGen: 321632K(322048K)->96K(311296K) Eden: 321536K(321536K)->0K(310272K) From: 96K(512K)->96K(1024K)
[37.603s][info ][gc,heap        ] GC(1389) ParOldGen: 4218K(349696K)->4218K(349696K)
[37.603s][info ][gc,metaspace   ] GC(1389) Metaspace: 9583K(9856K)->9583K(9856K) NonClass: 8514K(8640K)->8514K(8640K) Class: 1069K(1216K)->1069K(1216K)
[37.603s][info ][gc             ] GC(1389) Pause Young (Allocation Failure) 318M->4M(645M) 0.239ms
[37.603s][info ][gc,cpu         ] GC(1389) User=0.00s Sys=0.00s Real=0.00s
[37.625s][info ][gc,start       ] GC(1390) Pause Young (Allocation Failure)
[37.626s][debug][gc,age         ] GC(1390) Desired survivor size 1048576 bytes, new threshold 1 (max threshold 15)
[37.626s][info ][gc,heap        ] GC(1390) PSYoungGen: 310006K(311296K)->454K(300032K) Eden: 309910K(310272K)->0K(299520K) From: 96K(1024K)->454K(512K)
[37.626s][info ][gc,heap        ] GC(1390) ParOldGen: 4218K(349696K)->4218K(349696K)
[37.626s][info ][gc,metaspace   ] GC(1390) Metaspace: 9583K(9856K)->9583K(9856K) NonClass: 8514K(8640K)->8514K(8640K) Class: 1069K(1216K)->1069K(1216K)
[37.626s][info ][gc             ] GC(1390) Pause Young (Allocation Failure) 306M->4M(634M) 0.271ms
[37.626s][info ][gc,cpu         ] GC(1390) User=0.00s Sys=0.00s Real=0.00s
[37.647s][info ][gc,start       ] GC(1391) Pause Young (Allocation Failure)
[37.647s][debug][gc,age         ] GC(1391) Desired survivor size 1048576 bytes, new threshold 1 (max threshold 15)
[37.647s][info ][gc,heap        ] GC(1391) PSYoungGen: 299974K(300032K)->486K(290304K) Eden: 299520K(299520K)->0K(289280K) From: 454K(512K)->486K(1024K)
[37.647s][info ][gc,heap        ] GC(1391) ParOldGen: 4218K(349696K)->4218K(349696K)
[37.647s][info ][gc,metaspace   ] GC(1391) Metaspace: 9583K(9856K)->9583K(9856K) NonClass: 8514K(8640K)->8514K(8640K) Class: 1069K(1216K)->1069K(1216K)
[37.647s][info ][gc             ] GC(1391) Pause Young (Allocation Failure) 297M->4M(625M) 0.220ms
[37.647s][info ][gc,cpu         ] GC(1391) User=0.00s Sys=0.00s Real=0.00s
[37.669s][info ][gc,start       ] GC(1392) Pause Young (Allocation Failure)
[37.669s][debug][gc,age         ] GC(1392) Desired survivor size 1048576 bytes, new threshold 1 (max threshold 15)
[37.669s][info ][gc,heap        ] GC(1392) PSYoungGen: 289602K(290304K)->486K(280064K) Eden: 289116K(289280K)->0K(279552K) From: 486K(1024K)->486K(512K)
[37.669s][info ][gc,heap        ] GC(1392) ParOldGen: 4218K(349696K)->4218K(349696K)
[37.669s][info ][gc,metaspace   ] GC(1392) Metaspace: 9583K(9856K)->9583K(9856K) NonClass: 8514K(8640K)->8514K(8640K) Class: 1069K(1216K)->1069K(1216K)
[37.669s][info ][gc             ] GC(1392) Pause Young (Allocation Failure) 286M->4M(615M) 0.313ms
[37.669s][info ][gc,cpu         ] GC(1392) User=0.00s Sys=0.00s Real=0.00s
[37.689s][info ][gc,start       ] GC(1393) Pause Young (Allocation Failure)
[37.689s][debug][gc,age         ] GC(1393) Desired survivor size 1048576 bytes, new threshold 1 (max threshold 15)
[37.689s][info ][gc,heap        ] GC(1393) PSYoungGen: 280038K(280064K)->96K(271360K) Eden: 279552K(279552K)->0K(270336K) From: 486K(512K)->96K(1024K)
[37.689s][info ][gc,heap        ] GC(1393) ParOldGen: 4218K(349696K)->4218K(349696K)
[37.689s][info ][gc,metaspace   ] GC(1393) Metaspace: 9583K(9856K)->9583K(9856K) NonClass: 8514K(8640K)->8514K(8640K) Class: 1069K(1216K)->1069K(1216K)
[37.689s][info ][gc             ] GC(1393) Pause Young (Allocation Failure) 277M->4M(606M) 0.230ms
[37.689s][info ][gc,cpu         ] GC(1393) User=0.00s Sys=0.00s Real=0.00s
[37.709s][info ][gc,start       ] GC(1394) Pause Young (Allocation Failure)
[37.709s][debug][gc,age         ] GC(1394) Desired survivor size 1048576 bytes, new threshold 1 (max threshold 15)
[37.709s][info ][gc,heap        ] GC(1394) PSYoungGen: 270225K(271360K)->96K(262144K) Eden: 270129K(270336K)->0K(261632K) From: 96K(1024K)->96K(512K)
[37.709s][info ][gc,heap        ] GC(1394) ParOldGen: 4218K(349696K)->4218K(349696K)
[37.709s][info ][gc,metaspace   ] GC(1394) Metaspace: 9583K(9856K)->9583K(9856K) NonClass: 8514K(8640K)->8514K(8640K) Class: 1069K(1216K)->1069K(1216K)
[37.709s][info ][gc             ] GC(1394) Pause Young (Allocation Failure) 268M->4M(597M) 0.262ms
[37.709s][info ][gc,cpu         ] GC(1394) User=0.00s Sys=0.00s Real=0.00s
[37.728s][info ][gc,start       ] GC(1395) Pause Young (Allocation Failure)
[37.729s][debug][gc,age         ] GC(1395) Desired survivor size 1048576 bytes, new threshold 1 (max threshold 15)
[37.729s][info ][gc,heap        ] GC(1395) PSYoungGen: 261728K(262144K)->96K(253952K) Eden: 261632K(261632K)->0K(252928K) From: 96K(512K)->96K(1024K)
[37.729s][info ][gc,heap        ] GC(1395) ParOldGen: 4218K(349696K)->4218K(349696K)
[37.729s][info ][gc,metaspace   ] GC(1395) Metaspace: 9583K(9856K)->9583K(9856K) NonClass: 8514K(8640K)->8514K(8640K) Class: 1069K(1216K)->1069K(1216K)
[37.729s][info ][gc             ] GC(1395) Pause Young (Allocation Failure) 259M->4M(589M) 0.256ms
[37.729s][info ][gc,cpu         ] GC(1395) User=0.01s Sys=0.00s Real=0.00s
[37.747s][info ][gc,start       ] GC(1396) Pause Young (Allocation Failure)
[37.747s][debug][gc,age         ] GC(1396) Desired survivor size 1048576 bytes, new threshold 1 (max threshold 15)
[37.748s][info ][gc,heap        ] GC(1396) PSYoungGen: 252728K(253952K)->454K(245248K) Eden: 252632K(252928K)->0K(244736K) From: 96K(1024K)->454K(512K)
[37.748s][info ][gc,heap        ] GC(1396) ParOldGen: 4218K(349696K)->4218K(349696K)
[37.748s][info ][gc,metaspace   ] GC(1396) Metaspace: 9583K(9856K)->9583K(9856K) NonClass: 8514K(8640K)->8514K(8640K) Class: 1069K(1216K)->1069K(1216K)
[37.748s][info ][gc             ] GC(1396) Pause Young (Allocation Failure) 250M->4M(581M) 0.286ms
[37.748s][info ][gc,cpu         ] GC(1396) User=0.00s Sys=0.00s Real=0.00s
[37.766s][info ][gc,start       ] GC(1397) Pause Young (Allocation Failure)
[37.766s][debug][gc,age         ] GC(1397) Desired survivor size 1048576 bytes, new threshold 1 (max threshold 15)
[37.766s][info ][gc,heap        ] GC(1397) PSYoungGen: 245099K(245248K)->454K(294912K) Eden: 244644K(244736K)->0K(293888K) From: 454K(512K)->454K(1024K)
[37.766s][info ][gc,heap        ] GC(1397) ParOldGen: 4218K(349696K)->4218K(349696K)
[37.766s][info ][gc,metaspace   ] GC(1397) Metaspace: 9583K(9856K)->9583K(9856K) NonClass: 8514K(8640K)->8514K(8640K) Class: 1069K(1216K)->1069K(1216K)
[37.766s][info ][gc             ] GC(1397) Pause Young (Allocation Failure) 243M->4M(629M) 0.289ms
[37.766s][info ][gc,cpu         ] GC(1397) User=0.00s Sys=0.01s Real=0.00s
[37.788s][info ][gc,start       ] GC(1398) Pause Young (Allocation Failure)
[37.788s][debug][gc,age         ] GC(1398) Desired survivor size 1048576 bytes, new threshold 1 (max threshold 15)
[37.788s][info ][gc,heap        ] GC(1398) PSYoungGen: 294150K(294912K)->454K(284672K) Eden: 293695K(293888K)->0K(284160K) From: 454K(1024K)->454K(512K)
[37.788s][info ][gc,heap        ] GC(1398) ParOldGen: 4218K(349696K)->4218K(349696K)
[37.788s][info ][gc,metaspace   ] GC(1398) Metaspace: 9583K(9856K)->9583K(9856K) NonClass: 8514K(8640K)->8514K(8640K) Class: 1069K(1216K)->1069K(1216K)
[37.788s][info ][gc             ] GC(1398) Pause Young (Allocation Failure) 291M->4M(619M) 0.243ms
[37.788s][info ][gc,cpu         ] GC(1398) User=0.00s Sys=0.00s Real=0.00s
[37.809s][info ][gc,start       ] GC(1399) Pause Young (Allocation Failure)
[37.809s][debug][gc,age         ] GC(1399) Desired survivor size 1048576 bytes, new threshold 1 (max threshold 15)
[37.809s][info ][gc,heap        ] GC(1399) PSYoungGen: 284389K(284672K)->454K(275968K) Eden: 283935K(284160K)->0K(274944K) From: 454K(512K)->454K(1024K)
[37.809s][info ][gc,heap        ] GC(1399) ParOldGen: 4218K(349696K)->4218K(349696K)
[37.809s][info ][gc,metaspace   ] GC(1399) Metaspace: 9583K(9856K)->9583K(9856K) NonClass: 8514K(8640K)->8514K(8640K) Class: 1069K(1216K)->1069K(1216K)
[37.809s][info ][gc             ] GC(1399) Pause Young (Allocation Failure) 281M->4M(611M) 0.216ms
[37.809s][info ][gc,cpu         ] GC(1399) User=0.00s Sys=0.00s Real=0.00s
[37.829s][info ][gc,start       ] GC(1400) Pause Young (Allocation Failure)
[37.829s][debug][gc,age         ] GC(1400) Desired survivor size 1048576 bytes, new threshold 1 (max threshold 15)
[37.829s][info ][gc,heap        ] GC(1400) PSYoungGen: 275017K(275968K)->96K(266240K) Eden: 274562K(274944K)->0K(265728K) From: 454K(1024K)->96K(512K)
[37.829s][info ][gc,heap        ] GC(1400) ParOldGen: 4218K(349696K)->4218K(349696K)
[37.829s][info ][gc,metaspace   ] GC(1400) Metaspace: 9583K(9856K)->9583K(9856K) NonClass: 8514K(8640K)->8514K(8640K) Class: 1069K(1216K)->1069K(1216K)
[37.829s][info ][gc             ] GC(1400) Pause Young (Allocation Failure) 272M->4M(601M) 0.299ms
[37.829s][info ][gc,cpu         ] GC(1400) User=0.00s Sys=0.00s Real=0.00s
[37.849s][info ][gc,start       ] GC(1401) Pause Young (Allocation Failure)
[37.849s][debug][gc,age         ] GC(1401) Desired survivor size 1048576 bytes, new threshold 1 (max threshold 15)
[37.849s][info ][gc,heap        ] GC(1401) PSYoungGen: 265528K(266240K)->96K(258048K) Eden: 265432K(265728K)->0K(257024K) From: 96K(512K)->96K(1024K)
[37.849s][info ][gc,heap        ] GC(1401) ParOldGen: 4218K(349696K)->4218K(349696K)
[37.849s][info ][gc,metaspace   ] GC(1401) Metaspace: 9583K(9856K)->9583K(9856K) NonClass: 8514K(8640K)->8514K(8640K) Class: 1069K(1216K)->1069K(1216K)
[37.849s][info ][gc             ] GC(1401) Pause Young (Allocation Failure) 263M->4M(593M) 0.236ms
[37.849s][info ][gc,cpu         ] GC(1401) User=0.00s Sys=0.00s Real=0.00s
[37.868s][info ][gc,start       ] GC(1402) Pause Young (Allocation Failure)
[37.868s][debug][gc,age         ] GC(1402) Desired survivor size 1048576 bytes, new threshold 1 (max threshold 15)
[37.868s][info ][gc,heap        ] GC(1402) PSYoungGen: 256910K(258048K)->64K(249344K) Eden: 256814K(257024K)->0K(248832K) From: 96K(1024K)->64K(512K)
[37.868s][info ][gc,heap        ] GC(1402) ParOldGen: 4218K(349696K)->4218K(349696K)
[37.868s][info ][gc,metaspace   ] GC(1402) Metaspace: 9583K(9856K)->9583K(9856K) NonClass: 8514K(8640K)->8514K(8640K) Class: 1069K(1216K)->1069K(1216K)
[37.868s][info ][gc             ] GC(1402) Pause Young (Allocation Failure) 255M->4M(585M) 0.306ms
[37.868s][info ][gc,cpu         ] GC(1402) User=0.00s Sys=0.00s Real=0.00s
[37.886s][info ][gc,start       ] GC(1403) Pause Young (Allocation Failure)
[37.886s][debug][gc,age         ] GC(1403) Desired survivor size 1048576 bytes, new threshold 1 (max threshold 15)
[37.887s][info ][gc,heap        ] GC(1403) PSYoungGen: 248896K(249344K)->486K(300032K) Eden: 248832K(248832K)->0K(299008K) From: 64K(512K)->486K(1024K)
[37.887s][info ][gc,heap        ] GC(1403) ParOldGen: 4218K(349696K)->4218K(349696K)
[37.887s][info ][gc,metaspace   ] GC(1403) Metaspace: 9583K(9856K)->9583K(9856K) NonClass: 8514K(8640K)->8514K(8640K) Class: 1069K(1216K)->1069K(1216K)
[37.887s][info ][gc             ] GC(1403) Pause Young (Allocation Failure) 247M->4M(634M) 0.287ms
[37.887s][info ][gc,cpu         ] GC(1403) User=0.00s Sys=0.00s Real=0.00s
[37.908s][info ][gc,start       ] GC(1404) Pause Young (Allocation Failure)
[37.908s][debug][gc,age         ] GC(1404) Desired survivor size 1048576 bytes, new threshold 1 (max threshold 15)
[37.908s][info ][gc,heap        ] GC(1404) PSYoungGen: 299494K(300032K)->486K(289280K) Eden: 299008K(299008K)->0K(288768K) From: 486K(1024K)->486K(512K)
[37.908s][info ][gc,heap        ] GC(1404) ParOldGen: 4218K(349696K)->4218K(349696K)
[37.908s][info ][gc,metaspace   ] GC(1404) Metaspace: 9583K(9856K)->9583K(9856K) NonClass: 8514K(8640K)->8514K(8640K) Class: 1069K(1216K)->1069K(1216K)
[37.908s][info ][gc             ] GC(1404) Pause Young (Allocation Failure) 296M->4M(624M) 0.274ms
[37.908s][info ][gc,cpu         ] GC(1404) User=0.00s Sys=0.00s Real=0.00s
[37.930s][info ][gc,start       ] GC(1405) Pause Young (Allocation Failure)
[37.930s][debug][gc,age         ] GC(1405) Desired survivor size 1048576 bytes, new threshold 1 (max threshold 15)
[37.930s][info ][gc,heap        ] GC(1405) PSYoungGen: 289110K(289280K)->64K(280064K) Eden: 288624K(288768K)->0K(279040K) From: 486K(512K)->64K(1024K)
[37.930s][info ][gc,heap        ] GC(1405) ParOldGen: 4218K(349696K)->4218K(349696K)
[37.930s][info ][gc,metaspace   ] GC(1405) Metaspace: 9583K(9856K)->9583K(9856K) NonClass: 8514K(8640K)->8514K(8640K) Class: 1069K(1216K)->1069K(1216K)
[37.930s][info ][gc             ] GC(1405) Pause Young (Allocation Failure) 286M->4M(615M) 0.273ms
[37.930s][info ][gc,cpu         ] GC(1405) User=0.00s Sys=0.00s Real=0.00s
[37.951s][info ][gc,start       ] GC(1406) Pause Young (Allocation Failure)
[37.951s][debug][gc,age         ] GC(1406) Desired survivor size 1048576 bytes, new threshold 1 (max threshold 15)
[37.951s][info ][gc,heap        ] GC(1406) PSYoungGen: 279033K(280064K)->64K(270336K) Eden: 278969K(279040K)->0K(269824K) From: 64K(1024K)->64K(512K)
[37.951s][info ][gc,heap        ] GC(1406) ParOldGen: 4218K(349696K)->4218K(349696K)
[37.951s][info ][gc,metaspace   ] GC(1406) Metaspace: 9583K(9856K)->9583K(9856K) NonClass: 8514K(8640K)->8514K(8640K) Class: 1069K(1216K)->1069K(1216K)
[37.951s][info ][gc             ] GC(1406) Pause Young (Allocation Failure) 276M->4M(605M) 0.262ms
[37.951s][info ][gc,cpu         ] GC(1406) User=0.00s Sys=0.00s Real=0.00s
[37.971s][info ][gc,start       ] GC(1407) Pause Young (Allocation Failure)
[37.971s][debug][gc,age         ] GC(1407) Desired survivor size 1048576 bytes, new threshold 1 (max threshold 15)
[37.971s][info ][gc,heap        ] GC(1407) PSYoungGen: 269698K(270336K)->64K(262144K) Eden: 269634K(269824K)->0K(261120K) From: 64K(512K)->64K(1024K)
[37.971s][info ][gc,heap        ] GC(1407) ParOldGen: 4218K(349696K)->4218K(349696K)
[37.971s][info ][gc,metaspace   ] GC(1407) Metaspace: 9583K(9856K)->9583K(9856K) NonClass: 8514K(8640K)->8514K(8640K) Class: 1069K(1216K)->1069K(1216K)
[37.971s][info ][gc             ] GC(1407) Pause Young (Allocation Failure) 267M->4M(597M) 0.269ms
[37.971s][info ][gc,cpu         ] GC(1407) User=0.00s Sys=0.00s Real=0.00s
[37.990s][info ][gc,start       ] GC(1408) Pause Young (Allocation Failure)
[37.990s][debug][gc,age         ] GC(1408) Desired survivor size 1048576 bytes, new threshold 1 (max threshold 15)
[37.990s][info ][gc,heap        ] GC(1408) PSYoungGen: 261184K(262144K)->96K(253440K) Eden: 261120K(261120K)->0K(252928K) From: 64K(1024K)->96K(512K)
[37.990s][info ][gc,heap        ] GC(1408) ParOldGen: 4218K(349696K)->4218K(349696K)
[37.990s][info ][gc,metaspace   ] GC(1408) Metaspace: 9583K(9856K)->9583K(9856K) NonClass: 8514K(8640K)->8514K(8640K) Class: 1069K(1216K)->1069K(1216K)
[37.990s][info ][gc             ] GC(1408) Pause Young (Allocation Failure) 259M->4M(589M) 0.269ms
[37.990s][info ][gc,cpu         ] GC(1408) User=0.00s Sys=0.00s Real=0.00s
[38.009s][info ][gc,start       ] GC(1409) Pause Young (Allocation Failure)
[38.009s][debug][gc,age         ] GC(1409) Desired survivor size 1048576 bytes, new threshold 1 (max threshold 15)
[38.009s][info ][gc,heap        ] GC(1409) PSYoungGen: 252681K(253440K)->486K(304640K) Eden: 252585K(252928K)->0K(303616K) From: 96K(512K)->486K(1024K)
[38.009s][info ][gc,heap        ] GC(1409) ParOldGen: 4218K(349696K)->4218K(349696K)
[38.009s][info ][gc,metaspace   ] GC(1409) Metaspace: 9583K(9856K)->9583K(9856K) NonClass: 8514K(8640K)->8514K(8640K) Class: 1069K(1216K)->1069K(1216K)
[38.009s][info ][gc             ] GC(1409) Pause Young (Allocation Failure) 250M->4M(639M) 0.281ms
[38.009s][info ][gc,cpu         ] GC(1409) User=0.00s Sys=0.00s Real=0.00s
[38.031s][info ][gc,start       ] GC(1410) Pause Young (Allocation Failure)
[38.032s][debug][gc,age         ] GC(1410) Desired survivor size 1048576 bytes, new threshold 1 (max threshold 15)
[38.032s][info ][gc,heap        ] GC(1410) PSYoungGen: 304057K(304640K)->96K(293888K) Eden: 303570K(303616K)->0K(293376K) From: 486K(1024K)->96K(512K)
[38.032s][info ][gc,heap        ] GC(1410) ParOldGen: 4218K(349696K)->4218K(349696K)
[38.032s][info ][gc,metaspace   ] GC(1410) Metaspace: 9583K(9856K)->9583K(9856K) NonClass: 8514K(8640K)->8514K(8640K) Class: 1069K(1216K)->1069K(1216K)
[38.032s][info ][gc             ] GC(1410) Pause Young (Allocation Failure) 301M->4M(628M) 0.251ms
[38.032s][info ][gc,cpu         ] GC(1410) User=0.00s Sys=0.00s Real=0.00s
[38.053s][info ][gc,start       ] GC(1411) Pause Young (Allocation Failure)
[38.054s][debug][gc,age         ] GC(1411) Desired survivor size 1048576 bytes, new threshold 1 (max threshold 15)
[38.054s][info ][gc,heap        ] GC(1411) PSYoungGen: 293351K(293888K)->486K(284672K) Eden: 293255K(293376K)->0K(283648K) From: 96K(512K)->486K(1024K)
[38.054s][info ][gc,heap        ] GC(1411) ParOldGen: 4218K(349696K)->4218K(349696K)
[38.054s][info ][gc,metaspace   ] GC(1411) Metaspace: 9583K(9856K)->9583K(9856K) NonClass: 8514K(8640K)->8514K(8640K) Class: 1069K(1216K)->1069K(1216K)
[38.054s][info ][gc             ] GC(1411) Pause Young (Allocation Failure) 290M->4M(619M) 0.279ms
[38.054s][info ][gc,cpu         ] GC(1411) User=0.00s Sys=0.00s Real=0.00s
[38.074s][info ][gc,start       ] GC(1412) Pause Young (Allocation Failure)
[38.075s][debug][gc,age         ] GC(1412) Desired survivor size 1048576 bytes, new threshold 1 (max threshold 15)
[38.075s][info ][gc,heap        ] GC(1412) PSYoungGen: 283896K(284672K)->96K(274944K) Eden: 283410K(283648K)->0K(274432K) From: 486K(1024K)->96K(512K)
[38.075s][info ][gc,heap        ] GC(1412) ParOldGen: 4218K(349696K)->4218K(349696K)
[38.075s][info ][gc,metaspace   ] GC(1412) Metaspace: 9583K(9856K)->9583K(9856K) NonClass: 8514K(8640K)->8514K(8640K) Class: 1069K(1216K)->1069K(1216K)
[38.075s][info ][gc             ] GC(1412) Pause Young (Allocation Failure) 281M->4M(610M) 0.270ms
[38.075s][info ][gc,cpu         ] GC(1412) User=0.00s Sys=0.00s Real=0.00s
[38.095s][info ][gc,start       ] GC(1413) Pause Young (Allocation Failure)
[38.095s][debug][gc,age         ] GC(1413) Desired survivor size 1048576 bytes, new threshold 1 (max threshold 15)
[38.095s][info ][gc,heap        ] GC(1413) PSYoungGen: 274305K(274944K)->96K(266240K) Eden: 274209K(274432K)->0K(265216K) From: 96K(512K)->96K(1024K)
[38.095s][info ][gc,heap        ] GC(1413) ParOldGen: 4218K(349696K)->4218K(349696K)
[38.095s][info ][gc,metaspace   ] GC(1413) Metaspace: 9583K(9856K)->9583K(9856K) NonClass: 8514K(8640K)->8514K(8640K) Class: 1069K(1216K)->1069K(1216K)
[38.095s][info ][gc             ] GC(1413) Pause Young (Allocation Failure) 271M->4M(601M) 0.279ms
[38.095s][info ][gc,cpu         ] GC(1413) User=0.00s Sys=0.00s Real=0.00s
[38.115s][info ][gc,start       ] GC(1414) Pause Young (Allocation Failure)
[38.115s][debug][gc,age         ] GC(1414) Desired survivor size 1048576 bytes, new threshold 1 (max threshold 15)
[38.115s][info ][gc,heap        ] GC(1414) PSYoungGen: 264997K(266240K)->96K(257024K) Eden: 264901K(265216K)->0K(256512K) From: 96K(1024K)->96K(512K)
[38.115s][info ][gc,heap        ] GC(1414) ParOldGen: 4218K(349696K)->4218K(349696K)
[38.115s][info ][gc,metaspace   ] GC(1414) Metaspace: 9583K(9856K)->9583K(9856K) NonClass: 8514K(8640K)->8514K(8640K) Class: 1069K(1216K)->1069K(1216K)
[38.115s][info ][gc             ] GC(1414) Pause Young (Allocation Failure) 262M->4M(592M) 0.267ms
[38.115s][info ][gc,cpu         ] GC(1414) User=0.00s Sys=0.00s Real=0.01s
[38.134s][info ][gc,start       ] GC(1415) Pause Young (Allocation Failure)
[38.134s][debug][gc,age         ] GC(1415) Desired survivor size 1048576 bytes, new threshold 1 (max threshold 15)
[38.134s][info ][gc,heap        ] GC(1415) PSYoungGen: 256608K(257024K)->96K(249344K) Eden: 256512K(256512K)->0K(248320K) From: 96K(512K)->96K(1024K)
[38.134s][info ][gc,heap        ] GC(1415) ParOldGen: 4218K(349696K)->4218K(349696K)
[38.134s][info ][gc,metaspace   ] GC(1415) Metaspace: 9583K(9856K)->9583K(9856K) NonClass: 8514K(8640K)->8514K(8640K) Class: 1069K(1216K)->1069K(1216K)
[38.134s][info ][gc             ] GC(1415) Pause Young (Allocation Failure) 254M->4M(585M) 0.250ms
[38.134s][info ][gc,cpu         ] GC(1415) User=0.00s Sys=0.00s Real=0.00s
[38.152s][info ][gc,start       ] GC(1416) Pause Young (Allocation Failure)
[38.153s][debug][gc,age         ] GC(1416) Desired survivor size 1048576 bytes, new threshold 1 (max threshold 15)
[38.153s][info ][gc,heap        ] GC(1416) PSYoungGen: 248299K(249344K)->64K(241152K) Eden: 248203K(248320K)->0K(240640K) From: 96K(1024K)->64K(512K)
[38.153s][info ][gc,heap        ] GC(1416) ParOldGen: 4218K(349696K)->4218K(349696K)
[38.153s][info ][gc,metaspace   ] GC(1416) Metaspace: 9583K(9856K)->9583K(9856K) NonClass: 8514K(8640K)->8514K(8640K) Class: 1069K(1216K)->1069K(1216K)
[38.153s][info ][gc             ] GC(1416) Pause Young (Allocation Failure) 246M->4M(577M) 0.281ms
[38.153s][info ][gc,cpu         ] GC(1416) User=0.01s Sys=0.00s Real=0.00s
[38.170s][info ][gc,start       ] GC(1417) Pause Young (Allocation Failure)
[38.170s][debug][gc,age         ] GC(1417) Desired survivor size 1048576 bytes, new threshold 1 (max threshold 15)
[38.170s][info ][gc,heap        ] GC(1417) PSYoungGen: 240704K(241152K)->64K(289792K) Eden: 240640K(240640K)->0K(288768K) From: 64K(512K)->64K(1024K)
[38.170s][info ][gc,heap        ] GC(1417) ParOldGen: 4218K(349696K)->4218K(349696K)
[38.170s][info ][gc,metaspace   ] GC(1417) Metaspace: 9583K(9856K)->9583K(9856K) NonClass: 8514K(8640K)->8514K(8640K) Class: 1069K(1216K)->1069K(1216K)
[38.170s][info ][gc             ] GC(1417) Pause Young (Allocation Failure) 239M->4M(624M) 0.251ms
[38.170s][info ][gc,cpu         ] GC(1417) User=0.00s Sys=0.00s Real=0.00s
[38.192s][info ][gc,start       ] GC(1418) Pause Young (Allocation Failure)
[38.192s][debug][gc,age         ] GC(1418) Desired survivor size 1048576 bytes, new threshold 1 (max threshold 15)
[38.192s][info ][gc,heap        ] GC(1418) PSYoungGen: 288783K(289792K)->486K(335360K) Eden: 288719K(288768K)->0K(334336K) From: 64K(1024K)->486K(1024K)
[38.192s][info ][gc,heap        ] GC(1418) ParOldGen: 4218K(349696K)->4218K(349696K)
[38.192s][info ][gc,metaspace   ] GC(1418) Metaspace: 9583K(9856K)->9583K(9856K) NonClass: 8514K(8640K)->8514K(8640K) Class: 1069K(1216K)->1069K(1216K)
[38.192s][info ][gc             ] GC(1418) Pause Young (Allocation Failure) 286M->4M(669M) 0.331ms
[38.192s][info ][gc,cpu         ] GC(1418) User=0.00s Sys=0.00s Real=0.00s
[38.217s][info ][gc,start       ] GC(1419) Pause Young (Allocation Failure)
[38.217s][debug][gc,age         ] GC(1419) Desired survivor size 1048576 bytes, new threshold 1 (max threshold 15)
[38.217s][info ][gc,heap        ] GC(1419) PSYoungGen: 334445K(335360K)->96K(323072K) Eden: 333959K(334336K)->0K(322560K) From: 486K(1024K)->96K(512K)
[38.217s][info ][gc,heap        ] GC(1419) ParOldGen: 4218K(349696K)->4218K(349696K)
[38.217s][info ][gc,metaspace   ] GC(1419) Metaspace: 9583K(9856K)->9583K(9856K) NonClass: 8514K(8640K)->8514K(8640K) Class: 1069K(1216K)->1069K(1216K)
[38.217s][info ][gc             ] GC(1419) Pause Young (Allocation Failure) 330M->4M(657M) 0.501ms
[38.217s][info ][gc,cpu         ] GC(1419) User=0.00s Sys=0.00s Real=0.00s
[38.241s][info ][gc,start       ] GC(1420) Pause Young (Allocation Failure)
[38.241s][debug][gc,age         ] GC(1420) Desired survivor size 1048576 bytes, new threshold 1 (max threshold 15)
[38.241s][info ][gc,heap        ] GC(1420) PSYoungGen: 322338K(323072K)->486K(311808K) Eden: 322242K(322560K)->0K(311296K) From: 96K(512K)->486K(512K)
[38.241s][info ][gc,heap        ] GC(1420) ParOldGen: 4218K(349696K)->4218K(349696K)
[38.241s][info ][gc,metaspace   ] GC(1420) Metaspace: 9583K(9856K)->9583K(9856K) NonClass: 8514K(8640K)->8514K(8640K) Class: 1069K(1216K)->1069K(1216K)
[38.241s][info ][gc             ] GC(1420) Pause Young (Allocation Failure) 318M->4M(646M) 0.262ms
[38.241s][info ][gc,cpu         ] GC(1420) User=0.00s Sys=0.00s Real=0.00s
[38.264s][info ][gc,start       ] GC(1421) Pause Young (Allocation Failure)
[38.264s][debug][gc,age         ] GC(1421) Desired survivor size 1048576 bytes, new threshold 1 (max threshold 15)
[38.264s][info ][gc,heap        ] GC(1421) PSYoungGen: 311782K(311808K)->64K(301568K) Eden: 311296K(311296K)->0K(300544K) From: 486K(512K)->64K(1024K)
[38.264s][info ][gc,heap        ] GC(1421) ParOldGen: 4218K(349696K)->4218K(349696K)
[38.264s][info ][gc,metaspace   ] GC(1421) Metaspace: 9583K(9856K)->9583K(9856K) NonClass: 8514K(8640K)->8514K(8640K) Class: 1069K(1216K)->1069K(1216K)
[38.264s][info ][gc             ] GC(1421) Pause Young (Allocation Failure) 308M->4M(636M) 0.259ms
[38.264s][info ][gc,cpu         ] GC(1421) User=0.00s Sys=0.00s Real=0.00s
[38.286s][info ][gc,start       ] GC(1422) Pause Young (Allocation Failure)
[38.286s][debug][gc,age         ] GC(1422) Desired survivor size 1048576 bytes, new threshold 1 (max threshold 15)
[38.286s][info ][gc,heap        ] GC(1422) PSYoungGen: 300575K(301568K)->486K(290816K) Eden: 300511K(300544K)->0K(290304K) From: 64K(1024K)->486K(512K)
[38.286s][info ][gc,heap        ] GC(1422) ParOldGen: 4218K(349696K)->4218K(349696K)
[38.286s][info ][gc,metaspace   ] GC(1422) Metaspace: 9583K(9856K)->9583K(9856K) NonClass: 8514K(8640K)->8514K(8640K) Class: 1069K(1216K)->1069K(1216K)
[38.286s][info ][gc             ] GC(1422) Pause Young (Allocation Failure) 297M->4M(625M) 0.249ms
[38.286s][info ][gc,cpu         ] GC(1422) User=0.00s Sys=0.00s Real=0.00s
[38.308s][info ][gc,start       ] GC(1423) Pause Young (Allocation Failure)
[38.308s][debug][gc,age         ] GC(1423) Desired survivor size 1048576 bytes, new threshold 1 (max threshold 15)
[38.308s][info ][gc,heap        ] GC(1423) PSYoungGen: 290764K(290816K)->96K(281600K) Eden: 290278K(290304K)->0K(280576K) From: 486K(512K)->96K(1024K)
[38.308s][info ][gc,heap        ] GC(1423) ParOldGen: 4218K(349696K)->4218K(349696K)
[38.308s][info ][gc,metaspace   ] GC(1423) Metaspace: 9583K(9856K)->9583K(9856K) NonClass: 8514K(8640K)->8514K(8640K) Class: 1069K(1216K)->1069K(1216K)
[38.308s][info ][gc             ] GC(1423) Pause Young (Allocation Failure) 288M->4M(616M) 0.214ms
[38.308s][info ][gc,cpu         ] GC(1423) User=0.00s Sys=0.00s Real=0.00s
[38.328s][info ][gc,start       ] GC(1424) Pause Young (Allocation Failure)
[38.328s][debug][gc,age         ] GC(1424) Desired survivor size 1048576 bytes, new threshold 1 (max threshold 15)
[38.328s][info ][gc,heap        ] GC(1424) PSYoungGen: 280672K(281600K)->96K(271872K) Eden: 280576K(280576K)->0K(271360K) From: 96K(1024K)->96K(512K)
[38.328s][info ][gc,heap        ] GC(1424) ParOldGen: 4218K(349696K)->4218K(349696K)
[38.328s][info ][gc,metaspace   ] GC(1424) Metaspace: 9583K(9856K)->9583K(9856K) NonClass: 8514K(8640K)->8514K(8640K) Class: 1069K(1216K)->1069K(1216K)
[38.328s][info ][gc             ] GC(1424) Pause Young (Allocation Failure) 278M->4M(607M) 0.241ms
[38.329s][info ][gc,cpu         ] GC(1424) User=0.00s Sys=0.00s Real=0.00s
[38.348s][info ][gc,start       ] GC(1425) Pause Young (Allocation Failure)
[38.349s][debug][gc,age         ] GC(1425) Desired survivor size 1048576 bytes, new threshold 1 (max threshold 15)
[38.349s][info ][gc,heap        ] GC(1425) PSYoungGen: 271421K(271872K)->454K(263680K) Eden: 271325K(271360K)->0K(262656K) From: 96K(512K)->454K(1024K)
[38.349s][info ][gc,heap        ] GC(1425) ParOldGen: 4218K(349696K)->4218K(349696K)
[38.349s][info ][gc,metaspace   ] GC(1425) Metaspace: 9583K(9856K)->9583K(9856K) NonClass: 8514K(8640K)->8514K(8640K) Class: 1069K(1216K)->1069K(1216K)
[38.349s][info ][gc             ] GC(1425) Pause Young (Allocation Failure) 269M->4M(599M) 0.257ms
[38.349s][info ][gc,cpu         ] GC(1425) User=0.00s Sys=0.00s Real=0.00s
[38.368s][info ][gc,start       ] GC(1426) Pause Young (Allocation Failure)
[38.368s][debug][gc,age         ] GC(1426) Desired survivor size 1048576 bytes, new threshold 1 (max threshold 15)
[38.368s][info ][gc,heap        ] GC(1426) PSYoungGen: 262811K(263680K)->96K(254464K) Eden: 262356K(262656K)->0K(253952K) From: 454K(1024K)->96K(512K)
[38.368s][info ][gc,heap        ] GC(1426) ParOldGen: 4218K(349696K)->4218K(349696K)
[38.368s][info ][gc,metaspace   ] GC(1426) Metaspace: 9583K(9856K)->9583K(9856K) NonClass: 8514K(8640K)->8514K(8640K) Class: 1069K(1216K)->1069K(1216K)
[38.368s][info ][gc             ] GC(1426) Pause Young (Allocation Failure) 260M->4M(590M) 0.274ms
[38.368s][info ][gc,cpu         ] GC(1426) User=0.00s Sys=0.00s Real=0.00s
[38.387s][info ][gc,start       ] GC(1427) Pause Young (Allocation Failure)
[38.387s][debug][gc,age         ] GC(1427) Desired survivor size 1048576 bytes, new threshold 1 (max threshold 15)
[38.387s][info ][gc,heap        ] GC(1427) PSYoungGen: 253968K(254464K)->96K(246784K) Eden: 253872K(253952K)->0K(245760K) From: 96K(512K)->96K(1024K)
[38.387s][info ][gc,heap        ] GC(1427) ParOldGen: 4218K(349696K)->4218K(349696K)
[38.387s][info ][gc,metaspace   ] GC(1427) Metaspace: 9583K(9856K)->9583K(9856K) NonClass: 8514K(8640K)->8514K(8640K) Class: 1069K(1216K)->1069K(1216K)
[38.387s][info ][gc             ] GC(1427) Pause Young (Allocation Failure) 252M->4M(582M) 0.238ms
[38.387s][info ][gc,cpu         ] GC(1427) User=0.00s Sys=0.00s Real=0.00s
[38.405s][info ][gc,start       ] GC(1428) Pause Young (Allocation Failure)
[38.406s][debug][gc,age         ] GC(1428) Desired survivor size 1048576 bytes, new threshold 1 (max threshold 15)
[38.406s][info ][gc,heap        ] GC(1428) PSYoungGen: 245666K(246784K)->454K(238592K) Eden: 245570K(245760K)->0K(238080K) From: 96K(1024K)->454K(512K)
[38.406s][info ][gc,heap        ] GC(1428) ParOldGen: 4218K(349696K)->4218K(349696K)
[38.406s][info ][gc,metaspace   ] GC(1428) Metaspace: 9583K(9856K)->9583K(9856K) NonClass: 8514K(8640K)->8514K(8640K) Class: 1069K(1216K)->1069K(1216K)
[38.406s][info ][gc             ] GC(1428) Pause Young (Allocation Failure) 244M->4M(574M) 0.319ms
[38.406s][info ][gc,cpu         ] GC(1428) User=0.00s Sys=0.00s Real=0.00s
[38.423s][info ][gc,start       ] GC(1429) Pause Young (Allocation Failure)
[38.423s][debug][gc,age         ] GC(1429) Desired survivor size 1048576 bytes, new threshold 1 (max threshold 15)
[38.423s][info ][gc,heap        ] GC(1429) PSYoungGen: 238534K(238592K)->486K(286720K) Eden: 238080K(238080K)->0K(285696K) From: 454K(512K)->486K(1024K)
[38.423s][info ][gc,heap        ] GC(1429) ParOldGen: 4218K(349696K)->4218K(349696K)
[38.423s][info ][gc,metaspace   ] GC(1429) Metaspace: 9583K(9856K)->9583K(9856K) NonClass: 8514K(8640K)->8514K(8640K) Class: 1069K(1216K)->1069K(1216K)
[38.423s][info ][gc             ] GC(1429) Pause Young (Allocation Failure) 237M->4M(621M) 0.259ms
[38.423s][info ][gc,cpu         ] GC(1429) User=0.00s Sys=0.00s Real=0.00s
[38.444s][info ][gc,start       ] GC(1430) Pause Young (Allocation Failure)
[38.445s][debug][gc,age         ] GC(1430) Desired survivor size 1048576 bytes, new threshold 1 (max threshold 15)
[38.445s][info ][gc,heap        ] GC(1430) PSYoungGen: 285970K(286720K)->96K(276480K) Eden: 285483K(285696K)->0K(275968K) From: 486K(1024K)->96K(512K)
[38.445s][info ][gc,heap        ] GC(1430) ParOldGen: 4218K(349696K)->4218K(349696K)
[38.445s][info ][gc,metaspace   ] GC(1430) Metaspace: 9583K(9856K)->9583K(9856K) NonClass: 8514K(8640K)->8514K(8640K) Class: 1069K(1216K)->1069K(1216K)
[38.445s][info ][gc             ] GC(1430) Pause Young (Allocation Failure) 283M->4M(611M) 0.257ms
[38.445s][info ][gc,cpu         ] GC(1430) User=0.00s Sys=0.00s Real=0.00s
[38.465s][info ][gc,start       ] GC(1431) Pause Young (Allocation Failure)
[38.465s][debug][gc,age         ] GC(1431) Desired survivor size 1048576 bytes, new threshold 1 (max threshold 15)
[38.465s][info ][gc,heap        ] GC(1431) PSYoungGen: 275890K(276480K)->96K(267776K) Eden: 275794K(275968K)->0K(266752K) From: 96K(512K)->96K(1024K)
[38.465s][info ][gc,heap        ] GC(1431) ParOldGen: 4218K(349696K)->4218K(349696K)
[38.465s][info ][gc,metaspace   ] GC(1431) Metaspace: 9583K(9856K)->9583K(9856K) NonClass: 8514K(8640K)->8514K(8640K) Class: 1069K(1216K)->1069K(1216K)
[38.465s][info ][gc             ] GC(1431) Pause Young (Allocation Failure) 273M->4M(603M) 0.253ms
[38.465s][info ][gc,cpu         ] GC(1431) User=0.00s Sys=0.00s Real=0.00s
[38.485s][info ][gc,start       ] GC(1432) Pause Young (Allocation Failure)
[38.485s][debug][gc,age         ] GC(1432) Desired survivor size 1048576 bytes, new threshold 1 (max threshold 15)
[38.485s][info ][gc,heap        ] GC(1432) PSYoungGen: 266799K(267776K)->454K(258560K) Eden: 266703K(266752K)->0K(258048K) From: 96K(1024K)->454K(512K)
[38.485s][info ][gc,heap        ] GC(1432) ParOldGen: 4218K(349696K)->4218K(349696K)
[38.485s][info ][gc,metaspace   ] GC(1432) Metaspace: 9583K(9856K)->9583K(9856K) NonClass: 8514K(8640K)->8514K(8640K) Class: 1069K(1216K)->1069K(1216K)
[38.485s][info ][gc             ] GC(1432) Pause Young (Allocation Failure) 264M->4M(594M) 0.273ms
[38.485s][info ][gc,cpu         ] GC(1432) User=0.00s Sys=0.00s Real=0.00s
[38.504s][info ][gc,start       ] GC(1433) Pause Young (Allocation Failure)
[38.504s][debug][gc,age         ] GC(1433) Desired survivor size 1048576 bytes, new threshold 1 (max threshold 15)
[38.504s][info ][gc,heap        ] GC(1433) PSYoungGen: 258502K(258560K)->96K(250880K) Eden: 258048K(258048K)->0K(249856K) From: 454K(512K)->96K(1024K)
[38.504s][info ][gc,heap        ] GC(1433) ParOldGen: 4218K(349696K)->4218K(349696K)
[38.504s][info ][gc,metaspace   ] GC(1433) Metaspace: 9583K(9856K)->9583K(9856K) NonClass: 8514K(8640K)->8514K(8640K) Class: 1069K(1216K)->1069K(1216K)
[38.504s][info ][gc             ] GC(1433) Pause Young (Allocation Failure) 256M->4M(586M) 0.255ms
[38.504s][info ][gc,cpu         ] GC(1433) User=0.00s Sys=0.00s Real=0.00s
[38.523s][info ][gc,start       ] GC(1434) Pause Young (Allocation Failure)
[38.523s][debug][gc,age         ] GC(1434) Desired survivor size 1048576 bytes, new threshold 1 (max threshold 15)
[38.523s][info ][gc,heap        ] GC(1434) PSYoungGen: 249907K(250880K)->96K(242688K) Eden: 249811K(249856K)->0K(242176K) From: 96K(1024K)->96K(512K)
[38.523s][info ][gc,heap        ] GC(1434) ParOldGen: 4218K(349696K)->4218K(349696K)
[38.523s][info ][gc,metaspace   ] GC(1434) Metaspace: 9583K(9856K)->9583K(9856K) NonClass: 8514K(8640K)->8514K(8640K) Class: 1069K(1216K)->1069K(1216K)
[38.523s][info ][gc             ] GC(1434) Pause Young (Allocation Failure) 248M->4M(578M) 0.240ms
[38.523s][info ][gc,cpu         ] GC(1434) User=0.00s Sys=0.00s Real=0.00s
[38.541s][info ][gc,start       ] GC(1435) Pause Young (Allocation Failure)
[38.541s][debug][gc,age         ] GC(1435) Desired survivor size 1048576 bytes, new threshold 1 (max threshold 15)
[38.541s][info ][gc,heap        ] GC(1435) PSYoungGen: 242043K(242688K)->486K(235520K) Eden: 241947K(242176K)->0K(234496K) From: 96K(512K)->486K(1024K)
[38.541s][info ][gc,heap        ] GC(1435) ParOldGen: 4218K(349696K)->4218K(349696K)
[38.541s][info ][gc,metaspace   ] GC(1435) Metaspace: 9583K(9856K)->9583K(9856K) NonClass: 8514K(8640K)->8514K(8640K) Class: 1069K(1216K)->1069K(1216K)
[38.541s][info ][gc             ] GC(1435) Pause Young (Allocation Failure) 240M->4M(571M) 0.247ms
[38.541s][info ][gc,cpu         ] GC(1435) User=0.00s Sys=0.00s Real=0.00s
[38.558s][info ][gc,start       ] GC(1436) Pause Young (Allocation Failure)
[38.558s][debug][gc,age         ] GC(1436) Desired survivor size 1048576 bytes, new threshold 1 (max threshold 15)
[38.558s][info ][gc,heap        ] GC(1436) PSYoungGen: 234837K(235520K)->454K(282112K) Eden: 234350K(234496K)->0K(281600K) From: 486K(1024K)->454K(512K)
[38.558s][info ][gc,heap        ] GC(1436) ParOldGen: 4218K(349696K)->4218K(349696K)
[38.558s][info ][gc,metaspace   ] GC(1436) Metaspace: 9583K(9856K)->9583K(9856K) NonClass: 8514K(8640K)->8514K(8640K) Class: 1069K(1216K)->1069K(1216K)
[38.558s][info ][gc             ] GC(1436) Pause Young (Allocation Failure) 233M->4M(617M) 0.270ms
[38.558s][info ][gc,cpu         ] GC(1436) User=0.00s Sys=0.00s Real=0.00s
[38.579s][info ][gc,start       ] GC(1437) Pause Young (Allocation Failure)
[38.579s][debug][gc,age         ] GC(1437) Desired survivor size 1048576 bytes, new threshold 1 (max threshold 15)
[38.579s][info ][gc,heap        ] GC(1437) PSYoungGen: 282054K(282112K)->486K(273408K) Eden: 281600K(281600K)->0K(272384K) From: 454K(512K)->486K(1024K)
[38.579s][info ][gc,heap        ] GC(1437) ParOldGen: 4218K(349696K)->4218K(349696K)
[38.579s][info ][gc,metaspace   ] GC(1437) Metaspace: 9583K(9856K)->9583K(9856K) NonClass: 8514K(8640K)->8514K(8640K) Class: 1069K(1216K)->1069K(1216K)
[38.579s][info ][gc             ] GC(1437) Pause Young (Allocation Failure) 279M->4M(608M) 0.250ms
[38.579s][info ][gc,cpu         ] GC(1437) User=0.00s Sys=0.00s Real=0.00s
[38.599s][info ][gc,start       ] GC(1438) Pause Young (Allocation Failure)
[38.599s][debug][gc,age         ] GC(1438) Desired survivor size 1048576 bytes, new threshold 1 (max threshold 15)
[38.599s][info ][gc,heap        ] GC(1438) PSYoungGen: 272699K(273408K)->96K(264192K) Eden: 272213K(272384K)->0K(263680K) From: 486K(1024K)->96K(512K)
[38.599s][info ][gc,heap        ] GC(1438) ParOldGen: 4218K(349696K)->4218K(349696K)
[38.599s][info ][gc,metaspace   ] GC(1438) Metaspace: 9583K(9856K)->9583K(9856K) NonClass: 8514K(8640K)->8514K(8640K) Class: 1069K(1216K)->1069K(1216K)
[38.599s][info ][gc             ] GC(1438) Pause Young (Allocation Failure) 270M->4M(599M) 0.272ms
[38.599s][info ][gc,cpu         ] GC(1438) User=0.00s Sys=0.00s Real=0.00s
[38.619s][info ][gc,start       ] GC(1439) Pause Young (Allocation Failure)
[38.619s][debug][gc,age         ] GC(1439) Desired survivor size 1048576 bytes, new threshold 1 (max threshold 15)
[38.619s][info ][gc,heap        ] GC(1439) PSYoungGen: 263500K(264192K)->96K(256000K) Eden: 263404K(263680K)->0K(254976K) From: 96K(512K)->96K(1024K)
[38.619s][info ][gc,heap        ] GC(1439) ParOldGen: 4218K(349696K)->4218K(349696K)
[38.619s][info ][gc,metaspace   ] GC(1439) Metaspace: 9583K(9856K)->9583K(9856K) NonClass: 8514K(8640K)->8514K(8640K) Class: 1069K(1216K)->1069K(1216K)
[38.619s][info ][gc             ] GC(1439) Pause Young (Allocation Failure) 261M->4M(591M) 0.257ms
[38.619s][info ][gc,cpu         ] GC(1439) User=0.00s Sys=0.00s Real=0.00s
[38.638s][info ][gc,start       ] GC(1440) Pause Young (Allocation Failure)
[38.638s][debug][gc,age         ] GC(1440) Desired survivor size 1048576 bytes, new threshold 1 (max threshold 15)
[38.638s][info ][gc,heap        ] GC(1440) PSYoungGen: 254769K(256000K)->96K(247296K) Eden: 254673K(254976K)->0K(246784K) From: 96K(1024K)->96K(512K)
[38.638s][info ][gc,heap        ] GC(1440) ParOldGen: 4218K(349696K)->4218K(349696K)
[38.638s][info ][gc,metaspace   ] GC(1440) Metaspace: 9583K(9856K)->9583K(9856K) NonClass: 8514K(8640K)->8514K(8640K) Class: 1069K(1216K)->1069K(1216K)
[38.638s][info ][gc             ] GC(1440) Pause Young (Allocation Failure) 252M->4M(583M) 0.246ms
[38.638s][info ][gc,cpu         ] GC(1440) User=0.00s Sys=0.00s Real=0.00s
[38.656s][info ][gc,start       ] GC(1441) Pause Young (Allocation Failure)
[38.657s][debug][gc,age         ] GC(1441) Desired survivor size 1048576 bytes, new threshold 1 (max threshold 15)
[38.657s][info ][gc,heap        ] GC(1441) PSYoungGen: 246489K(247296K)->454K(240128K) Eden: 246393K(246784K)->0K(239104K) From: 96K(512K)->454K(1024K)
[38.657s][info ][gc,heap        ] GC(1441) ParOldGen: 4218K(349696K)->4218K(349696K)
[38.657s][info ][gc,metaspace   ] GC(1441) Metaspace: 9583K(9856K)->9583K(9856K) NonClass: 8514K(8640K)->8514K(8640K) Class: 1069K(1216K)->1069K(1216K)
[38.657s][info ][gc             ] GC(1441) Pause Young (Allocation Failure) 244M->4M(576M) 0.225ms
[38.657s][info ][gc,cpu         ] GC(1441) User=0.00s Sys=0.00s Real=0.00s
[38.674s][info ][gc,start       ] GC(1442) Pause Young (Allocation Failure)
[38.674s][debug][gc,age         ] GC(1442) Desired survivor size 1048576 bytes, new threshold 1 (max threshold 15)
[38.674s][info ][gc,heap        ] GC(1442) PSYoungGen: 239558K(240128K)->454K(231936K) Eden: 239104K(239104K)->0K(231424K) From: 454K(1024K)->454K(512K)
[38.674s][info ][gc,heap        ] GC(1442) ParOldGen: 4218K(349696K)->4218K(349696K)
[38.674s][info ][gc,metaspace   ] GC(1442) Metaspace: 9583K(9856K)->9583K(9856K) NonClass: 8514K(8640K)->8514K(8640K) Class: 1069K(1216K)->1069K(1216K)
[38.674s][info ][gc             ] GC(1442) Pause Young (Allocation Failure) 238M->4M(568M) 0.262ms
[38.674s][info ][gc,cpu         ] GC(1442) User=0.00s Sys=0.00s Real=0.00s
[38.691s][info ][gc,start       ] GC(1443) Pause Young (Allocation Failure)
[38.691s][debug][gc,age         ] GC(1443) Desired survivor size 1048576 bytes, new threshold 1 (max threshold 15)
[38.691s][info ][gc,heap        ] GC(1443) PSYoungGen: 231574K(231936K)->486K(279040K) Eden: 231119K(231424K)->0K(278016K) From: 454K(512K)->486K(1024K)
[38.691s][info ][gc,heap        ] GC(1443) ParOldGen: 4218K(349696K)->4218K(349696K)
[38.691s][info ][gc,metaspace   ] GC(1443) Metaspace: 9583K(9856K)->9583K(9856K) NonClass: 8514K(8640K)->8514K(8640K) Class: 1069K(1216K)->1069K(1216K)
[38.691s][info ][gc             ] GC(1443) Pause Young (Allocation Failure) 230M->4M(614M) 0.277ms
[38.691s][info ][gc,cpu         ] GC(1443) User=0.00s Sys=0.00s Real=0.00s
[38.711s][info ][gc,start       ] GC(1444) Pause Young (Allocation Failure)
[38.712s][debug][gc,age         ] GC(1444) Desired survivor size 1048576 bytes, new threshold 1 (max threshold 15)
[38.712s][info ][gc,heap        ] GC(1444) PSYoungGen: 278434K(279040K)->64K(328704K) Eden: 277948K(278016K)->0K(327680K) From: 486K(1024K)->64K(1024K)
[38.712s][info ][gc,heap        ] GC(1444) ParOldGen: 4218K(349696K)->4218K(349696K)
[38.712s][info ][gc,metaspace   ] GC(1444) Metaspace: 9583K(9856K)->9583K(9856K) NonClass: 8514K(8640K)->8514K(8640K) Class: 1069K(1216K)->1069K(1216K)
[38.712s][info ][gc             ] GC(1444) Pause Young (Allocation Failure) 276M->4M(662M) 0.268ms
[38.712s][info ][gc,cpu         ] GC(1444) User=0.00s Sys=0.01s Real=0.00s
[38.736s][info ][gc,start       ] GC(1445) Pause Young (Allocation Failure)
[38.736s][debug][gc,age         ] GC(1445) Desired survivor size 1048576 bytes, new threshold 1 (max threshold 15)
[38.736s][info ][gc,heap        ] GC(1445) PSYoungGen: 327461K(328704K)->96K(316928K) Eden: 327397K(327680K)->0K(316416K) From: 64K(1024K)->96K(512K)
[38.736s][info ][gc,heap        ] GC(1445) ParOldGen: 4218K(349696K)->4218K(349696K)
[38.736s][info ][gc,metaspace   ] GC(1445) Metaspace: 9583K(9856K)->9583K(9856K) NonClass: 8514K(8640K)->8514K(8640K) Class: 1069K(1216K)->1069K(1216K)
[38.736s][info ][gc             ] GC(1445) Pause Young (Allocation Failure) 323M->4M(651M) 0.274ms
[38.736s][info ][gc,cpu         ] GC(1445) User=0.00s Sys=0.00s Real=0.00s
[38.759s][info ][gc,start       ] GC(1446) Pause Young (Allocation Failure)
[38.759s][debug][gc,age         ] GC(1446) Desired survivor size 1048576 bytes, new threshold 1 (max threshold 15)
[38.759s][info ][gc,heap        ] GC(1446) PSYoungGen: 316512K(316928K)->96K(306176K) Eden: 316416K(316416K)->0K(305664K) From: 96K(512K)->96K(512K)
[38.759s][info ][gc,heap        ] GC(1446) ParOldGen: 4218K(349696K)->4218K(349696K)
[38.759s][info ][gc,metaspace   ] GC(1446) Metaspace: 9583K(9856K)->9583K(9856K) NonClass: 8514K(8640K)->8514K(8640K) Class: 1069K(1216K)->1069K(1216K)
[38.759s][info ][gc             ] GC(1446) Pause Young (Allocation Failure) 313M->4M(640M) 0.280ms
[38.759s][info ][gc,cpu         ] GC(1446) User=0.00s Sys=0.00s Real=0.00s
[38.782s][info ][gc,start       ] GC(1447) Pause Young (Allocation Failure)
[38.782s][debug][gc,age         ] GC(1447) Desired survivor size 1048576 bytes, new threshold 1 (max threshold 15)
[38.782s][info ][gc,heap        ] GC(1447) PSYoungGen: 305641K(306176K)->96K(296448K) Eden: 305545K(305664K)->0K(295424K) From: 96K(512K)->96K(1024K)
[38.782s][info ][gc,heap        ] GC(1447) ParOldGen: 4218K(349696K)->4218K(349696K)
[38.782s][info ][gc,metaspace   ] GC(1447) Metaspace: 9583K(9856K)->9583K(9856K) NonClass: 8514K(8640K)->8514K(8640K) Class: 1069K(1216K)->1069K(1216K)
[38.782s][info ][gc             ] GC(1447) Pause Young (Allocation Failure) 302M->4M(631M) 0.242ms
[38.782s][info ][gc,cpu         ] GC(1447) User=0.00s Sys=0.00s Real=0.00s
[38.804s][info ][gc,start       ] GC(1448) Pause Young (Allocation Failure)
[38.804s][debug][gc,age         ] GC(1448) Desired survivor size 1048576 bytes, new threshold 1 (max threshold 15)
[38.804s][info ][gc,heap        ] GC(1448) PSYoungGen: 295419K(296448K)->96K(286208K) Eden: 295323K(295424K)->0K(285696K) From: 96K(1024K)->96K(512K)
[38.804s][info ][gc,heap        ] GC(1448) ParOldGen: 4218K(349696K)->4218K(349696K)
[38.804s][info ][gc,metaspace   ] GC(1448) Metaspace: 9583K(9856K)->9583K(9856K) NonClass: 8514K(8640K)->8514K(8640K) Class: 1069K(1216K)->1069K(1216K)
[38.804s][info ][gc             ] GC(1448) Pause Young (Allocation Failure) 292M->4M(621M) 0.269ms
[38.804s][info ][gc,cpu         ] GC(1448) User=0.00s Sys=0.00s Real=0.00s
[38.825s][info ][gc,start       ] GC(1449) Pause Young (Allocation Failure)
[38.825s][debug][gc,age         ] GC(1449) Desired survivor size 1048576 bytes, new threshold 1 (max threshold 15)
[38.825s][info ][gc,heap        ] GC(1449) PSYoungGen: 285729K(286208K)->454K(276992K) Eden: 285633K(285696K)->0K(275968K) From: 96K(512K)->454K(1024K)
[38.825s][info ][gc,heap        ] GC(1449) ParOldGen: 4218K(349696K)->4218K(349696K)
[38.825s][info ][gc,metaspace   ] GC(1449) Metaspace: 9583K(9856K)->9583K(9856K) NonClass: 8514K(8640K)->8514K(8640K) Class: 1069K(1216K)->1069K(1216K)
[38.825s][info ][gc             ] GC(1449) Pause Young (Allocation Failure) 283M->4M(612M) 0.254ms
[38.825s][info ][gc,cpu         ] GC(1449) User=0.00s Sys=0.00s Real=0.01s
[38.846s][info ][gc,start       ] GC(1450) Pause Young (Allocation Failure)
[38.846s][debug][gc,age         ] GC(1450) Desired survivor size 1048576 bytes, new threshold 1 (max threshold 15)
[38.846s][info ][gc,heap        ] GC(1450) PSYoungGen: 276422K(276992K)->64K(267264K) Eden: 275968K(275968K)->0K(266752K) From: 454K(1024K)->64K(512K)
[38.846s][info ][gc,heap        ] GC(1450) ParOldGen: 4218K(349696K)->4218K(349696K)
[38.846s][info ][gc,metaspace   ] GC(1450) Metaspace: 9583K(9856K)->9583K(9856K) NonClass: 8514K(8640K)->8514K(8640K) Class: 1069K(1216K)->1069K(1216K)
[38.846s][info ][gc             ] GC(1450) Pause Young (Allocation Failure) 274M->4M(602M) 0.262ms
[38.846s][info ][gc,cpu         ] GC(1450) User=0.00s Sys=0.01s Real=0.00s
[38.865s][info ][gc,start       ] GC(1451) Pause Young (Allocation Failure)
[38.866s][debug][gc,age         ] GC(1451) Desired survivor size 1048576 bytes, new threshold 1 (max threshold 15)
[38.866s][info ][gc,heap        ] GC(1451) PSYoungGen: 266426K(267264K)->64K(259072K) Eden: 266362K(266752K)->0K(258048K) From: 64K(512K)->64K(1024K)
[38.866s][info ][gc,heap        ] GC(1451) ParOldGen: 4218K(349696K)->4218K(349696K)
[38.866s][info ][gc,metaspace   ] GC(1451) Metaspace: 9583K(9856K)->9583K(9856K) NonClass: 8514K(8640K)->8514K(8640K) Class: 1069K(1216K)->1069K(1216K)
[38.866s][info ][gc             ] GC(1451) Pause Young (Allocation Failure) 264M->4M(594M) 0.307ms
[38.866s][info ][gc,cpu         ] GC(1451) User=0.00s Sys=0.00s Real=0.00s
[38.884s][info ][gc,start       ] GC(1452) Pause Young (Allocation Failure)
[38.885s][debug][gc,age         ] GC(1452) Desired survivor size 1048576 bytes, new threshold 1 (max threshold 15)
[38.885s][info ][gc,heap        ] GC(1452) PSYoungGen: 258112K(259072K)->96K(310272K) Eden: 258048K(258048K)->0K(309760K) From: 64K(1024K)->96K(512K)
[38.885s][info ][gc,heap        ] GC(1452) ParOldGen: 4218K(349696K)->4218K(349696K)
[38.885s][info ][gc,metaspace   ] GC(1452) Metaspace: 9583K(9856K)->9583K(9856K) NonClass: 8514K(8640K)->8514K(8640K) Class: 1069K(1216K)->1069K(1216K)
[38.885s][info ][gc             ] GC(1452) Pause Young (Allocation Failure) 256M->4M(644M) 0.291ms
[38.885s][info ][gc,cpu         ] GC(1452) User=0.00s Sys=0.00s Real=0.00s
[38.907s][info ][gc,start       ] GC(1453) Pause Young (Allocation Failure)
[38.908s][debug][gc,age         ] GC(1453) Desired survivor size 1048576 bytes, new threshold 1 (max threshold 15)
[38.908s][info ][gc,heap        ] GC(1453) PSYoungGen: 309578K(310272K)->96K(300032K) Eden: 309482K(309760K)->0K(299008K) From: 96K(512K)->96K(1024K)
[38.908s][info ][gc,heap        ] GC(1453) ParOldGen: 4218K(349696K)->4218K(349696K)
[38.908s][info ][gc,metaspace   ] GC(1453) Metaspace: 9583K(9856K)->9583K(9856K) NonClass: 8514K(8640K)->8514K(8640K) Class: 1069K(1216K)->1069K(1216K)
[38.908s][info ][gc             ] GC(1453) Pause Young (Allocation Failure) 306M->4M(634M) 0.264ms
[38.908s][info ][gc,cpu         ] GC(1453) User=0.00s Sys=0.00s Real=0.00s
[38.929s][info ][gc,start       ] GC(1454) Pause Young (Allocation Failure)
[38.930s][debug][gc,age         ] GC(1454) Desired survivor size 1048576 bytes, new threshold 1 (max threshold 15)
[38.930s][info ][gc,heap        ] GC(1454) PSYoungGen: 299104K(300032K)->454K(289280K) Eden: 299008K(299008K)->0K(288768K) From: 96K(1024K)->454K(512K)
[38.930s][info ][gc,heap        ] GC(1454) ParOldGen: 4218K(349696K)->4218K(349696K)
[38.930s][info ][gc,metaspace   ] GC(1454) Metaspace: 9583K(9856K)->9583K(9856K) NonClass: 8514K(8640K)->8514K(8640K) Class: 1069K(1216K)->1069K(1216K)
[38.930s][info ][gc             ] GC(1454) Pause Young (Allocation Failure) 296M->4M(624M) 0.300ms
[38.930s][info ][gc,cpu         ] GC(1454) User=0.00s Sys=0.00s Real=0.00s
[38.951s][info ][gc,start       ] GC(1455) Pause Young (Allocation Failure)
[38.951s][debug][gc,age         ] GC(1455) Desired survivor size 1048576 bytes, new threshold 1 (max threshold 15)
[38.951s][info ][gc,heap        ] GC(1455) PSYoungGen: 289196K(289280K)->96K(280064K) Eden: 288742K(288768K)->0K(279040K) From: 454K(512K)->96K(1024K)
[38.951s][info ][gc,heap        ] GC(1455) ParOldGen: 4218K(349696K)->4218K(349696K)
[38.951s][info ][gc,metaspace   ] GC(1455) Metaspace: 9583K(9856K)->9583K(9856K) NonClass: 8514K(8640K)->8514K(8640K) Class: 1069K(1216K)->1069K(1216K)
[38.951s][info ][gc             ] GC(1455) Pause Young (Allocation Failure) 286M->4M(615M) 0.223ms
[38.951s][info ][gc,cpu         ] GC(1455) User=0.00s Sys=0.00s Real=0.00s
[38.971s][info ][gc,start       ] GC(1456) Pause Young (Allocation Failure)
[38.971s][debug][gc,age         ] GC(1456) Desired survivor size 1048576 bytes, new threshold 1 (max threshold 15)
[38.971s][info ][gc,heap        ] GC(1456) PSYoungGen: 279136K(280064K)->96K(270336K) Eden: 279040K(279040K)->0K(269824K) From: 96K(1024K)->96K(512K)
[38.971s][info ][gc,heap        ] GC(1456) ParOldGen: 4218K(349696K)->4218K(349696K)
[38.971s][info ][gc,metaspace   ] GC(1456) Metaspace: 9583K(9856K)->9583K(9856K) NonClass: 8514K(8640K)->8514K(8640K) Class: 1069K(1216K)->1069K(1216K)
[38.971s][info ][gc             ] GC(1456) Pause Young (Allocation Failure) 276M->4M(605M) 0.274ms
[38.971s][info ][gc,cpu         ] GC(1456) User=0.00s Sys=0.00s Real=0.00s
[38.991s][info ][gc,start       ] GC(1457) Pause Young (Allocation Failure)
[38.991s][debug][gc,age         ] GC(1457) Desired survivor size 1048576 bytes, new threshold 1 (max threshold 15)
[38.991s][info ][gc,heap        ] GC(1457) PSYoungGen: 269920K(270336K)->486K(262144K) Eden: 269824K(269824K)->0K(261120K) From: 96K(512K)->486K(1024K)
[38.991s][info ][gc,heap        ] GC(1457) ParOldGen: 4218K(349696K)->4218K(349696K)
[38.991s][info ][gc,metaspace   ] GC(1457) Metaspace: 9583K(9856K)->9583K(9856K) NonClass: 8514K(8640K)->8514K(8640K) Class: 1069K(1216K)->1069K(1216K)
[38.991s][info ][gc             ] GC(1457) Pause Young (Allocation Failure) 267M->4M(597M) 0.267ms
[38.991s][info ][gc,cpu         ] GC(1457) User=0.00s Sys=0.00s Real=0.00s
[39.011s][info ][gc,start       ] GC(1458) Pause Young (Allocation Failure)
[39.011s][debug][gc,age         ] GC(1458) Desired survivor size 1048576 bytes, new threshold 1 (max threshold 15)
[39.011s][info ][gc,heap        ] GC(1458) PSYoungGen: 261606K(262144K)->96K(253440K) Eden: 261120K(261120K)->0K(252928K) From: 486K(1024K)->96K(512K)
[39.011s][info ][gc,heap        ] GC(1458) ParOldGen: 4218K(349696K)->4218K(349696K)
[39.011s][info ][gc,metaspace   ] GC(1458) Metaspace: 9583K(9856K)->9583K(9856K) NonClass: 8514K(8640K)->8514K(8640K) Class: 1069K(1216K)->1069K(1216K)
[39.011s][info ][gc             ] GC(1458) Pause Young (Allocation Failure) 259M->4M(589M) 0.274ms
[39.011s][info ][gc,cpu         ] GC(1458) User=0.00s Sys=0.00s Real=0.00s
[39.030s][info ][gc,start       ] GC(1459) Pause Young (Allocation Failure)
[39.030s][debug][gc,age         ] GC(1459) Desired survivor size 1048576 bytes, new threshold 1 (max threshold 15)
[39.030s][info ][gc,heap        ] GC(1459) PSYoungGen: 252744K(253440K)->454K(245760K) Eden: 252648K(252928K)->0K(244736K) From: 96K(512K)->454K(1024K)
[39.030s][info ][gc,heap        ] GC(1459) ParOldGen: 4218K(349696K)->4218K(349696K)
[39.030s][info ][gc,metaspace   ] GC(1459) Metaspace: 9583K(9856K)->9583K(9856K) NonClass: 8514K(8640K)->8514K(8640K) Class: 1069K(1216K)->1069K(1216K)
[39.030s][info ][gc             ] GC(1459) Pause Young (Allocation Failure) 250M->4M(581M) 0.264ms
[39.030s][info ][gc,cpu         ] GC(1459) User=0.00s Sys=0.00s Real=0.00s
[39.048s][info ][gc,start       ] GC(1460) Pause Young (Allocation Failure)
[39.048s][debug][gc,age         ] GC(1460) Desired survivor size 1048576 bytes, new threshold 1 (max threshold 15)
[39.048s][info ][gc,heap        ] GC(1460) PSYoungGen: 245014K(245760K)->454K(294400K) Eden: 244559K(244736K)->0K(293888K) From: 454K(1024K)->454K(512K)
[39.048s][info ][gc,heap        ] GC(1460) ParOldGen: 4218K(349696K)->4218K(349696K)
[39.048s][info ][gc,metaspace   ] GC(1460) Metaspace: 9583K(9856K)->9583K(9856K) NonClass: 8514K(8640K)->8514K(8640K) Class: 1069K(1216K)->1069K(1216K)
[39.048s][info ][gc             ] GC(1460) Pause Young (Allocation Failure) 243M->4M(629M) 0.280ms
[39.048s][info ][gc,cpu         ] GC(1460) User=0.00s Sys=0.00s Real=0.00s
[39.070s][info ][gc,start       ] GC(1461) Pause Young (Allocation Failure)
[39.070s][debug][gc,age         ] GC(1461) Desired survivor size 1048576 bytes, new threshold 1 (max threshold 15)
[39.070s][info ][gc,heap        ] GC(1461) PSYoungGen: 294170K(294400K)->454K(285184K) Eden: 293716K(293888K)->0K(284160K) From: 454K(512K)->454K(1024K)
[39.070s][info ][gc,heap        ] GC(1461) ParOldGen: 4218K(349696K)->4218K(349696K)
[39.070s][info ][gc,metaspace   ] GC(1461) Metaspace: 9583K(9856K)->9583K(9856K) NonClass: 8514K(8640K)->8514K(8640K) Class: 1069K(1216K)->1069K(1216K)
[39.070s][info ][gc             ] GC(1461) Pause Young (Allocation Failure) 291M->4M(620M) 0.266ms
[39.070s][info ][gc,cpu         ] GC(1461) User=0.00s Sys=0.00s Real=0.00s
[39.091s][info ][gc,start       ] GC(1462) Pause Young (Allocation Failure)
[39.091s][debug][gc,age         ] GC(1462) Desired survivor size 1048576 bytes, new threshold 1 (max threshold 15)
[39.091s][info ][gc,heap        ] GC(1462) PSYoungGen: 284572K(285184K)->96K(275456K) Eden: 284117K(284160K)->0K(274944K) From: 454K(1024K)->96K(512K)
[39.091s][info ][gc,heap        ] GC(1462) ParOldGen: 4218K(349696K)->4218K(349696K)
[39.091s][info ][gc,metaspace   ] GC(1462) Metaspace: 9583K(9856K)->9583K(9856K) NonClass: 8514K(8640K)->8514K(8640K) Class: 1069K(1216K)->1069K(1216K)
[39.091s][info ][gc             ] GC(1462) Pause Young (Allocation Failure) 282M->4M(610M) 0.273ms
[39.091s][info ][gc,cpu         ] GC(1462) User=0.00s Sys=0.00s Real=0.00s
[39.112s][info ][gc,start       ] GC(1463) Pause Young (Allocation Failure)
[39.112s][debug][gc,age         ] GC(1463) Desired survivor size 1048576 bytes, new threshold 1 (max threshold 15)
[39.112s][info ][gc,heap        ] GC(1463) PSYoungGen: 274726K(275456K)->454K(266752K) Eden: 274630K(274944K)->0K(265728K) From: 96K(512K)->454K(1024K)
[39.112s][info ][gc,heap        ] GC(1463) ParOldGen: 4218K(349696K)->4218K(349696K)
[39.112s][info ][gc,metaspace   ] GC(1463) Metaspace: 9583K(9856K)->9583K(9856K) NonClass: 8514K(8640K)->8514K(8640K) Class: 1069K(1216K)->1069K(1216K)
[39.112s][info ][gc             ] GC(1463) Pause Young (Allocation Failure) 272M->4M(602M) 0.301ms
[39.112s][info ][gc,cpu         ] GC(1463) User=0.00s Sys=0.00s Real=0.00s
[39.131s][info ][gc,start       ] GC(1464) Pause Young (Allocation Failure)
[39.132s][debug][gc,age         ] GC(1464) Desired survivor size 1048576 bytes, new threshold 1 (max threshold 15)
[39.132s][info ][gc,heap        ] GC(1464) PSYoungGen: 266016K(266752K)->486K(257536K) Eden: 265561K(265728K)->0K(257024K) From: 454K(1024K)->486K(512K)
[39.132s][info ][gc,heap        ] GC(1464) ParOldGen: 4218K(349696K)->4218K(349696K)
[39.132s][info ][gc,metaspace   ] GC(1464) Metaspace: 9583K(9856K)->9583K(9856K) NonClass: 8514K(8640K)->8514K(8640K) Class: 1069K(1216K)->1069K(1216K)
[39.132s][info ][gc             ] GC(1464) Pause Young (Allocation Failure) 263M->4M(593M) 0.267ms
[39.132s][info ][gc,cpu         ] GC(1464) User=0.00s Sys=0.00s Real=0.00s
[39.150s][info ][gc,start       ] GC(1465) Pause Young (Allocation Failure)
[39.151s][debug][gc,age         ] GC(1465) Desired survivor size 1048576 bytes, new threshold 1 (max threshold 15)
[39.151s][info ][gc,heap        ] GC(1465) PSYoungGen: 257410K(257536K)->454K(249856K) Eden: 256923K(257024K)->0K(248832K) From: 486K(512K)->454K(1024K)
[39.151s][info ][gc,heap        ] GC(1465) ParOldGen: 4218K(349696K)->4218K(349696K)
[39.151s][info ][gc,metaspace   ] GC(1465) Metaspace: 9583K(9856K)->9583K(9856K) NonClass: 8514K(8640K)->8514K(8640K) Class: 1069K(1216K)->1069K(1216K)
[39.151s][info ][gc             ] GC(1465) Pause Young (Allocation Failure) 255M->4M(585M) 0.252ms
[39.151s][info ][gc,cpu         ] GC(1465) User=0.00s Sys=0.00s Real=0.00s
[39.169s][info ][gc,start       ] GC(1466) Pause Young (Allocation Failure)
[39.169s][debug][gc,age         ] GC(1466) Desired survivor size 1048576 bytes, new threshold 1 (max threshold 15)
[39.169s][info ][gc,heap        ] GC(1466) PSYoungGen: 249081K(249856K)->96K(241664K) Eden: 248626K(248832K)->0K(241152K) From: 454K(1024K)->96K(512K)
[39.169s][info ][gc,heap        ] GC(1466) ParOldGen: 4218K(349696K)->4218K(349696K)
[39.169s][info ][gc,metaspace   ] GC(1466) Metaspace: 9583K(9856K)->9583K(9856K) NonClass: 8514K(8640K)->8514K(8640K) Class: 1069K(1216K)->1069K(1216K)
[39.169s][info ][gc             ] GC(1466) Pause Young (Allocation Failure) 247M->4M(577M) 0.231ms
[39.169s][info ][gc,cpu         ] GC(1466) User=0.00s Sys=0.00s Real=0.00s
[39.187s][info ][gc,start       ] GC(1467) Pause Young (Allocation Failure)
[39.187s][debug][gc,age         ] GC(1467) Desired survivor size 1048576 bytes, new threshold 1 (max threshold 15)
[39.187s][info ][gc,heap        ] GC(1467) PSYoungGen: 240889K(241664K)->454K(234496K) Eden: 240793K(241152K)->0K(233472K) From: 96K(512K)->454K(1024K)
[39.187s][info ][gc,heap        ] GC(1467) ParOldGen: 4218K(349696K)->4218K(349696K)
[39.187s][info ][gc,metaspace   ] GC(1467) Metaspace: 9583K(9856K)->9583K(9856K) NonClass: 8514K(8640K)->8514K(8640K) Class: 1069K(1216K)->1069K(1216K)
[39.187s][info ][gc             ] GC(1467) Pause Young (Allocation Failure) 239M->4M(570M) 0.226ms
[39.187s][info ][gc,cpu         ] GC(1467) User=0.01s Sys=0.00s Real=0.00s
[39.204s][info ][gc,start       ] GC(1468) Pause Young (Allocation Failure)
[39.204s][debug][gc,age         ] GC(1468) Desired survivor size 1048576 bytes, new threshold 1 (max threshold 15)
[39.204s][info ][gc,heap        ] GC(1468) PSYoungGen: 233915K(234496K)->454K(281088K) Eden: 233460K(233472K)->0K(280576K) From: 454K(1024K)->454K(512K)
[39.204s][info ][gc,heap        ] GC(1468) ParOldGen: 4218K(349696K)->4218K(349696K)
[39.204s][info ][gc,metaspace   ] GC(1468) Metaspace: 9583K(9856K)->9583K(9856K) NonClass: 8514K(8640K)->8514K(8640K) Class: 1069K(1216K)->1069K(1216K)
[39.204s][info ][gc             ] GC(1468) Pause Young (Allocation Failure) 232M->4M(616M) 0.293ms
[39.205s][info ][gc,cpu         ] GC(1468) User=0.00s Sys=0.00s Real=0.00s
[39.225s][info ][gc,start       ] GC(1469) Pause Young (Allocation Failure)
[39.225s][debug][gc,age         ] GC(1469) Desired survivor size 1048576 bytes, new threshold 1 (max threshold 15)
[39.225s][info ][gc,heap        ] GC(1469) PSYoungGen: 281030K(281088K)->454K(272384K) Eden: 280576K(280576K)->0K(271360K) From: 454K(512K)->454K(1024K)
[39.225s][info ][gc,heap        ] GC(1469) ParOldGen: 4218K(349696K)->4218K(349696K)
[39.225s][info ][gc,metaspace   ] GC(1469) Metaspace: 9583K(9856K)->9583K(9856K) NonClass: 8514K(8640K)->8514K(8640K) Class: 1069K(1216K)->1069K(1216K)
[39.225s][info ][gc             ] GC(1469) Pause Young (Allocation Failure) 278M->4M(607M) 0.221ms
[39.225s][info ][gc,cpu         ] GC(1469) User=0.00s Sys=0.00s Real=0.01s
[39.245s][info ][gc,start       ] GC(1470) Pause Young (Allocation Failure)
[39.245s][debug][gc,age         ] GC(1470) Desired survivor size 1048576 bytes, new threshold 1 (max threshold 15)
[39.245s][info ][gc,heap        ] GC(1470) PSYoungGen: 271584K(272384K)->486K(263168K) Eden: 271130K(271360K)->0K(262656K) From: 454K(1024K)->486K(512K)
[39.245s][info ][gc,heap        ] GC(1470) ParOldGen: 4218K(349696K)->4218K(349696K)
[39.245s][info ][gc,metaspace   ] GC(1470) Metaspace: 9583K(9856K)->9583K(9856K) NonClass: 8514K(8640K)->8514K(8640K) Class: 1069K(1216K)->1069K(1216K)
[39.245s][info ][gc             ] GC(1470) Pause Young (Allocation Failure) 269M->4M(598M) 0.239ms
[39.245s][info ][gc,cpu         ] GC(1470) User=0.00s Sys=0.00s Real=0.01s
[39.264s][info ][gc,start       ] GC(1471) Pause Young (Allocation Failure)
[39.264s][debug][gc,age         ] GC(1471) Desired survivor size 1048576 bytes, new threshold 1 (max threshold 15)
[39.264s][info ][gc,heap        ] GC(1471) PSYoungGen: 263142K(263168K)->454K(254976K) Eden: 262656K(262656K)->0K(253952K) From: 486K(512K)->454K(1024K)
[39.264s][info ][gc,heap        ] GC(1471) ParOldGen: 4218K(349696K)->4218K(349696K)
[39.264s][info ][gc,metaspace   ] GC(1471) Metaspace: 9583K(9856K)->9583K(9856K) NonClass: 8514K(8640K)->8514K(8640K) Class: 1069K(1216K)->1069K(1216K)
[39.264s][info ][gc             ] GC(1471) Pause Young (Allocation Failure) 261M->4M(590M) 0.246ms
[39.264s][info ][gc,cpu         ] GC(1471) User=0.00s Sys=0.00s Real=0.00s
[39.283s][info ][gc,start       ] GC(1472) Pause Young (Allocation Failure)
[39.283s][debug][gc,age         ] GC(1472) Desired survivor size 1048576 bytes, new threshold 1 (max threshold 15)
[39.284s][info ][gc,heap        ] GC(1472) PSYoungGen: 254257K(254976K)->454K(246272K) Eden: 253802K(253952K)->0K(245760K) From: 454K(1024K)->454K(512K)
[39.284s][info ][gc,heap        ] GC(1472) ParOldGen: 4218K(349696K)->4218K(349696K)
[39.284s][info ][gc,metaspace   ] GC(1472) Metaspace: 9583K(9856K)->9583K(9856K) NonClass: 8514K(8640K)->8514K(8640K) Class: 1069K(1216K)->1069K(1216K)
[39.284s][info ][gc             ] GC(1472) Pause Young (Allocation Failure) 252M->4M(582M) 0.568ms
[39.284s][info ][gc,cpu         ] GC(1472) User=0.00s Sys=0.00s Real=0.00s
[39.302s][info ][gc,start       ] GC(1473) Pause Young (Allocation Failure)
[39.302s][debug][gc,age         ] GC(1473) Desired survivor size 1048576 bytes, new threshold 1 (max threshold 15)
[39.302s][info ][gc,heap        ] GC(1473) PSYoungGen: 246157K(246272K)->96K(239104K) Eden: 245702K(245760K)->0K(238080K) From: 454K(512K)->96K(1024K)
[39.302s][info ][gc,heap        ] GC(1473) ParOldGen: 4218K(349696K)->4218K(349696K)
[39.302s][info ][gc,metaspace   ] GC(1473) Metaspace: 9583K(9856K)->9583K(9856K) NonClass: 8514K(8640K)->8514K(8640K) Class: 1069K(1216K)->1069K(1216K)
[39.302s][info ][gc             ] GC(1473) Pause Young (Allocation Failure) 244M->4M(575M) 0.261ms
[39.302s][info ][gc,cpu         ] GC(1473) User=0.00s Sys=0.00s Real=0.00s
[39.319s][info ][gc,start       ] GC(1474) Pause Young (Allocation Failure)
[39.320s][debug][gc,age         ] GC(1474) Desired survivor size 1048576 bytes, new threshold 1 (max threshold 15)
[39.320s][info ][gc,heap        ] GC(1474) PSYoungGen: 238176K(239104K)->96K(231424K) Eden: 238080K(238080K)->0K(230912K) From: 96K(1024K)->96K(512K)
[39.320s][info ][gc,heap        ] GC(1474) ParOldGen: 4218K(349696K)->4218K(349696K)
[39.320s][info ][gc,metaspace   ] GC(1474) Metaspace: 9583K(9856K)->9583K(9856K) NonClass: 8514K(8640K)->8514K(8640K) Class: 1069K(1216K)->1069K(1216K)
[39.320s][info ][gc             ] GC(1474) Pause Young (Allocation Failure) 236M->4M(567M) 0.235ms
[39.320s][info ][gc,cpu         ] GC(1474) User=0.00s Sys=0.00s Real=0.00s
[39.336s][info ][gc,start       ] GC(1475) Pause Young (Allocation Failure)
[39.337s][debug][gc,age         ] GC(1475) Desired survivor size 1048576 bytes, new threshold 1 (max threshold 15)
[39.337s][info ][gc,heap        ] GC(1475) PSYoungGen: 230762K(231424K)->454K(224768K) Eden: 230666K(230912K)->0K(223744K) From: 96K(512K)->454K(1024K)
[39.337s][info ][gc,heap        ] GC(1475) ParOldGen: 4218K(349696K)->4218K(349696K)
[39.337s][info ][gc,metaspace   ] GC(1475) Metaspace: 9583K(9856K)->9583K(9856K) NonClass: 8514K(8640K)->8514K(8640K) Class: 1069K(1216K)->1069K(1216K)
[39.337s][info ][gc             ] GC(1475) Pause Young (Allocation Failure) 229M->4M(561M) 0.229ms
[39.337s][info ][gc,cpu         ] GC(1475) User=0.00s Sys=0.00s Real=0.00s
[39.353s][info ][gc,start       ] GC(1476) Pause Young (Allocation Failure)
[39.353s][debug][gc,age         ] GC(1476) Desired survivor size 1048576 bytes, new threshold 1 (max threshold 15)
[39.353s][info ][gc,heap        ] GC(1476) PSYoungGen: 223845K(224768K)->486K(269312K) Eden: 223390K(223744K)->0K(268800K) From: 454K(1024K)->486K(512K)
[39.353s][info ][gc,heap        ] GC(1476) ParOldGen: 4218K(349696K)->4218K(349696K)
[39.353s][info ][gc,metaspace   ] GC(1476) Metaspace: 9583K(9856K)->9583K(9856K) NonClass: 8514K(8640K)->8514K(8640K) Class: 1069K(1216K)->1069K(1216K)
[39.353s][info ][gc             ] GC(1476) Pause Young (Allocation Failure) 222M->4M(604M) 0.294ms
[39.353s][info ][gc,cpu         ] GC(1476) User=0.00s Sys=0.01s Real=0.00s
[39.373s][info ][gc,start       ] GC(1477) Pause Young (Allocation Failure)
[39.373s][debug][gc,age         ] GC(1477) Desired survivor size 1048576 bytes, new threshold 1 (max threshold 15)
[39.373s][info ][gc,heap        ] GC(1477) PSYoungGen: 269272K(269312K)->486K(320000K) Eden: 268786K(268800K)->0K(318976K) From: 486K(512K)->486K(1024K)
[39.373s][info ][gc,heap        ] GC(1477) ParOldGen: 4218K(349696K)->4218K(349696K)
[39.373s][info ][gc,metaspace   ] GC(1477) Metaspace: 9583K(9856K)->9583K(9856K) NonClass: 8514K(8640K)->8514K(8640K) Class: 1069K(1216K)->1069K(1216K)
[39.373s][info ][gc             ] GC(1477) Pause Young (Allocation Failure) 267M->4M(654M) 0.272ms
[39.373s][info ][gc,cpu         ] GC(1477) User=0.00s Sys=0.00s Real=0.00s
[39.396s][info ][gc,start       ] GC(1478) Pause Young (Allocation Failure)
[39.396s][debug][gc,age         ] GC(1478) Desired survivor size 1048576 bytes, new threshold 1 (max threshold 15)
[39.396s][info ][gc,heap        ] GC(1478) PSYoungGen: 319462K(320000K)->454K(323584K) Eden: 318976K(318976K)->0K(322560K) From: 486K(1024K)->454K(1024K)
[39.396s][info ][gc,heap        ] GC(1478) ParOldGen: 4218K(349696K)->4218K(349696K)
[39.396s][info ][gc,metaspace   ] GC(1478) Metaspace: 9583K(9856K)->9583K(9856K) NonClass: 8514K(8640K)->8514K(8640K) Class: 1069K(1216K)->1069K(1216K)
[39.396s][info ][gc             ] GC(1478) Pause Young (Allocation Failure) 316M->4M(657M) 0.306ms
[39.396s][info ][gc,cpu         ] GC(1478) User=0.00s Sys=0.00s Real=0.00s
[39.420s][info ][gc,start       ] GC(1479) Pause Young (Allocation Failure)
[39.420s][debug][gc,age         ] GC(1479) Desired survivor size 1048576 bytes, new threshold 1 (max threshold 15)
[39.420s][info ][gc,heap        ] GC(1479) PSYoungGen: 322775K(323584K)->454K(311808K) Eden: 322320K(322560K)->0K(311296K) From: 454K(1024K)->454K(512K)
[39.420s][info ][gc,heap        ] GC(1479) ParOldGen: 4218K(349696K)->4218K(349696K)
[39.420s][info ][gc,metaspace   ] GC(1479) Metaspace: 9583K(9856K)->9583K(9856K) NonClass: 8514K(8640K)->8514K(8640K) Class: 1069K(1216K)->1069K(1216K)
[39.420s][info ][gc             ] GC(1479) Pause Young (Allocation Failure) 319M->4M(646M) 0.288ms
[39.420s][info ][gc,cpu         ] GC(1479) User=0.00s Sys=0.00s Real=0.00s
[39.443s][info ][gc,start       ] GC(1480) Pause Young (Allocation Failure)
[39.443s][debug][gc,age         ] GC(1480) Desired survivor size 1048576 bytes, new threshold 1 (max threshold 15)
[39.443s][info ][gc,heap        ] GC(1480) PSYoungGen: 311557K(311808K)->486K(301056K) Eden: 311102K(311296K)->0K(300544K) From: 454K(512K)->486K(512K)
[39.444s][info ][gc,heap        ] GC(1480) ParOldGen: 4218K(349696K)->4218K(349696K)
[39.444s][info ][gc,metaspace   ] GC(1480) Metaspace: 9583K(9856K)->9583K(9856K) NonClass: 8514K(8640K)->8514K(8640K) Class: 1069K(1216K)->1069K(1216K)
[39.444s][info ][gc             ] GC(1480) Pause Young (Allocation Failure) 308M->4M(635M) 0.298ms
[39.444s][info ][gc,cpu         ] GC(1480) User=0.00s Sys=0.00s Real=0.00s
[39.465s][info ][gc,start       ] GC(1481) Pause Young (Allocation Failure)
[39.466s][debug][gc,age         ] GC(1481) Desired survivor size 1048576 bytes, new threshold 1 (max threshold 15)
[39.466s][info ][gc,heap        ] GC(1481) PSYoungGen: 300877K(301056K)->96K(291328K) Eden: 300390K(300544K)->0K(290304K) From: 486K(512K)->96K(1024K)
[39.466s][info ][gc,heap        ] GC(1481) ParOldGen: 4218K(349696K)->4218K(349696K)
[39.466s][info ][gc,metaspace   ] GC(1481) Metaspace: 9583K(9856K)->9583K(9856K) NonClass: 8514K(8640K)->8514K(8640K) Class: 1069K(1216K)->1069K(1216K)
[39.466s][info ][gc             ] GC(1481) Pause Young (Allocation Failure) 297M->4M(626M) 0.263ms
[39.466s][info ][gc,cpu         ] GC(1481) User=0.00s Sys=0.00s Real=0.00s
[39.487s][info ][gc,start       ] GC(1482) Pause Young (Allocation Failure)
[39.487s][debug][gc,age         ] GC(1482) Desired survivor size 1048576 bytes, new threshold 1 (max threshold 15)
[39.487s][info ][gc,heap        ] GC(1482) PSYoungGen: 290075K(291328K)->96K(281088K) Eden: 289979K(290304K)->0K(280576K) From: 96K(1024K)->96K(512K)
[39.487s][info ][gc,heap        ] GC(1482) ParOldGen: 4218K(349696K)->4218K(349696K)
[39.487s][info ][gc,metaspace   ] GC(1482) Metaspace: 9583K(9856K)->9583K(9856K) NonClass: 8514K(8640K)->8514K(8640K) Class: 1069K(1216K)->1069K(1216K)
[39.487s][info ][gc             ] GC(1482) Pause Young (Allocation Failure) 287M->4M(616M) 0.277ms
[39.487s][info ][gc,cpu         ] GC(1482) User=0.00s Sys=0.00s Real=0.00s
[39.508s][info ][gc,start       ] GC(1483) Pause Young (Allocation Failure)
[39.508s][debug][gc,age         ] GC(1483) Desired survivor size 1048576 bytes, new threshold 1 (max threshold 15)
[39.508s][info ][gc,heap        ] GC(1483) PSYoungGen: 280574K(281088K)->96K(272384K) Eden: 280478K(280576K)->0K(271360K) From: 96K(512K)->96K(1024K)
[39.508s][info ][gc,heap        ] GC(1483) ParOldGen: 4218K(349696K)->4218K(349696K)
[39.508s][info ][gc,metaspace   ] GC(1483) Metaspace: 9583K(9856K)->9583K(9856K) NonClass: 8514K(8640K)->8514K(8640K) Class: 1069K(1216K)->1069K(1216K)
[39.508s][info ][gc             ] GC(1483) Pause Young (Allocation Failure) 278M->4M(607M) 0.273ms
[39.508s][info ][gc,cpu         ] GC(1483) User=0.00s Sys=0.00s Real=0.00s
[39.528s][info ][gc,start       ] GC(1484) Pause Young (Allocation Failure)
[39.528s][debug][gc,age         ] GC(1484) Desired survivor size 1048576 bytes, new threshold 1 (max threshold 15)
[39.528s][info ][gc,heap        ] GC(1484) PSYoungGen: 271070K(272384K)->96K(263168K) Eden: 270974K(271360K)->0K(262656K) From: 96K(1024K)->96K(512K)
[39.528s][info ][gc,heap        ] GC(1484) ParOldGen: 4218K(349696K)->4218K(349696K)
[39.528s][info ][gc,metaspace   ] GC(1484) Metaspace: 9583K(9856K)->9583K(9856K) NonClass: 8514K(8640K)->8514K(8640K) Class: 1069K(1216K)->1069K(1216K)
[39.528s][info ][gc             ] GC(1484) Pause Young (Allocation Failure) 268M->4M(598M) 0.253ms
[39.528s][info ][gc,cpu         ] GC(1484) User=0.00s Sys=0.00s Real=0.00s
[39.547s][info ][gc,start       ] GC(1485) Pause Young (Allocation Failure)
[39.548s][debug][gc,age         ] GC(1485) Desired survivor size 1048576 bytes, new threshold 1 (max threshold 15)
[39.548s][info ][gc,heap        ] GC(1485) PSYoungGen: 262752K(263168K)->96K(254976K) Eden: 262656K(262656K)->0K(253952K) From: 96K(512K)->96K(1024K)
[39.548s][info ][gc,heap        ] GC(1485) ParOldGen: 4218K(349696K)->4218K(349696K)
[39.548s][info ][gc,metaspace   ] GC(1485) Metaspace: 9583K(9856K)->9583K(9856K) NonClass: 8514K(8640K)->8514K(8640K) Class: 1069K(1216K)->1069K(1216K)
[39.548s][info ][gc             ] GC(1485) Pause Young (Allocation Failure) 260M->4M(590M) 0.252ms
[39.548s][info ][gc,cpu         ] GC(1485) User=0.00s Sys=0.00s Real=0.00s
[39.566s][info ][gc,start       ] GC(1486) Pause Young (Allocation Failure)
[39.566s][debug][gc,age         ] GC(1486) Desired survivor size 1048576 bytes, new threshold 1 (max threshold 15)
[39.566s][info ][gc,heap        ] GC(1486) PSYoungGen: 253993K(254976K)->96K(305664K) Eden: 253897K(253952K)->0K(305152K) From: 96K(1024K)->96K(512K)
[39.566s][info ][gc,heap        ] GC(1486) ParOldGen: 4218K(349696K)->4218K(349696K)
[39.566s][info ][gc,metaspace   ] GC(1486) Metaspace: 9583K(9856K)->9583K(9856K) NonClass: 8514K(8640K)->8514K(8640K) Class: 1069K(1216K)->1069K(1216K)
[39.566s][info ][gc             ] GC(1486) Pause Young (Allocation Failure) 252M->4M(640M) 0.302ms
[39.566s][info ][gc,cpu         ] GC(1486) User=0.00s Sys=0.00s Real=0.00s
[39.589s][info ][gc,start       ] GC(1487) Pause Young (Allocation Failure)
[39.589s][debug][gc,age         ] GC(1487) Desired survivor size 1048576 bytes, new threshold 1 (max threshold 15)
[39.589s][info ][gc,heap        ] GC(1487) PSYoungGen: 305043K(305664K)->96K(295936K) Eden: 304947K(305152K)->0K(294912K) From: 96K(512K)->96K(1024K)
[39.589s][info ][gc,heap        ] GC(1487) ParOldGen: 4218K(349696K)->4218K(349696K)
[39.589s][info ][gc,metaspace   ] GC(1487) Metaspace: 9583K(9856K)->9583K(9856K) NonClass: 8514K(8640K)->8514K(8640K) Class: 1069K(1216K)->1069K(1216K)
[39.589s][info ][gc             ] GC(1487) Pause Young (Allocation Failure) 302M->4M(630M) 0.276ms
[39.589s][info ][gc,cpu         ] GC(1487) User=0.00s Sys=0.00s Real=0.00s
[39.611s][info ][gc,start       ] GC(1488) Pause Young (Allocation Failure)
[39.611s][debug][gc,age         ] GC(1488) Desired survivor size 1048576 bytes, new threshold 1 (max threshold 15)
[39.611s][info ][gc,heap        ] GC(1488) PSYoungGen: 294643K(295936K)->96K(285696K) Eden: 294547K(294912K)->0K(285184K) From: 96K(1024K)->96K(512K)
[39.611s][info ][gc,heap        ] GC(1488) ParOldGen: 4218K(349696K)->4218K(349696K)
[39.611s][info ][gc,metaspace   ] GC(1488) Metaspace: 9583K(9856K)->9583K(9856K) NonClass: 8514K(8640K)->8514K(8640K) Class: 1069K(1216K)->1069K(1216K)
[39.611s][info ][gc             ] GC(1488) Pause Young (Allocation Failure) 291M->4M(620M) 0.278ms
[39.611s][info ][gc,cpu         ] GC(1488) User=0.00s Sys=0.00s Real=0.00s
[39.632s][info ][gc,start       ] GC(1489) Pause Young (Allocation Failure)
[39.632s][debug][gc,age         ] GC(1489) Desired survivor size 1048576 bytes, new threshold 1 (max threshold 15)
[39.632s][info ][gc,heap        ] GC(1489) PSYoungGen: 284937K(285696K)->454K(276480K) Eden: 284841K(285184K)->0K(275456K) From: 96K(512K)->454K(1024K)
[39.632s][info ][gc,heap        ] GC(1489) ParOldGen: 4218K(349696K)->4218K(349696K)
[39.632s][info ][gc,metaspace   ] GC(1489) Metaspace: 9583K(9856K)->9583K(9856K) NonClass: 8514K(8640K)->8514K(8640K) Class: 1069K(1216K)->1069K(1216K)
[39.632s][info ][gc             ] GC(1489) Pause Young (Allocation Failure) 282M->4M(611M) 0.226ms
[39.632s][info ][gc,cpu         ] GC(1489) User=0.00s Sys=0.00s Real=0.00s
[39.652s][info ][gc,start       ] GC(1490) Pause Young (Allocation Failure)
[39.652s][debug][gc,age         ] GC(1490) Desired survivor size 1048576 bytes, new threshold 1 (max threshold 15)
[39.652s][info ][gc,heap        ] GC(1490) PSYoungGen: 275910K(276480K)->486K(266752K) Eden: 275456K(275456K)->0K(266240K) From: 454K(1024K)->486K(512K)
[39.652s][info ][gc,heap        ] GC(1490) ParOldGen: 4218K(349696K)->4218K(349696K)
[39.652s][info ][gc,metaspace   ] GC(1490) Metaspace: 9583K(9856K)->9583K(9856K) NonClass: 8514K(8640K)->8514K(8640K) Class: 1069K(1216K)->1069K(1216K)
[39.652s][info ][gc             ] GC(1490) Pause Young (Allocation Failure) 273M->4M(602M) 0.343ms
[39.652s][info ][gc,cpu         ] GC(1490) User=0.00s Sys=0.01s Real=0.00s
[39.672s][info ][gc,start       ] GC(1491) Pause Young (Allocation Failure)
[39.672s][debug][gc,age         ] GC(1491) Desired survivor size 1048576 bytes, new threshold 1 (max threshold 15)
[39.672s][info ][gc,heap        ] GC(1491) PSYoungGen: 266437K(266752K)->64K(258560K) Eden: 265950K(266240K)->0K(257536K) From: 486K(512K)->64K(1024K)
[39.672s][info ][gc,heap        ] GC(1491) ParOldGen: 4218K(349696K)->4218K(349696K)
[39.672s][info ][gc,metaspace   ] GC(1491) Metaspace: 9583K(9856K)->9583K(9856K) NonClass: 8514K(8640K)->8514K(8640K) Class: 1069K(1216K)->1069K(1216K)
[39.672s][info ][gc             ] GC(1491) Pause Young (Allocation Failure) 264M->4M(594M) 0.240ms
[39.672s][info ][gc,cpu         ] GC(1491) User=0.00s Sys=0.00s Real=0.00s
[39.691s][info ][gc,start       ] GC(1492) Pause Young (Allocation Failure)
[39.691s][debug][gc,age         ] GC(1492) Desired survivor size 1048576 bytes, new threshold 1 (max threshold 15)
[39.691s][info ][gc,heap        ] GC(1492) PSYoungGen: 257600K(258560K)->96K(249856K) Eden: 257536K(257536K)->0K(249344K) From: 64K(1024K)->96K(512K)
[39.691s][info ][gc,heap        ] GC(1492) ParOldGen: 4218K(349696K)->4218K(349696K)
[39.691s][info ][gc,metaspace   ] GC(1492) Metaspace: 9583K(9856K)->9583K(9856K) NonClass: 8514K(8640K)->8514K(8640K) Class: 1069K(1216K)->1069K(1216K)
[39.691s][info ][gc             ] GC(1492) Pause Young (Allocation Failure) 255M->4M(585M) 0.252ms
[39.691s][info ][gc,cpu         ] GC(1492) User=0.00s Sys=0.00s Real=0.00s
[39.709s][info ][gc,start       ] GC(1493) Pause Young (Allocation Failure)
[39.709s][debug][gc,age         ] GC(1493) Desired survivor size 1048576 bytes, new threshold 1 (max threshold 15)
[39.709s][info ][gc,heap        ] GC(1493) PSYoungGen: 249120K(249856K)->96K(242688K) Eden: 249024K(249344K)->0K(241664K) From: 96K(512K)->96K(1024K)
[39.709s][info ][gc,heap        ] GC(1493) ParOldGen: 4218K(349696K)->4218K(349696K)
[39.709s][info ][gc,metaspace   ] GC(1493) Metaspace: 9583K(9856K)->9583K(9856K) NonClass: 8514K(8640K)->8514K(8640K) Class: 1069K(1216K)->1069K(1216K)
[39.710s][info ][gc             ] GC(1493) Pause Young (Allocation Failure) 247M->4M(578M) 0.251ms
[39.710s][info ][gc,cpu         ] GC(1493) User=0.00s Sys=0.00s Real=0.00s
[39.727s][info ][gc,start       ] GC(1494) Pause Young (Allocation Failure)
[39.727s][debug][gc,age         ] GC(1494) Desired survivor size 1048576 bytes, new threshold 1 (max threshold 15)
[39.727s][info ][gc,heap        ] GC(1494) PSYoungGen: 241718K(242688K)->96K(234496K) Eden: 241622K(241664K)->0K(233984K) From: 96K(1024K)->96K(512K)
[39.727s][info ][gc,heap        ] GC(1494) ParOldGen: 4218K(349696K)->4218K(349696K)
[39.727s][info ][gc,metaspace   ] GC(1494) Metaspace: 9583K(9856K)->9583K(9856K) NonClass: 8514K(8640K)->8514K(8640K) Class: 1069K(1216K)->1069K(1216K)
[39.727s][info ][gc             ] GC(1494) Pause Young (Allocation Failure) 240M->4M(570M) 0.253ms
[39.727s][info ][gc,cpu         ] GC(1494) User=0.00s Sys=0.00s Real=0.00s
[39.745s][info ][gc,start       ] GC(1495) Pause Young (Allocation Failure)
[39.745s][debug][gc,age         ] GC(1495) Desired survivor size 1048576 bytes, new threshold 1 (max threshold 15)
[39.745s][info ][gc,heap        ] GC(1495) PSYoungGen: 234037K(234496K)->454K(227840K) Eden: 233941K(233984K)->0K(226816K) From: 96K(512K)->454K(1024K)
[39.745s][info ][gc,heap        ] GC(1495) ParOldGen: 4218K(349696K)->4218K(349696K)
[39.745s][info ][gc,metaspace   ] GC(1495) Metaspace: 9583K(9856K)->9583K(9856K) NonClass: 8514K(8640K)->8514K(8640K) Class: 1069K(1216K)->1069K(1216K)
[39.745s][info ][gc             ] GC(1495) Pause Young (Allocation Failure) 232M->4M(564M) 0.232ms
[39.745s][info ][gc,cpu         ] GC(1495) User=0.00s Sys=0.00s Real=0.00s
[39.762s][info ][gc,start       ] GC(1496) Pause Young (Allocation Failure)
[39.762s][debug][gc,age         ] GC(1496) Desired survivor size 1048576 bytes, new threshold 1 (max threshold 15)
[39.762s][info ][gc,heap        ] GC(1496) PSYoungGen: 226927K(227840K)->486K(272896K) Eden: 226472K(226816K)->0K(272384K) From: 454K(1024K)->486K(512K)
[39.762s][info ][gc,heap        ] GC(1496) ParOldGen: 4218K(349696K)->4218K(349696K)
[39.762s][info ][gc,metaspace   ] GC(1496) Metaspace: 9583K(9856K)->9583K(9856K) NonClass: 8514K(8640K)->8514K(8640K) Class: 1069K(1216K)->1069K(1216K)
[39.762s][info ][gc             ] GC(1496) Pause Young (Allocation Failure) 225M->4M(608M) 0.318ms
[39.762s][info ][gc,cpu         ] GC(1496) User=0.00s Sys=0.00s Real=0.00s
[39.782s][info ][gc,start       ] GC(1497) Pause Young (Allocation Failure)
[39.782s][debug][gc,age         ] GC(1497) Desired survivor size 1048576 bytes, new threshold 1 (max threshold 15)
[39.782s][info ][gc,heap        ] GC(1497) PSYoungGen: 272695K(272896K)->64K(318464K) Eden: 272208K(272384K)->0K(317440K) From: 486K(512K)->64K(1024K)
[39.782s][info ][gc,heap        ] GC(1497) ParOldGen: 4218K(349696K)->4218K(349696K)
[39.782s][info ][gc,metaspace   ] GC(1497) Metaspace: 9583K(9856K)->9583K(9856K) NonClass: 8514K(8640K)->8514K(8640K) Class: 1069K(1216K)->1069K(1216K)
[39.782s][info ][gc             ] GC(1497) Pause Young (Allocation Failure) 270M->4M(652M) 0.250ms
[39.782s][info ][gc,cpu         ] GC(1497) User=0.00s Sys=0.00s Real=0.00s
[39.805s][info ][gc,start       ] GC(1498) Pause Young (Allocation Failure)
[39.805s][debug][gc,age         ] GC(1498) Desired survivor size 1048576 bytes, new threshold 1 (max threshold 15)
[39.805s][info ][gc,heap        ] GC(1498) PSYoungGen: 317504K(318464K)->96K(307200K) Eden: 317440K(317440K)->0K(306688K) From: 64K(1024K)->96K(512K)
[39.805s][info ][gc,heap        ] GC(1498) ParOldGen: 4218K(349696K)->4218K(349696K)
[39.805s][info ][gc,metaspace   ] GC(1498) Metaspace: 9583K(9856K)->9583K(9856K) NonClass: 8514K(8640K)->8514K(8640K) Class: 1069K(1216K)->1069K(1216K)
[39.805s][info ][gc             ] GC(1498) Pause Young (Allocation Failure) 314M->4M(641M) 0.259ms
[39.805s][info ][gc,cpu         ] GC(1498) User=0.00s Sys=0.00s Real=0.00s
[39.827s][info ][gc,start       ] GC(1499) Pause Young (Allocation Failure)
[39.828s][debug][gc,age         ] GC(1499) Desired survivor size 1048576 bytes, new threshold 1 (max threshold 15)
[39.828s][info ][gc,heap        ] GC(1499) PSYoungGen: 306464K(307200K)->96K(297472K) Eden: 306368K(306688K)->0K(296448K) From: 96K(512K)->96K(1024K)
[39.828s][info ][gc,heap        ] GC(1499) ParOldGen: 4218K(349696K)->4218K(349696K)
[39.828s][info ][gc,metaspace   ] GC(1499) Metaspace: 9583K(9856K)->9583K(9856K) NonClass: 8514K(8640K)->8514K(8640K) Class: 1069K(1216K)->1069K(1216K)
[39.828s][info ][gc             ] GC(1499) Pause Young (Allocation Failure) 303M->4M(632M) 0.266ms
[39.828s][info ][gc,cpu         ] GC(1499) User=0.00s Sys=0.00s Real=0.00s
[39.849s][info ][gc,start       ] GC(1500) Pause Young (Allocation Failure)
[39.850s][debug][gc,age         ] GC(1500) Desired survivor size 1048576 bytes, new threshold 1 (max threshold 15)
[39.850s][info ][gc,heap        ] GC(1500) PSYoungGen: 296450K(297472K)->486K(286720K) Eden: 296354K(296448K)->0K(286208K) From: 96K(1024K)->486K(512K)
[39.850s][info ][gc,heap        ] GC(1500) ParOldGen: 4218K(349696K)->4218K(349696K)
[39.850s][info ][gc,metaspace   ] GC(1500) Metaspace: 9583K(9856K)->9583K(9856K) NonClass: 8514K(8640K)->8514K(8640K) Class: 1069K(1216K)->1069K(1216K)
[39.850s][info ][gc             ] GC(1500) Pause Young (Allocation Failure) 293M->4M(621M) 0.302ms
[39.850s][info ][gc,cpu         ] GC(1500) User=0.00s Sys=0.00s Real=0.00s
[39.871s][info ][gc,start       ] GC(1501) Pause Young (Allocation Failure)
[39.871s][debug][gc,age         ] GC(1501) Desired survivor size 1048576 bytes, new threshold 1 (max threshold 15)
[39.871s][info ][gc,heap        ] GC(1501) PSYoungGen: 286344K(286720K)->486K(277504K) Eden: 285857K(286208K)->0K(276480K) From: 486K(512K)->486K(1024K)
[39.871s][info ][gc,heap        ] GC(1501) ParOldGen: 4218K(349696K)->4218K(349696K)
[39.871s][info ][gc,metaspace   ] GC(1501) Metaspace: 9583K(9856K)->9583K(9856K) NonClass: 8514K(8640K)->8514K(8640K) Class: 1069K(1216K)->1069K(1216K)
[39.871s][info ][gc             ] GC(1501) Pause Young (Allocation Failure) 283M->4M(612M) 0.251ms
[39.871s][info ][gc,cpu         ] GC(1501) User=0.00s Sys=0.00s Real=0.00s
[39.891s][info ][gc,start       ] GC(1502) Pause Young (Allocation Failure)
[39.891s][debug][gc,age         ] GC(1502) Desired survivor size 1048576 bytes, new threshold 1 (max threshold 15)
[39.891s][info ][gc,heap        ] GC(1502) PSYoungGen: 276700K(277504K)->486K(267776K) Eden: 276213K(276480K)->0K(267264K) From: 486K(1024K)->486K(512K)
[39.891s][info ][gc,heap        ] GC(1502) ParOldGen: 4218K(349696K)->4218K(349696K)
[39.891s][info ][gc,metaspace   ] GC(1502) Metaspace: 9583K(9856K)->9583K(9856K) NonClass: 8514K(8640K)->8514K(8640K) Class: 1069K(1216K)->1069K(1216K)
[39.891s][info ][gc             ] GC(1502) Pause Young (Allocation Failure) 274M->4M(603M) 0.278ms
[39.891s][info ][gc,cpu         ] GC(1502) User=0.00s Sys=0.00s Real=0.00s
[39.911s][info ][gc,start       ] GC(1503) Pause Young (Allocation Failure)
[39.911s][debug][gc,age         ] GC(1503) Desired survivor size 1048576 bytes, new threshold 1 (max threshold 15)
[39.911s][info ][gc,heap        ] GC(1503) PSYoungGen: 267625K(267776K)->486K(259584K) Eden: 267138K(267264K)->0K(258560K) From: 486K(512K)->486K(1024K)
[39.911s][info ][gc,heap        ] GC(1503) ParOldGen: 4218K(349696K)->4218K(349696K)
[39.911s][info ][gc,metaspace   ] GC(1503) Metaspace: 9583K(9856K)->9583K(9856K) NonClass: 8514K(8640K)->8514K(8640K) Class: 1069K(1216K)->1069K(1216K)
[39.911s][info ][gc             ] GC(1503) Pause Young (Allocation Failure) 265M->4M(595M) 0.295ms
[39.911s][info ][gc,cpu         ] GC(1503) User=0.00s Sys=0.00s Real=0.00s
[39.930s][info ][gc,start       ] GC(1504) Pause Young (Allocation Failure)
[39.930s][debug][gc,age         ] GC(1504) Desired survivor size 1048576 bytes, new threshold 1 (max threshold 15)
[39.930s][info ][gc,heap        ] GC(1504) PSYoungGen: 258923K(259584K)->454K(250880K) Eden: 258436K(258560K)->0K(250368K) From: 486K(1024K)->454K(512K)
[39.930s][info ][gc,heap        ] GC(1504) ParOldGen: 4218K(349696K)->4218K(349696K)
[39.930s][info ][gc,metaspace   ] GC(1504) Metaspace: 9583K(9856K)->9583K(9856K) NonClass: 8514K(8640K)->8514K(8640K) Class: 1069K(1216K)->1069K(1216K)
[39.930s][info ][gc             ] GC(1504) Pause Young (Allocation Failure) 256M->4M(586M) 0.263ms
[39.930s][info ][gc,cpu         ] GC(1504) User=0.00s Sys=0.00s Real=0.00s
[39.948s][info ][gc,start       ] GC(1505) Pause Young (Allocation Failure)
[39.949s][debug][gc,age         ] GC(1505) Desired survivor size 1048576 bytes, new threshold 1 (max threshold 15)
[39.949s][info ][gc,heap        ] GC(1505) PSYoungGen: 250822K(250880K)->96K(243200K) Eden: 250368K(250368K)->0K(242176K) From: 454K(512K)->96K(1024K)
[39.949s][info ][gc,heap        ] GC(1505) ParOldGen: 4218K(349696K)->4218K(349696K)
[39.949s][info ][gc,metaspace   ] GC(1505) Metaspace: 9583K(9856K)->9583K(9856K) NonClass: 8514K(8640K)->8514K(8640K) Class: 1069K(1216K)->1069K(1216K)
[39.949s][info ][gc             ] GC(1505) Pause Young (Allocation Failure) 249M->4M(579M) 0.236ms
[39.949s][info ][gc,cpu         ] GC(1505) User=0.00s Sys=0.00s Real=0.00s
[39.966s][info ][gc,start       ] GC(1506) Pause Young (Allocation Failure)
[39.967s][debug][gc,age         ] GC(1506) Desired survivor size 1048576 bytes, new threshold 1 (max threshold 15)
[39.967s][info ][gc,heap        ] GC(1506) PSYoungGen: 242124K(243200K)->486K(291328K) Eden: 242028K(242176K)->0K(290816K) From: 96K(1024K)->486K(512K)
[39.967s][info ][gc,heap        ] GC(1506) ParOldGen: 4218K(349696K)->4218K(349696K)
[39.967s][info ][gc,metaspace   ] GC(1506) Metaspace: 9583K(9856K)->9583K(9856K) NonClass: 8514K(8640K)->8514K(8640K) Class: 1069K(1216K)->1069K(1216K)
[39.967s][info ][gc             ] GC(1506) Pause Young (Allocation Failure) 240M->4M(626M) 0.286ms
[39.967s][info ][gc,cpu         ] GC(1506) User=0.00s Sys=0.00s Real=0.00s
[39.988s][info ][gc,start       ] GC(1507) Pause Young (Allocation Failure)
[39.988s][debug][gc,age         ] GC(1507) Desired survivor size 1048576 bytes, new threshold 1 (max threshold 15)
[39.988s][info ][gc,heap        ] GC(1507) PSYoungGen: 291118K(291328K)->486K(325632K) Eden: 290631K(290816K)->0K(324608K) From: 486K(512K)->486K(1024K)
[39.988s][info ][gc,heap        ] GC(1507) ParOldGen: 4218K(349696K)->4218K(349696K)
[39.988s][info ][gc,metaspace   ] GC(1507) Metaspace: 9583K(9856K)->9583K(9856K) NonClass: 8514K(8640K)->8514K(8640K) Class: 1069K(1216K)->1069K(1216K)
[39.988s][info ][gc             ] GC(1507) Pause Young (Allocation Failure) 288M->4M(659M) 0.358ms
[39.988s][info ][gc,cpu         ] GC(1507) User=0.00s Sys=0.00s Real=0.00s
[40.012s][info ][gc,start       ] GC(1508) Pause Young (Allocation Failure)
[40.013s][debug][gc,age         ] GC(1508) Desired survivor size 1048576 bytes, new threshold 1 (max threshold 15)
[40.013s][info ][gc,heap        ] GC(1508) PSYoungGen: 325064K(325632K)->96K(313856K) Eden: 324578K(324608K)->0K(313344K) From: 486K(1024K)->96K(512K)
[40.013s][info ][gc,heap        ] GC(1508) ParOldGen: 4218K(349696K)->4218K(349696K)
[40.013s][info ][gc,metaspace   ] GC(1508) Metaspace: 9583K(9856K)->9583K(9856K) NonClass: 8514K(8640K)->8514K(8640K) Class: 1069K(1216K)->1069K(1216K)
[40.013s][info ][gc             ] GC(1508) Pause Young (Allocation Failure) 321M->4M(648M) 0.255ms
[40.013s][info ][gc,cpu         ] GC(1508) User=0.00s Sys=0.00s Real=0.00s
[40.036s][info ][gc,start       ] GC(1509) Pause Young (Allocation Failure)
[40.036s][debug][gc,age         ] GC(1509) Desired survivor size 1048576 bytes, new threshold 1 (max threshold 15)
[40.036s][info ][gc,heap        ] GC(1509) PSYoungGen: 313154K(313856K)->486K(303616K) Eden: 313058K(313344K)->0K(302592K) From: 96K(512K)->486K(1024K)
[40.036s][info ][gc,heap        ] GC(1509) ParOldGen: 4218K(349696K)->4218K(349696K)
[40.036s][info ][gc,metaspace   ] GC(1509) Metaspace: 9583K(9856K)->9583K(9856K) NonClass: 8514K(8640K)->8514K(8640K) Class: 1069K(1216K)->1069K(1216K)
[40.036s][info ][gc             ] GC(1509) Pause Young (Allocation Failure) 309M->4M(638M) 0.262ms
[40.036s][info ][gc,cpu         ] GC(1509) User=0.00s Sys=0.00s Real=0.00s
[40.058s][info ][gc,start       ] GC(1510) Pause Young (Allocation Failure)
[40.058s][debug][gc,age         ] GC(1510) Desired survivor size 1048576 bytes, new threshold 1 (max threshold 15)
[40.058s][info ][gc,heap        ] GC(1510) PSYoungGen: 303078K(303616K)->486K(292864K) Eden: 302592K(302592K)->0K(292352K) From: 486K(1024K)->486K(512K)
[40.058s][info ][gc,heap        ] GC(1510) ParOldGen: 4218K(349696K)->4218K(349696K)
[40.058s][info ][gc,metaspace   ] GC(1510) Metaspace: 9583K(9856K)->9583K(9856K) NonClass: 8514K(8640K)->8514K(8640K) Class: 1069K(1216K)->1069K(1216K)
[40.058s][info ][gc             ] GC(1510) Pause Young (Allocation Failure) 300M->4M(627M) 0.312ms
[40.058s][info ][gc,cpu         ] GC(1510) User=0.00s Sys=0.00s Real=0.00s
[40.079s][info ][gc,start       ] GC(1511) Pause Young (Allocation Failure)
[40.080s][debug][gc,age         ] GC(1511) Desired survivor size 1048576 bytes, new threshold 1 (max threshold 15)
[40.080s][info ][gc,heap        ] GC(1511) PSYoungGen: 292785K(292864K)->486K(283648K) Eden: 292298K(292352K)->0K(282624K) From: 486K(512K)->486K(1024K)
[40.080s][info ][gc,heap        ] GC(1511) ParOldGen: 4218K(349696K)->4218K(349696K)
[40.080s][info ][gc,metaspace   ] GC(1511) Metaspace: 9583K(9856K)->9583K(9856K) NonClass: 8514K(8640K)->8514K(8640K) Class: 1069K(1216K)->1069K(1216K)
[40.080s][info ][gc             ] GC(1511) Pause Young (Allocation Failure) 290M->4M(618M) 0.254ms
[40.080s][info ][gc,cpu         ] GC(1511) User=0.00s Sys=0.00s Real=0.00s
[40.100s][info ][gc,start       ] GC(1512) Pause Young (Allocation Failure)
[40.101s][debug][gc,age         ] GC(1512) Desired survivor size 1048576 bytes, new threshold 1 (max threshold 15)
[40.101s][info ][gc,heap        ] GC(1512) PSYoungGen: 283031K(283648K)->64K(273920K) Eden: 282544K(282624K)->0K(273408K) From: 486K(1024K)->64K(512K)
[40.101s][info ][gc,heap        ] GC(1512) ParOldGen: 4218K(349696K)->4218K(349696K)
[40.101s][info ][gc,metaspace   ] GC(1512) Metaspace: 9583K(9856K)->9583K(9856K) NonClass: 8514K(8640K)->8514K(8640K) Class: 1069K(1216K)->1069K(1216K)
[40.101s][info ][gc             ] GC(1512) Pause Young (Allocation Failure) 280M->4M(609M) 0.280ms
[40.101s][info ][gc,cpu         ] GC(1512) User=0.00s Sys=0.00s Real=0.00s
[40.121s][info ][gc,start       ] GC(1513) Pause Young (Allocation Failure)
[40.121s][debug][gc,age         ] GC(1513) Desired survivor size 1048576 bytes, new threshold 1 (max threshold 15)
[40.121s][info ][gc,heap        ] GC(1513) PSYoungGen: 273411K(273920K)->64K(265216K) Eden: 273347K(273408K)->0K(264192K) From: 64K(512K)->64K(1024K)
[40.121s][info ][gc,heap        ] GC(1513) ParOldGen: 4218K(349696K)->4218K(349696K)
[40.121s][info ][gc,metaspace   ] GC(1513) Metaspace: 9583K(9856K)->9583K(9856K) NonClass: 8514K(8640K)->8514K(8640K) Class: 1069K(1216K)->1069K(1216K)
[40.121s][info ][gc             ] GC(1513) Pause Young (Allocation Failure) 271M->4M(600M) 0.282ms
[40.121s][info ][gc,cpu         ] GC(1513) User=0.00s Sys=0.00s Real=0.00s
[40.140s][info ][gc,start       ] GC(1514) Pause Young (Allocation Failure)
[40.141s][debug][gc,age         ] GC(1514) Desired survivor size 1048576 bytes, new threshold 1 (max threshold 15)
[40.141s][info ][gc,heap        ] GC(1514) PSYoungGen: 264227K(265216K)->96K(256000K) Eden: 264163K(264192K)->0K(255488K) From: 64K(1024K)->96K(512K)
[40.141s][info ][gc,heap        ] GC(1514) ParOldGen: 4218K(349696K)->4218K(349696K)
[40.141s][info ][gc,metaspace   ] GC(1514) Metaspace: 9583K(9856K)->9583K(9856K) NonClass: 8514K(8640K)->8514K(8640K) Class: 1069K(1216K)->1069K(1216K)
[40.141s][info ][gc             ] GC(1514) Pause Young (Allocation Failure) 262M->4M(591M) 0.230ms
[40.141s][info ][gc,cpu         ] GC(1514) User=0.00s Sys=0.00s Real=0.00s
[40.159s][info ][gc,start       ] GC(1515) Pause Young (Allocation Failure)
[40.160s][debug][gc,age         ] GC(1515) Desired survivor size 1048576 bytes, new threshold 1 (max threshold 15)
[40.160s][info ][gc,heap        ] GC(1515) PSYoungGen: 255584K(256000K)->64K(248320K) Eden: 255488K(255488K)->0K(247296K) From: 96K(512K)->64K(1024K)
[40.160s][info ][gc,heap        ] GC(1515) ParOldGen: 4218K(349696K)->4218K(349696K)
[40.160s][info ][gc,metaspace   ] GC(1515) Metaspace: 9583K(9856K)->9583K(9856K) NonClass: 8514K(8640K)->8514K(8640K) Class: 1069K(1216K)->1069K(1216K)
[40.160s][info ][gc             ] GC(1515) Pause Young (Allocation Failure) 253M->4M(584M) 0.266ms
[40.160s][info ][gc,cpu         ] GC(1515) User=0.00s Sys=0.00s Real=0.00s
[40.178s][info ][gc,start       ] GC(1516) Pause Young (Allocation Failure)
[40.178s][debug][gc,age         ] GC(1516) Desired survivor size 1048576 bytes, new threshold 1 (max threshold 15)
[40.178s][info ][gc,heap        ] GC(1516) PSYoungGen: 247289K(248320K)->454K(297472K) Eden: 247225K(247296K)->0K(296960K) From: 64K(1024K)->454K(512K)
[40.178s][info ][gc,heap        ] GC(1516) ParOldGen: 4218K(349696K)->4218K(349696K)
[40.178s][info ][gc,metaspace   ] GC(1516) Metaspace: 9583K(9856K)->9583K(9856K) NonClass: 8514K(8640K)->8514K(8640K) Class: 1069K(1216K)->1069K(1216K)
[40.178s][info ][gc             ] GC(1516) Pause Young (Allocation Failure) 245M->4M(632M) 0.312ms
[40.178s][info ][gc,cpu         ] GC(1516) User=0.00s Sys=0.00s Real=0.00s
[40.200s][info ][gc,start       ] GC(1517) Pause Young (Allocation Failure)
[40.200s][debug][gc,age         ] GC(1517) Desired survivor size 1048576 bytes, new threshold 1 (max threshold 15)
[40.200s][info ][gc,heap        ] GC(1517) PSYoungGen: 297414K(297472K)->486K(345600K) Eden: 296960K(296960K)->0K(344576K) From: 454K(512K)->486K(1024K)
[40.200s][info ][gc,heap        ] GC(1517) ParOldGen: 4218K(349696K)->4218K(349696K)
[40.200s][info ][gc,metaspace   ] GC(1517) Metaspace: 9583K(9856K)->9583K(9856K) NonClass: 8514K(8640K)->8514K(8640K) Class: 1069K(1216K)->1069K(1216K)
[40.200s][info ][gc             ] GC(1517) Pause Young (Allocation Failure) 294M->4M(679M) 0.340ms
[40.200s][info ][gc,cpu         ] GC(1517) User=0.00s Sys=0.00s Real=0.00s
[40.227s][info ][gc,start       ] GC(1518) Pause Young (Allocation Failure)
[40.227s][debug][gc,age         ] GC(1518) Desired survivor size 1048576 bytes, new threshold 1 (max threshold 15)
[40.227s][info ][gc,heap        ] GC(1518) PSYoungGen: 344994K(345600K)->96K(332800K) Eden: 344507K(344576K)->0K(332288K) From: 486K(1024K)->96K(512K)
[40.227s][info ][gc,heap        ] GC(1518) ParOldGen: 4218K(349696K)->4218K(349696K)
[40.227s][info ][gc,metaspace   ] GC(1518) Metaspace: 9583K(9856K)->9583K(9856K) NonClass: 8514K(8640K)->8514K(8640K) Class: 1069K(1216K)->1069K(1216K)
[40.227s][info ][gc             ] GC(1518) Pause Young (Allocation Failure) 341M->4M(666M) 0.276ms
[40.227s][info ][gc,cpu         ] GC(1518) User=0.00s Sys=0.00s Real=0.00s
[40.251s][info ][gc,start       ] GC(1519) Pause Young (Allocation Failure)
[40.251s][debug][gc,age         ] GC(1519) Desired survivor size 1048576 bytes, new threshold 1 (max threshold 15)
[40.251s][info ][gc,heap        ] GC(1519) PSYoungGen: 332358K(332800K)->96K(321536K) Eden: 332262K(332288K)->0K(320512K) From: 96K(512K)->96K(1024K)
[40.251s][info ][gc,heap        ] GC(1519) ParOldGen: 4218K(349696K)->4218K(349696K)
[40.251s][info ][gc,metaspace   ] GC(1519) Metaspace: 9583K(9856K)->9583K(9856K) NonClass: 8514K(8640K)->8514K(8640K) Class: 1069K(1216K)->1069K(1216K)
[40.251s][info ][gc             ] GC(1519) Pause Young (Allocation Failure) 328M->4M(655M) 0.263ms
[40.251s][info ][gc,cpu         ] GC(1519) User=0.00s Sys=0.00s Real=0.00s
[40.275s][info ][gc,start       ] GC(1520) Pause Young (Allocation Failure)
[40.275s][debug][gc,age         ] GC(1520) Desired survivor size 1048576 bytes, new threshold 1 (max threshold 15)
[40.275s][info ][gc,heap        ] GC(1520) PSYoungGen: 320460K(321536K)->486K(309760K) Eden: 320364K(320512K)->0K(309248K) From: 96K(1024K)->486K(512K)
[40.275s][info ][gc,heap        ] GC(1520) ParOldGen: 4218K(349696K)->4218K(349696K)
[40.275s][info ][gc,metaspace   ] GC(1520) Metaspace: 9583K(9856K)->9583K(9856K) NonClass: 8514K(8640K)->8514K(8640K) Class: 1069K(1216K)->1069K(1216K)
[40.275s][info ][gc             ] GC(1520) Pause Young (Allocation Failure) 317M->4M(644M) 0.311ms
[40.275s][info ][gc,cpu         ] GC(1520) User=0.00s Sys=0.00s Real=0.00s
[40.297s][info ][gc,start       ] GC(1521) Pause Young (Allocation Failure)
[40.298s][debug][gc,age         ] GC(1521) Desired survivor size 1048576 bytes, new threshold 1 (max threshold 15)
[40.298s][info ][gc,heap        ] GC(1521) PSYoungGen: 309554K(309760K)->96K(299520K) Eden: 309068K(309248K)->0K(298496K) From: 486K(512K)->96K(1024K)
[40.298s][info ][gc,heap        ] GC(1521) ParOldGen: 4218K(349696K)->4218K(349696K)
[40.298s][info ][gc,metaspace   ] GC(1521) Metaspace: 9583K(9856K)->9583K(9856K) NonClass: 8514K(8640K)->8514K(8640K) Class: 1069K(1216K)->1069K(1216K)
[40.298s][info ][gc             ] GC(1521) Pause Young (Allocation Failure) 306M->4M(634M) 0.214ms
[40.298s][info ][gc,cpu         ] GC(1521) User=0.00s Sys=0.00s Real=0.00s
[40.319s][info ][gc,start       ] GC(1522) Pause Young (Allocation Failure)
[40.320s][debug][gc,age         ] GC(1522) Desired survivor size 1048576 bytes, new threshold 1 (max threshold 15)
[40.320s][info ][gc,heap        ] GC(1522) PSYoungGen: 298238K(299520K)->96K(288768K) Eden: 298142K(298496K)->0K(288256K) From: 96K(1024K)->96K(512K)
[40.320s][info ][gc,heap        ] GC(1522) ParOldGen: 4218K(349696K)->4218K(349696K)
[40.320s][info ][gc,metaspace   ] GC(1522) Metaspace: 9583K(9856K)->9583K(9856K) NonClass: 8514K(8640K)->8514K(8640K) Class: 1069K(1216K)->1069K(1216K)
[40.320s][info ][gc             ] GC(1522) Pause Young (Allocation Failure) 295M->4M(623M) 0.259ms
[40.320s][info ][gc,cpu         ] GC(1522) User=0.00s Sys=0.00s Real=0.00s
[40.340s][info ][gc,start       ] GC(1523) Pause Young (Allocation Failure)
[40.340s][debug][gc,age         ] GC(1523) Desired survivor size 1048576 bytes, new threshold 1 (max threshold 15)
[40.340s][info ][gc,heap        ] GC(1523) PSYoungGen: 288352K(288768K)->64K(279552K) Eden: 288256K(288256K)->0K(278528K) From: 96K(512K)->64K(1024K)
[40.340s][info ][gc,heap        ] GC(1523) ParOldGen: 4218K(349696K)->4218K(349696K)
[40.340s][info ][gc,metaspace   ] GC(1523) Metaspace: 9583K(9856K)->9583K(9856K) NonClass: 8514K(8640K)->8514K(8640K) Class: 1069K(1216K)->1069K(1216K)
[40.340s][info ][gc             ] GC(1523) Pause Young (Allocation Failure) 285M->4M(614M) 0.221ms
[40.340s][info ][gc,cpu         ] GC(1523) User=0.00s Sys=0.00s Real=0.00s
[40.361s][info ][gc,start       ] GC(1524) Pause Young (Allocation Failure)
[40.361s][debug][gc,age         ] GC(1524) Desired survivor size 1048576 bytes, new threshold 1 (max threshold 15)
[40.361s][info ][gc,heap        ] GC(1524) PSYoungGen: 278255K(279552K)->96K(269824K) Eden: 278191K(278528K)->0K(269312K) From: 64K(1024K)->96K(512K)
[40.361s][info ][gc,heap        ] GC(1524) ParOldGen: 4218K(349696K)->4218K(349696K)
[40.361s][info ][gc,metaspace   ] GC(1524) Metaspace: 9583K(9856K)->9583K(9856K) NonClass: 8514K(8640K)->8514K(8640K) Class: 1069K(1216K)->1069K(1216K)
[40.361s][info ][gc             ] GC(1524) Pause Young (Allocation Failure) 275M->4M(605M) 0.288ms
[40.361s][info ][gc,cpu         ] GC(1524) User=0.00s Sys=0.00s Real=0.00s
[40.381s][info ][gc,start       ] GC(1525) Pause Young (Allocation Failure)
[40.381s][debug][gc,age         ] GC(1525) Desired survivor size 1048576 bytes, new threshold 1 (max threshold 15)
[40.381s][info ][gc,heap        ] GC(1525) PSYoungGen: 269225K(269824K)->486K(261632K) Eden: 269129K(269312K)->0K(260608K) From: 96K(512K)->486K(1024K)
[40.381s][info ][gc,heap        ] GC(1525) ParOldGen: 4218K(349696K)->4218K(349696K)
[40.381s][info ][gc,metaspace   ] GC(1525) Metaspace: 9583K(9856K)->9583K(9856K) NonClass: 8514K(8640K)->8514K(8640K) Class: 1069K(1216K)->1069K(1216K)
[40.381s][info ][gc             ] GC(1525) Pause Young (Allocation Failure) 267M->4M(597M) 0.267ms
[40.381s][info ][gc,cpu         ] GC(1525) User=0.00s Sys=0.00s Real=0.00s
[40.400s][info ][gc,start       ] GC(1526) Pause Young (Allocation Failure)
[40.400s][debug][gc,age         ] GC(1526) Desired survivor size 1048576 bytes, new threshold 1 (max threshold 15)
[40.401s][info ][gc,heap        ] GC(1526) PSYoungGen: 260901K(261632K)->96K(252928K) Eden: 260415K(260608K)->0K(252416K) From: 486K(1024K)->96K(512K)
[40.401s][info ][gc,heap        ] GC(1526) ParOldGen: 4218K(349696K)->4218K(349696K)
[40.401s][info ][gc,metaspace   ] GC(1526) Metaspace: 9583K(9856K)->9583K(9856K) NonClass: 8514K(8640K)->8514K(8640K) Class: 1069K(1216K)->1069K(1216K)
[40.401s][info ][gc             ] GC(1526) Pause Young (Allocation Failure) 258M->4M(588M) 0.276ms
[40.401s][info ][gc,cpu         ] GC(1526) User=0.00s Sys=0.00s Real=0.00s
[40.419s][info ][gc,start       ] GC(1527) Pause Young (Allocation Failure)
[40.419s][debug][gc,age         ] GC(1527) Desired survivor size 1048576 bytes, new threshold 1 (max threshold 15)
[40.419s][info ][gc,heap        ] GC(1527) PSYoungGen: 252415K(252928K)->96K(245248K) Eden: 252319K(252416K)->0K(244224K) From: 96K(512K)->96K(1024K)
[40.419s][info ][gc,heap        ] GC(1527) ParOldGen: 4218K(349696K)->4218K(349696K)
[40.419s][info ][gc,metaspace   ] GC(1527) Metaspace: 9583K(9856K)->9583K(9856K) NonClass: 8514K(8640K)->8514K(8640K) Class: 1069K(1216K)->1069K(1216K)
[40.419s][info ][gc             ] GC(1527) Pause Young (Allocation Failure) 250M->4M(581M) 0.242ms
[40.419s][info ][gc,cpu         ] GC(1527) User=0.00s Sys=0.00s Real=0.00s
[40.437s][info ][gc,start       ] GC(1528) Pause Young (Allocation Failure)
[40.437s][debug][gc,age         ] GC(1528) Desired survivor size 1048576 bytes, new threshold 1 (max threshold 15)
[40.437s][info ][gc,heap        ] GC(1528) PSYoungGen: 244159K(245248K)->486K(237056K) Eden: 244063K(244224K)->0K(236544K) From: 96K(1024K)->486K(512K)
[40.437s][info ][gc,heap        ] GC(1528) ParOldGen: 4218K(349696K)->4218K(349696K)
[40.437s][info ][gc,metaspace   ] GC(1528) Metaspace: 9583K(9856K)->9583K(9856K) NonClass: 8514K(8640K)->8514K(8640K) Class: 1069K(1216K)->1069K(1216K)
[40.437s][info ][gc             ] GC(1528) Pause Young (Allocation Failure) 242M->4M(573M) 0.316ms
[40.437s][info ][gc,cpu         ] GC(1528) User=0.00s Sys=0.00s Real=0.00s
[40.454s][info ][gc,start       ] GC(1529) Pause Young (Allocation Failure)
[40.454s][debug][gc,age         ] GC(1529) Desired survivor size 1048576 bytes, new threshold 1 (max threshold 15)
[40.454s][info ][gc,heap        ] GC(1529) PSYoungGen: 236975K(237056K)->96K(230400K) Eden: 236488K(236544K)->0K(229376K) From: 486K(512K)->96K(1024K)
[40.454s][info ][gc,heap        ] GC(1529) ParOldGen: 4218K(349696K)->4218K(349696K)
[40.454s][info ][gc,metaspace   ] GC(1529) Metaspace: 9583K(9856K)->9583K(9856K) NonClass: 8514K(8640K)->8514K(8640K) Class: 1069K(1216K)->1069K(1216K)
[40.454s][info ][gc             ] GC(1529) Pause Young (Allocation Failure) 235M->4M(566M) 0.237ms
[40.454s][info ][gc,cpu         ] GC(1529) User=0.00s Sys=0.00s Real=0.00s
[40.471s][info ][gc,start       ] GC(1530) Pause Young (Allocation Failure)
[40.471s][debug][gc,age         ] GC(1530) Desired survivor size 1048576 bytes, new threshold 1 (max threshold 15)
[40.471s][info ][gc,heap        ] GC(1530) PSYoungGen: 229334K(230400K)->486K(222720K) Eden: 229238K(229376K)->0K(222208K) From: 96K(1024K)->486K(512K)
[40.471s][info ][gc,heap        ] GC(1530) ParOldGen: 4218K(349696K)->4218K(349696K)
[40.471s][info ][gc,metaspace   ] GC(1530) Metaspace: 9583K(9856K)->9583K(9856K) NonClass: 8514K(8640K)->8514K(8640K) Class: 1069K(1216K)->1069K(1216K)
[40.471s][info ][gc             ] GC(1530) Pause Young (Allocation Failure) 228M->4M(559M) 0.249ms
[40.471s][info ][gc,cpu         ] GC(1530) User=0.00s Sys=0.00s Real=0.00s
[40.487s][info ][gc,start       ] GC(1531) Pause Young (Allocation Failure)
[40.487s][debug][gc,age         ] GC(1531) Desired survivor size 1048576 bytes, new threshold 1 (max threshold 15)
[40.487s][info ][gc,heap        ] GC(1531) PSYoungGen: 222389K(222720K)->454K(267776K) Eden: 221902K(222208K)->0K(266752K) From: 486K(512K)->454K(1024K)
[40.487s][info ][gc,heap        ] GC(1531) ParOldGen: 4218K(349696K)->4218K(349696K)
[40.487s][info ][gc,metaspace   ] GC(1531) Metaspace: 9583K(9856K)->9583K(9856K) NonClass: 8514K(8640K)->8514K(8640K) Class: 1069K(1216K)->1069K(1216K)
[40.487s][info ][gc             ] GC(1531) Pause Young (Allocation Failure) 221M->4M(603M) 0.272ms
[40.487s][info ][gc,cpu         ] GC(1531) User=0.00s Sys=0.00s Real=0.00s
[40.506s][info ][gc,start       ] GC(1532) Pause Young (Allocation Failure)
[40.506s][debug][gc,age         ] GC(1532) Desired survivor size 1048576 bytes, new threshold 1 (max threshold 15)
[40.506s][info ][gc,heap        ] GC(1532) PSYoungGen: 267190K(267776K)->96K(258560K) Eden: 266735K(266752K)->0K(258048K) From: 454K(1024K)->96K(512K)
[40.506s][info ][gc,heap        ] GC(1532) ParOldGen: 4218K(349696K)->4218K(349696K)
[40.506s][info ][gc,metaspace   ] GC(1532) Metaspace: 9583K(9856K)->9583K(9856K) NonClass: 8514K(8640K)->8514K(8640K) Class: 1069K(1216K)->1069K(1216K)
[40.506s][info ][gc             ] GC(1532) Pause Young (Allocation Failure) 265M->4M(594M) 0.265ms
[40.506s][info ][gc,cpu         ] GC(1532) User=0.00s Sys=0.00s Real=0.00s
[40.525s][info ][gc,start       ] GC(1533) Pause Young (Allocation Failure)
[40.525s][debug][gc,age         ] GC(1533) Desired survivor size 1048576 bytes, new threshold 1 (max threshold 15)
[40.525s][info ][gc,heap        ] GC(1533) PSYoungGen: 258144K(258560K)->486K(310784K) Eden: 258048K(258048K)->0K(309760K) From: 96K(512K)->486K(1024K)
[40.525s][info ][gc,heap        ] GC(1533) ParOldGen: 4218K(349696K)->4218K(349696K)
[40.525s][info ][gc,metaspace   ] GC(1533) Metaspace: 9583K(9856K)->9583K(9856K) NonClass: 8514K(8640K)->8514K(8640K) Class: 1069K(1216K)->1069K(1216K)
[40.525s][info ][gc             ] GC(1533) Pause Young (Allocation Failure) 256M->4M(645M) 0.260ms
[40.525s][info ][gc,cpu         ] GC(1533) User=0.00s Sys=0.00s Real=0.00s
[40.547s][info ][gc,start       ] GC(1534) Pause Young (Allocation Failure)
[40.547s][debug][gc,age         ] GC(1534) Desired survivor size 1048576 bytes, new threshold 1 (max threshold 15)
[40.547s][info ][gc,heap        ] GC(1534) PSYoungGen: 309860K(310784K)->486K(344064K) Eden: 309373K(309760K)->0K(343040K) From: 486K(1024K)->486K(1024K)
[40.547s][info ][gc,heap        ] GC(1534) ParOldGen: 4218K(349696K)->4218K(349696K)
[40.547s][info ][gc,metaspace   ] GC(1534) Metaspace: 9583K(9856K)->9583K(9856K) NonClass: 8514K(8640K)->8514K(8640K) Class: 1069K(1216K)->1069K(1216K)
[40.547s][info ][gc             ] GC(1534) Pause Young (Allocation Failure) 306M->4M(677M) 0.330ms
[40.547s][info ][gc,cpu         ] GC(1534) User=0.00s Sys=0.00s Real=0.00s
[40.571s][info ][gc,start       ] GC(1535) Pause Young (Allocation Failure)
[40.571s][debug][gc,age         ] GC(1535) Desired survivor size 1048576 bytes, new threshold 1 (max threshold 15)
[40.571s][info ][gc,heap        ] GC(1535) PSYoungGen: 343286K(344064K)->96K(331264K) Eden: 342800K(343040K)->0K(330752K) From: 486K(1024K)->96K(512K)
[40.571s][info ][gc,heap        ] GC(1535) ParOldGen: 4218K(349696K)->4218K(349696K)
[40.571s][info ][gc,metaspace   ] GC(1535) Metaspace: 9583K(9856K)->9583K(9856K) NonClass: 8514K(8640K)->8514K(8640K) Class: 1069K(1216K)->1069K(1216K)
[40.572s][info ][gc             ] GC(1535) Pause Young (Allocation Failure) 339M->4M(665M) 0.328ms
[40.572s][info ][gc,cpu         ] GC(1535) User=0.00s Sys=0.00s Real=0.00s
[40.595s][info ][gc,start       ] GC(1536) Pause Young (Allocation Failure)
[40.595s][debug][gc,age         ] GC(1536) Desired survivor size 1048576 bytes, new threshold 1 (max threshold 15)
[40.595s][info ][gc,heap        ] GC(1536) PSYoungGen: 330674K(331264K)->454K(319488K) Eden: 330578K(330752K)->0K(318976K) From: 96K(512K)->454K(512K)
[40.595s][info ][gc,heap        ] GC(1536) ParOldGen: 4218K(349696K)->4218K(349696K)
[40.595s][info ][gc,metaspace   ] GC(1536) Metaspace: 9583K(9856K)->9583K(9856K) NonClass: 8514K(8640K)->8514K(8640K) Class: 1069K(1216K)->1069K(1216K)
[40.595s][info ][gc             ] GC(1536) Pause Young (Allocation Failure) 327M->4M(653M) 0.284ms
[40.595s][info ][gc,cpu         ] GC(1536) User=0.00s Sys=0.00s Real=0.00s
[40.617s][info ][gc,start       ] GC(1537) Pause Young (Allocation Failure)
[40.617s][debug][gc,age         ] GC(1537) Desired survivor size 1048576 bytes, new threshold 1 (max threshold 15)
[40.617s][info ][gc,heap        ] GC(1537) PSYoungGen: 319233K(319488K)->454K(308736K) Eden: 318778K(318976K)->0K(307712K) From: 454K(512K)->454K(1024K)
[40.617s][info ][gc,heap        ] GC(1537) ParOldGen: 4218K(349696K)->4218K(349696K)
[40.617s][info ][gc,metaspace   ] GC(1537) Metaspace: 9583K(9856K)->9583K(9856K) NonClass: 8514K(8640K)->8514K(8640K) Class: 1069K(1216K)->1069K(1216K)
[40.617s][info ][gc             ] GC(1537) Pause Young (Allocation Failure) 315M->4M(643M) 0.245ms
[40.617s][info ][gc,cpu         ] GC(1537) User=0.00s Sys=0.00s Real=0.00s
[40.640s][info ][gc,start       ] GC(1538) Pause Young (Allocation Failure)
[40.641s][debug][gc,age         ] GC(1538) Desired survivor size 1048576 bytes, new threshold 1 (max threshold 15)
[40.641s][info ][gc,heap        ] GC(1538) PSYoungGen: 307979K(308736K)->96K(297472K) Eden: 307524K(307712K)->0K(296960K) From: 454K(1024K)->96K(512K)
[40.641s][info ][gc,heap        ] GC(1538) ParOldGen: 4218K(349696K)->4218K(349696K)
[40.641s][info ][gc,metaspace   ] GC(1538) Metaspace: 9583K(9856K)->9583K(9856K) NonClass: 8514K(8640K)->8514K(8640K) Class: 1069K(1216K)->1069K(1216K)
[40.641s][info ][gc             ] GC(1538) Pause Young (Allocation Failure) 304M->4M(632M) 0.279ms
[40.641s][info ][gc,cpu         ] GC(1538) User=0.00s Sys=0.00s Real=0.00s
[40.662s][info ][gc,start       ] GC(1539) Pause Young (Allocation Failure)
[40.663s][debug][gc,age         ] GC(1539) Desired survivor size 1048576 bytes, new threshold 1 (max threshold 15)
[40.663s][info ][gc,heap        ] GC(1539) PSYoungGen: 297056K(297472K)->96K(287744K) Eden: 296960K(296960K)->0K(286720K) From: 96K(512K)->96K(1024K)
[40.663s][info ][gc,heap        ] GC(1539) ParOldGen: 4218K(349696K)->4218K(349696K)
[40.663s][info ][gc,metaspace   ] GC(1539) Metaspace: 9583K(9856K)->9583K(9856K) NonClass: 8514K(8640K)->8514K(8640K) Class: 1069K(1216K)->1069K(1216K)
[40.663s][info ][gc             ] GC(1539) Pause Young (Allocation Failure) 294M->4M(622M) 0.274ms
[40.663s][info ][gc,cpu         ] GC(1539) User=0.00s Sys=0.00s Real=0.00s
[40.684s][info ][gc,start       ] GC(1540) Pause Young (Allocation Failure)
[40.684s][debug][gc,age         ] GC(1540) Desired survivor size 1048576 bytes, new threshold 1 (max threshold 15)
[40.684s][info ][gc,heap        ] GC(1540) PSYoungGen: 286744K(287744K)->96K(277504K) Eden: 286648K(286720K)->0K(276992K) From: 96K(1024K)->96K(512K)
[40.684s][info ][gc,heap        ] GC(1540) ParOldGen: 4218K(349696K)->4218K(349696K)
[40.684s][info ][gc,metaspace   ] GC(1540) Metaspace: 9583K(9856K)->9583K(9856K) NonClass: 8514K(8640K)->8514K(8640K) Class: 1069K(1216K)->1069K(1216K)
[40.684s][info ][gc             ] GC(1540) Pause Young (Allocation Failure) 284M->4M(612M) 0.272ms
[40.684s][info ][gc,cpu         ] GC(1540) User=0.00s Sys=0.00s Real=0.00s
[40.704s][info ][gc,start       ] GC(1541) Pause Young (Allocation Failure)
[40.704s][debug][gc,age         ] GC(1541) Desired survivor size 1048576 bytes, new threshold 1 (max threshold 15)
[40.704s][info ][gc,heap        ] GC(1541) PSYoungGen: 277088K(277504K)->454K(268800K) Eden: 276992K(276992K)->0K(267776K) From: 96K(512K)->454K(1024K)
[40.704s][info ][gc,heap        ] GC(1541) ParOldGen: 4218K(349696K)->4218K(349696K)
[40.704s][info ][gc,metaspace   ] GC(1541) Metaspace: 9583K(9856K)->9583K(9856K) NonClass: 8514K(8640K)->8514K(8640K) Class: 1069K(1216K)->1069K(1216K)
[40.704s][info ][gc             ] GC(1541) Pause Young (Allocation Failure) 274M->4M(604M) 0.257ms
[40.704s][info ][gc,cpu         ] GC(1541) User=0.00s Sys=0.00s Real=0.00s
[40.724s][info ][gc,start       ] GC(1542) Pause Young (Allocation Failure)
[40.724s][debug][gc,age         ] GC(1542) Desired survivor size 1048576 bytes, new threshold 1 (max threshold 15)
[40.724s][info ][gc,heap        ] GC(1542) PSYoungGen: 268013K(268800K)->96K(259584K) Eden: 267559K(267776K)->0K(259072K) From: 454K(1024K)->96K(512K)
[40.724s][info ][gc,heap        ] GC(1542) ParOldGen: 4218K(349696K)->4218K(349696K)
[40.724s][info ][gc,metaspace   ] GC(1542) Metaspace: 9583K(9856K)->9583K(9856K) NonClass: 8514K(8640K)->8514K(8640K) Class: 1069K(1216K)->1069K(1216K)
[40.724s][info ][gc             ] GC(1542) Pause Young (Allocation Failure) 265M->4M(595M) 0.251ms
[40.724s][info ][gc,cpu         ] GC(1542) User=0.00s Sys=0.00s Real=0.00s
[40.743s][info ][gc,start       ] GC(1543) Pause Young (Allocation Failure)
[40.743s][debug][gc,age         ] GC(1543) Desired survivor size 1048576 bytes, new threshold 1 (max threshold 15)
[40.743s][info ][gc,heap        ] GC(1543) PSYoungGen: 259168K(259584K)->454K(251904K) Eden: 259072K(259072K)->0K(250880K) From: 96K(512K)->454K(1024K)
[40.743s][info ][gc,heap        ] GC(1543) ParOldGen: 4218K(349696K)->4218K(349696K)
[40.743s][info ][gc,metaspace   ] GC(1543) Metaspace: 9583K(9856K)->9583K(9856K) NonClass: 8514K(8640K)->8514K(8640K) Class: 1069K(1216K)->1069K(1216K)
[40.743s][info ][gc             ] GC(1543) Pause Young (Allocation Failure) 257M->4M(587M) 0.244ms
[40.743s][info ][gc,cpu         ] GC(1543) User=0.00s Sys=0.00s Real=0.00s
[40.762s][info ][gc,start       ] GC(1544) Pause Young (Allocation Failure)
[40.762s][debug][gc,age         ] GC(1544) Desired survivor size 1048576 bytes, new threshold 1 (max threshold 15)
[40.762s][info ][gc,heap        ] GC(1544) PSYoungGen: 251029K(251904K)->486K(243200K) Eden: 250574K(250880K)->0K(242688K) From: 454K(1024K)->486K(512K)
[40.762s][info ][gc,heap        ] GC(1544) ParOldGen: 4218K(349696K)->4218K(349696K)
[40.762s][info ][gc,metaspace   ] GC(1544) Metaspace: 9583K(9856K)->9583K(9856K) NonClass: 8514K(8640K)->8514K(8640K) Class: 1069K(1216K)->1069K(1216K)
[40.762s][info ][gc             ] GC(1544) Pause Young (Allocation Failure) 249M->4M(579M) 0.295ms
[40.762s][info ][gc,cpu         ] GC(1544) User=0.01s Sys=0.00s Real=0.00s
[40.780s][info ][gc,start       ] GC(1545) Pause Young (Allocation Failure)
[40.780s][debug][gc,age         ] GC(1545) Desired survivor size 1048576 bytes, new threshold 1 (max threshold 15)
[40.780s][info ][gc,heap        ] GC(1545) PSYoungGen: 242841K(243200K)->454K(236032K) Eden: 242355K(242688K)->0K(235008K) From: 486K(512K)->454K(1024K)
[40.780s][info ][gc,heap        ] GC(1545) ParOldGen: 4218K(349696K)->4218K(349696K)
[40.780s][info ][gc,metaspace   ] GC(1545) Metaspace: 9583K(9856K)->9583K(9856K) NonClass: 8514K(8640K)->8514K(8640K) Class: 1069K(1216K)->1069K(1216K)
[40.780s][info ][gc             ] GC(1545) Pause Young (Allocation Failure) 241M->4M(572M) 0.233ms
[40.780s][info ][gc,cpu         ] GC(1545) User=0.00s Sys=0.00s Real=0.00s
[40.797s][info ][gc,start       ] GC(1546) Pause Young (Allocation Failure)
[40.797s][debug][gc,age         ] GC(1546) Desired survivor size 1048576 bytes, new threshold 1 (max threshold 15)
[40.797s][info ][gc,heap        ] GC(1546) PSYoungGen: 235206K(236032K)->96K(282624K) Eden: 234751K(235008K)->0K(282112K) From: 454K(1024K)->96K(512K)
[40.797s][info ][gc,heap        ] GC(1546) ParOldGen: 4218K(349696K)->4218K(349696K)
[40.797s][info ][gc,metaspace   ] GC(1546) Metaspace: 9583K(9856K)->9583K(9856K) NonClass: 8514K(8640K)->8514K(8640K) Class: 1069K(1216K)->1069K(1216K)
[40.797s][info ][gc             ] GC(1546) Pause Young (Allocation Failure) 233M->4M(617M) 0.246ms
[40.797s][info ][gc,cpu         ] GC(1546) User=0.00s Sys=0.00s Real=0.00s
[40.818s][info ][gc,start       ] GC(1547) Pause Young (Allocation Failure)
[40.818s][debug][gc,age         ] GC(1547) Desired survivor size 1048576 bytes, new threshold 1 (max threshold 15)
[40.818s][info ][gc,heap        ] GC(1547) PSYoungGen: 282048K(282624K)->486K(339968K) Eden: 281952K(282112K)->0K(338944K) From: 96K(512K)->486K(1024K)
[40.818s][info ][gc,heap        ] GC(1547) ParOldGen: 4218K(349696K)->4218K(349696K)
[40.818s][info ][gc,metaspace   ] GC(1547) Metaspace: 9583K(9856K)->9583K(9856K) NonClass: 8514K(8640K)->8514K(8640K) Class: 1069K(1216K)->1069K(1216K)
[40.818s][info ][gc             ] GC(1547) Pause Young (Allocation Failure) 279M->4M(673M) 0.295ms
[40.818s][info ][gc,cpu         ] GC(1547) User=0.00s Sys=0.00s Real=0.00s
[40.843s][info ][gc,start       ] GC(1548) Pause Young (Allocation Failure)
[40.843s][debug][gc,age         ] GC(1548) Desired survivor size 1048576 bytes, new threshold 1 (max threshold 15)
[40.843s][info ][gc,heap        ] GC(1548) PSYoungGen: 339430K(339968K)->454K(327680K) Eden: 338944K(338944K)->0K(327168K) From: 486K(1024K)->454K(512K)
[40.843s][info ][gc,heap        ] GC(1548) ParOldGen: 4218K(349696K)->4218K(349696K)
[40.843s][info ][gc,metaspace   ] GC(1548) Metaspace: 9583K(9856K)->9583K(9856K) NonClass: 8514K(8640K)->8514K(8640K) Class: 1069K(1216K)->1069K(1216K)
[40.843s][info ][gc             ] GC(1548) Pause Young (Allocation Failure) 335M->4M(661M) 0.266ms
[40.843s][info ][gc,cpu         ] GC(1548) User=0.00s Sys=0.00s Real=0.00s
[40.867s][info ][gc,start       ] GC(1549) Pause Young (Allocation Failure)
[40.867s][debug][gc,age         ] GC(1549) Desired survivor size 1048576 bytes, new threshold 1 (max threshold 15)
[40.867s][info ][gc,heap        ] GC(1549) PSYoungGen: 327286K(327680K)->486K(316928K) Eden: 326832K(327168K)->0K(315904K) From: 454K(512K)->486K(1024K)
[40.867s][info ][gc,heap        ] GC(1549) ParOldGen: 4218K(349696K)->4218K(349696K)
[40.867s][info ][gc,metaspace   ] GC(1549) Metaspace: 9583K(9856K)->9583K(9856K) NonClass: 8514K(8640K)->8514K(8640K) Class: 1069K(1216K)->1069K(1216K)
[40.867s][info ][gc             ] GC(1549) Pause Young (Allocation Failure) 323M->4M(651M) 0.238ms
[40.867s][info ][gc,cpu         ] GC(1549) User=0.00s Sys=0.00s Real=0.00s
[40.890s][info ][gc,start       ] GC(1550) Pause Young (Allocation Failure)
[40.890s][debug][gc,age         ] GC(1550) Desired survivor size 1048576 bytes, new threshold 1 (max threshold 15)
[40.890s][info ][gc,heap        ] GC(1550) PSYoungGen: 316390K(316928K)->486K(305664K) Eden: 315904K(315904K)->0K(305152K) From: 486K(1024K)->486K(512K)
[40.890s][info ][gc,heap        ] GC(1550) ParOldGen: 4218K(349696K)->4218K(349696K)
[40.890s][info ][gc,metaspace   ] GC(1550) Metaspace: 9583K(9856K)->9583K(9856K) NonClass: 8514K(8640K)->8514K(8640K) Class: 1069K(1216K)->1069K(1216K)
[40.890s][info ][gc             ] GC(1550) Pause Young (Allocation Failure) 313M->4M(640M) 0.236ms
[40.890s][info ][gc,cpu         ] GC(1550) User=0.00s Sys=0.00s Real=0.00s
[40.913s][info ][gc,start       ] GC(1551) Pause Young (Allocation Failure)
[40.913s][debug][gc,age         ] GC(1551) Desired survivor size 1048576 bytes, new threshold 1 (max threshold 15)
[40.913s][info ][gc,heap        ] GC(1551) PSYoungGen: 305254K(305664K)->486K(295936K) Eden: 304767K(305152K)->0K(294912K) From: 486K(512K)->486K(1024K)
[40.913s][info ][gc,heap        ] GC(1551) ParOldGen: 4218K(349696K)->4218K(349696K)
[40.913s][info ][gc,metaspace   ] GC(1551) Metaspace: 9583K(9856K)->9583K(9856K) NonClass: 8514K(8640K)->8514K(8640K) Class: 1069K(1216K)->1069K(1216K)
[40.913s][info ][gc             ] GC(1551) Pause Young (Allocation Failure) 302M->4M(630M) 0.280ms
[40.913s][info ][gc,cpu         ] GC(1551) User=0.00s Sys=0.00s Real=0.00s
[40.934s][info ][gc,start       ] GC(1552) Pause Young (Allocation Failure)
[40.935s][debug][gc,age         ] GC(1552) Desired survivor size 1048576 bytes, new threshold 1 (max threshold 15)
[40.935s][info ][gc,heap        ] GC(1552) PSYoungGen: 295011K(295936K)->486K(285696K) Eden: 294524K(294912K)->0K(285184K) From: 486K(1024K)->486K(512K)
[40.935s][info ][gc,heap        ] GC(1552) ParOldGen: 4218K(349696K)->4218K(349696K)
[40.935s][info ][gc,metaspace   ] GC(1552) Metaspace: 9583K(9856K)->9583K(9856K) NonClass: 8514K(8640K)->8514K(8640K) Class: 1069K(1216K)->1069K(1216K)
[40.935s][info ][gc             ] GC(1552) Pause Young (Allocation Failure) 292M->4M(620M) 0.262ms
[40.935s][info ][gc,cpu         ] GC(1552) User=0.00s Sys=0.00s Real=0.00s
[40.955s][info ][gc,start       ] GC(1553) Pause Young (Allocation Failure)
[40.956s][debug][gc,age         ] GC(1553) Desired survivor size 1048576 bytes, new threshold 1 (max threshold 15)
[40.956s][info ][gc,heap        ] GC(1553) PSYoungGen: 285301K(285696K)->64K(276480K) Eden: 284815K(285184K)->0K(275456K) From: 486K(512K)->64K(1024K)
[40.956s][info ][gc,heap        ] GC(1553) ParOldGen: 4218K(349696K)->4218K(349696K)
[40.956s][info ][gc,metaspace   ] GC(1553) Metaspace: 9583K(9856K)->9583K(9856K) NonClass: 8514K(8640K)->8514K(8640K) Class: 1069K(1216K)->1069K(1216K)
[40.956s][info ][gc             ] GC(1553) Pause Young (Allocation Failure) 282M->4M(611M) 0.290ms
[40.956s][info ][gc,cpu         ] GC(1553) User=0.00s Sys=0.00s Real=0.00s
[40.976s][info ][gc,start       ] GC(1554) Pause Young (Allocation Failure)
[40.976s][debug][gc,age         ] GC(1554) Desired survivor size 1048576 bytes, new threshold 1 (max threshold 15)
[40.976s][info ][gc,heap        ] GC(1554) PSYoungGen: 275520K(276480K)->96K(266752K) Eden: 275456K(275456K)->0K(266240K) From: 64K(1024K)->96K(512K)
[40.976s][info ][gc,heap        ] GC(1554) ParOldGen: 4218K(349696K)->4218K(349696K)
[40.976s][info ][gc,metaspace   ] GC(1554) Metaspace: 9583K(9856K)->9583K(9856K) NonClass: 8514K(8640K)->8514K(8640K) Class: 1069K(1216K)->1069K(1216K)
[40.976s][info ][gc             ] GC(1554) Pause Young (Allocation Failure) 273M->4M(602M) 0.287ms
[40.976s][info ][gc,cpu         ] GC(1554) User=0.00s Sys=0.00s Real=0.00s
[40.995s][info ][gc,start       ] GC(1555) Pause Young (Allocation Failure)
[40.996s][debug][gc,age         ] GC(1555) Desired survivor size 1048576 bytes, new threshold 1 (max threshold 15)
[40.996s][info ][gc,heap        ] GC(1555) PSYoungGen: 266039K(266752K)->454K(258560K) Eden: 265943K(266240K)->0K(257536K) From: 96K(512K)->454K(1024K)
[40.996s][info ][gc,heap        ] GC(1555) ParOldGen: 4218K(349696K)->4218K(349696K)
[40.996s][info ][gc,metaspace   ] GC(1555) Metaspace: 9583K(9856K)->9583K(9856K) NonClass: 8514K(8640K)->8514K(8640K) Class: 1069K(1216K)->1069K(1216K)
[40.996s][info ][gc             ] GC(1555) Pause Young (Allocation Failure) 263M->4M(594M) 0.251ms
[40.996s][info ][gc,cpu         ] GC(1555) User=0.00s Sys=0.00s Real=0.00s
[41.014s][info ][gc,start       ] GC(1556) Pause Young (Allocation Failure)
[41.014s][debug][gc,age         ] GC(1556) Desired survivor size 1048576 bytes, new threshold 1 (max threshold 15)
[41.015s][info ][gc,heap        ] GC(1556) PSYoungGen: 257990K(258560K)->486K(249856K) Eden: 257536K(257536K)->0K(249344K) From: 454K(1024K)->486K(512K)
[41.015s][info ][gc,heap        ] GC(1556) ParOldGen: 4218K(349696K)->4218K(349696K)
[41.015s][info ][gc,metaspace   ] GC(1556) Metaspace: 9583K(9856K)->9583K(9856K) NonClass: 8514K(8640K)->8514K(8640K) Class: 1069K(1216K)->1069K(1216K)
[41.015s][info ][gc             ] GC(1556) Pause Young (Allocation Failure) 256M->4M(585M) 0.284ms
[41.015s][info ][gc,cpu         ] GC(1556) User=0.00s Sys=0.00s Real=0.00s
[41.033s][info ][gc,start       ] GC(1557) Pause Young (Allocation Failure)
[41.033s][debug][gc,age         ] GC(1557) Desired survivor size 1048576 bytes, new threshold 1 (max threshold 15)
[41.033s][info ][gc,heap        ] GC(1557) PSYoungGen: 249509K(249856K)->454K(300544K) Eden: 249022K(249344K)->0K(299520K) From: 486K(512K)->454K(1024K)
[41.033s][info ][gc,heap        ] GC(1557) ParOldGen: 4218K(349696K)->4218K(349696K)
[41.033s][info ][gc,metaspace   ] GC(1557) Metaspace: 9583K(9856K)->9583K(9856K) NonClass: 8514K(8640K)->8514K(8640K) Class: 1069K(1216K)->1069K(1216K)
[41.033s][info ][gc             ] GC(1557) Pause Young (Allocation Failure) 247M->4M(635M) 0.258ms
[41.033s][info ][gc,cpu         ] GC(1557) User=0.00s Sys=0.00s Real=0.00s
[41.054s][info ][gc,start       ] GC(1558) Pause Young (Allocation Failure)
[41.055s][debug][gc,age         ] GC(1558) Desired survivor size 1048576 bytes, new threshold 1 (max threshold 15)
[41.055s][info ][gc,heap        ] GC(1558) PSYoungGen: 299974K(300544K)->486K(289792K) Eden: 299520K(299520K)->0K(289280K) From: 454K(1024K)->486K(512K)
[41.055s][info ][gc,heap        ] GC(1558) ParOldGen: 4218K(349696K)->4218K(349696K)
[41.055s][info ][gc,metaspace   ] GC(1558) Metaspace: 9583K(9856K)->9583K(9856K) NonClass: 8514K(8640K)->8514K(8640K) Class: 1069K(1216K)->1069K(1216K)
[41.055s][info ][gc             ] GC(1558) Pause Young (Allocation Failure) 297M->4M(624M) 0.257ms
[41.055s][info ][gc,cpu         ] GC(1558) User=0.00s Sys=0.00s Real=0.00s
[41.076s][info ][gc,start       ] GC(1559) Pause Young (Allocation Failure)
[41.076s][debug][gc,age         ] GC(1559) Desired survivor size 1048576 bytes, new threshold 1 (max threshold 15)
[41.076s][info ][gc,heap        ] GC(1559) PSYoungGen: 289672K(289792K)->454K(280576K) Eden: 289185K(289280K)->0K(279552K) From: 486K(512K)->454K(1024K)
[41.076s][info ][gc,heap        ] GC(1559) ParOldGen: 4218K(349696K)->4218K(349696K)
[41.076s][info ][gc,metaspace   ] GC(1559) Metaspace: 9583K(9856K)->9583K(9856K) NonClass: 8514K(8640K)->8514K(8640K) Class: 1069K(1216K)->1069K(1216K)
[41.076s][info ][gc             ] GC(1559) Pause Young (Allocation Failure) 287M->4M(615M) 0.287ms
[41.076s][info ][gc,cpu         ] GC(1559) User=0.00s Sys=0.00s Real=0.00s
[41.096s][info ][gc,start       ] GC(1560) Pause Young (Allocation Failure)
[41.096s][debug][gc,age         ] GC(1560) Desired survivor size 1048576 bytes, new threshold 1 (max threshold 15)
[41.096s][info ][gc,heap        ] GC(1560) PSYoungGen: 280006K(280576K)->454K(336384K) Eden: 279552K(279552K)->0K(335872K) From: 454K(1024K)->454K(512K)
[41.096s][info ][gc,heap        ] GC(1560) ParOldGen: 4218K(349696K)->4218K(349696K)
[41.096s][info ][gc,metaspace   ] GC(1560) Metaspace: 9583K(9856K)->9583K(9856K) NonClass: 8514K(8640K)->8514K(8640K) Class: 1069K(1216K)->1069K(1216K)
[41.096s][info ][gc             ] GC(1560) Pause Young (Allocation Failure) 277M->4M(670M) 0.296ms
[41.096s][info ][gc,cpu         ] GC(1560) User=0.00s Sys=0.00s Real=0.00s
[41.121s][info ][gc,start       ] GC(1561) Pause Young (Allocation Failure)
[41.121s][debug][gc,age         ] GC(1561) Desired survivor size 1048576 bytes, new threshold 1 (max threshold 15)
[41.121s][info ][gc,heap        ] GC(1561) PSYoungGen: 336326K(336384K)->96K(325120K) Eden: 335872K(335872K)->0K(324096K) From: 454K(512K)->96K(1024K)
[41.121s][info ][gc,heap        ] GC(1561) ParOldGen: 4218K(349696K)->4218K(349696K)
[41.121s][info ][gc,metaspace   ] GC(1561) Metaspace: 9583K(9856K)->9583K(9856K) NonClass: 8514K(8640K)->8514K(8640K) Class: 1069K(1216K)->1069K(1216K)
[41.121s][info ][gc             ] GC(1561) Pause Young (Allocation Failure) 332M->4M(659M) 0.235ms
[41.121s][info ][gc,cpu         ] GC(1561) User=0.01s Sys=0.00s Real=0.00s
[41.145s][info ][gc,start       ] GC(1562) Pause Young (Allocation Failure)
[41.145s][debug][gc,age         ] GC(1562) Desired survivor size 1048576 bytes, new threshold 1 (max threshold 15)
[41.145s][info ][gc,heap        ] GC(1562) PSYoungGen: 324156K(325120K)->422K(313344K) Eden: 324060K(324096K)->0K(312832K) From: 96K(1024K)->422K(512K)
[41.145s][info ][gc,heap        ] GC(1562) ParOldGen: 4218K(349696K)->4218K(349696K)
[41.145s][info ][gc,metaspace   ] GC(1562) Metaspace: 9583K(9856K)->9583K(9856K) NonClass: 8514K(8640K)->8514K(8640K) Class: 1069K(1216K)->1069K(1216K)
[41.145s][info ][gc             ] GC(1562) Pause Young (Allocation Failure) 320M->4M(647M) 0.279ms
[41.145s][info ][gc,cpu         ] GC(1562) User=0.00s Sys=0.00s Real=0.00s
[41.168s][info ][gc,start       ] GC(1563) Pause Young (Allocation Failure)
[41.168s][debug][gc,age         ] GC(1563) Desired survivor size 1048576 bytes, new threshold 1 (max threshold 15)
[41.168s][info ][gc,heap        ] GC(1563) PSYoungGen: 313136K(313344K)->486K(303104K) Eden: 312713K(312832K)->0K(302080K) From: 422K(512K)->486K(1024K)
[41.168s][info ][gc,heap        ] GC(1563) ParOldGen: 4218K(349696K)->4218K(349696K)
[41.168s][info ][gc,metaspace   ] GC(1563) Metaspace: 9583K(9856K)->9583K(9856K) NonClass: 8514K(8640K)->8514K(8640K) Class: 1069K(1216K)->1069K(1216K)
[41.168s][info ][gc             ] GC(1563) Pause Young (Allocation Failure) 309M->4M(637M) 0.281ms
[41.168s][info ][gc,cpu         ] GC(1563) User=0.00s Sys=0.00s Real=0.00s
[41.190s][info ][gc,start       ] GC(1564) Pause Young (Allocation Failure)
[41.190s][debug][gc,age         ] GC(1564) Desired survivor size 1048576 bytes, new threshold 1 (max threshold 15)
[41.191s][info ][gc,heap        ] GC(1564) PSYoungGen: 302566K(303104K)->64K(292352K) Eden: 302080K(302080K)->0K(291840K) From: 486K(1024K)->64K(512K)
[41.191s][info ][gc,heap        ] GC(1564) ParOldGen: 4218K(349696K)->4218K(349696K)
[41.191s][info ][gc,metaspace   ] GC(1564) Metaspace: 9583K(9856K)->9583K(9856K) NonClass: 8514K(8640K)->8514K(8640K) Class: 1069K(1216K)->1069K(1216K)
[41.191s][info ][gc             ] GC(1564) Pause Young (Allocation Failure) 299M->4M(627M) 0.294ms
[41.191s][info ][gc,cpu         ] GC(1564) User=0.00s Sys=0.00s Real=0.00s
[41.212s][info ][gc,start       ] GC(1565) Pause Young (Allocation Failure)
[41.212s][debug][gc,age         ] GC(1565) Desired survivor size 1048576 bytes, new threshold 1 (max threshold 15)
[41.212s][info ][gc,heap        ] GC(1565) PSYoungGen: 291769K(292352K)->454K(283136K) Eden: 291705K(291840K)->0K(282112K) From: 64K(512K)->454K(1024K)
[41.212s][info ][gc,heap        ] GC(1565) ParOldGen: 4218K(349696K)->4218K(349696K)
[41.212s][info ][gc,metaspace   ] GC(1565) Metaspace: 9583K(9856K)->9583K(9856K) NonClass: 8514K(8640K)->8514K(8640K) Class: 1069K(1216K)->1069K(1216K)
[41.212s][info ][gc             ] GC(1565) Pause Young (Allocation Failure) 289M->4M(618M) 0.267ms
[41.212s][info ][gc,cpu         ] GC(1565) User=0.00s Sys=0.00s Real=0.00s
[41.233s][info ][gc,start       ] GC(1566) Pause Young (Allocation Failure)
[41.233s][debug][gc,age         ] GC(1566) Desired survivor size 1048576 bytes, new threshold 1 (max threshold 15)
[41.233s][info ][gc,heap        ] GC(1566) PSYoungGen: 282191K(283136K)->454K(273408K) Eden: 281737K(282112K)->0K(272896K) From: 454K(1024K)->454K(512K)
[41.233s][info ][gc,heap        ] GC(1566) ParOldGen: 4218K(349696K)->4218K(349696K)
[41.233s][info ][gc,metaspace   ] GC(1566) Metaspace: 9583K(9856K)->9583K(9856K) NonClass: 8514K(8640K)->8514K(8640K) Class: 1069K(1216K)->1069K(1216K)
[41.233s][info ][gc             ] GC(1566) Pause Young (Allocation Failure) 279M->4M(608M) 0.224ms
[41.233s][info ][gc,cpu         ] GC(1566) User=0.00s Sys=0.01s Real=0.00s
[41.253s][info ][gc,start       ] GC(1567) Pause Young (Allocation Failure)
[41.253s][debug][gc,age         ] GC(1567) Desired survivor size 1048576 bytes, new threshold 1 (max threshold 15)
[41.253s][info ][gc,heap        ] GC(1567) PSYoungGen: 273045K(273408K)->486K(265216K) Eden: 272591K(272896K)->0K(264192K) From: 454K(512K)->486K(1024K)
[41.253s][info ][gc,heap        ] GC(1567) ParOldGen: 4218K(349696K)->4218K(349696K)
[41.253s][info ][gc,metaspace   ] GC(1567) Metaspace: 9583K(9856K)->9583K(9856K) NonClass: 8514K(8640K)->8514K(8640K) Class: 1069K(1216K)->1069K(1216K)
[41.253s][info ][gc             ] GC(1567) Pause Young (Allocation Failure) 270M->4M(600M) 0.223ms
[41.253s][info ][gc,cpu         ] GC(1567) User=0.00s Sys=0.00s Real=0.00s
[41.272s][info ][gc,start       ] GC(1568) Pause Young (Allocation Failure)
[41.273s][debug][gc,age         ] GC(1568) Desired survivor size 1048576 bytes, new threshold 1 (max threshold 15)
[41.273s][info ][gc,heap        ] GC(1568) PSYoungGen: 264532K(265216K)->486K(256000K) Eden: 264045K(264192K)->0K(255488K) From: 486K(1024K)->486K(512K)
[41.273s][info ][gc,heap        ] GC(1568) ParOldGen: 4218K(349696K)->4218K(349696K)
[41.273s][info ][gc,metaspace   ] GC(1568) Metaspace: 9583K(9856K)->9583K(9856K) NonClass: 8514K(8640K)->8514K(8640K) Class: 1069K(1216K)->1069K(1216K)
[41.273s][info ][gc             ] GC(1568) Pause Young (Allocation Failure) 262M->4M(591M) 0.249ms
[41.273s][info ][gc,cpu         ] GC(1568) User=0.00s Sys=0.00s Real=0.00s
[41.291s][info ][gc,start       ] GC(1569) Pause Young (Allocation Failure)
[41.291s][debug][gc,age         ] GC(1569) Desired survivor size 1048576 bytes, new threshold 1 (max threshold 15)
[41.291s][info ][gc,heap        ] GC(1569) PSYoungGen: 255974K(256000K)->96K(248320K) Eden: 255488K(255488K)->0K(247296K) From: 486K(512K)->96K(1024K)
[41.291s][info ][gc,heap        ] GC(1569) ParOldGen: 4218K(349696K)->4218K(349696K)
[41.291s][info ][gc,metaspace   ] GC(1569) Metaspace: 9583K(9856K)->9583K(9856K) NonClass: 8514K(8640K)->8514K(8640K) Class: 1069K(1216K)->1069K(1216K)
[41.291s][info ][gc             ] GC(1569) Pause Young (Allocation Failure) 254M->4M(584M) 0.253ms
[41.291s][info ][gc,cpu         ] GC(1569) User=0.00s Sys=0.00s Real=0.00s
[41.309s][info ][gc,start       ] GC(1570) Pause Young (Allocation Failure)
[41.310s][debug][gc,age         ] GC(1570) Desired survivor size 1048576 bytes, new threshold 1 (max threshold 15)
[41.310s][info ][gc,heap        ] GC(1570) PSYoungGen: 247339K(248320K)->486K(240128K) Eden: 247243K(247296K)->0K(239616K) From: 96K(1024K)->486K(512K)
[41.310s][info ][gc,heap        ] GC(1570) ParOldGen: 4218K(349696K)->4218K(349696K)
[41.310s][info ][gc,metaspace   ] GC(1570) Metaspace: 9583K(9856K)->9583K(9856K) NonClass: 8514K(8640K)->8514K(8640K) Class: 1069K(1216K)->1069K(1216K)
[41.310s][info ][gc             ] GC(1570) Pause Young (Allocation Failure) 245M->4M(576M) 0.254ms
[41.310s][info ][gc,cpu         ] GC(1570) User=0.00s Sys=0.00s Real=0.00s
[41.327s][info ][gc,start       ] GC(1571) Pause Young (Allocation Failure)
[41.327s][debug][gc,age         ] GC(1571) Desired survivor size 1048576 bytes, new threshold 1 (max threshold 15)
[41.327s][info ][gc,heap        ] GC(1571) PSYoungGen: 240102K(240128K)->96K(288768K) Eden: 239616K(239616K)->0K(287744K) From: 486K(512K)->96K(1024K)
[41.327s][info ][gc,heap        ] GC(1571) ParOldGen: 4218K(349696K)->4218K(349696K)
[41.327s][info ][gc,metaspace   ] GC(1571) Metaspace: 9583K(9856K)->9583K(9856K) NonClass: 8514K(8640K)->8514K(8640K) Class: 1069K(1216K)->1069K(1216K)
[41.327s][info ][gc             ] GC(1571) Pause Young (Allocation Failure) 238M->4M(623M) 0.263ms
[41.327s][info ][gc,cpu         ] GC(1571) User=0.00s Sys=0.00s Real=0.00s
[41.348s][info ][gc,start       ] GC(1572) Pause Young (Allocation Failure)
[41.348s][debug][gc,age         ] GC(1572) Desired survivor size 1048576 bytes, new threshold 1 (max threshold 15)
[41.348s][info ][gc,heap        ] GC(1572) PSYoungGen: 287611K(288768K)->96K(334336K) Eden: 287515K(287744K)->0K(333312K) From: 96K(1024K)->96K(1024K)
[41.348s][info ][gc,heap        ] GC(1572) ParOldGen: 4218K(349696K)->4218K(349696K)
[41.348s][info ][gc,metaspace   ] GC(1572) Metaspace: 9583K(9856K)->9583K(9856K) NonClass: 8514K(8640K)->8514K(8640K) Class: 1069K(1216K)->1069K(1216K)
[41.348s][info ][gc             ] GC(1572) Pause Young (Allocation Failure) 284M->4M(668M) 0.304ms
[41.348s][info ][gc,cpu         ] GC(1572) User=0.00s Sys=0.00s Real=0.00s
[41.373s][info ][gc,start       ] GC(1573) Pause Young (Allocation Failure)
[41.373s][debug][gc,age         ] GC(1573) Desired survivor size 1048576 bytes, new threshold 1 (max threshold 15)
[41.373s][info ][gc,heap        ] GC(1573) PSYoungGen: 333254K(334336K)->486K(322048K) Eden: 333158K(333312K)->0K(321536K) From: 96K(1024K)->486K(512K)
[41.373s][info ][gc,heap        ] GC(1573) ParOldGen: 4218K(349696K)->4218K(349696K)
[41.373s][info ][gc,metaspace   ] GC(1573) Metaspace: 9583K(9856K)->9583K(9856K) NonClass: 8514K(8640K)->8514K(8640K) Class: 1069K(1216K)->1069K(1216K)
[41.373s][info ][gc             ] GC(1573) Pause Young (Allocation Failure) 329M->4M(656M) 0.232ms
[41.373s][info ][gc,cpu         ] GC(1573) User=0.00s Sys=0.00s Real=0.00s
[41.397s][info ][gc,start       ] GC(1574) Pause Young (Allocation Failure)
[41.397s][debug][gc,age         ] GC(1574) Desired survivor size 1048576 bytes, new threshold 1 (max threshold 15)
[41.397s][info ][gc,heap        ] GC(1574) PSYoungGen: 321839K(322048K)->486K(310784K) Eden: 321352K(321536K)->0K(310272K) From: 486K(512K)->486K(512K)
[41.397s][info ][gc,heap        ] GC(1574) ParOldGen: 4218K(349696K)->4218K(349696K)
[41.397s][info ][gc,metaspace   ] GC(1574) Metaspace: 9583K(9856K)->9583K(9856K) NonClass: 8514K(8640K)->8514K(8640K) Class: 1069K(1216K)->1069K(1216K)
[41.397s][info ][gc             ] GC(1574) Pause Young (Allocation Failure) 318M->4M(645M) 0.263ms
[41.397s][info ][gc,cpu         ] GC(1574) User=0.00s Sys=0.00s Real=0.00s
[41.419s][info ][gc,start       ] GC(1575) Pause Young (Allocation Failure)
[41.420s][debug][gc,age         ] GC(1575) Desired survivor size 1048576 bytes, new threshold 1 (max threshold 15)
[41.420s][info ][gc,heap        ] GC(1575) PSYoungGen: 310417K(310784K)->96K(300544K) Eden: 309930K(310272K)->0K(299520K) From: 486K(512K)->96K(1024K)
[41.420s][info ][gc,heap        ] GC(1575) ParOldGen: 4218K(349696K)->4218K(349696K)
[41.420s][info ][gc,metaspace   ] GC(1575) Metaspace: 9583K(9856K)->9583K(9856K) NonClass: 8514K(8640K)->8514K(8640K) Class: 1069K(1216K)->1069K(1216K)
[41.420s][info ][gc             ] GC(1575) Pause Young (Allocation Failure) 307M->4M(635M) 0.239ms
[41.420s][info ][gc,cpu         ] GC(1575) User=0.00s Sys=0.00s Real=0.00s
[41.441s][info ][gc,start       ] GC(1576) Pause Young (Allocation Failure)
[41.441s][debug][gc,age         ] GC(1576) Desired survivor size 1048576 bytes, new threshold 1 (max threshold 15)
[41.441s][info ][gc,heap        ] GC(1576) PSYoungGen: 299616K(300544K)->96K(289792K) Eden: 299520K(299520K)->0K(289280K) From: 96K(1024K)->96K(512K)
[41.441s][info ][gc,heap        ] GC(1576) ParOldGen: 4218K(349696K)->4218K(349696K)
[41.442s][info ][gc,metaspace   ] GC(1576) Metaspace: 9583K(9856K)->9583K(9856K) NonClass: 8514K(8640K)->8514K(8640K) Class: 1069K(1216K)->1069K(1216K)
[41.442s][info ][gc             ] GC(1576) Pause Young (Allocation Failure) 296M->4M(624M) 0.240ms
[41.442s][info ][gc,cpu         ] GC(1576) User=0.00s Sys=0.00s Real=0.00s
[41.463s][info ][gc,start       ] GC(1577) Pause Young (Allocation Failure)
[41.463s][debug][gc,age         ] GC(1577) Desired survivor size 1048576 bytes, new threshold 1 (max threshold 15)
[41.463s][info ][gc,heap        ] GC(1577) PSYoungGen: 289294K(289792K)->96K(280576K) Eden: 289198K(289280K)->0K(279552K) From: 96K(512K)->96K(1024K)
[41.463s][info ][gc,heap        ] GC(1577) ParOldGen: 4218K(349696K)->4218K(349696K)
[41.463s][info ][gc,metaspace   ] GC(1577) Metaspace: 9583K(9856K)->9583K(9856K) NonClass: 8514K(8640K)->8514K(8640K) Class: 1069K(1216K)->1069K(1216K)
[41.463s][info ][gc             ] GC(1577) Pause Young (Allocation Failure) 286M->4M(615M) 0.277ms
[41.463s][info ][gc,cpu         ] GC(1577) User=0.00s Sys=0.00s Real=0.00s
[41.483s][info ][gc,start       ] GC(1578) Pause Young (Allocation Failure)
[41.483s][debug][gc,age         ] GC(1578) Desired survivor size 1048576 bytes, new threshold 1 (max threshold 15)
[41.483s][info ][gc,heap        ] GC(1578) PSYoungGen: 279303K(280576K)->486K(270848K) Eden: 279207K(279552K)->0K(270336K) From: 96K(1024K)->486K(512K)
[41.483s][info ][gc,heap        ] GC(1578) ParOldGen: 4218K(349696K)->4218K(349696K)
[41.483s][info ][gc,metaspace   ] GC(1578) Metaspace: 9583K(9856K)->9583K(9856K) NonClass: 8514K(8640K)->8514K(8640K) Class: 1069K(1216K)->1069K(1216K)
[41.483s][info ][gc             ] GC(1578) Pause Young (Allocation Failure) 276M->4M(606M) 0.233ms
[41.483s][info ][gc,cpu         ] GC(1578) User=0.00s Sys=0.00s Real=0.00s
[41.503s][info ][gc,start       ] GC(1579) Pause Young (Allocation Failure)
[41.503s][debug][gc,age         ] GC(1579) Desired survivor size 1048576 bytes, new threshold 1 (max threshold 15)
[41.503s][info ][gc,heap        ] GC(1579) PSYoungGen: 270631K(270848K)->486K(262656K) Eden: 270144K(270336K)->0K(261632K) From: 486K(512K)->486K(1024K)
[41.503s][info ][gc,heap        ] GC(1579) ParOldGen: 4218K(349696K)->4218K(349696K)
[41.503s][info ][gc,metaspace   ] GC(1579) Metaspace: 9583K(9856K)->9583K(9856K) NonClass: 8514K(8640K)->8514K(8640K) Class: 1069K(1216K)->1069K(1216K)
[41.503s][info ][gc             ] GC(1579) Pause Young (Allocation Failure) 268M->4M(598M) 0.259ms
[41.503s][info ][gc,cpu         ] GC(1579) User=0.00s Sys=0.00s Real=0.00s
[41.522s][info ][gc,start       ] GC(1580) Pause Young (Allocation Failure)
[41.522s][debug][gc,age         ] GC(1580) Desired survivor size 1048576 bytes, new threshold 1 (max threshold 15)
[41.522s][info ][gc,heap        ] GC(1580) PSYoungGen: 261740K(262656K)->96K(253440K) Eden: 261253K(261632K)->0K(252928K) From: 486K(1024K)->96K(512K)
[41.522s][info ][gc,heap        ] GC(1580) ParOldGen: 4218K(349696K)->4218K(349696K)
[41.522s][info ][gc,metaspace   ] GC(1580) Metaspace: 9583K(9856K)->9583K(9856K) NonClass: 8514K(8640K)->8514K(8640K) Class: 1069K(1216K)->1069K(1216K)
[41.522s][info ][gc             ] GC(1580) Pause Young (Allocation Failure) 259M->4M(589M) 0.263ms
[41.522s][info ][gc,cpu         ] GC(1580) User=0.00s Sys=0.00s Real=0.00s
[41.541s][info ][gc,start       ] GC(1581) Pause Young (Allocation Failure)
[41.541s][debug][gc,age         ] GC(1581) Desired survivor size 1048576 bytes, new threshold 1 (max threshold 15)
[41.541s][info ][gc,heap        ] GC(1581) PSYoungGen: 252704K(253440K)->454K(245760K) Eden: 252608K(252928K)->0K(244736K) From: 96K(512K)->454K(1024K)
[41.541s][info ][gc,heap        ] GC(1581) ParOldGen: 4218K(349696K)->4218K(349696K)
[41.541s][info ][gc,metaspace   ] GC(1581) Metaspace: 9583K(9856K)->9583K(9856K) NonClass: 8514K(8640K)->8514K(8640K) Class: 1069K(1216K)->1069K(1216K)
[41.541s][info ][gc             ] GC(1581) Pause Young (Allocation Failure) 250M->4M(581M) 0.258ms
[41.541s][info ][gc,cpu         ] GC(1581) User=0.00s Sys=0.00s Real=0.00s
[41.559s][info ][gc,start       ] GC(1582) Pause Young (Allocation Failure)
[41.559s][debug][gc,age         ] GC(1582) Desired survivor size 1048576 bytes, new threshold 1 (max threshold 15)
[41.559s][info ][gc,heap        ] GC(1582) PSYoungGen: 244922K(245760K)->486K(294400K) Eden: 244467K(244736K)->0K(293888K) From: 454K(1024K)->486K(512K)
[41.559s][info ][gc,heap        ] GC(1582) ParOldGen: 4218K(349696K)->4218K(349696K)
[41.559s][info ][gc,metaspace   ] GC(1582) Metaspace: 9583K(9856K)->9583K(9856K) NonClass: 8514K(8640K)->8514K(8640K) Class: 1069K(1216K)->1069K(1216K)
[41.559s][info ][gc             ] GC(1582) Pause Young (Allocation Failure) 243M->4M(629M) 0.281ms
[41.559s][info ][gc,cpu         ] GC(1582) User=0.00s Sys=0.00s Real=0.00s
[41.581s][info ][gc,start       ] GC(1583) Pause Young (Allocation Failure)
[41.581s][debug][gc,age         ] GC(1583) Desired survivor size 1048576 bytes, new threshold 1 (max threshold 15)
[41.581s][info ][gc,heap        ] GC(1583) PSYoungGen: 294230K(294400K)->454K(285184K) Eden: 293744K(293888K)->0K(284160K) From: 486K(512K)->454K(1024K)
[41.581s][info ][gc,heap        ] GC(1583) ParOldGen: 4218K(349696K)->4218K(349696K)
[41.581s][info ][gc,metaspace   ] GC(1583) Metaspace: 9583K(9856K)->9583K(9856K) NonClass: 8514K(8640K)->8514K(8640K) Class: 1069K(1216K)->1069K(1216K)
[41.581s][info ][gc             ] GC(1583) Pause Young (Allocation Failure) 291M->4M(620M) 0.253ms
[41.581s][info ][gc,cpu         ] GC(1583) User=0.00s Sys=0.00s Real=0.00s
[41.602s][info ][gc,start       ] GC(1584) Pause Young (Allocation Failure)
[41.602s][debug][gc,age         ] GC(1584) Desired survivor size 1048576 bytes, new threshold 1 (max threshold 15)
[41.602s][info ][gc,heap        ] GC(1584) PSYoungGen: 284225K(285184K)->486K(275456K) Eden: 283771K(284160K)->0K(274944K) From: 454K(1024K)->486K(512K)
[41.602s][info ][gc,heap        ] GC(1584) ParOldGen: 4218K(349696K)->4218K(349696K)
[41.602s][info ][gc,metaspace   ] GC(1584) Metaspace: 9583K(9856K)->9583K(9856K) NonClass: 8514K(8640K)->8514K(8640K) Class: 1069K(1216K)->1069K(1216K)
[41.602s][info ][gc             ] GC(1584) Pause Young (Allocation Failure) 281M->4M(610M) 0.257ms
[41.602s][info ][gc,cpu         ] GC(1584) User=0.00s Sys=0.00s Real=0.00s
[41.622s][info ][gc,start       ] GC(1585) Pause Young (Allocation Failure)
[41.623s][debug][gc,age         ] GC(1585) Desired survivor size 1048576 bytes, new threshold 1 (max threshold 15)
[41.623s][info ][gc,heap        ] GC(1585) PSYoungGen: 275430K(275456K)->486K(330752K) Eden: 274944K(274944K)->0K(329728K) From: 486K(512K)->486K(1024K)
[41.623s][info ][gc,heap        ] GC(1585) ParOldGen: 4218K(349696K)->4218K(349696K)
[41.623s][info ][gc,metaspace   ] GC(1585) Metaspace: 9583K(9856K)->9583K(9856K) NonClass: 8514K(8640K)->8514K(8640K) Class: 1069K(1216K)->1069K(1216K)
[41.623s][info ][gc             ] GC(1585) Pause Young (Allocation Failure) 273M->4M(664M) 0.293ms
[41.623s][info ][gc,cpu         ] GC(1585) User=0.00s Sys=0.00s Real=0.00s
[41.647s][info ][gc,start       ] GC(1586) Pause Young (Allocation Failure)
[41.647s][debug][gc,age         ] GC(1586) Desired survivor size 1048576 bytes, new threshold 1 (max threshold 15)
[41.647s][info ][gc,heap        ] GC(1586) PSYoungGen: 330002K(330752K)->96K(318464K) Eden: 329516K(329728K)->0K(317952K) From: 486K(1024K)->96K(512K)
[41.647s][info ][gc,heap        ] GC(1586) ParOldGen: 4218K(349696K)->4218K(349696K)
[41.647s][info ][gc,metaspace   ] GC(1586) Metaspace: 9583K(9856K)->9583K(9856K) NonClass: 8514K(8640K)->8514K(8640K) Class: 1069K(1216K)->1069K(1216K)
[41.647s][info ][gc             ] GC(1586) Pause Young (Allocation Failure) 326M->4M(652M) 0.238ms
[41.647s][info ][gc,cpu         ] GC(1586) User=0.00s Sys=0.00s Real=0.00s
[41.670s][info ][gc,start       ] GC(1587) Pause Young (Allocation Failure)
[41.670s][debug][gc,age         ] GC(1587) Desired survivor size 1048576 bytes, new threshold 1 (max threshold 15)
[41.670s][info ][gc,heap        ] GC(1587) PSYoungGen: 318048K(318464K)->486K(308224K) Eden: 317952K(317952K)->0K(307200K) From: 96K(512K)->486K(1024K)
[41.670s][info ][gc,heap        ] GC(1587) ParOldGen: 4218K(349696K)->4218K(349696K)
[41.670s][info ][gc,metaspace   ] GC(1587) Metaspace: 9583K(9856K)->9583K(9856K) NonClass: 8514K(8640K)->8514K(8640K) Class: 1069K(1216K)->1069K(1216K)
[41.670s][info ][gc             ] GC(1587) Pause Young (Allocation Failure) 314M->4M(642M) 0.281ms
[41.670s][info ][gc,cpu         ] GC(1587) User=0.01s Sys=0.00s Real=0.00s
[41.693s][info ][gc,start       ] GC(1588) Pause Young (Allocation Failure)
[41.693s][debug][gc,age         ] GC(1588) Desired survivor size 1048576 bytes, new threshold 1 (max threshold 15)
[41.693s][info ][gc,heap        ] GC(1588) PSYoungGen: 307550K(308224K)->486K(296960K) Eden: 307063K(307200K)->0K(296448K) From: 486K(1024K)->486K(512K)
[41.693s][info ][gc,heap        ] GC(1588) ParOldGen: 4218K(349696K)->4218K(349696K)
[41.693s][info ][gc,metaspace   ] GC(1588) Metaspace: 9583K(9856K)->9583K(9856K) NonClass: 8514K(8640K)->8514K(8640K) Class: 1069K(1216K)->1069K(1216K)
[41.693s][info ][gc             ] GC(1588) Pause Young (Allocation Failure) 304M->4M(631M) 0.278ms
[41.693s][info ][gc,cpu         ] GC(1588) User=0.00s Sys=0.00s Real=0.00s
[41.715s][info ][gc,start       ] GC(1589) Pause Young (Allocation Failure)
[41.715s][debug][gc,age         ] GC(1589) Desired survivor size 1048576 bytes, new threshold 1 (max threshold 15)
[41.715s][info ][gc,heap        ] GC(1589) PSYoungGen: 296934K(296960K)->96K(287232K) Eden: 296448K(296448K)->0K(286208K) From: 486K(512K)->96K(1024K)
[41.715s][info ][gc,heap        ] GC(1589) ParOldGen: 4218K(349696K)->4218K(349696K)
[41.715s][info ][gc,metaspace   ] GC(1589) Metaspace: 9583K(9856K)->9583K(9856K) NonClass: 8514K(8640K)->8514K(8640K) Class: 1069K(1216K)->1069K(1216K)
[41.715s][info ][gc             ] GC(1589) Pause Young (Allocation Failure) 294M->4M(622M) 0.225ms
[41.715s][info ][gc,cpu         ] GC(1589) User=0.00s Sys=0.00s Real=0.00s
[41.736s][info ][gc,start       ] GC(1590) Pause Young (Allocation Failure)
[41.736s][debug][gc,age         ] GC(1590) Desired survivor size 1048576 bytes, new threshold 1 (max threshold 15)
[41.736s][info ][gc,heap        ] GC(1590) PSYoungGen: 286168K(287232K)->96K(276992K) Eden: 286072K(286208K)->0K(276480K) From: 96K(1024K)->96K(512K)
[41.736s][info ][gc,heap        ] GC(1590) ParOldGen: 4218K(349696K)->4218K(349696K)
[41.736s][info ][gc,metaspace   ] GC(1590) Metaspace: 9583K(9856K)->9583K(9856K) NonClass: 8514K(8640K)->8514K(8640K) Class: 1069K(1216K)->1069K(1216K)
[41.736s][info ][gc             ] GC(1590) Pause Young (Allocation Failure) 283M->4M(612M) 0.245ms
[41.736s][info ][gc,cpu         ] GC(1590) User=0.00s Sys=0.01s Real=0.00s
[41.756s][info ][gc,start       ] GC(1591) Pause Young (Allocation Failure)
[41.756s][debug][gc,age         ] GC(1591) Desired survivor size 1048576 bytes, new threshold 1 (max threshold 15)
[41.756s][info ][gc,heap        ] GC(1591) PSYoungGen: 276291K(276992K)->486K(268288K) Eden: 276195K(276480K)->0K(267264K) From: 96K(512K)->486K(1024K)
[41.756s][info ][gc,heap        ] GC(1591) ParOldGen: 4218K(349696K)->4218K(349696K)
[41.756s][info ][gc,metaspace   ] GC(1591) Metaspace: 9583K(9856K)->9583K(9856K) NonClass: 8514K(8640K)->8514K(8640K) Class: 1069K(1216K)->1069K(1216K)
[41.757s][info ][gc             ] GC(1591) Pause Young (Allocation Failure) 273M->4M(603M) 0.257ms
[41.757s][info ][gc,cpu         ] GC(1591) User=0.00s Sys=0.00s Real=0.00s
[41.776s][info ][gc,start       ] GC(1592) Pause Young (Allocation Failure)
[41.776s][debug][gc,age         ] GC(1592) Desired survivor size 1048576 bytes, new threshold 1 (max threshold 15)
[41.776s][info ][gc,heap        ] GC(1592) PSYoungGen: 267600K(268288K)->486K(259072K) Eden: 267113K(267264K)->0K(258560K) From: 486K(1024K)->486K(512K)
[41.776s][info ][gc,heap        ] GC(1592) ParOldGen: 4218K(349696K)->4218K(349696K)
[41.776s][info ][gc,metaspace   ] GC(1592) Metaspace: 9583K(9856K)->9583K(9856K) NonClass: 8514K(8640K)->8514K(8640K) Class: 1069K(1216K)->1069K(1216K)
[41.776s][info ][gc             ] GC(1592) Pause Young (Allocation Failure) 265M->4M(594M) 0.233ms
[41.776s][info ][gc,cpu         ] GC(1592) User=0.00s Sys=0.00s Real=0.00s
[41.795s][info ][gc,start       ] GC(1593) Pause Young (Allocation Failure)
[41.795s][debug][gc,age         ] GC(1593) Desired survivor size 1048576 bytes, new threshold 1 (max threshold 15)
[41.795s][info ][gc,heap        ] GC(1593) PSYoungGen: 259046K(259072K)->96K(251392K) Eden: 258560K(258560K)->0K(250368K) From: 486K(512K)->96K(1024K)
[41.795s][info ][gc,heap        ] GC(1593) ParOldGen: 4218K(349696K)->4218K(349696K)
[41.795s][info ][gc,metaspace   ] GC(1593) Metaspace: 9583K(9856K)->9583K(9856K) NonClass: 8514K(8640K)->8514K(8640K) Class: 1069K(1216K)->1069K(1216K)
[41.795s][info ][gc             ] GC(1593) Pause Young (Allocation Failure) 257M->4M(587M) 0.276ms
[41.795s][info ][gc,cpu         ] GC(1593) User=0.00s Sys=0.00s Real=0.00s
[41.814s][info ][gc,start       ] GC(1594) Pause Young (Allocation Failure)
[41.814s][debug][gc,age         ] GC(1594) Desired survivor size 1048576 bytes, new threshold 1 (max threshold 15)
[41.814s][info ][gc,heap        ] GC(1594) PSYoungGen: 250308K(251392K)->454K(242688K) Eden: 250212K(250368K)->0K(242176K) From: 96K(1024K)->454K(512K)
[41.814s][info ][gc,heap        ] GC(1594) ParOldGen: 4218K(349696K)->4218K(349696K)
[41.814s][info ][gc,metaspace   ] GC(1594) Metaspace: 9583K(9856K)->9583K(9856K) NonClass: 8514K(8640K)->8514K(8640K) Class: 1069K(1216K)->1069K(1216K)
[41.814s][info ][gc             ] GC(1594) Pause Young (Allocation Failure) 248M->4M(578M) 0.237ms
[41.814s][info ][gc,cpu         ] GC(1594) User=0.00s Sys=0.00s Real=0.00s
[41.831s][info ][gc,start       ] GC(1595) Pause Young (Allocation Failure)
[41.832s][debug][gc,age         ] GC(1595) Desired survivor size 1048576 bytes, new threshold 1 (max threshold 15)
[41.832s][info ][gc,heap        ] GC(1595) PSYoungGen: 242379K(242688K)->96K(291840K) Eden: 241925K(242176K)->0K(290816K) From: 454K(512K)->96K(1024K)
[41.832s][info ][gc,heap        ] GC(1595) ParOldGen: 4218K(349696K)->4218K(349696K)
[41.832s][info ][gc,metaspace   ] GC(1595) Metaspace: 9583K(9856K)->9583K(9856K) NonClass: 8514K(8640K)->8514K(8640K) Class: 1069K(1216K)->1069K(1216K)
[41.832s][info ][gc             ] GC(1595) Pause Young (Allocation Failure) 240M->4M(626M) 0.249ms
[41.832s][info ][gc,cpu         ] GC(1595) User=0.00s Sys=0.00s Real=0.00s
[41.853s][info ][gc,start       ] GC(1596) Pause Young (Allocation Failure)
[41.853s][debug][gc,age         ] GC(1596) Desired survivor size 1048576 bytes, new threshold 1 (max threshold 15)
[41.853s][info ][gc,heap        ] GC(1596) PSYoungGen: 290593K(291840K)->96K(281600K) Eden: 290497K(290816K)->0K(281088K) From: 96K(1024K)->96K(512K)
[41.853s][info ][gc,heap        ] GC(1596) ParOldGen: 4218K(349696K)->4218K(349696K)
[41.853s][info ][gc,metaspace   ] GC(1596) Metaspace: 9583K(9856K)->9583K(9856K) NonClass: 8514K(8640K)->8514K(8640K) Class: 1069K(1216K)->1069K(1216K)
[41.853s][info ][gc             ] GC(1596) Pause Young (Allocation Failure) 287M->4M(616M) 0.235ms
[41.853s][info ][gc,cpu         ] GC(1596) User=0.00s Sys=0.00s Real=0.00s
[41.874s][info ][gc,start       ] GC(1597) Pause Young (Allocation Failure)
[41.874s][debug][gc,age         ] GC(1597) Desired survivor size 1048576 bytes, new threshold 1 (max threshold 15)
[41.874s][info ][gc,heap        ] GC(1597) PSYoungGen: 280824K(281600K)->486K(272896K) Eden: 280728K(281088K)->0K(271872K) From: 96K(512K)->486K(1024K)
[41.874s][info ][gc,heap        ] GC(1597) ParOldGen: 4218K(349696K)->4218K(349696K)
[41.874s][info ][gc,metaspace   ] GC(1597) Metaspace: 9583K(9856K)->9583K(9856K) NonClass: 8514K(8640K)->8514K(8640K) Class: 1069K(1216K)->1069K(1216K)
[41.874s][info ][gc             ] GC(1597) Pause Young (Allocation Failure) 278M->4M(608M) 0.241ms
[41.874s][info ][gc,cpu         ] GC(1597) User=0.00s Sys=0.00s Real=0.00s
[41.894s][info ][gc,start       ] GC(1598) Pause Young (Allocation Failure)
[41.894s][debug][gc,age         ] GC(1598) Desired survivor size 1048576 bytes, new threshold 1 (max threshold 15)
[41.894s][info ][gc,heap        ] GC(1598) PSYoungGen: 272266K(272896K)->486K(263680K) Eden: 271779K(271872K)->0K(263168K) From: 486K(1024K)->486K(512K)
[41.894s][info ][gc,heap        ] GC(1598) ParOldGen: 4218K(349696K)->4218K(349696K)
[41.894s][info ][gc,metaspace   ] GC(1598) Metaspace: 9583K(9856K)->9583K(9856K) NonClass: 8514K(8640K)->8514K(8640K) Class: 1069K(1216K)->1069K(1216K)
[41.894s][info ][gc             ] GC(1598) Pause Young (Allocation Failure) 270M->4M(599M) 0.268ms
[41.894s][info ][gc,cpu         ] GC(1598) User=0.00s Sys=0.00s Real=0.00s
[41.913s][info ][gc,start       ] GC(1599) Pause Young (Allocation Failure)
[41.914s][debug][gc,age         ] GC(1599) Desired survivor size 1048576 bytes, new threshold 1 (max threshold 15)
[41.914s][info ][gc,heap        ] GC(1599) PSYoungGen: 263463K(263680K)->96K(316928K) Eden: 262977K(263168K)->0K(315904K) From: 486K(512K)->96K(1024K)
[41.914s][info ][gc,heap        ] GC(1599) ParOldGen: 4218K(349696K)->4218K(349696K)
[41.914s][info ][gc,metaspace   ] GC(1599) Metaspace: 9583K(9856K)->9583K(9856K) NonClass: 8514K(8640K)->8514K(8640K) Class: 1069K(1216K)->1069K(1216K)
[41.914s][info ][gc             ] GC(1599) Pause Young (Allocation Failure) 261M->4M(651M) 0.294ms
[41.914s][info ][gc,cpu         ] GC(1599) User=0.00s Sys=0.00s Real=0.00s
[41.936s][info ][gc,start       ] GC(1600) Pause Young (Allocation Failure)
[41.937s][debug][gc,age         ] GC(1600) Desired survivor size 1048576 bytes, new threshold 1 (max threshold 15)
[41.937s][info ][gc,heap        ] GC(1600) PSYoungGen: 316000K(316928K)->96K(305664K) Eden: 315904K(315904K)->0K(305152K) From: 96K(1024K)->96K(512K)
[41.937s][info ][gc,heap        ] GC(1600) ParOldGen: 4218K(349696K)->4218K(349696K)
[41.937s][info ][gc,metaspace   ] GC(1600) Metaspace: 9583K(9856K)->9583K(9856K) NonClass: 8514K(8640K)->8514K(8640K) Class: 1069K(1216K)->1069K(1216K)
[41.937s][info ][gc             ] GC(1600) Pause Young (Allocation Failure) 312M->4M(640M) 0.198ms
[41.937s][info ][gc,cpu         ] GC(1600) User=0.00s Sys=0.00s Real=0.00s
[41.959s][info ][gc,start       ] GC(1601) Pause Young (Allocation Failure)
[41.959s][debug][gc,age         ] GC(1601) Desired survivor size 1048576 bytes, new threshold 1 (max threshold 15)
[41.959s][info ][gc,heap        ] GC(1601) PSYoungGen: 304951K(305664K)->96K(295936K) Eden: 304855K(305152K)->0K(294912K) From: 96K(512K)->96K(1024K)
[41.959s][info ][gc,heap        ] GC(1601) ParOldGen: 4218K(349696K)->4218K(349696K)
[41.959s][info ][gc,metaspace   ] GC(1601) Metaspace: 9583K(9856K)->9583K(9856K) NonClass: 8514K(8640K)->8514K(8640K) Class: 1069K(1216K)->1069K(1216K)
[41.959s][info ][gc             ] GC(1601) Pause Young (Allocation Failure) 301M->4M(630M) 0.224ms
[41.959s][info ][gc,cpu         ] GC(1601) User=0.00s Sys=0.00s Real=0.00s
[41.981s][info ][gc,start       ] GC(1602) Pause Young (Allocation Failure)
[41.981s][debug][gc,age         ] GC(1602) Desired survivor size 1048576 bytes, new threshold 1 (max threshold 15)
[41.981s][info ][gc,heap        ] GC(1602) PSYoungGen: 295001K(295936K)->454K(285696K) Eden: 294905K(294912K)->0K(285184K) From: 96K(1024K)->454K(512K)
[41.981s][info ][gc,heap        ] GC(1602) ParOldGen: 4218K(349696K)->4218K(349696K)
[41.981s][info ][gc,metaspace   ] GC(1602) Metaspace: 9583K(9856K)->9583K(9856K) NonClass: 8514K(8640K)->8514K(8640K) Class: 1069K(1216K)->1069K(1216K)
[41.981s][info ][gc             ] GC(1602) Pause Young (Allocation Failure) 292M->4M(620M) 0.287ms
[41.981s][info ][gc,cpu         ] GC(1602) User=0.00s Sys=0.00s Real=0.00s
[42.002s][info ][gc,start       ] GC(1603) Pause Young (Allocation Failure)
[42.002s][debug][gc,age         ] GC(1603) Desired survivor size 1048576 bytes, new threshold 1 (max threshold 15)
[42.002s][info ][gc,heap        ] GC(1603) PSYoungGen: 285256K(285696K)->96K(276480K) Eden: 284801K(285184K)->0K(275456K) From: 454K(512K)->96K(1024K)
[42.002s][info ][gc,heap        ] GC(1603) ParOldGen: 4218K(349696K)->4218K(349696K)
[42.002s][info ][gc,metaspace   ] GC(1603) Metaspace: 9583K(9856K)->9583K(9856K) NonClass: 8514K(8640K)->8514K(8640K) Class: 1069K(1216K)->1069K(1216K)
[42.002s][info ][gc             ] GC(1603) Pause Young (Allocation Failure) 282M->4M(611M) 0.290ms
[42.002s][info ][gc,cpu         ] GC(1603) User=0.00s Sys=0.00s Real=0.00s
[42.022s][info ][gc,start       ] GC(1604) Pause Young (Allocation Failure)
[42.022s][debug][gc,age         ] GC(1604) Desired survivor size 1048576 bytes, new threshold 1 (max threshold 15)
[42.022s][info ][gc,heap        ] GC(1604) PSYoungGen: 275552K(276480K)->486K(266752K) Eden: 275456K(275456K)->0K(266240K) From: 96K(1024K)->486K(512K)
[42.022s][info ][gc,heap        ] GC(1604) ParOldGen: 4218K(349696K)->4218K(349696K)
[42.022s][info ][gc,metaspace   ] GC(1604) Metaspace: 9583K(9856K)->9583K(9856K) NonClass: 8514K(8640K)->8514K(8640K) Class: 1069K(1216K)->1069K(1216K)
[42.022s][info ][gc             ] GC(1604) Pause Young (Allocation Failure) 273M->4M(602M) 0.246ms
[42.022s][info ][gc,cpu         ] GC(1604) User=0.00s Sys=0.00s Real=0.00s
[42.042s][info ][gc,start       ] GC(1605) Pause Young (Allocation Failure)
[42.042s][debug][gc,age         ] GC(1605) Desired survivor size 1048576 bytes, new threshold 1 (max threshold 15)
[42.042s][info ][gc,heap        ] GC(1605) PSYoungGen: 266425K(266752K)->96K(258560K) Eden: 265939K(266240K)->0K(257536K) From: 486K(512K)->96K(1024K)
[42.042s][info ][gc,heap        ] GC(1605) ParOldGen: 4218K(349696K)->4218K(349696K)
[42.042s][info ][gc,metaspace   ] GC(1605) Metaspace: 9583K(9856K)->9583K(9856K) NonClass: 8514K(8640K)->8514K(8640K) Class: 1069K(1216K)->1069K(1216K)
[42.042s][info ][gc             ] GC(1605) Pause Young (Allocation Failure) 264M->4M(594M) 0.214ms
[42.042s][info ][gc,cpu         ] GC(1605) User=0.00s Sys=0.00s Real=0.00s
[42.061s][info ][gc,start       ] GC(1606) Pause Young (Allocation Failure)
[42.061s][debug][gc,age         ] GC(1606) Desired survivor size 1048576 bytes, new threshold 1 (max threshold 15)
[42.061s][info ][gc,heap        ] GC(1606) PSYoungGen: 257632K(258560K)->96K(249856K) Eden: 257536K(257536K)->0K(249344K) From: 96K(1024K)->96K(512K)
[42.061s][info ][gc,heap        ] GC(1606) ParOldGen: 4218K(349696K)->4218K(349696K)
[42.061s][info ][gc,metaspace   ] GC(1606) Metaspace: 9583K(9856K)->9583K(9856K) NonClass: 8514K(8640K)->8514K(8640K) Class: 1069K(1216K)->1069K(1216K)
[42.061s][info ][gc             ] GC(1606) Pause Young (Allocation Failure) 255M->4M(585M) 0.625ms
[42.061s][info ][gc,cpu         ] GC(1606) User=0.00s Sys=0.00s Real=0.00s
[42.079s][info ][gc,start       ] GC(1607) Pause Young (Allocation Failure)
[42.080s][debug][gc,age         ] GC(1607) Desired survivor size 1048576 bytes, new threshold 1 (max threshold 15)
[42.080s][info ][gc,heap        ] GC(1607) PSYoungGen: 249077K(249856K)->96K(242688K) Eden: 248981K(249344K)->0K(241664K) From: 96K(512K)->96K(1024K)
[42.080s][info ][gc,heap        ] GC(1607) ParOldGen: 4218K(349696K)->4218K(349696K)
[42.080s][info ][gc,metaspace   ] GC(1607) Metaspace: 9583K(9856K)->9583K(9856K) NonClass: 8514K(8640K)->8514K(8640K) Class: 1069K(1216K)->1069K(1216K)
[42.080s][info ][gc             ] GC(1607) Pause Young (Allocation Failure) 247M->4M(578M) 0.217ms
[42.080s][info ][gc,cpu         ] GC(1607) User=0.01s Sys=0.00s Real=0.00s
[42.097s][info ][gc,start       ] GC(1608) Pause Young (Allocation Failure)
[42.098s][debug][gc,age         ] GC(1608) Desired survivor size 1048576 bytes, new threshold 1 (max threshold 15)
[42.098s][info ][gc,heap        ] GC(1608) PSYoungGen: 241696K(242688K)->96K(234496K) Eden: 241600K(241664K)->0K(233984K) From: 96K(1024K)->96K(512K)
[42.098s][info ][gc,heap        ] GC(1608) ParOldGen: 4218K(349696K)->4218K(349696K)
[42.098s][info ][gc,metaspace   ] GC(1608) Metaspace: 9583K(9856K)->9583K(9856K) NonClass: 8514K(8640K)->8514K(8640K) Class: 1069K(1216K)->1069K(1216K)
[42.098s][info ][gc             ] GC(1608) Pause Young (Allocation Failure) 240M->4M(570M) 0.236ms
[42.098s][info ][gc,cpu         ] GC(1608) User=0.00s Sys=0.00s Real=0.00s
[42.115s][info ][gc,start       ] GC(1609) Pause Young (Allocation Failure)
[42.115s][debug][gc,age         ] GC(1609) Desired survivor size 1048576 bytes, new threshold 1 (max threshold 15)
[42.115s][info ][gc,heap        ] GC(1609) PSYoungGen: 234040K(234496K)->486K(282112K) Eden: 233944K(233984K)->0K(281088K) From: 96K(512K)->486K(1024K)
[42.115s][info ][gc,heap        ] GC(1609) ParOldGen: 4218K(349696K)->4218K(349696K)
[42.115s][info ][gc,metaspace   ] GC(1609) Metaspace: 9583K(9856K)->9583K(9856K) NonClass: 8514K(8640K)->8514K(8640K) Class: 1069K(1216K)->1069K(1216K)
[42.115s][info ][gc             ] GC(1609) Pause Young (Allocation Failure) 232M->4M(617M) 0.262ms
[42.115s][info ][gc,cpu         ] GC(1609) User=0.00s Sys=0.00s Real=0.00s
[42.135s][info ][gc,start       ] GC(1610) Pause Young (Allocation Failure)
[42.135s][debug][gc,age         ] GC(1610) Desired survivor size 1048576 bytes, new threshold 1 (max threshold 15)
[42.135s][info ][gc,heap        ] GC(1610) PSYoungGen: 281574K(282112K)->96K(325120K) Eden: 281088K(281088K)->0K(324096K) From: 486K(1024K)->96K(1024K)
[42.135s][info ][gc,heap        ] GC(1610) ParOldGen: 4218K(349696K)->4218K(349696K)
[42.135s][info ][gc,metaspace   ] GC(1610) Metaspace: 9583K(9856K)->9583K(9856K) NonClass: 8514K(8640K)->8514K(8640K) Class: 1069K(1216K)->1069K(1216K)
[42.135s][info ][gc             ] GC(1610) Pause Young (Allocation Failure) 279M->4M(659M) 0.266ms
[42.135s][info ][gc,cpu         ] GC(1610) User=0.00s Sys=0.00s Real=0.01s
[42.159s][info ][gc,start       ] GC(1611) Pause Young (Allocation Failure)
[42.160s][debug][gc,age         ] GC(1611) Desired survivor size 1048576 bytes, new threshold 1 (max threshold 15)
[42.160s][info ][gc,heap        ] GC(1611) PSYoungGen: 323974K(325120K)->96K(313344K) Eden: 323878K(324096K)->0K(312832K) From: 96K(1024K)->96K(512K)
[42.160s][info ][gc,heap        ] GC(1611) ParOldGen: 4218K(349696K)->4218K(349696K)
[42.160s][info ][gc,metaspace   ] GC(1611) Metaspace: 9583K(9856K)->9583K(9856K) NonClass: 8514K(8640K)->8514K(8640K) Class: 1069K(1216K)->1069K(1216K)
[42.160s][info ][gc             ] GC(1611) Pause Young (Allocation Failure) 320M->4M(647M) 0.297ms
[42.160s][info ][gc,cpu         ] GC(1611) User=0.01s Sys=0.00s Real=0.00s
[42.182s][info ][gc,start       ] GC(1612) Pause Young (Allocation Failure)
[42.183s][debug][gc,age         ] GC(1612) Desired survivor size 1048576 bytes, new threshold 1 (max threshold 15)
[42.183s][info ][gc,heap        ] GC(1612) PSYoungGen: 312928K(313344K)->454K(302592K) Eden: 312832K(312832K)->0K(302080K) From: 96K(512K)->454K(512K)
[42.183s][info ][gc,heap        ] GC(1612) ParOldGen: 4218K(349696K)->4218K(349696K)
[42.183s][info ][gc,metaspace   ] GC(1612) Metaspace: 9583K(9856K)->9583K(9856K) NonClass: 8514K(8640K)->8514K(8640K) Class: 1069K(1216K)->1069K(1216K)
[42.183s][info ][gc             ] GC(1612) Pause Young (Allocation Failure) 309M->4M(637M) 0.269ms
[42.183s][info ][gc,cpu         ] GC(1612) User=0.00s Sys=0.00s Real=0.00s
[42.205s][info ][gc,start       ] GC(1613) Pause Young (Allocation Failure)
[42.205s][debug][gc,age         ] GC(1613) Desired survivor size 1048576 bytes, new threshold 1 (max threshold 15)
[42.205s][info ][gc,heap        ] GC(1613) PSYoungGen: 302261K(302592K)->96K(292864K) Eden: 301806K(302080K)->0K(291840K) From: 454K(512K)->96K(1024K)
[42.205s][info ][gc,heap        ] GC(1613) ParOldGen: 4218K(349696K)->4218K(349696K)
[42.205s][info ][gc,metaspace   ] GC(1613) Metaspace: 9583K(9856K)->9583K(9856K) NonClass: 8514K(8640K)->8514K(8640K) Class: 1069K(1216K)->1069K(1216K)
[42.205s][info ][gc             ] GC(1613) Pause Young (Allocation Failure) 299M->4M(627M) 0.283ms
[42.205s][info ][gc,cpu         ] GC(1613) User=0.00s Sys=0.00s Real=0.00s
[42.226s][info ][gc,start       ] GC(1614) Pause Young (Allocation Failure)
[42.227s][debug][gc,age         ] GC(1614) Desired survivor size 1048576 bytes, new threshold 1 (max threshold 15)
[42.227s][info ][gc,heap        ] GC(1614) PSYoungGen: 291608K(292864K)->96K(282624K) Eden: 291512K(291840K)->0K(282112K) From: 96K(1024K)->96K(512K)
[42.227s][info ][gc,heap        ] GC(1614) ParOldGen: 4218K(349696K)->4218K(349696K)
[42.227s][info ][gc,metaspace   ] GC(1614) Metaspace: 9583K(9856K)->9583K(9856K) NonClass: 8514K(8640K)->8514K(8640K) Class: 1069K(1216K)->1069K(1216K)
[42.227s][info ][gc             ] GC(1614) Pause Young (Allocation Failure) 288M->4M(617M) 0.287ms
[42.227s][info ][gc,cpu         ] GC(1614) User=0.00s Sys=0.01s Real=0.00s
[42.247s][info ][gc,start       ] GC(1615) Pause Young (Allocation Failure)
[42.247s][debug][gc,age         ] GC(1615) Desired survivor size 1048576 bytes, new threshold 1 (max threshold 15)
[42.247s][info ][gc,heap        ] GC(1615) PSYoungGen: 282208K(282624K)->96K(273920K) Eden: 282112K(282112K)->0K(272896K) From: 96K(512K)->96K(1024K)
[42.247s][info ][gc,heap        ] GC(1615) ParOldGen: 4218K(349696K)->4218K(349696K)
[42.247s][info ][gc,metaspace   ] GC(1615) Metaspace: 9583K(9856K)->9583K(9856K) NonClass: 8514K(8640K)->8514K(8640K) Class: 1069K(1216K)->1069K(1216K)
[42.247s][info ][gc             ] GC(1615) Pause Young (Allocation Failure) 279M->4M(609M) 0.229ms
[42.247s][info ][gc,cpu         ] GC(1615) User=0.00s Sys=0.00s Real=0.00s
[42.267s][info ][gc,start       ] GC(1616) Pause Young (Allocation Failure)
[42.268s][debug][gc,age         ] GC(1616) Desired survivor size 1048576 bytes, new threshold 1 (max threshold 15)
[42.268s][info ][gc,heap        ] GC(1616) PSYoungGen: 272667K(273920K)->96K(264704K) Eden: 272571K(272896K)->0K(264192K) From: 96K(1024K)->96K(512K)
[42.268s][info ][gc,heap        ] GC(1616) ParOldGen: 4218K(349696K)->4218K(349696K)
[42.268s][info ][gc,metaspace   ] GC(1616) Metaspace: 9583K(9856K)->9583K(9856K) NonClass: 8514K(8640K)->8514K(8640K) Class: 1069K(1216K)->1069K(1216K)
[42.268s][info ][gc             ] GC(1616) Pause Young (Allocation Failure) 270M->4M(600M) 0.267ms
[42.268s][info ][gc,cpu         ] GC(1616) User=0.00s Sys=0.00s Real=0.00s
[42.287s][info ][gc,start       ] GC(1617) Pause Young (Allocation Failure)
[42.287s][debug][gc,age         ] GC(1617) Desired survivor size 1048576 bytes, new threshold 1 (max threshold 15)
[42.287s][info ][gc,heap        ] GC(1617) PSYoungGen: 264286K(264704K)->96K(256512K) Eden: 264190K(264192K)->0K(255488K) From: 96K(512K)->96K(1024K)
[42.287s][info ][gc,heap        ] GC(1617) ParOldGen: 4218K(349696K)->4218K(349696K)
[42.287s][info ][gc,metaspace   ] GC(1617) Metaspace: 9583K(9856K)->9583K(9856K) NonClass: 8514K(8640K)->8514K(8640K) Class: 1069K(1216K)->1069K(1216K)
[42.287s][info ][gc             ] GC(1617) Pause Young (Allocation Failure) 262M->4M(592M) 0.254ms
[42.287s][info ][gc,cpu         ] GC(1617) User=0.00s Sys=0.00s Real=0.00s
[42.306s][info ][gc,start       ] GC(1618) Pause Young (Allocation Failure)
[42.306s][debug][gc,age         ] GC(1618) Desired survivor size 1048576 bytes, new threshold 1 (max threshold 15)
[42.306s][info ][gc,heap        ] GC(1618) PSYoungGen: 255584K(256512K)->96K(307200K) Eden: 255488K(255488K)->0K(306688K) From: 96K(1024K)->96K(512K)
[42.306s][info ][gc,heap        ] GC(1618) ParOldGen: 4218K(349696K)->4218K(349696K)
[42.306s][info ][gc,metaspace   ] GC(1618) Metaspace: 9583K(9856K)->9583K(9856K) NonClass: 8514K(8640K)->8514K(8640K) Class: 1069K(1216K)->1069K(1216K)
[42.306s][info ][gc             ] GC(1618) Pause Young (Allocation Failure) 253M->4M(641M) 0.272ms
[42.306s][info ][gc,cpu         ] GC(1618) User=0.00s Sys=0.00s Real=0.00s
[42.328s][info ][gc,start       ] GC(1619) Pause Young (Allocation Failure)
[42.329s][debug][gc,age         ] GC(1619) Desired survivor size 1048576 bytes, new threshold 1 (max threshold 15)
[42.329s][info ][gc,heap        ] GC(1619) PSYoungGen: 306743K(307200K)->486K(297472K) Eden: 306647K(306688K)->0K(296448K) From: 96K(512K)->486K(1024K)
[42.329s][info ][gc,heap        ] GC(1619) ParOldGen: 4218K(349696K)->4218K(349696K)
[42.329s][info ][gc,metaspace   ] GC(1619) Metaspace: 9583K(9856K)->9583K(9856K) NonClass: 8514K(8640K)->8514K(8640K) Class: 1069K(1216K)->1069K(1216K)
[42.329s][info ][gc             ] GC(1619) Pause Young (Allocation Failure) 303M->4M(632M) 0.253ms
[42.329s][info ][gc,cpu         ] GC(1619) User=0.00s Sys=0.00s Real=0.00s
[42.350s][info ][gc,start       ] GC(1620) Pause Young (Allocation Failure)
[42.350s][debug][gc,age         ] GC(1620) Desired survivor size 1048576 bytes, new threshold 1 (max threshold 15)
[42.350s][info ][gc,heap        ] GC(1620) PSYoungGen: 296934K(297472K)->486K(286720K) Eden: 296448K(296448K)->0K(286208K) From: 486K(1024K)->486K(512K)
[42.350s][info ][gc,heap        ] GC(1620) ParOldGen: 4218K(349696K)->4218K(349696K)
[42.350s][info ][gc,metaspace   ] GC(1620) Metaspace: 9583K(9856K)->9583K(9856K) NonClass: 8514K(8640K)->8514K(8640K) Class: 1069K(1216K)->1069K(1216K)
[42.350s][info ][gc             ] GC(1620) Pause Young (Allocation Failure) 294M->4M(621M) 0.283ms
[42.350s][info ][gc,cpu         ] GC(1620) User=0.00s Sys=0.00s Real=0.00s
[42.371s][info ][gc,start       ] GC(1621) Pause Young (Allocation Failure)
[42.372s][debug][gc,age         ] GC(1621) Desired survivor size 1048576 bytes, new threshold 1 (max threshold 15)
[42.372s][info ][gc,heap        ] GC(1621) PSYoungGen: 286354K(286720K)->486K(277504K) Eden: 285867K(286208K)->0K(276480K) From: 486K(512K)->486K(1024K)
[42.372s][info ][gc,heap        ] GC(1621) ParOldGen: 4218K(349696K)->4218K(349696K)
[42.372s][info ][gc,metaspace   ] GC(1621) Metaspace: 9583K(9856K)->9583K(9856K) NonClass: 8514K(8640K)->8514K(8640K) Class: 1069K(1216K)->1069K(1216K)
[42.372s][info ][gc             ] GC(1621) Pause Young (Allocation Failure) 283M->4M(612M) 0.270ms
[42.372s][info ][gc,cpu         ] GC(1621) User=0.00s Sys=0.00s Real=0.00s
[42.392s][info ][gc,start       ] GC(1622) Pause Young (Allocation Failure)
[42.392s][debug][gc,age         ] GC(1622) Desired survivor size 1048576 bytes, new threshold 1 (max threshold 15)
[42.392s][info ][gc,heap        ] GC(1622) PSYoungGen: 276966K(277504K)->486K(267776K) Eden: 276480K(276480K)->0K(267264K) From: 486K(1024K)->486K(512K)
[42.392s][info ][gc,heap        ] GC(1622) ParOldGen: 4218K(349696K)->4218K(349696K)
[42.392s][info ][gc,metaspace   ] GC(1622) Metaspace: 9583K(9856K)->9583K(9856K) NonClass: 8514K(8640K)->8514K(8640K) Class: 1069K(1216K)->1069K(1216K)
[42.392s][info ][gc             ] GC(1622) Pause Young (Allocation Failure) 274M->4M(603M) 0.236ms
[42.392s][info ][gc,cpu         ] GC(1622) User=0.00s Sys=0.00s Real=0.00s
[42.412s][info ][gc,start       ] GC(1623) Pause Young (Allocation Failure)
[42.412s][debug][gc,age         ] GC(1623) Desired survivor size 1048576 bytes, new threshold 1 (max threshold 15)
[42.412s][info ][gc,heap        ] GC(1623) PSYoungGen: 267606K(267776K)->486K(259584K) Eden: 267120K(267264K)->0K(258560K) From: 486K(512K)->486K(1024K)
[42.412s][info ][gc,heap        ] GC(1623) ParOldGen: 4218K(349696K)->4218K(349696K)
[42.412s][info ][gc,metaspace   ] GC(1623) Metaspace: 9583K(9856K)->9583K(9856K) NonClass: 8514K(8640K)->8514K(8640K) Class: 1069K(1216K)->1069K(1216K)
[42.412s][info ][gc             ] GC(1623) Pause Young (Allocation Failure) 265M->4M(595M) 0.229ms
[42.412s][info ][gc,cpu         ] GC(1623) User=0.00s Sys=0.00s Real=0.00s
[42.430s][info ][gc,start       ] GC(1624) Pause Young (Allocation Failure)
[42.431s][debug][gc,age         ] GC(1624) Desired survivor size 1048576 bytes, new threshold 1 (max threshold 15)
[42.431s][info ][gc,heap        ] GC(1624) PSYoungGen: 259046K(259584K)->96K(250880K) Eden: 258560K(258560K)->0K(250368K) From: 486K(1024K)->96K(512K)
[42.431s][info ][gc,heap        ] GC(1624) ParOldGen: 4218K(349696K)->4218K(349696K)
[42.431s][info ][gc,metaspace   ] GC(1624) Metaspace: 9583K(9856K)->9583K(9856K) NonClass: 8514K(8640K)->8514K(8640K) Class: 1069K(1216K)->1069K(1216K)
[42.431s][info ][gc             ] GC(1624) Pause Young (Allocation Failure) 257M->4M(586M) 0.256ms
[42.431s][info ][gc,cpu         ] GC(1624) User=0.00s Sys=0.00s Real=0.00s
[42.449s][info ][gc,start       ] GC(1625) Pause Young (Allocation Failure)
[42.449s][debug][gc,age         ] GC(1625) Desired survivor size 1048576 bytes, new threshold 1 (max threshold 15)
[42.449s][info ][gc,heap        ] GC(1625) PSYoungGen: 250265K(250880K)->454K(301568K) Eden: 250169K(250368K)->0K(300544K) From: 96K(512K)->454K(1024K)
[42.449s][info ][gc,heap        ] GC(1625) ParOldGen: 4218K(349696K)->4218K(349696K)
[42.449s][info ][gc,metaspace   ] GC(1625) Metaspace: 9583K(9856K)->9583K(9856K) NonClass: 8514K(8640K)->8514K(8640K) Class: 1069K(1216K)->1069K(1216K)
[42.449s][info ][gc             ] GC(1625) Pause Young (Allocation Failure) 248M->4M(636M) 0.277ms
[42.449s][info ][gc,cpu         ] GC(1625) User=0.01s Sys=0.00s Real=0.00s
[42.471s][info ][gc,start       ] GC(1626) Pause Young (Allocation Failure)
[42.472s][debug][gc,age         ] GC(1626) Desired survivor size 1048576 bytes, new threshold 1 (max threshold 15)
[42.472s][info ][gc,heap        ] GC(1626) PSYoungGen: 300998K(301568K)->96K(321024K) Eden: 300544K(300544K)->0K(320000K) From: 454K(1024K)->96K(1024K)
[42.472s][info ][gc,heap        ] GC(1626) ParOldGen: 4218K(349696K)->4218K(349696K)
[42.472s][info ][gc,metaspace   ] GC(1626) Metaspace: 9583K(9856K)->9583K(9856K) NonClass: 8514K(8640K)->8514K(8640K) Class: 1069K(1216K)->1069K(1216K)
[42.472s][info ][gc             ] GC(1626) Pause Young (Allocation Failure) 298M->4M(655M) 0.293ms
[42.472s][info ][gc,cpu         ] GC(1626) User=0.00s Sys=0.00s Real=0.00s
[42.495s][info ][gc,start       ] GC(1627) Pause Young (Allocation Failure)
[42.495s][debug][gc,age         ] GC(1627) Desired survivor size 1048576 bytes, new threshold 1 (max threshold 15)
[42.495s][info ][gc,heap        ] GC(1627) PSYoungGen: 320096K(321024K)->454K(309248K) Eden: 320000K(320000K)->0K(308736K) From: 96K(1024K)->454K(512K)
[42.495s][info ][gc,heap        ] GC(1627) ParOldGen: 4218K(349696K)->4218K(349696K)
[42.495s][info ][gc,metaspace   ] GC(1627) Metaspace: 9583K(9856K)->9583K(9856K) NonClass: 8514K(8640K)->8514K(8640K) Class: 1069K(1216K)->1069K(1216K)
[42.495s][info ][gc             ] GC(1627) Pause Young (Allocation Failure) 316M->4M(643M) 0.255ms
[42.495s][info ][gc,cpu         ] GC(1627) User=0.00s Sys=0.00s Real=0.01s
[42.518s][info ][gc,start       ] GC(1628) Pause Young (Allocation Failure)
[42.519s][debug][gc,age         ] GC(1628) Desired survivor size 1048576 bytes, new threshold 1 (max threshold 15)
[42.519s][info ][gc,heap        ] GC(1628) PSYoungGen: 309134K(309248K)->486K(298496K) Eden: 308679K(308736K)->0K(297984K) From: 454K(512K)->486K(512K)
[42.519s][info ][gc,heap        ] GC(1628) ParOldGen: 4218K(349696K)->4218K(349696K)
[42.519s][info ][gc,metaspace   ] GC(1628) Metaspace: 9583K(9856K)->9583K(9856K) NonClass: 8514K(8640K)->8514K(8640K) Class: 1069K(1216K)->1069K(1216K)
[42.519s][info ][gc             ] GC(1628) Pause Young (Allocation Failure) 306M->4M(633M) 0.262ms
[42.519s][info ][gc,cpu         ] GC(1628) User=0.00s Sys=0.00s Real=0.00s
[42.541s][info ][gc,start       ] GC(1629) Pause Young (Allocation Failure)
[42.541s][debug][gc,age         ] GC(1629) Desired survivor size 1048576 bytes, new threshold 1 (max threshold 15)
[42.541s][info ][gc,heap        ] GC(1629) PSYoungGen: 298470K(298496K)->486K(288768K) Eden: 297984K(297984K)->0K(287744K) From: 486K(512K)->486K(1024K)
[42.541s][info ][gc,heap        ] GC(1629) ParOldGen: 4218K(349696K)->4218K(349696K)
[42.541s][info ][gc,metaspace   ] GC(1629) Metaspace: 9583K(9856K)->9583K(9856K) NonClass: 8514K(8640K)->8514K(8640K) Class: 1069K(1216K)->1069K(1216K)
[42.541s][info ][gc             ] GC(1629) Pause Young (Allocation Failure) 295M->4M(623M) 0.282ms
[42.541s][info ][gc,cpu         ] GC(1629) User=0.00s Sys=0.01s Real=0.00s
[42.562s][info ][gc,start       ] GC(1630) Pause Young (Allocation Failure)
[42.562s][debug][gc,age         ] GC(1630) Desired survivor size 1048576 bytes, new threshold 1 (max threshold 15)
[42.562s][info ][gc,heap        ] GC(1630) PSYoungGen: 287951K(288768K)->486K(278528K) Eden: 287464K(287744K)->0K(278016K) From: 486K(1024K)->486K(512K)
[42.562s][info ][gc,heap        ] GC(1630) ParOldGen: 4218K(349696K)->4218K(349696K)
[42.562s][info ][gc,metaspace   ] GC(1630) Metaspace: 9583K(9856K)->9583K(9856K) NonClass: 8514K(8640K)->8514K(8640K) Class: 1069K(1216K)->1069K(1216K)
[42.562s][info ][gc             ] GC(1630) Pause Young (Allocation Failure) 285M->4M(613M) 0.248ms
[42.562s][info ][gc,cpu         ] GC(1630) User=0.00s Sys=0.00s Real=0.00s
[42.583s][info ][gc,start       ] GC(1631) Pause Young (Allocation Failure)
[42.583s][debug][gc,age         ] GC(1631) Desired survivor size 1048576 bytes, new threshold 1 (max threshold 15)
[42.583s][info ][gc,heap        ] GC(1631) PSYoungGen: 278502K(278528K)->486K(269824K) Eden: 278016K(278016K)->0K(268800K) From: 486K(512K)->486K(1024K)
[42.583s][info ][gc,heap        ] GC(1631) ParOldGen: 4218K(349696K)->4218K(349696K)
[42.583s][info ][gc,metaspace   ] GC(1631) Metaspace: 9583K(9856K)->9583K(9856K) NonClass: 8514K(8640K)->8514K(8640K) Class: 1069K(1216K)->1069K(1216K)
[42.583s][info ][gc             ] GC(1631) Pause Young (Allocation Failure) 276M->4M(605M) 0.278ms
[42.583s][info ][gc,cpu         ] GC(1631) User=0.00s Sys=0.00s Real=0.00s
[42.602s][info ][gc,start       ] GC(1632) Pause Young (Allocation Failure)
[42.603s][debug][gc,age         ] GC(1632) Desired survivor size 1048576 bytes, new threshold 1 (max threshold 15)
[42.603s][info ][gc,heap        ] GC(1632) PSYoungGen: 269258K(269824K)->486K(319488K) Eden: 268772K(268800K)->0K(318464K) From: 486K(1024K)->486K(1024K)
[42.603s][info ][gc,heap        ] GC(1632) ParOldGen: 4218K(349696K)->4218K(349696K)
[42.603s][info ][gc,metaspace   ] GC(1632) Metaspace: 9583K(9856K)->9583K(9856K) NonClass: 8514K(8640K)->8514K(8640K) Class: 1069K(1216K)->1069K(1216K)
[42.603s][info ][gc             ] GC(1632) Pause Young (Allocation Failure) 267M->4M(653M) 0.327ms
[42.603s][info ][gc,cpu         ] GC(1632) User=0.00s Sys=0.00s Real=0.00s
[42.626s][info ][gc,start       ] GC(1633) Pause Young (Allocation Failure)
[42.626s][debug][gc,age         ] GC(1633) Desired survivor size 1048576 bytes, new threshold 1 (max threshold 15)
[42.626s][info ][gc,heap        ] GC(1633) PSYoungGen: 318950K(319488K)->96K(307712K) Eden: 318464K(318464K)->0K(307200K) From: 486K(1024K)->96K(512K)
[42.626s][info ][gc,heap        ] GC(1633) ParOldGen: 4218K(349696K)->4218K(349696K)
[42.626s][info ][gc,metaspace   ] GC(1633) Metaspace: 9583K(9856K)->9583K(9856K) NonClass: 8514K(8640K)->8514K(8640K) Class: 1069K(1216K)->1069K(1216K)
[42.626s][info ][gc             ] GC(1633) Pause Young (Allocation Failure) 315M->4M(642M) 0.242ms
[42.626s][info ][gc,cpu         ] GC(1633) User=0.00s Sys=0.00s Real=0.00s
[42.649s][info ][gc,start       ] GC(1634) Pause Young (Allocation Failure)
[42.649s][debug][gc,age         ] GC(1634) Desired survivor size 1048576 bytes, new threshold 1 (max threshold 15)
[42.649s][info ][gc,heap        ] GC(1634) PSYoungGen: 306913K(307712K)->486K(296960K) Eden: 306817K(307200K)->0K(296448K) From: 96K(512K)->486K(512K)
[42.649s][info ][gc,heap        ] GC(1634) ParOldGen: 4218K(349696K)->4218K(349696K)
[42.649s][info ][gc,metaspace   ] GC(1634) Metaspace: 9583K(9856K)->9583K(9856K) NonClass: 8514K(8640K)->8514K(8640K) Class: 1069K(1216K)->1069K(1216K)
[42.649s][info ][gc             ] GC(1634) Pause Young (Allocation Failure) 303M->4M(631M) 0.461ms
[42.649s][info ][gc,cpu         ] GC(1634) User=0.00s Sys=0.00s Real=0.00s
[42.670s][info ][gc,start       ] GC(1635) Pause Young (Allocation Failure)
[42.671s][debug][gc,age         ] GC(1635) Desired survivor size 1048576 bytes, new threshold 1 (max threshold 15)
[42.671s][info ][gc,heap        ] GC(1635) PSYoungGen: 296934K(296960K)->454K(287232K) Eden: 296448K(296448K)->0K(286208K) From: 486K(512K)->454K(1024K)
[42.671s][info ][gc,heap        ] GC(1635) ParOldGen: 4218K(349696K)->4218K(349696K)
[42.671s][info ][gc,metaspace   ] GC(1635) Metaspace: 9583K(9856K)->9583K(9856K) NonClass: 8514K(8640K)->8514K(8640K) Class: 1069K(1216K)->1069K(1216K)
[42.671s][info ][gc             ] GC(1635) Pause Young (Allocation Failure) 294M->4M(622M) 0.280ms
[42.671s][info ][gc,cpu         ] GC(1635) User=0.00s Sys=0.00s Real=0.00s
[42.692s][info ][gc,start       ] GC(1636) Pause Young (Allocation Failure)
[42.692s][debug][gc,age         ] GC(1636) Desired survivor size 1048576 bytes, new threshold 1 (max threshold 15)
[42.692s][info ][gc,heap        ] GC(1636) PSYoungGen: 286517K(287232K)->454K(276992K) Eden: 286062K(286208K)->0K(276480K) From: 454K(1024K)->454K(512K)
[42.692s][info ][gc,heap        ] GC(1636) ParOldGen: 4218K(349696K)->4218K(349696K)
[42.692s][info ][gc,metaspace   ] GC(1636) Metaspace: 9583K(9856K)->9583K(9856K) NonClass: 8514K(8640K)->8514K(8640K) Class: 1069K(1216K)->1069K(1216K)
[42.692s][info ][gc             ] GC(1636) Pause Young (Allocation Failure) 283M->4M(612M) 0.240ms
[42.692s][info ][gc,cpu         ] GC(1636) User=0.00s Sys=0.00s Real=0.00s
[42.712s][info ][gc,start       ] GC(1637) Pause Young (Allocation Failure)
[42.712s][debug][gc,age         ] GC(1637) Desired survivor size 1048576 bytes, new threshold 1 (max threshold 15)
[42.712s][info ][gc,heap        ] GC(1637) PSYoungGen: 276652K(276992K)->96K(268288K) Eden: 276197K(276480K)->0K(267264K) From: 454K(512K)->96K(1024K)
[42.712s][info ][gc,heap        ] GC(1637) ParOldGen: 4218K(349696K)->4218K(349696K)
[42.712s][info ][gc,metaspace   ] GC(1637) Metaspace: 9583K(9856K)->9583K(9856K) NonClass: 8514K(8640K)->8514K(8640K) Class: 1069K(1216K)->1069K(1216K)
[42.712s][info ][gc             ] GC(1637) Pause Young (Allocation Failure) 274M->4M(603M) 0.231ms
[42.712s][info ][gc,cpu         ] GC(1637) User=0.00s Sys=0.00s Real=0.00s
[42.732s][info ][gc,start       ] GC(1638) Pause Young (Allocation Failure)
[42.732s][debug][gc,age         ] GC(1638) Desired survivor size 1048576 bytes, new threshold 1 (max threshold 15)
[42.732s][info ][gc,heap        ] GC(1638) PSYoungGen: 267211K(268288K)->96K(259072K) Eden: 267115K(267264K)->0K(258560K) From: 96K(1024K)->96K(512K)
[42.732s][info ][gc,heap        ] GC(1638) ParOldGen: 4218K(349696K)->4218K(349696K)
[42.732s][info ][gc,metaspace   ] GC(1638) Metaspace: 9583K(9856K)->9583K(9856K) NonClass: 8514K(8640K)->8514K(8640K) Class: 1069K(1216K)->1069K(1216K)
[42.732s][info ][gc             ] GC(1638) Pause Young (Allocation Failure) 265M->4M(594M) 0.279ms
[42.732s][info ][gc,cpu         ] GC(1638) User=0.00s Sys=0.00s Real=0.00s
[42.751s][info ][gc,start       ] GC(1639) Pause Young (Allocation Failure)
[42.751s][debug][gc,age         ] GC(1639) Desired survivor size 1048576 bytes, new threshold 1 (max threshold 15)
[42.751s][info ][gc,heap        ] GC(1639) PSYoungGen: 258656K(259072K)->486K(251392K) Eden: 258560K(258560K)->0K(250368K) From: 96K(512K)->486K(1024K)
[42.751s][info ][gc,heap        ] GC(1639) ParOldGen: 4218K(349696K)->4218K(349696K)
[42.751s][info ][gc,metaspace   ] GC(1639) Metaspace: 9583K(9856K)->9583K(9856K) NonClass: 8514K(8640K)->8514K(8640K) Class: 1069K(1216K)->1069K(1216K)
[42.751s][info ][gc             ] GC(1639) Pause Young (Allocation Failure) 256M->4M(587M) 0.271ms
[42.751s][info ][gc,cpu         ] GC(1639) User=0.00s Sys=0.00s Real=0.00s
[42.769s][info ][gc,start       ] GC(1640) Pause Young (Allocation Failure)
[42.770s][debug][gc,age         ] GC(1640) Desired survivor size 1048576 bytes, new threshold 1 (max threshold 15)
[42.770s][info ][gc,heap        ] GC(1640) PSYoungGen: 250699K(251392K)->96K(301056K) Eden: 250212K(250368K)->0K(300544K) From: 486K(1024K)->96K(512K)
[42.770s][info ][gc,heap        ] GC(1640) ParOldGen: 4218K(349696K)->4218K(349696K)
[42.770s][info ][gc,metaspace   ] GC(1640) Metaspace: 9583K(9856K)->9583K(9856K) NonClass: 8514K(8640K)->8514K(8640K) Class: 1069K(1216K)->1069K(1216K)
[42.770s][info ][gc             ] GC(1640) Pause Young (Allocation Failure) 248M->4M(635M) 0.272ms
[42.770s][info ][gc,cpu         ] GC(1640) User=0.01s Sys=0.00s Real=0.00s
[42.791s][info ][gc,start       ] GC(1641) Pause Young (Allocation Failure)
[42.792s][debug][gc,age         ] GC(1641) Desired survivor size 1048576 bytes, new threshold 1 (max threshold 15)
[42.792s][info ][gc,heap        ] GC(1641) PSYoungGen: 300394K(301056K)->486K(291328K) Eden: 300298K(300544K)->0K(290304K) From: 96K(512K)->486K(1024K)
[42.792s][info ][gc,heap        ] GC(1641) ParOldGen: 4218K(349696K)->4218K(349696K)
[42.792s][info ][gc,metaspace   ] GC(1641) Metaspace: 9583K(9856K)->9583K(9856K) NonClass: 8514K(8640K)->8514K(8640K) Class: 1069K(1216K)->1069K(1216K)
[42.792s][info ][gc             ] GC(1641) Pause Young (Allocation Failure) 297M->4M(626M) 0.256ms
[42.792s][info ][gc,cpu         ] GC(1641) User=0.00s Sys=0.00s Real=0.00s
[42.813s][info ][gc,start       ] GC(1642) Pause Young (Allocation Failure)
[42.813s][debug][gc,age         ] GC(1642) Desired survivor size 1048576 bytes, new threshold 1 (max threshold 15)
[42.813s][info ][gc,heap        ] GC(1642) PSYoungGen: 290448K(291328K)->486K(281088K) Eden: 289962K(290304K)->0K(280576K) From: 486K(1024K)->486K(512K)
[42.813s][info ][gc,heap        ] GC(1642) ParOldGen: 4218K(349696K)->4218K(349696K)
[42.813s][info ][gc,metaspace   ] GC(1642) Metaspace: 9583K(9856K)->9583K(9856K) NonClass: 8514K(8640K)->8514K(8640K) Class: 1069K(1216K)->1069K(1216K)
[42.813s][info ][gc             ] GC(1642) Pause Young (Allocation Failure) 287M->4M(616M) 0.260ms
[42.813s][info ][gc,cpu         ] GC(1642) User=0.00s Sys=0.00s Real=0.00s
[42.834s][info ][gc,start       ] GC(1643) Pause Young (Allocation Failure)
[42.834s][debug][gc,age         ] GC(1643) Desired survivor size 1048576 bytes, new threshold 1 (max threshold 15)
[42.834s][info ][gc,heap        ] GC(1643) PSYoungGen: 281062K(281088K)->486K(272384K) Eden: 280576K(280576K)->0K(271360K) From: 486K(512K)->486K(1024K)
[42.834s][info ][gc,heap        ] GC(1643) ParOldGen: 4218K(349696K)->4218K(349696K)
[42.834s][info ][gc,metaspace   ] GC(1643) Metaspace: 9583K(9856K)->9583K(9856K) NonClass: 8514K(8640K)->8514K(8640K) Class: 1069K(1216K)->1069K(1216K)
[42.834s][info ][gc             ] GC(1643) Pause Young (Allocation Failure) 278M->4M(607M) 0.231ms
[42.834s][info ][gc,cpu         ] GC(1643) User=0.00s Sys=0.00s Real=0.00s
[42.854s][info ][gc,start       ] GC(1644) Pause Young (Allocation Failure)
[42.854s][debug][gc,age         ] GC(1644) Desired survivor size 1048576 bytes, new threshold 1 (max threshold 15)
[42.854s][info ][gc,heap        ] GC(1644) PSYoungGen: 271472K(272384K)->486K(263168K) Eden: 270985K(271360K)->0K(262656K) From: 486K(1024K)->486K(512K)
[42.854s][info ][gc,heap        ] GC(1644) ParOldGen: 4218K(349696K)->4218K(349696K)
[42.854s][info ][gc,metaspace   ] GC(1644) Metaspace: 9583K(9856K)->9583K(9856K) NonClass: 8514K(8640K)->8514K(8640K) Class: 1069K(1216K)->1069K(1216K)
[42.854s][info ][gc             ] GC(1644) Pause Young (Allocation Failure) 269M->4M(598M) 0.279ms
[42.854s][info ][gc,cpu         ] GC(1644) User=0.00s Sys=0.00s Real=0.00s
[42.874s][info ][gc,start       ] GC(1645) Pause Young (Allocation Failure)
[42.874s][debug][gc,age         ] GC(1645) Desired survivor size 1048576 bytes, new threshold 1 (max threshold 15)
[42.874s][info ][gc,heap        ] GC(1645) PSYoungGen: 263068K(263168K)->96K(254976K) Eden: 262581K(262656K)->0K(253952K) From: 486K(512K)->96K(1024K)
[42.874s][info ][gc,heap        ] GC(1645) ParOldGen: 4218K(349696K)->4218K(349696K)
[42.874s][info ][gc,metaspace   ] GC(1645) Metaspace: 9583K(9856K)->9583K(9856K) NonClass: 8514K(8640K)->8514K(8640K) Class: 1069K(1216K)->1069K(1216K)
[42.874s][info ][gc             ] GC(1645) Pause Young (Allocation Failure) 261M->4M(590M) 0.256ms
[42.874s][info ][gc,cpu         ] GC(1645) User=0.00s Sys=0.00s Real=0.00s
[42.892s][info ][gc,start       ] GC(1646) Pause Young (Allocation Failure)
[42.893s][debug][gc,age         ] GC(1646) Desired survivor size 1048576 bytes, new threshold 1 (max threshold 15)
[42.893s][info ][gc,heap        ] GC(1646) PSYoungGen: 253938K(254976K)->96K(305664K) Eden: 253842K(253952K)->0K(305152K) From: 96K(1024K)->96K(512K)
[42.893s][info ][gc,heap        ] GC(1646) ParOldGen: 4218K(349696K)->4218K(349696K)
[42.893s][info ][gc,metaspace   ] GC(1646) Metaspace: 9583K(9856K)->9583K(9856K) NonClass: 8514K(8640K)->8514K(8640K) Class: 1069K(1216K)->1069K(1216K)
[42.893s][info ][gc             ] GC(1646) Pause Young (Allocation Failure) 252M->4M(640M) 0.301ms
[42.893s][info ][gc,cpu         ] GC(1646) User=0.00s Sys=0.00s Real=0.00s
[42.915s][info ][gc,start       ] GC(1647) Pause Young (Allocation Failure)
[42.915s][debug][gc,age         ] GC(1647) Desired survivor size 1048576 bytes, new threshold 1 (max threshold 15)
[42.915s][info ][gc,heap        ] GC(1647) PSYoungGen: 304869K(305664K)->96K(295936K) Eden: 304773K(305152K)->0K(294912K) From: 96K(512K)->96K(1024K)
[42.915s][info ][gc,heap        ] GC(1647) ParOldGen: 4218K(349696K)->4218K(349696K)
[42.915s][info ][gc,metaspace   ] GC(1647) Metaspace: 9583K(9856K)->9583K(9856K) NonClass: 8514K(8640K)->8514K(8640K) Class: 1069K(1216K)->1069K(1216K)
[42.915s][info ][gc             ] GC(1647) Pause Young (Allocation Failure) 301M->4M(630M) 0.242ms
[42.915s][info ][gc,cpu         ] GC(1647) User=0.00s Sys=0.00s Real=0.00s
[42.937s][info ][gc,start       ] GC(1648) Pause Young (Allocation Failure)
[42.937s][debug][gc,age         ] GC(1648) Desired survivor size 1048576 bytes, new threshold 1 (max threshold 15)
[42.937s][info ][gc,heap        ] GC(1648) PSYoungGen: 295008K(295936K)->486K(285696K) Eden: 294912K(294912K)->0K(285184K) From: 96K(1024K)->486K(512K)
[42.937s][info ][gc,heap        ] GC(1648) ParOldGen: 4218K(349696K)->4218K(349696K)
[42.937s][info ][gc,metaspace   ] GC(1648) Metaspace: 9583K(9856K)->9583K(9856K) NonClass: 8514K(8640K)->8514K(8640K) Class: 1069K(1216K)->1069K(1216K)
[42.937s][info ][gc             ] GC(1648) Pause Young (Allocation Failure) 292M->4M(620M) 0.244ms
[42.937s][info ][gc,cpu         ] GC(1648) User=0.00s Sys=0.00s Real=0.00s
[42.958s][info ][gc,start       ] GC(1649) Pause Young (Allocation Failure)
[42.958s][debug][gc,age         ] GC(1649) Desired survivor size 1048576 bytes, new threshold 1 (max threshold 15)
[42.958s][info ][gc,heap        ] GC(1649) PSYoungGen: 285345K(285696K)->96K(276480K) Eden: 284859K(285184K)->0K(275456K) From: 486K(512K)->96K(1024K)
[42.958s][info ][gc,heap        ] GC(1649) ParOldGen: 4218K(349696K)->4218K(349696K)
[42.958s][info ][gc,metaspace   ] GC(1649) Metaspace: 9583K(9856K)->9583K(9856K) NonClass: 8514K(8640K)->8514K(8640K) Class: 1069K(1216K)->1069K(1216K)
[42.958s][info ][gc             ] GC(1649) Pause Young (Allocation Failure) 282M->4M(611M) 0.280ms
[42.958s][info ][gc,cpu         ] GC(1649) User=0.00s Sys=0.00s Real=0.00s
[42.978s][info ][gc,start       ] GC(1650) Pause Young (Allocation Failure)
[42.978s][debug][gc,age         ] GC(1650) Desired survivor size 1048576 bytes, new threshold 1 (max threshold 15)
[42.978s][info ][gc,heap        ] GC(1650) PSYoungGen: 275471K(276480K)->454K(266752K) Eden: 275375K(275456K)->0K(266240K) From: 96K(1024K)->454K(512K)
[42.978s][info ][gc,heap        ] GC(1650) ParOldGen: 4218K(349696K)->4218K(349696K)
[42.978s][info ][gc,metaspace   ] GC(1650) Metaspace: 9583K(9856K)->9583K(9856K) NonClass: 8514K(8640K)->8514K(8640K) Class: 1069K(1216K)->1069K(1216K)
[42.978s][info ][gc             ] GC(1650) Pause Young (Allocation Failure) 273M->4M(602M) 0.266ms
[42.978s][info ][gc,cpu         ] GC(1650) User=0.00s Sys=0.00s Real=0.00s
[42.998s][info ][gc,start       ] GC(1651) Pause Young (Allocation Failure)
[42.998s][debug][gc,age         ] GC(1651) Desired survivor size 1048576 bytes, new threshold 1 (max threshold 15)
[42.998s][info ][gc,heap        ] GC(1651) PSYoungGen: 266551K(266752K)->96K(258560K) Eden: 266096K(266240K)->0K(257536K) From: 454K(512K)->96K(1024K)
[42.998s][info ][gc,heap        ] GC(1651) ParOldGen: 4218K(349696K)->4218K(349696K)
[42.998s][info ][gc,metaspace   ] GC(1651) Metaspace: 9583K(9856K)->9583K(9856K) NonClass: 8514K(8640K)->8514K(8640K) Class: 1069K(1216K)->1069K(1216K)
[42.998s][info ][gc             ] GC(1651) Pause Young (Allocation Failure) 264M->4M(594M) 0.257ms
[42.998s][info ][gc,cpu         ] GC(1651) User=0.00s Sys=0.00s Real=0.00s
[43.017s][info ][gc,start       ] GC(1652) Pause Young (Allocation Failure)
[43.017s][debug][gc,age         ] GC(1652) Desired survivor size 1048576 bytes, new threshold 1 (max threshold 15)
[43.017s][info ][gc,heap        ] GC(1652) PSYoungGen: 257632K(258560K)->486K(309760K) Eden: 257536K(257536K)->0K(309248K) From: 96K(1024K)->486K(512K)
[43.017s][info ][gc,heap        ] GC(1652) ParOldGen: 4218K(349696K)->4218K(349696K)
[43.017s][info ][gc,metaspace   ] GC(1652) Metaspace: 9583K(9856K)->9583K(9856K) NonClass: 8514K(8640K)->8514K(8640K) Class: 1069K(1216K)->1069K(1216K)
[43.017s][info ][gc             ] GC(1652) Pause Young (Allocation Failure) 255M->4M(644M) 0.289ms
[43.017s][info ][gc,cpu         ] GC(1652) User=0.00s Sys=0.00s Real=0.00s
[43.040s][info ][gc,start       ] GC(1653) Pause Young (Allocation Failure)
[43.040s][debug][gc,age         ] GC(1653) Desired survivor size 1048576 bytes, new threshold 1 (max threshold 15)
[43.040s][info ][gc,heap        ] GC(1653) PSYoungGen: 309617K(309760K)->96K(313856K) Eden: 309131K(309248K)->0K(312832K) From: 486K(512K)->96K(1024K)
[43.040s][info ][gc,heap        ] GC(1653) ParOldGen: 4218K(349696K)->4218K(349696K)
[43.040s][info ][gc,metaspace   ] GC(1653) Metaspace: 9583K(9856K)->9583K(9856K) NonClass: 8514K(8640K)->8514K(8640K) Class: 1069K(1216K)->1069K(1216K)
[43.040s][info ][gc             ] GC(1653) Pause Young (Allocation Failure) 306M->4M(648M) 0.313ms
[43.040s][info ][gc,cpu         ] GC(1653) User=0.00s Sys=0.01s Real=0.00s
[43.063s][info ][gc,start       ] GC(1654) Pause Young (Allocation Failure)
[43.063s][debug][gc,age         ] GC(1654) Desired survivor size 1048576 bytes, new threshold 1 (max threshold 15)
[43.063s][info ][gc,heap        ] GC(1654) PSYoungGen: 312547K(313856K)->64K(302592K) Eden: 312451K(312832K)->0K(302080K) From: 96K(1024K)->64K(512K)
[43.063s][info ][gc,heap        ] GC(1654) ParOldGen: 4218K(349696K)->4218K(349696K)
[43.063s][info ][gc,metaspace   ] GC(1654) Metaspace: 9583K(9856K)->9583K(9856K) NonClass: 8514K(8640K)->8514K(8640K) Class: 1069K(1216K)->1069K(1216K)
[43.063s][info ][gc             ] GC(1654) Pause Young (Allocation Failure) 309M->4M(637M) 0.233ms
[43.063s][info ][gc,cpu         ] GC(1654) User=0.00s Sys=0.00s Real=0.00s
[43.085s][info ][gc,start       ] GC(1655) Pause Young (Allocation Failure)
[43.085s][debug][gc,age         ] GC(1655) Desired survivor size 1048576 bytes, new threshold 1 (max threshold 15)
[43.085s][info ][gc,heap        ] GC(1655) PSYoungGen: 302108K(302592K)->64K(292864K) Eden: 302044K(302080K)->0K(291840K) From: 64K(512K)->64K(1024K)
[43.085s][info ][gc,heap        ] GC(1655) ParOldGen: 4218K(349696K)->4218K(349696K)
[43.085s][info ][gc,metaspace   ] GC(1655) Metaspace: 9583K(9856K)->9583K(9856K) NonClass: 8514K(8640K)->8514K(8640K) Class: 1069K(1216K)->1069K(1216K)
[43.085s][info ][gc             ] GC(1655) Pause Young (Allocation Failure) 299M->4M(627M) 0.252ms
[43.085s][info ][gc,cpu         ] GC(1655) User=0.00s Sys=0.00s Real=0.01s
[43.107s][info ][gc,start       ] GC(1656) Pause Young (Allocation Failure)
[43.107s][debug][gc,age         ] GC(1656) Desired survivor size 1048576 bytes, new threshold 1 (max threshold 15)
[43.107s][info ][gc,heap        ] GC(1656) PSYoungGen: 291783K(292864K)->486K(282624K) Eden: 291719K(291840K)->0K(282112K) From: 64K(1024K)->486K(512K)
[43.107s][info ][gc,heap        ] GC(1656) ParOldGen: 4218K(349696K)->4218K(349696K)
[43.107s][info ][gc,metaspace   ] GC(1656) Metaspace: 9583K(9856K)->9583K(9856K) NonClass: 8514K(8640K)->8514K(8640K) Class: 1069K(1216K)->1069K(1216K)
[43.107s][info ][gc             ] GC(1656) Pause Young (Allocation Failure) 289M->4M(617M) 0.244ms
[43.107s][info ][gc,cpu         ] GC(1656) User=0.00s Sys=0.00s Real=0.00s
[43.128s][info ][gc,start       ] GC(1657) Pause Young (Allocation Failure)
[43.128s][debug][gc,age         ] GC(1657) Desired survivor size 1048576 bytes, new threshold 1 (max threshold 15)
[43.128s][info ][gc,heap        ] GC(1657) PSYoungGen: 282316K(282624K)->64K(273920K) Eden: 281829K(282112K)->0K(272896K) From: 486K(512K)->64K(1024K)
[43.128s][info ][gc,heap        ] GC(1657) ParOldGen: 4218K(349696K)->4218K(349696K)
[43.128s][info ][gc,metaspace   ] GC(1657) Metaspace: 9583K(9856K)->9583K(9856K) NonClass: 8514K(8640K)->8514K(8640K) Class: 1069K(1216K)->1069K(1216K)
[43.128s][info ][gc             ] GC(1657) Pause Young (Allocation Failure) 279M->4M(609M) 0.250ms
[43.128s][info ][gc,cpu         ] GC(1657) User=0.00s Sys=0.00s Real=0.00s
[43.148s][info ][gc,start       ] GC(1658) Pause Young (Allocation Failure)
[43.148s][debug][gc,age         ] GC(1658) Desired survivor size 1048576 bytes, new threshold 1 (max threshold 15)
[43.148s][info ][gc,heap        ] GC(1658) PSYoungGen: 272684K(273920K)->96K(264704K) Eden: 272620K(272896K)->0K(264192K) From: 64K(1024K)->96K(512K)
[43.148s][info ][gc,heap        ] GC(1658) ParOldGen: 4218K(349696K)->4218K(349696K)
[43.148s][info ][gc,metaspace   ] GC(1658) Metaspace: 9583K(9856K)->9583K(9856K) NonClass: 8514K(8640K)->8514K(8640K) Class: 1069K(1216K)->1069K(1216K)
[43.148s][info ][gc             ] GC(1658) Pause Young (Allocation Failure) 270M->4M(600M) 0.214ms
[43.148s][info ][gc,cpu         ] GC(1658) User=0.00s Sys=0.00s Real=0.00s
[43.168s][info ][gc,start       ] GC(1659) Pause Young (Allocation Failure)
[43.168s][debug][gc,age         ] GC(1659) Desired survivor size 1048576 bytes, new threshold 1 (max threshold 15)
[43.168s][info ][gc,heap        ] GC(1659) PSYoungGen: 264178K(264704K)->96K(256512K) Eden: 264082K(264192K)->0K(255488K) From: 96K(512K)->96K(1024K)
[43.168s][info ][gc,heap        ] GC(1659) ParOldGen: 4218K(349696K)->4218K(349696K)
[43.168s][info ][gc,metaspace   ] GC(1659) Metaspace: 9583K(9856K)->9583K(9856K) NonClass: 8514K(8640K)->8514K(8640K) Class: 1069K(1216K)->1069K(1216K)
[43.168s][info ][gc             ] GC(1659) Pause Young (Allocation Failure) 262M->4M(592M) 0.257ms
[43.168s][info ][gc,cpu         ] GC(1659) User=0.00s Sys=0.00s Real=0.00s
[43.186s][info ][gc,start       ] GC(1660) Pause Young (Allocation Failure)
[43.187s][debug][gc,age         ] GC(1660) Desired survivor size 1048576 bytes, new threshold 1 (max threshold 15)
[43.187s][info ][gc,heap        ] GC(1660) PSYoungGen: 255584K(256512K)->486K(247808K) Eden: 255488K(255488K)->0K(247296K) From: 96K(1024K)->486K(512K)
[43.187s][info ][gc,heap        ] GC(1660) ParOldGen: 4218K(349696K)->4218K(349696K)
[43.187s][info ][gc,metaspace   ] GC(1660) Metaspace: 9583K(9856K)->9583K(9856K) NonClass: 8514K(8640K)->8514K(8640K) Class: 1069K(1216K)->1069K(1216K)
[43.187s][info ][gc             ] GC(1660) Pause Young (Allocation Failure) 253M->4M(583M) 0.257ms
[43.187s][info ][gc,cpu         ] GC(1660) User=0.00s Sys=0.00s Real=0.00s
[43.205s][info ][gc,start       ] GC(1661) Pause Young (Allocation Failure)
[43.205s][debug][gc,age         ] GC(1661) Desired survivor size 1048576 bytes, new threshold 1 (max threshold 15)
[43.205s][info ][gc,heap        ] GC(1661) PSYoungGen: 247740K(247808K)->64K(240640K) Eden: 247253K(247296K)->0K(239616K) From: 486K(512K)->64K(1024K)
[43.205s][info ][gc,heap        ] GC(1661) ParOldGen: 4218K(349696K)->4218K(349696K)
[43.205s][info ][gc,metaspace   ] GC(1661) Metaspace: 9583K(9856K)->9583K(9856K) NonClass: 8514K(8640K)->8514K(8640K) Class: 1069K(1216K)->1069K(1216K)
[43.205s][info ][gc             ] GC(1661) Pause Young (Allocation Failure) 246M->4M(576M) 0.252ms
[43.205s][info ][gc,cpu         ] GC(1661) User=0.00s Sys=0.00s Real=0.00s
[43.222s][info ][gc,start       ] GC(1662) Pause Young (Allocation Failure)
[43.222s][debug][gc,age         ] GC(1662) Desired survivor size 1048576 bytes, new threshold 1 (max threshold 15)
[43.223s][info ][gc,heap        ] GC(1662) PSYoungGen: 239680K(240640K)->486K(288256K) Eden: 239616K(239616K)->0K(287744K) From: 64K(1024K)->486K(512K)
[43.223s][info ][gc,heap        ] GC(1662) ParOldGen: 4218K(349696K)->4218K(349696K)
[43.223s][info ][gc,metaspace   ] GC(1662) Metaspace: 9583K(9856K)->9583K(9856K) NonClass: 8514K(8640K)->8514K(8640K) Class: 1069K(1216K)->1069K(1216K)
[43.223s][info ][gc             ] GC(1662) Pause Young (Allocation Failure) 238M->4M(623M) 0.308ms
[43.223s][info ][gc,cpu         ] GC(1662) User=0.00s Sys=0.00s Real=0.00s
[43.244s][info ][gc,start       ] GC(1663) Pause Young (Allocation Failure)
[43.244s][debug][gc,age         ] GC(1663) Desired survivor size 1048576 bytes, new threshold 1 (max threshold 15)
[43.244s][info ][gc,heap        ] GC(1663) PSYoungGen: 287963K(288256K)->486K(345600K) Eden: 287476K(287744K)->0K(344576K) From: 486K(512K)->486K(1024K)
[43.244s][info ][gc,heap        ] GC(1663) ParOldGen: 4218K(349696K)->4218K(349696K)
[43.244s][info ][gc,metaspace   ] GC(1663) Metaspace: 9583K(9856K)->9583K(9856K) NonClass: 8514K(8640K)->8514K(8640K) Class: 1069K(1216K)->1069K(1216K)
[43.244s][info ][gc             ] GC(1663) Pause Young (Allocation Failure) 285M->4M(679M) 0.243ms
[43.244s][info ][gc,cpu         ] GC(1663) User=0.00s Sys=0.00s Real=0.00s
[43.271s][info ][gc,start       ] GC(1664) Pause Young (Allocation Failure)
[43.271s][debug][gc,age         ] GC(1664) Desired survivor size 1048576 bytes, new threshold 1 (max threshold 15)
[43.271s][info ][gc,heap        ] GC(1664) PSYoungGen: 345062K(345600K)->96K(332800K) Eden: 344576K(344576K)->0K(332288K) From: 486K(1024K)->96K(512K)
[43.271s][info ][gc,heap        ] GC(1664) ParOldGen: 4218K(349696K)->4218K(349696K)
[43.271s][info ][gc,metaspace   ] GC(1664) Metaspace: 9583K(9856K)->9583K(9856K) NonClass: 8514K(8640K)->8514K(8640K) Class: 1069K(1216K)->1069K(1216K)
[43.271s][info ][gc             ] GC(1664) Pause Young (Allocation Failure) 341M->4M(666M) 0.282ms
[43.271s][info ][gc,cpu         ] GC(1664) User=0.00s Sys=0.00s Real=0.00s
[43.296s][info ][gc,start       ] GC(1665) Pause Young (Allocation Failure)
[43.296s][debug][gc,age         ] GC(1665) Desired survivor size 1048576 bytes, new threshold 1 (max threshold 15)
[43.296s][info ][gc,heap        ] GC(1665) PSYoungGen: 332074K(332800K)->96K(321536K) Eden: 331978K(332288K)->0K(320512K) From: 96K(512K)->96K(1024K)
[43.296s][info ][gc,heap        ] GC(1665) ParOldGen: 4218K(349696K)->4218K(349696K)
[43.296s][info ][gc,metaspace   ] GC(1665) Metaspace: 9583K(9856K)->9583K(9856K) NonClass: 8514K(8640K)->8514K(8640K) Class: 1069K(1216K)->1069K(1216K)
[43.296s][info ][gc             ] GC(1665) Pause Young (Allocation Failure) 328M->4M(655M) 0.217ms
[43.296s][info ][gc,cpu         ] GC(1665) User=0.00s Sys=0.00s Real=0.00s
[43.319s][info ][gc,start       ] GC(1666) Pause Young (Allocation Failure)
[43.319s][debug][gc,age         ] GC(1666) Desired survivor size 1048576 bytes, new threshold 1 (max threshold 15)
[43.319s][info ][gc,heap        ] GC(1666) PSYoungGen: 320608K(321536K)->486K(309760K) Eden: 320512K(320512K)->0K(309248K) From: 96K(1024K)->486K(512K)
[43.319s][info ][gc,heap        ] GC(1666) ParOldGen: 4218K(349696K)->4218K(349696K)
[43.319s][info ][gc,metaspace   ] GC(1666) Metaspace: 9583K(9856K)->9583K(9856K) NonClass: 8514K(8640K)->8514K(8640K) Class: 1069K(1216K)->1069K(1216K)
[43.319s][info ][gc             ] GC(1666) Pause Young (Allocation Failure) 317M->4M(644M) 0.259ms
[43.319s][info ][gc,cpu         ] GC(1666) User=0.00s Sys=0.00s Real=0.00s
[43.342s][info ][gc,start       ] GC(1667) Pause Young (Allocation Failure)
[43.342s][debug][gc,age         ] GC(1667) Desired survivor size 1048576 bytes, new threshold 1 (max threshold 15)
[43.342s][info ][gc,heap        ] GC(1667) PSYoungGen: 309520K(309760K)->96K(299520K) Eden: 309033K(309248K)->0K(298496K) From: 486K(512K)->96K(1024K)
[43.342s][info ][gc,heap        ] GC(1667) ParOldGen: 4218K(349696K)->4218K(349696K)
[43.342s][info ][gc,metaspace   ] GC(1667) Metaspace: 9583K(9856K)->9583K(9856K) NonClass: 8514K(8640K)->8514K(8640K) Class: 1069K(1216K)->1069K(1216K)
[43.342s][info ][gc             ] GC(1667) Pause Young (Allocation Failure) 306M->4M(634M) 0.265ms
[43.342s][info ][gc,cpu         ] GC(1667) User=0.00s Sys=0.00s Real=0.00s
[43.364s][info ][gc,start       ] GC(1668) Pause Young (Allocation Failure)
[43.364s][debug][gc,age         ] GC(1668) Desired survivor size 1048576 bytes, new threshold 1 (max threshold 15)
[43.364s][info ][gc,heap        ] GC(1668) PSYoungGen: 298592K(299520K)->486K(288768K) Eden: 298496K(298496K)->0K(288256K) From: 96K(1024K)->486K(512K)
[43.364s][info ][gc,heap        ] GC(1668) ParOldGen: 4218K(349696K)->4218K(349696K)
[43.364s][info ][gc,metaspace   ] GC(1668) Metaspace: 9583K(9856K)->9583K(9856K) NonClass: 8514K(8640K)->8514K(8640K) Class: 1069K(1216K)->1069K(1216K)
[43.364s][info ][gc             ] GC(1668) Pause Young (Allocation Failure) 295M->4M(623M) 0.285ms
[43.364s][info ][gc,cpu         ] GC(1668) User=0.00s Sys=0.00s Real=0.00s
[43.385s][info ][gc,start       ] GC(1669) Pause Young (Allocation Failure)
[43.385s][debug][gc,age         ] GC(1669) Desired survivor size 1048576 bytes, new threshold 1 (max threshold 15)
[43.385s][info ][gc,heap        ] GC(1669) PSYoungGen: 288396K(288768K)->96K(279552K) Eden: 287909K(288256K)->0K(278528K) From: 486K(512K)->96K(1024K)
[43.385s][info ][gc,heap        ] GC(1669) ParOldGen: 4218K(349696K)->4218K(349696K)
[43.385s][info ][gc,metaspace   ] GC(1669) Metaspace: 9583K(9856K)->9583K(9856K) NonClass: 8514K(8640K)->8514K(8640K) Class: 1069K(1216K)->1069K(1216K)
[43.385s][info ][gc             ] GC(1669) Pause Young (Allocation Failure) 285M->4M(614M) 0.253ms
[43.385s][info ][gc,cpu         ] GC(1669) User=0.00s Sys=0.00s Real=0.01s
[43.406s][info ][gc,start       ] GC(1670) Pause Young (Allocation Failure)
[43.406s][debug][gc,age         ] GC(1670) Desired survivor size 1048576 bytes, new threshold 1 (max threshold 15)
[43.406s][info ][gc,heap        ] GC(1670) PSYoungGen: 278624K(279552K)->96K(269824K) Eden: 278528K(278528K)->0K(269312K) From: 96K(1024K)->96K(512K)
[43.406s][info ][gc,heap        ] GC(1670) ParOldGen: 4218K(349696K)->4218K(349696K)
[43.406s][info ][gc,metaspace   ] GC(1670) Metaspace: 9583K(9856K)->9583K(9856K) NonClass: 8514K(8640K)->8514K(8640K) Class: 1069K(1216K)->1069K(1216K)
[43.406s][info ][gc             ] GC(1670) Pause Young (Allocation Failure) 276M->4M(605M) 0.244ms
[43.406s][info ][gc,cpu         ] GC(1670) User=0.00s Sys=0.00s Real=0.00s
[43.426s][info ][gc,start       ] GC(1671) Pause Young (Allocation Failure)
[43.426s][debug][gc,age         ] GC(1671) Desired survivor size 1048576 bytes, new threshold 1 (max threshold 15)
[43.426s][info ][gc,heap        ] GC(1671) PSYoungGen: 269268K(269824K)->454K(261632K) Eden: 269172K(269312K)->0K(260608K) From: 96K(512K)->454K(1024K)
[43.426s][info ][gc,heap        ] GC(1671) ParOldGen: 4218K(349696K)->4218K(349696K)
[43.426s][info ][gc,metaspace   ] GC(1671) Metaspace: 9583K(9856K)->9583K(9856K) NonClass: 8514K(8640K)->8514K(8640K) Class: 1069K(1216K)->1069K(1216K)
[43.426s][info ][gc             ] GC(1671) Pause Young (Allocation Failure) 267M->4M(597M) 0.244ms
[43.426s][info ][gc,cpu         ] GC(1671) User=0.00s Sys=0.00s Real=0.00s
[43.445s][info ][gc,start       ] GC(1672) Pause Young (Allocation Failure)
[43.445s][debug][gc,age         ] GC(1672) Desired survivor size 1048576 bytes, new threshold 1 (max threshold 15)
[43.445s][info ][gc,heap        ] GC(1672) PSYoungGen: 261062K(261632K)->486K(252928K) Eden: 260608K(260608K)->0K(252416K) From: 454K(1024K)->486K(512K)
[43.445s][info ][gc,heap        ] GC(1672) ParOldGen: 4218K(349696K)->4218K(349696K)
[43.445s][info ][gc,metaspace   ] GC(1672) Metaspace: 9583K(9856K)->9583K(9856K) NonClass: 8514K(8640K)->8514K(8640K) Class: 1069K(1216K)->1069K(1216K)
[43.445s][info ][gc             ] GC(1672) Pause Young (Allocation Failure) 259M->4M(588M) 0.286ms
[43.445s][info ][gc,cpu         ] GC(1672) User=0.00s Sys=0.00s Real=0.00s
[43.463s][info ][gc,start       ] GC(1673) Pause Young (Allocation Failure)
[43.464s][debug][gc,age         ] GC(1673) Desired survivor size 1048576 bytes, new threshold 1 (max threshold 15)
[43.464s][info ][gc,heap        ] GC(1673) PSYoungGen: 252706K(252928K)->486K(245248K) Eden: 252219K(252416K)->0K(244224K) From: 486K(512K)->486K(1024K)
[43.464s][info ][gc,heap        ] GC(1673) ParOldGen: 4218K(349696K)->4218K(349696K)
[43.464s][info ][gc,metaspace   ] GC(1673) Metaspace: 9583K(9856K)->9583K(9856K) NonClass: 8514K(8640K)->8514K(8640K) Class: 1069K(1216K)->1069K(1216K)
[43.464s][info ][gc             ] GC(1673) Pause Young (Allocation Failure) 250M->4M(581M) 0.261ms
[43.464s][info ][gc,cpu         ] GC(1673) User=0.00s Sys=0.00s Real=0.00s
[43.481s][info ][gc,start       ] GC(1674) Pause Young (Allocation Failure)
[43.482s][debug][gc,age         ] GC(1674) Desired survivor size 1048576 bytes, new threshold 1 (max threshold 15)
[43.482s][info ][gc,heap        ] GC(1674) PSYoungGen: 244675K(245248K)->96K(237056K) Eden: 244188K(244224K)->0K(236544K) From: 486K(1024K)->96K(512K)
[43.482s][info ][gc,heap        ] GC(1674) ParOldGen: 4218K(349696K)->4218K(349696K)
[43.482s][info ][gc,metaspace   ] GC(1674) Metaspace: 9583K(9856K)->9583K(9856K) NonClass: 8514K(8640K)->8514K(8640K) Class: 1069K(1216K)->1069K(1216K)
[43.482s][info ][gc             ] GC(1674) Pause Young (Allocation Failure) 243M->4M(573M) 0.251ms
[43.482s][info ][gc,cpu         ] GC(1674) User=0.00s Sys=0.00s Real=0.00s
[43.499s][info ][gc,start       ] GC(1675) Pause Young (Allocation Failure)
[43.499s][debug][gc,age         ] GC(1675) Desired survivor size 1048576 bytes, new threshold 1 (max threshold 15)
[43.499s][info ][gc,heap        ] GC(1675) PSYoungGen: 236442K(237056K)->486K(230400K) Eden: 236346K(236544K)->0K(229376K) From: 96K(512K)->486K(1024K)
[43.499s][info ][gc,heap        ] GC(1675) ParOldGen: 4218K(349696K)->4218K(349696K)
[43.499s][info ][gc,metaspace   ] GC(1675) Metaspace: 9583K(9856K)->9583K(9856K) NonClass: 8514K(8640K)->8514K(8640K) Class: 1069K(1216K)->1069K(1216K)
[43.499s][info ][gc             ] GC(1675) Pause Young (Allocation Failure) 235M->4M(566M) 0.253ms
[43.499s][info ][gc,cpu         ] GC(1675) User=0.00s Sys=0.00s Real=0.00s
[43.516s][info ][gc,start       ] GC(1676) Pause Young (Allocation Failure)
[43.516s][debug][gc,age         ] GC(1676) Desired survivor size 1048576 bytes, new threshold 1 (max threshold 15)
[43.516s][info ][gc,heap        ] GC(1676) PSYoungGen: 229703K(230400K)->64K(222720K) Eden: 229217K(229376K)->0K(222208K) From: 486K(1024K)->64K(512K)
[43.516s][info ][gc,heap        ] GC(1676) ParOldGen: 4218K(349696K)->4218K(349696K)
[43.516s][info ][gc,metaspace   ] GC(1676) Metaspace: 9583K(9856K)->9583K(9856K) NonClass: 8514K(8640K)->8514K(8640K) Class: 1069K(1216K)->1069K(1216K)
[43.516s][info ][gc             ] GC(1676) Pause Young (Allocation Failure) 228M->4M(559M) 0.231ms
[43.516s][info ][gc,cpu         ] GC(1676) User=0.00s Sys=0.00s Real=0.00s
[43.532s][info ][gc,start       ] GC(1677) Pause Young (Allocation Failure)
[43.533s][debug][gc,age         ] GC(1677) Desired survivor size 1048576 bytes, new threshold 1 (max threshold 15)
[43.533s][info ][gc,heap        ] GC(1677) PSYoungGen: 222133K(222720K)->96K(267776K) Eden: 222069K(222208K)->0K(266752K) From: 64K(512K)->96K(1024K)
[43.533s][info ][gc,heap        ] GC(1677) ParOldGen: 4218K(349696K)->4218K(349696K)
[43.533s][info ][gc,metaspace   ] GC(1677) Metaspace: 9583K(9856K)->9583K(9856K) NonClass: 8514K(8640K)->8514K(8640K) Class: 1069K(1216K)->1069K(1216K)
[43.533s][info ][gc             ] GC(1677) Pause Young (Allocation Failure) 221M->4M(603M) 0.291ms
[43.533s][info ][gc,cpu         ] GC(1677) User=0.00s Sys=0.00s Real=0.00s
[43.552s][info ][gc,start       ] GC(1678) Pause Young (Allocation Failure)
[43.553s][debug][gc,age         ] GC(1678) Desired survivor size 1048576 bytes, new threshold 1 (max threshold 15)
[43.553s][info ][gc,heap        ] GC(1678) PSYoungGen: 266780K(267776K)->486K(321024K) Eden: 266684K(266752K)->0K(320512K) From: 96K(1024K)->486K(512K)
[43.553s][info ][gc,heap        ] GC(1678) ParOldGen: 4218K(349696K)->4218K(349696K)
[43.553s][info ][gc,metaspace   ] GC(1678) Metaspace: 9583K(9856K)->9583K(9856K) NonClass: 8514K(8640K)->8514K(8640K) Class: 1069K(1216K)->1069K(1216K)
[43.553s][info ][gc             ] GC(1678) Pause Young (Allocation Failure) 264M->4M(655M) 0.272ms
[43.553s][info ][gc,cpu         ] GC(1678) User=0.00s Sys=0.00s Real=0.00s
[43.576s][info ][gc,start       ] GC(1679) Pause Young (Allocation Failure)
[43.576s][debug][gc,age         ] GC(1679) Desired survivor size 1048576 bytes, new threshold 1 (max threshold 15)
[43.576s][info ][gc,heap        ] GC(1679) PSYoungGen: 320998K(321024K)->96K(342528K) Eden: 320512K(320512K)->0K(341504K) From: 486K(512K)->96K(1024K)
[43.576s][info ][gc,heap        ] GC(1679) ParOldGen: 4218K(349696K)->4218K(349696K)
[43.576s][info ][gc,metaspace   ] GC(1679) Metaspace: 9583K(9856K)->9583K(9856K) NonClass: 8514K(8640K)->8514K(8640K) Class: 1069K(1216K)->1069K(1216K)
[43.576s][info ][gc             ] GC(1679) Pause Young (Allocation Failure) 317M->4M(676M) 0.271ms
[43.576s][info ][gc,cpu         ] GC(1679) User=0.00s Sys=0.00s Real=0.00s
[43.602s][info ][gc,start       ] GC(1680) Pause Young (Allocation Failure)
[43.602s][debug][gc,age         ] GC(1680) Desired survivor size 1048576 bytes, new threshold 1 (max threshold 15)
[43.602s][info ][gc,heap        ] GC(1680) PSYoungGen: 341400K(342528K)->96K(329728K) Eden: 341304K(341504K)->0K(329216K) From: 96K(1024K)->96K(512K)
[43.602s][info ][gc,heap        ] GC(1680) ParOldGen: 4218K(349696K)->4218K(349696K)
[43.602s][info ][gc,metaspace   ] GC(1680) Metaspace: 9583K(9856K)->9583K(9856K) NonClass: 8514K(8640K)->8514K(8640K) Class: 1069K(1216K)->1069K(1216K)
[43.602s][info ][gc             ] GC(1680) Pause Young (Allocation Failure) 337M->4M(663M) 0.262ms
[43.602s][info ][gc,cpu         ] GC(1680) User=0.01s Sys=0.00s Real=0.00s
[43.626s][info ][gc,start       ] GC(1681) Pause Young (Allocation Failure)
[43.626s][debug][gc,age         ] GC(1681) Desired survivor size 1048576 bytes, new threshold 1 (max threshold 15)
[43.626s][info ][gc,heap        ] GC(1681) PSYoungGen: 329088K(329728K)->96K(318976K) Eden: 328992K(329216K)->0K(317952K) From: 96K(512K)->96K(1024K)
[43.626s][info ][gc,heap        ] GC(1681) ParOldGen: 4218K(349696K)->4218K(349696K)
[43.626s][info ][gc,metaspace   ] GC(1681) Metaspace: 9583K(9856K)->9583K(9856K) NonClass: 8514K(8640K)->8514K(8640K) Class: 1069K(1216K)->1069K(1216K)
[43.626s][info ][gc             ] GC(1681) Pause Young (Allocation Failure) 325M->4M(653M) 0.232ms
[43.626s][info ][gc,cpu         ] GC(1681) User=0.00s Sys=0.00s Real=0.00s
[43.649s][info ][gc,start       ] GC(1682) Pause Young (Allocation Failure)
[43.649s][debug][gc,age         ] GC(1682) Desired survivor size 1048576 bytes, new threshold 1 (max threshold 15)
[43.649s][info ][gc,heap        ] GC(1682) PSYoungGen: 318048K(318976K)->64K(307712K) Eden: 317952K(317952K)->0K(307200K) From: 96K(1024K)->64K(512K)
[43.649s][info ][gc,heap        ] GC(1682) ParOldGen: 4218K(349696K)->4218K(349696K)
[43.649s][info ][gc,metaspace   ] GC(1682) Metaspace: 9583K(9856K)->9583K(9856K) NonClass: 8514K(8640K)->8514K(8640K) Class: 1069K(1216K)->1069K(1216K)
[43.649s][info ][gc             ] GC(1682) Pause Young (Allocation Failure) 314M->4M(642M) 0.287ms
[43.649s][info ][gc,cpu         ] GC(1682) User=0.00s Sys=0.01s Real=0.00s
[43.672s][info ][gc,start       ] GC(1683) Pause Young (Allocation Failure)
[43.672s][debug][gc,age         ] GC(1683) Desired survivor size 1048576 bytes, new threshold 1 (max threshold 15)
[43.672s][info ][gc,heap        ] GC(1683) PSYoungGen: 307118K(307712K)->64K(297472K) Eden: 307054K(307200K)->0K(296448K) From: 64K(512K)->64K(1024K)
[43.672s][info ][gc,heap        ] GC(1683) ParOldGen: 4218K(349696K)->4218K(349696K)
[43.672s][info ][gc,metaspace   ] GC(1683) Metaspace: 9583K(9856K)->9583K(9856K) NonClass: 8514K(8640K)->8514K(8640K) Class: 1069K(1216K)->1069K(1216K)
[43.672s][info ][gc             ] GC(1683) Pause Young (Allocation Failure) 304M->4M(632M) 0.260ms
[43.672s][info ][gc,cpu         ] GC(1683) User=0.01s Sys=0.00s Real=0.00s
[43.694s][info ][gc,start       ] GC(1684) Pause Young (Allocation Failure)
[43.694s][debug][gc,age         ] GC(1684) Desired survivor size 1048576 bytes, new threshold 1 (max threshold 15)
[43.694s][info ][gc,heap        ] GC(1684) PSYoungGen: 296512K(297472K)->486K(286720K) Eden: 296448K(296448K)->0K(286208K) From: 64K(1024K)->486K(512K)
[43.694s][info ][gc,heap        ] GC(1684) ParOldGen: 4218K(349696K)->4218K(349696K)
[43.694s][info ][gc,metaspace   ] GC(1684) Metaspace: 9583K(9856K)->9583K(9856K) NonClass: 8514K(8640K)->8514K(8640K) Class: 1069K(1216K)->1069K(1216K)
[43.694s][info ][gc             ] GC(1684) Pause Young (Allocation Failure) 293M->4M(621M) 0.293ms
[43.694s][info ][gc,cpu         ] GC(1684) User=0.00s Sys=0.00s Real=0.00s
[43.715s][info ][gc,start       ] GC(1685) Pause Young (Allocation Failure)
[43.715s][debug][gc,age         ] GC(1685) Desired survivor size 1048576 bytes, new threshold 1 (max threshold 15)
[43.715s][info ][gc,heap        ] GC(1685) PSYoungGen: 286560K(286720K)->486K(277504K) Eden: 286074K(286208K)->0K(276480K) From: 486K(512K)->486K(1024K)
[43.715s][info ][gc,heap        ] GC(1685) ParOldGen: 4218K(349696K)->4218K(349696K)
[43.715s][info ][gc,metaspace   ] GC(1685) Metaspace: 9583K(9856K)->9583K(9856K) NonClass: 8514K(8640K)->8514K(8640K) Class: 1069K(1216K)->1069K(1216K)
[43.715s][info ][gc             ] GC(1685) Pause Young (Allocation Failure) 283M->4M(612M) 0.265ms
[43.715s][info ][gc,cpu         ] GC(1685) User=0.00s Sys=0.00s Real=0.00s
[43.735s][info ][gc,start       ] GC(1686) Pause Young (Allocation Failure)
[43.735s][debug][gc,age         ] GC(1686) Desired survivor size 1048576 bytes, new threshold 1 (max threshold 15)
[43.735s][info ][gc,heap        ] GC(1686) PSYoungGen: 276682K(277504K)->96K(267776K) Eden: 276196K(276480K)->0K(267264K) From: 486K(1024K)->96K(512K)
[43.735s][info ][gc,heap        ] GC(1686) ParOldGen: 4218K(349696K)->4218K(349696K)
[43.735s][info ][gc,metaspace   ] GC(1686) Metaspace: 9583K(9856K)->9583K(9856K) NonClass: 8514K(8640K)->8514K(8640K) Class: 1069K(1216K)->1069K(1216K)
[43.735s][info ][gc             ] GC(1686) Pause Young (Allocation Failure) 274M->4M(603M) 0.300ms
[43.736s][info ][gc,cpu         ] GC(1686) User=0.00s Sys=0.00s Real=0.01s
[43.755s][info ][gc,start       ] GC(1687) Pause Young (Allocation Failure)
[43.755s][debug][gc,age         ] GC(1687) Desired survivor size 1048576 bytes, new threshold 1 (max threshold 15)
[43.755s][info ][gc,heap        ] GC(1687) PSYoungGen: 267210K(267776K)->96K(259584K) Eden: 267114K(267264K)->0K(258560K) From: 96K(512K)->96K(1024K)
[43.755s][info ][gc,heap        ] GC(1687) ParOldGen: 4218K(349696K)->4218K(349696K)
[43.755s][info ][gc,metaspace   ] GC(1687) Metaspace: 9583K(9856K)->9583K(9856K) NonClass: 8514K(8640K)->8514K(8640K) Class: 1069K(1216K)->1069K(1216K)
[43.755s][info ][gc             ] GC(1687) Pause Young (Allocation Failure) 265M->4M(595M) 0.270ms
[43.755s][info ][gc,cpu         ] GC(1687) User=0.00s Sys=0.00s Real=0.01s
[43.774s][info ][gc,start       ] GC(1688) Pause Young (Allocation Failure)
[43.774s][debug][gc,age         ] GC(1688) Desired survivor size 1048576 bytes, new threshold 1 (max threshold 15)
[43.774s][info ][gc,heap        ] GC(1688) PSYoungGen: 258656K(259584K)->486K(250880K) Eden: 258560K(258560K)->0K(250368K) From: 96K(1024K)->486K(512K)
[43.774s][info ][gc,heap        ] GC(1688) ParOldGen: 4218K(349696K)->4218K(349696K)
[43.774s][info ][gc,metaspace   ] GC(1688) Metaspace: 9583K(9856K)->9583K(9856K) NonClass: 8514K(8640K)->8514K(8640K) Class: 1069K(1216K)->1069K(1216K)
[43.774s][info ][gc             ] GC(1688) Pause Young (Allocation Failure) 256M->4M(586M) 0.265ms
[43.774s][info ][gc,cpu         ] GC(1688) User=0.00s Sys=0.00s Real=0.00s
[43.792s][info ][gc,start       ] GC(1689) Pause Young (Allocation Failure)
[43.793s][debug][gc,age         ] GC(1689) Desired survivor size 1048576 bytes, new threshold 1 (max threshold 15)
[43.793s][info ][gc,heap        ] GC(1689) PSYoungGen: 250699K(250880K)->64K(243200K) Eden: 250212K(250368K)->0K(242176K) From: 486K(512K)->64K(1024K)
[43.793s][info ][gc,heap        ] GC(1689) ParOldGen: 4218K(349696K)->4218K(349696K)
[43.793s][info ][gc,metaspace   ] GC(1689) Metaspace: 9583K(9856K)->9583K(9856K) NonClass: 8514K(8640K)->8514K(8640K) Class: 1069K(1216K)->1069K(1216K)
[43.793s][info ][gc             ] GC(1689) Pause Young (Allocation Failure) 248M->4M(579M) 0.253ms
[43.793s][info ][gc,cpu         ] GC(1689) User=0.00s Sys=0.00s Real=0.00s
[43.810s][info ][gc,start       ] GC(1690) Pause Young (Allocation Failure)
[43.811s][debug][gc,age         ] GC(1690) Desired survivor size 1048576 bytes, new threshold 1 (max threshold 15)
[43.811s][info ][gc,heap        ] GC(1690) PSYoungGen: 241989K(243200K)->454K(235008K) Eden: 241925K(242176K)->0K(234496K) From: 64K(1024K)->454K(512K)
[43.811s][info ][gc,heap        ] GC(1690) ParOldGen: 4218K(349696K)->4218K(349696K)
[43.811s][info ][gc,metaspace   ] GC(1690) Metaspace: 9583K(9856K)->9583K(9856K) NonClass: 8514K(8640K)->8514K(8640K) Class: 1069K(1216K)->1069K(1216K)
[43.811s][info ][gc             ] GC(1690) Pause Young (Allocation Failure) 240M->4M(571M) 0.262ms
[43.811s][info ][gc,cpu         ] GC(1690) User=0.00s Sys=0.01s Real=0.00s
[43.828s][info ][gc,start       ] GC(1691) Pause Young (Allocation Failure)
[43.828s][debug][gc,age         ] GC(1691) Desired survivor size 1048576 bytes, new threshold 1 (max threshold 15)
[43.828s][info ][gc,heap        ] GC(1691) PSYoungGen: 234801K(235008K)->486K(282624K) Eden: 234346K(234496K)->0K(281600K) From: 454K(512K)->486K(1024K)
[43.828s][info ][gc,heap        ] GC(1691) ParOldGen: 4218K(349696K)->4218K(349696K)
[43.828s][info ][gc,metaspace   ] GC(1691) Metaspace: 9583K(9856K)->9583K(9856K) NonClass: 8514K(8640K)->8514K(8640K) Class: 1069K(1216K)->1069K(1216K)
[43.828s][info ][gc             ] GC(1691) Pause Young (Allocation Failure) 233M->4M(617M) 0.303ms
[43.828s][info ][gc,cpu         ] GC(1691) User=0.00s Sys=0.00s Real=0.00s
[43.849s][info ][gc,start       ] GC(1692) Pause Young (Allocation Failure)
[43.849s][debug][gc,age         ] GC(1692) Desired survivor size 1048576 bytes, new threshold 1 (max threshold 15)
[43.849s][info ][gc,heap        ] GC(1692) PSYoungGen: 281751K(282624K)->96K(338432K) Eden: 281264K(281600K)->0K(337920K) From: 486K(1024K)->96K(512K)
[43.849s][info ][gc,heap        ] GC(1692) ParOldGen: 4218K(349696K)->4218K(349696K)
[43.849s][info ][gc,metaspace   ] GC(1692) Metaspace: 9583K(9856K)->9583K(9856K) NonClass: 8514K(8640K)->8514K(8640K) Class: 1069K(1216K)->1069K(1216K)
[43.849s][info ][gc             ] GC(1692) Pause Young (Allocation Failure) 279M->4M(672M) 0.293ms
[43.849s][info ][gc,cpu         ] GC(1692) User=0.00s Sys=0.00s Real=0.00s
[43.873s][info ][gc,start       ] GC(1693) Pause Young (Allocation Failure)
[43.873s][debug][gc,age         ] GC(1693) Desired survivor size 1048576 bytes, new threshold 1 (max threshold 15)
[43.873s][info ][gc,heap        ] GC(1693) PSYoungGen: 338016K(338432K)->64K(344576K) Eden: 337920K(337920K)->0K(343552K) From: 96K(512K)->64K(1024K)
[43.874s][info ][gc,heap        ] GC(1693) ParOldGen: 4218K(349696K)->4218K(349696K)
[43.874s][info ][gc,metaspace   ] GC(1693) Metaspace: 9583K(9856K)->9583K(9856K) NonClass: 8514K(8640K)->8514K(8640K) Class: 1069K(1216K)->1069K(1216K)
[43.874s][info ][gc             ] GC(1693) Pause Young (Allocation Failure) 334M->4M(678M) 0.301ms
[43.874s][info ][gc,cpu         ] GC(1693) User=0.00s Sys=0.00s Real=0.00s
[43.899s][info ][gc,start       ] GC(1694) Pause Young (Allocation Failure)
[43.899s][debug][gc,age         ] GC(1694) Desired survivor size 1048576 bytes, new threshold 1 (max threshold 15)
[43.899s][info ][gc,heap        ] GC(1694) PSYoungGen: 343483K(344576K)->64K(331776K) Eden: 343419K(343552K)->0K(331264K) From: 64K(1024K)->64K(512K)
[43.899s][info ][gc,heap        ] GC(1694) ParOldGen: 4218K(349696K)->4218K(349696K)
[43.899s][info ][gc,metaspace   ] GC(1694) Metaspace: 9583K(9856K)->9583K(9856K) NonClass: 8514K(8640K)->8514K(8640K) Class: 1069K(1216K)->1069K(1216K)
[43.899s][info ][gc             ] GC(1694) Pause Young (Allocation Failure) 339M->4M(665M) 0.235ms
[43.899s][info ][gc,cpu         ] GC(1694) User=0.00s Sys=0.00s Real=0.00s
[43.923s][info ][gc,start       ] GC(1695) Pause Young (Allocation Failure)
[43.923s][debug][gc,age         ] GC(1695) Desired survivor size 1048576 bytes, new threshold 1 (max threshold 15)
[43.923s][info ][gc,heap        ] GC(1695) PSYoungGen: 331328K(331776K)->550K(320512K) Eden: 331264K(331264K)->0K(319488K) From: 64K(512K)->550K(1024K)
[43.923s][info ][gc,heap        ] GC(1695) ParOldGen: 4218K(349696K)->4218K(349696K)
[43.923s][info ][gc,metaspace   ] GC(1695) Metaspace: 9583K(9856K)->9583K(9856K) NonClass: 8514K(8640K)->8514K(8640K) Class: 1069K(1216K)->1069K(1216K)
[43.923s][info ][gc             ] GC(1695) Pause Young (Allocation Failure) 327M->4M(654M) 0.284ms
[43.923s][info ][gc,cpu         ] GC(1695) User=0.00s Sys=0.00s Real=0.00s
[43.948s][info ][gc,start       ] GC(1696) Pause Young (Allocation Failure)
[43.948s][debug][gc,age         ] GC(1696) Desired survivor size 1048576 bytes, new threshold 1 (max threshold 15)
[43.948s][info ][gc,heap        ] GC(1696) PSYoungGen: 320038K(320512K)->823K(347648K) Eden: 319488K(319488K)->0K(346624K) From: 550K(1024K)->823K(1024K)
[43.948s][info ][gc,heap        ] GC(1696) ParOldGen: 4218K(349696K)->4242K(349696K)
[43.948s][info ][gc,metaspace   ] GC(1696) Metaspace: 9715K(9984K)->9715K(9984K) NonClass: 8640K(8768K)->8640K(8768K) Class: 1074K(1216K)->1074K(1216K)
[43.948s][info ][gc             ] GC(1696) Pause Young (Allocation Failure) 316M->4M(681M) 0.408ms
[43.948s][info ][gc,cpu         ] GC(1696) User=0.00s Sys=0.00s Real=0.00s
[43.977s][info ][gc,start       ] GC(1697) Pause Young (Allocation Failure)
[43.978s][debug][gc,age         ] GC(1697) Desired survivor size 1048576 bytes, new threshold 1 (max threshold 15)
[43.978s][info ][gc,heap        ] GC(1697) PSYoungGen: 347234K(347648K)->432K(347648K) Eden: 346411K(346624K)->0K(346624K) From: 823K(1024K)->432K(1024K)
[43.978s][info ][gc,heap        ] GC(1697) ParOldGen: 4242K(349696K)->4482K(349696K)
[43.978s][info ][gc,metaspace   ] GC(1697) Metaspace: 9830K(10112K)->9830K(10112K) NonClass: 8755K(8896K)->8755K(8896K) Class: 1074K(1216K)->1074K(1216K)
[43.978s][info ][gc             ] GC(1697) Pause Young (Allocation Failure) 343M->4M(681M) 0.513ms
[43.978s][info ][gc,cpu         ] GC(1697) User=0.01s Sys=0.00s Real=0.00s
[44.008s][info ][gc,start       ] GC(1698) Pause Young (Allocation Failure)
[44.008s][debug][gc,age         ] GC(1698) Desired survivor size 1572864 bytes, new threshold 1 (max threshold 15)
[44.008s][info ][gc,heap        ] GC(1698) PSYoungGen: 346989K(347648K)->884K(347136K) Eden: 346557K(346624K)->0K(346112K) From: 432K(1024K)->884K(1024K)
[44.008s][info ][gc,heap        ] GC(1698) ParOldGen: 4482K(349696K)->4723K(349696K)
[44.008s][info ][gc,metaspace   ] GC(1698) Metaspace: 9863K(10112K)->9863K(10112K) NonClass: 8788K(8896K)->8788K(8896K) Class: 1074K(1216K)->1074K(1216K)
[44.008s][info ][gc             ] GC(1698) Pause Young (Allocation Failure) 343M->5M(680M) 0.489ms
[44.008s][info ][gc,cpu         ] GC(1698) User=0.00s Sys=0.00s Real=0.00s
[44.039s][info ][gc,start       ] GC(1699) Pause Young (Allocation Failure)
[44.039s][debug][gc,age         ] GC(1699) Desired survivor size 1572864 bytes, new threshold 1 (max threshold 15)
[44.039s][info ][gc,heap        ] GC(1699) PSYoungGen: 346626K(347136K)->860K(347648K) Eden: 345741K(346112K)->0K(346112K) From: 884K(1024K)->860K(1536K)
[44.039s][info ][gc,heap        ] GC(1699) ParOldGen: 4723K(349696K)->5065K(349696K)
[44.039s][info ][gc,metaspace   ] GC(1699) Metaspace: 9883K(10112K)->9883K(10112K) NonClass: 8808K(8896K)->8808K(8896K) Class: 1074K(1216K)->1074K(1216K)
[44.039s][info ][gc             ] GC(1699) Pause Young (Allocation Failure) 343M->5M(681M) 0.439ms
[44.039s][info ][gc,cpu         ] GC(1699) User=0.00s Sys=0.01s Real=0.00s
[44.070s][info ][gc,start       ] GC(1700) Pause Young (Allocation Failure)
[44.071s][debug][gc,age         ] GC(1700) Desired survivor size 1572864 bytes, new threshold 1 (max threshold 15)
[44.071s][info ][gc,heap        ] GC(1700) PSYoungGen: 346944K(347648K)->1016K(347648K) Eden: 346083K(346112K)->0K(346112K) From: 860K(1536K)->1016K(1536K)
[44.071s][info ][gc,heap        ] GC(1700) ParOldGen: 5065K(349696K)->5347K(349696K)
[44.071s][info ][gc,metaspace   ] GC(1700) Metaspace: 9916K(10176K)->9916K(10176K) NonClass: 8842K(8960K)->8842K(8960K) Class: 1074K(1216K)->1074K(1216K)
[44.071s][info ][gc             ] GC(1700) Pause Young (Allocation Failure) 343M->6M(681M) 0.684ms
[44.071s][info ][gc,cpu         ] GC(1700) User=0.01s Sys=0.00s Real=0.00s
[44.102s][info ][gc,start       ] GC(1701) Pause Young (Allocation Failure)
[44.102s][debug][gc,age         ] GC(1701) Desired survivor size 1572864 bytes, new threshold 1 (max threshold 15)
[44.102s][info ][gc,heap        ] GC(1701) PSYoungGen: 346842K(347648K)->935K(347648K) Eden: 345825K(346112K)->0K(346112K) From: 1016K(1536K)->935K(1536K)
[44.102s][info ][gc,heap        ] GC(1701) ParOldGen: 5347K(349696K)->5858K(349696K)
[44.102s][info ][gc,metaspace   ] GC(1701) Metaspace: 9950K(10176K)->9950K(10176K) NonClass: 8875K(8960K)->8875K(8960K) Class: 1074K(1216K)->1074K(1216K)
[44.102s][info ][gc             ] GC(1701) Pause Young (Allocation Failure) 343M->6M(681M) 0.508ms
[44.102s][info ][gc,cpu         ] GC(1701) User=0.01s Sys=0.00s Real=0.00s
[44.135s][info ][gc,start       ] GC(1702) Pause Young (Allocation Failure)
[44.135s][debug][gc,age         ] GC(1702) Desired survivor size 1572864 bytes, new threshold 1 (max threshold 15)
[44.135s][info ][gc,heap        ] GC(1702) PSYoungGen: 346879K(347648K)->620K(347648K) Eden: 345944K(346112K)->0K(346112K) From: 935K(1536K)->620K(1536K)
[44.135s][info ][gc,heap        ] GC(1702) ParOldGen: 5858K(349696K)->6244K(349696K)
[44.135s][info ][gc,metaspace   ] GC(1702) Metaspace: 9983K(10240K)->9983K(10240K) NonClass: 8909K(9024K)->8909K(9024K) Class: 1074K(1216K)->1074K(1216K)
[44.135s][info ][gc             ] GC(1702) Pause Young (Allocation Failure) 344M->6M(681M) 0.450ms
[44.135s][info ][gc,cpu         ] GC(1702) User=0.00s Sys=0.00s Real=0.00s
[44.168s][info ][gc,start       ] GC(1703) Pause Young (Allocation Failure)
[44.168s][debug][gc,age         ] GC(1703) Desired survivor size 2097152 bytes, new threshold 1 (max threshold 15)
[44.168s][info ][gc,heap        ] GC(1703) PSYoungGen: 346473K(347648K)->1236K(347648K) Eden: 345853K(346112K)->0K(346112K) From: 620K(1536K)->1236K(1536K)
[44.168s][info ][gc,heap        ] GC(1703) ParOldGen: 6244K(349696K)->6688K(349696K)
[44.168s][info ][gc,metaspace   ] GC(1703) Metaspace: 10029K(10304K)->10029K(10304K) NonClass: 8954K(9088K)->8954K(9088K) Class: 1074K(1216K)->1074K(1216K)
[44.168s][info ][gc             ] GC(1703) Pause Young (Allocation Failure) 344M->7M(681M) 0.536ms
[44.168s][info ][gc,cpu         ] GC(1703) User=0.00s Sys=0.00s Real=0.00s
[44.202s][info ][gc,start       ] GC(1704) Pause Young (Allocation Failure)
[44.202s][debug][gc,age         ] GC(1704) Desired survivor size 2097152 bytes, new threshold 1 (max threshold 15)
[44.202s][info ][gc,heap        ] GC(1704) PSYoungGen: 347075K(347648K)->1016K(346624K) Eden: 345839K(346112K)->0K(345088K) From: 1236K(1536K)->1016K(1536K)
[44.202s][info ][gc,heap        ] GC(1704) ParOldGen: 6688K(349696K)->7411K(349696K)
[44.202s][info ][gc,metaspace   ] GC(1704) Metaspace: 10037K(10304K)->10037K(10304K) NonClass: 8963K(9088K)->8963K(9088K) Class: 1074K(1216K)->1074K(1216K)
[44.202s][info ][gc             ] GC(1704) Pause Young (Allocation Failure) 345M->8M(680M) 0.437ms
[44.202s][info ][gc,cpu         ] GC(1704) User=0.00s Sys=0.00s Real=0.00s
[44.236s][info ][gc,start       ] GC(1705) Pause Young (Allocation Failure)
[44.237s][debug][gc,age         ] GC(1705) Desired survivor size 2097152 bytes, new threshold 1 (max threshold 15)
[44.237s][info ][gc,heap        ] GC(1705) PSYoungGen: 346009K(346624K)->1010K(347136K) Eden: 344993K(345088K)->0K(345088K) From: 1016K(1536K)->1010K(2048K)
[44.237s][info ][gc,heap        ] GC(1705) ParOldGen: 7411K(349696K)->7876K(349696K)
[44.237s][info ][gc,metaspace   ] GC(1705) Metaspace: 10047K(10304K)->10047K(10304K) NonClass: 8972K(9088K)->8972K(9088K) Class: 1074K(1216K)->1074K(1216K)
[44.237s][info ][gc             ] GC(1705) Pause Young (Allocation Failure) 345M->8M(680M) 0.578ms
[44.237s][info ][gc,cpu         ] GC(1705) User=0.00s Sys=0.00s Real=0.00s
[44.270s][info ][gc,start       ] GC(1706) Pause Young (Allocation Failure)
[44.271s][debug][gc,age         ] GC(1706) Desired survivor size 2097152 bytes, new threshold 1 (max threshold 15)
[44.271s][info ][gc,heap        ] GC(1706) PSYoungGen: 345995K(347136K)->657K(347136K) Eden: 344984K(345088K)->0K(345088K) From: 1010K(2048K)->657K(2048K)
[44.271s][info ][gc,heap        ] GC(1706) ParOldGen: 7876K(349696K)->8411K(349696K)
[44.271s][info ][gc,metaspace   ] GC(1706) Metaspace: 10052K(10304K)->10052K(10304K) NonClass: 8977K(9088K)->8977K(9088K) Class: 1074K(1216K)->1074K(1216K)
[44.271s][info ][gc             ] GC(1706) Pause Young (Allocation Failure) 345M->8M(680M) 0.433ms
[44.271s][info ][gc,cpu         ] GC(1706) User=0.00s Sys=0.00s Real=0.00s
[44.304s][info ][gc,start       ] GC(1707) Pause Young (Allocation Failure)
[44.305s][debug][gc,age         ] GC(1707) Desired survivor size 2097152 bytes, new threshold 1 (max threshold 15)
[44.305s][info ][gc,heap        ] GC(1707) PSYoungGen: 345745K(347136K)->1198K(347136K) Eden: 345088K(345088K)->0K(345088K) From: 657K(2048K)->1198K(2048K)
[44.305s][info ][gc,heap        ] GC(1707) ParOldGen: 8411K(349696K)->8869K(349696K)
[44.305s][info ][gc,metaspace   ] GC(1707) Metaspace: 10066K(10304K)->10066K(10304K) NonClass: 8991K(9088K)->8991K(9088K) Class: 1074K(1216K)->1074K(1216K)
[44.305s][info ][gc             ] GC(1707) Pause Young (Allocation Failure) 345M->9M(680M) 0.454ms
[44.305s][info ][gc,cpu         ] GC(1707) User=0.00s Sys=0.00s Real=0.00s
[44.338s][info ][gc,start       ] GC(1708) Pause Young (Allocation Failure)
[44.338s][debug][gc,age         ] GC(1708) Desired survivor size 2097152 bytes, new threshold 1 (max threshold 15)
[44.338s][info ][gc,heap        ] GC(1708) PSYoungGen: 346075K(347136K)->684K(347136K) Eden: 344877K(345088K)->0K(345088K) From: 1198K(2048K)->684K(2048K)
[44.338s][info ][gc,heap        ] GC(1708) ParOldGen: 8869K(349696K)->9576K(349696K)
[44.338s][info ][gc,metaspace   ] GC(1708) Metaspace: 10077K(10304K)->10077K(10304K) NonClass: 9002K(9088K)->9002K(9088K) Class: 1075K(1216K)->1075K(1216K)
[44.338s][info ][gc             ] GC(1708) Pause Young (Allocation Failure) 346M->10M(680M) 0.485ms
[44.338s][info ][gc,cpu         ] GC(1708) User=0.00s Sys=0.00s Real=0.00s
[44.372s][info ][gc,start       ] GC(1709) Pause Young (Allocation Failure)
[44.373s][debug][gc,age         ] GC(1709) Desired survivor size 1572864 bytes, new threshold 1 (max threshold 15)
[44.373s][info ][gc,heap        ] GC(1709) PSYoungGen: 345575K(347136K)->700K(346112K) Eden: 344890K(345088K)->0K(345088K) From: 684K(2048K)->700K(1024K)
[44.373s][info ][gc,heap        ] GC(1709) ParOldGen: 9576K(349696K)->10087K(349696K)
[44.373s][info ][gc,metaspace   ] GC(1709) Metaspace: 10078K(10304K)->10078K(10304K) NonClass: 9003K(9088K)->9003K(9088K) Class: 1075K(1216K)->1075K(1216K)
[44.373s][info ][gc             ] GC(1709) Pause Young (Allocation Failure) 346M->10M(679M) 0.458ms
[44.373s][info ][gc,cpu         ] GC(1709) User=0.01s Sys=0.00s Real=0.00s
[44.406s][info ][gc,start       ] GC(1710) Pause Young (Allocation Failure)
[44.407s][debug][gc,age         ] GC(1710) Desired survivor size 2097152 bytes, new threshold 1 (max threshold 15)
[44.407s][info ][gc,heap        ] GC(1710) PSYoungGen: 345500K(346112K)->1246K(346112K) Eden: 344799K(345088K)->0K(344576K) From: 700K(1024K)->1246K(1536K)
[44.407s][info ][gc,heap        ] GC(1710) ParOldGen: 10087K(349696K)->10628K(349696K)
[44.407s][info ][gc,metaspace   ] GC(1710) Metaspace: 10084K(10368K)->10084K(10368K) NonClass: 9009K(9152K)->9009K(9152K) Class: 1075K(1216K)->1075K(1216K)
[44.407s][info ][gc             ] GC(1710) Pause Young (Allocation Failure) 347M->11M(679M) 0.552ms
[44.407s][info ][gc,cpu         ] GC(1710) User=0.00s Sys=0.00s Real=0.00s
[44.439s][info ][gc,start       ] GC(1711) Pause Young (Allocation Failure)
[44.440s][debug][gc,age         ] GC(1711) Desired survivor size 2621440 bytes, new threshold 1 (max threshold 15)
[44.440s][info ][gc,heap        ] GC(1711) PSYoungGen: 345822K(346112K)->2018K(346624K) Eden: 344576K(344576K)->0K(344576K) From: 1246K(1536K)->2018K(2048K)
[44.440s][info ][gc,heap        ] GC(1711) ParOldGen: 10628K(349696K)->11315K(349696K)
[44.440s][info ][gc,metaspace   ] GC(1711) Metaspace: 10093K(10368K)->10093K(10368K) NonClass: 9017K(9152K)->9017K(9152K) Class: 1075K(1216K)->1075K(1216K)
[44.440s][info ][gc             ] GC(1711) Pause Young (Allocation Failure) 348M->13M(680M) 0.459ms
[44.440s][info ][gc,cpu         ] GC(1711) User=0.00s Sys=0.01s Real=0.00s
[44.473s][info ][gc,start       ] GC(1712) Pause Young (Allocation Failure)
[44.473s][debug][gc,age         ] GC(1712) Desired survivor size 2621440 bytes, new threshold 1 (max threshold 15)
[44.473s][info ][gc,heap        ] GC(1712) PSYoungGen: 346594K(346624K)->1160K(346624K) Eden: 344576K(344576K)->0K(344064K) From: 2018K(2048K)->1160K(2560K)
[44.473s][info ][gc,heap        ] GC(1712) ParOldGen: 11315K(349696K)->12757K(349696K)
[44.473s][info ][gc,metaspace   ] GC(1712) Metaspace: 10097K(10368K)->10097K(10368K) NonClass: 9022K(9152K)->9022K(9152K) Class: 1075K(1216K)->1075K(1216K)
[44.473s][info ][gc             ] GC(1712) Pause Young (Allocation Failure) 349M->13M(680M) 0.509ms
[44.473s][info ][gc,cpu         ] GC(1712) User=0.00s Sys=0.00s Real=0.00s
[44.506s][info ][gc,start       ] GC(1713) Pause Young (Allocation Failure)
[44.506s][debug][gc,age         ] GC(1713) Desired survivor size 2621440 bytes, new threshold 1 (max threshold 15)
[44.506s][info ][gc,heap        ] GC(1713) PSYoungGen: 345224K(346624K)->1198K(346624K) Eden: 344064K(344064K)->0K(344064K) From: 1160K(2560K)->1198K(2560K)
[44.506s][info ][gc,heap        ] GC(1713) ParOldGen: 12757K(349696K)->13327K(349696K)
[44.506s][info ][gc,metaspace   ] GC(1713) Metaspace: 10099K(10368K)->10099K(10368K) NonClass: 9024K(9152K)->9024K(9152K) Class: 1075K(1216K)->1075K(1216K)
[44.506s][info ][gc             ] GC(1713) Pause Young (Allocation Failure) 349M->14M(680M) 0.453ms
[44.506s][info ][gc,cpu         ] GC(1713) User=0.00s Sys=0.00s Real=0.00s
[44.539s][info ][gc,start       ] GC(1714) Pause Young (Allocation Failure)
[44.539s][debug][gc,age         ] GC(1714) Desired survivor size 2621440 bytes, new threshold 1 (max threshold 15)
[44.539s][info ][gc,heap        ] GC(1714) PSYoungGen: 345206K(346624K)->1198K(346624K) Eden: 344008K(344064K)->0K(344064K) From: 1198K(2560K)->1198K(2560K)
[44.539s][info ][gc,heap        ] GC(1714) ParOldGen: 13327K(349696K)->13951K(349696K)
[44.539s][info ][gc,metaspace   ] GC(1714) Metaspace: 10108K(10368K)->10108K(10368K) NonClass: 9033K(9152K)->9033K(9152K) Class: 1075K(1216K)->1075K(1216K)
[44.539s][info ][gc             ] GC(1714) Pause Young (Allocation Failure) 350M->14M(680M) 0.465ms
[44.539s][info ][gc,cpu         ] GC(1714) User=0.00s Sys=0.00s Real=0.00s
[44.571s][info ][gc,start       ] GC(1715) Pause Young (Allocation Failure)
[44.572s][debug][gc,age         ] GC(1715) Desired survivor size 2097152 bytes, new threshold 1 (max threshold 15)
[44.572s][info ][gc,heap        ] GC(1715) PSYoungGen: 345179K(346624K)->835K(345088K) Eden: 343980K(344064K)->0K(344064K) From: 1198K(2560K)->835K(1024K)
[44.572s][info ][gc,heap        ] GC(1715) ParOldGen: 13951K(349696K)->14575K(349696K)
[44.572s][info ][gc,metaspace   ] GC(1715) Metaspace: 10127K(10368K)->10127K(10368K) NonClass: 9051K(9152K)->9051K(9152K) Class: 1075K(1216K)->1075K(1216K)
[44.572s][info ][gc             ] GC(1715) Pause Young (Allocation Failure) 350M->15M(678M) 0.492ms
[44.572s][info ][gc,cpu         ] GC(1715) User=0.00s Sys=0.00s Real=0.00s
[44.604s][info ][gc,start       ] GC(1716) Pause Young (Allocation Failure)
[44.605s][debug][gc,age         ] GC(1716) Desired survivor size 2097152 bytes, new threshold 1 (max threshold 15)
[44.605s][info ][gc,heap        ] GC(1716) PSYoungGen: 344899K(345088K)->810K(346112K) Eden: 344064K(344064K)->0K(344064K) From: 835K(1024K)->810K(2048K)
[44.605s][info ][gc,heap        ] GC(1716) ParOldGen: 14575K(349696K)->15300K(349696K)
[44.605s][info ][gc,metaspace   ] GC(1716) Metaspace: 10129K(10368K)->10129K(10368K) NonClass: 9053K(9152K)->9053K(9152K) Class: 1075K(1216K)->1075K(1216K)
[44.605s][info ][gc             ] GC(1716) Pause Young (Allocation Failure) 351M->15M(679M) 0.522ms
[44.605s][info ][gc,cpu         ] GC(1716) User=0.00s Sys=0.00s Real=0.00s
[44.636s][info ][gc,start       ] GC(1717) Pause Young (Allocation Failure)
[44.636s][debug][gc,age         ] GC(1717) Desired survivor size 2097152 bytes, new threshold 1 (max threshold 15)
[44.636s][info ][gc,heap        ] GC(1717) PSYoungGen: 344689K(346112K)->1164K(346112K) Eden: 343879K(344064K)->0K(344064K) From: 810K(2048K)->1164K(2048K)
[44.636s][info ][gc,heap        ] GC(1717) ParOldGen: 15300K(349696K)->15999K(349696K)
[44.636s][info ][gc,metaspace   ] GC(1717) Metaspace: 10131K(10368K)->10131K(10368K) NonClass: 9055K(9152K)->9055K(9152K) Class: 1075K(1216K)->1075K(1216K)
[44.637s][info ][gc             ] GC(1717) Pause Young (Allocation Failure) 351M->16M(679M) 0.484ms
[44.637s][info ][gc,cpu         ] GC(1717) User=0.01s Sys=0.00s Real=0.00s
[44.666s][info ][gc,start       ] GC(1718) Pause Young (Allocation Failure)
[44.667s][debug][gc,age         ] GC(1718) Desired survivor size 2097152 bytes, new threshold 1 (max threshold 15)
[44.667s][info ][gc,heap        ] GC(1718) PSYoungGen: 344952K(346112K)->882K(347136K) Eden: 343787K(344064K)->0K(345088K) From: 1164K(2048K)->882K(2048K)
[44.667s][info ][gc,heap        ] GC(1718) ParOldGen: 15999K(349696K)->16593K(349696K)
[44.667s][info ][gc,metaspace   ] GC(1718) Metaspace: 10133K(10368K)->10133K(10368K) NonClass: 9057K(9152K)->9057K(9152K) Class: 1075K(1216K)->1075K(1216K)
[44.667s][info ][gc             ] GC(1718) Pause Young (Allocation Failure) 352M->17M(680M) 0.424ms
[44.667s][info ][gc,cpu         ] GC(1718) User=0.00s Sys=0.00s Real=0.00s
[44.696s][info ][gc,start       ] GC(1719) Pause Young (Allocation Failure)
[44.697s][debug][gc,age         ] GC(1719) Desired survivor size 2097152 bytes, new threshold 1 (max threshold 15)
[44.697s][info ][gc,heap        ] GC(1719) PSYoungGen: 345970K(347136K)->1168K(347136K) Eden: 345088K(345088K)->0K(345088K) From: 882K(2048K)->1168K(2048K)
[44.697s][info ][gc,heap        ] GC(1719) ParOldGen: 16593K(349696K)->17351K(349696K)
[44.697s][info ][gc,metaspace   ] GC(1719) Metaspace: 10162K(10432K)->10162K(10432K) NonClass: 9086K(9216K)->9086K(9216K) Class: 1075K(1216K)->1075K(1216K)
[44.697s][info ][gc             ] GC(1719) Pause Young (Allocation Failure) 354M->18M(680M) 0.516ms
[44.697s][info ][gc,cpu         ] GC(1719) User=0.00s Sys=0.00s Real=0.00s
[44.725s][info ][gc,start       ] GC(1720) Pause Young (Allocation Failure)
[44.726s][debug][gc,age         ] GC(1720) Desired survivor size 2097152 bytes, new threshold 1 (max threshold 15)
[44.726s][info ][gc,heap        ] GC(1720) PSYoungGen: 345969K(347136K)->1094K(347136K) Eden: 344801K(345088K)->0K(345088K) From: 1168K(2048K)->1094K(2048K)
[44.726s][info ][gc,heap        ] GC(1720) ParOldGen: 17351K(349696K)->18012K(349696K)
[44.726s][info ][gc,metaspace   ] GC(1720) Metaspace: 10185K(10432K)->10185K(10432K) NonClass: 9109K(9216K)->9109K(9216K) Class: 1075K(1216K)->1075K(1216K)
[44.726s][info ][gc             ] GC(1720) Pause Young (Allocation Failure) 354M->18M(680M) 0.512ms
[44.726s][info ][gc,cpu         ] GC(1720) User=0.00s Sys=0.00s Real=0.01s
[44.755s][info ][gc,start       ] GC(1721) Pause Young (Allocation Failure)
[44.756s][debug][gc,age         ] GC(1721) Desired survivor size 2097152 bytes, new threshold 1 (max threshold 15)
[44.756s][info ][gc,heap        ] GC(1721) PSYoungGen: 346156K(347136K)->833K(347136K) Eden: 345061K(345088K)->0K(345088K) From: 1094K(2048K)->833K(2048K)
[44.756s][info ][gc,heap        ] GC(1721) ParOldGen: 18012K(349696K)->18606K(349696K)
[44.756s][info ][gc,metaspace   ] GC(1721) Metaspace: 10190K(10432K)->10190K(10432K) NonClass: 9115K(9216K)->9115K(9216K) Class: 1075K(1216K)->1075K(1216K)
[44.756s][info ][gc             ] GC(1721) Pause Young (Allocation Failure) 355M->18M(680M) 0.512ms
[44.756s][info ][gc,cpu         ] GC(1721) User=0.00s Sys=0.00s Real=0.01s
[44.785s][info ][gc,start       ] GC(1722) Pause Young (Allocation Failure)
[44.785s][debug][gc,age         ] GC(1722) Desired survivor size 2097152 bytes, new threshold 1 (max threshold 15)
[44.785s][info ][gc,heap        ] GC(1722) PSYoungGen: 345921K(347136K)->750K(347136K) Eden: 345088K(345088K)->0K(345088K) From: 833K(2048K)->750K(2048K)
[44.785s][info ][gc,heap        ] GC(1722) ParOldGen: 18606K(349696K)->19275K(349696K)
[44.785s][info ][gc,metaspace   ] GC(1722) Metaspace: 10221K(10496K)->10221K(10496K) NonClass: 9146K(9280K)->9146K(9280K) Class: 1075K(1216K)->1075K(1216K)
[44.785s][info ][gc             ] GC(1722) Pause Young (Allocation Failure) 355M->19M(680M) 0.494ms
[44.785s][info ][gc,cpu         ] GC(1722) User=0.01s Sys=0.00s Real=0.01s
[44.814s][info ][gc,start       ] GC(1723) Pause Young (Allocation Failure)
[44.815s][debug][gc,age         ] GC(1723) Desired survivor size 2097152 bytes, new threshold 1 (max threshold 15)
[44.815s][info ][gc,heap        ] GC(1723) PSYoungGen: 345578K(347136K)->909K(347136K) Eden: 344828K(345088K)->0K(345088K) From: 750K(2048K)->909K(2048K)
[44.815s][info ][gc,heap        ] GC(1723) ParOldGen: 19275K(349696K)->19853K(349696K)
[44.815s][info ][gc,metaspace   ] GC(1723) Metaspace: 10232K(10496K)->10232K(10496K) NonClass: 9156K(9280K)->9156K(9280K) Class: 1075K(1216K)->1075K(1216K)
[44.815s][info ][gc             ] GC(1723) Pause Young (Allocation Failure) 356M->20M(680M) 0.513ms
[44.815s][info ][gc,cpu         ] GC(1723) User=0.01s Sys=0.00s Real=0.00s
[44.844s][info ][gc,start       ] GC(1724) Pause Young (Allocation Failure)
[44.845s][debug][gc,age         ] GC(1724) Desired survivor size 2097152 bytes, new threshold 1 (max threshold 15)
[44.845s][info ][gc,heap        ] GC(1724) PSYoungGen: 345997K(347136K)->710K(347136K) Eden: 345088K(345088K)->0K(345088K) From: 909K(2048K)->710K(2048K)
[44.845s][info ][gc,heap        ] GC(1724) ParOldGen: 19853K(349696K)->20568K(349696K)
[44.845s][info ][gc,metaspace   ] GC(1724) Metaspace: 10234K(10496K)->10234K(10496K) NonClass: 9159K(9280K)->9159K(9280K) Class: 1075K(1216K)->1075K(1216K)
[44.845s][info ][gc             ] GC(1724) Pause Young (Allocation Failure) 357M->20M(680M) 0.515ms
[44.845s][info ][gc,cpu         ] GC(1724) User=0.00s Sys=0.00s Real=0.00s
[44.874s][info ][gc,start       ] GC(1725) Pause Young (Allocation Failure)
[44.874s][debug][gc,age         ] GC(1725) Desired survivor size 2097152 bytes, new threshold 1 (max threshold 15)
[44.874s][info ][gc,heap        ] GC(1725) PSYoungGen: 345632K(347136K)->1151K(347136K) Eden: 344922K(345088K)->0K(345088K) From: 710K(2048K)->1151K(2048K)
[44.874s][info ][gc,heap        ] GC(1725) ParOldGen: 20568K(349696K)->21071K(349696K)
[44.874s][info ][gc,metaspace   ] GC(1725) Metaspace: 10235K(10496K)->10235K(10496K) NonClass: 9160K(9280K)->9160K(9280K) Class: 1075K(1216K)->1075K(1216K)
[44.874s][info ][gc             ] GC(1725) Pause Young (Allocation Failure) 357M->21M(680M) 0.485ms
[44.874s][info ][gc,cpu         ] GC(1725) User=0.00s Sys=0.00s Real=0.00s
[44.903s][info ][gc,start       ] GC(1726) Pause Young (Allocation Failure)
[44.904s][debug][gc,age         ] GC(1726) Desired survivor size 2097152 bytes, new threshold 1 (max threshold 15)
[44.904s][info ][gc,heap        ] GC(1726) PSYoungGen: 346114K(347136K)->2042K(347136K) Eden: 344963K(345088K)->0K(345088K) From: 1151K(2048K)->2042K(2048K)
[44.904s][info ][gc,heap        ] GC(1726) ParOldGen: 21071K(349696K)->22896K(349696K)
[44.904s][info ][gc,metaspace   ] GC(1726) Metaspace: 10241K(10496K)->10241K(10496K) NonClass: 9166K(9280K)->9166K(9280K) Class: 1075K(1216K)->1075K(1216K)
[44.904s][info ][gc             ] GC(1726) Pause Young (Allocation Failure) 358M->24M(680M) 0.625ms
[44.904s][info ][gc,cpu         ] GC(1726) User=0.01s Sys=0.00s Real=0.00s
[44.934s][info ][gc,start       ] GC(1727) Pause Young (Allocation Failure)
[44.934s][debug][gc,age         ] GC(1727) Desired survivor size 2097152 bytes, new threshold 1 (max threshold 15)
[44.934s][info ][gc,heap        ] GC(1727) PSYoungGen: 347088K(347136K)->902K(347136K) Eden: 345045K(345088K)->0K(345088K) From: 2042K(2048K)->902K(2048K)
[44.934s][info ][gc,heap        ] GC(1727) ParOldGen: 22896K(349696K)->23428K(349696K)
[44.934s][info ][gc,metaspace   ] GC(1727) Metaspace: 10244K(10496K)->10244K(10496K) NonClass: 9168K(9280K)->9168K(9280K) Class: 1075K(1216K)->1075K(1216K)
[44.934s][info ][gc             ] GC(1727) Pause Young (Allocation Failure) 361M->23M(680M) 0.543ms
[44.934s][info ][gc,cpu         ] GC(1727) User=0.01s Sys=0.00s Real=0.00s
[44.963s][info ][gc,start       ] GC(1728) Pause Young (Allocation Failure)
[44.964s][debug][gc,age         ] GC(1728) Desired survivor size 2097152 bytes, new threshold 1 (max threshold 15)
[44.964s][info ][gc,heap        ] GC(1728) PSYoungGen: 345689K(347136K)->1364K(347136K) Eden: 344786K(345088K)->0K(345088K) From: 902K(2048K)->1364K(2048K)
[44.964s][info ][gc,heap        ] GC(1728) ParOldGen: 23428K(349696K)->24127K(349696K)
[44.964s][info ][gc,metaspace   ] GC(1728) Metaspace: 10250K(10496K)->10250K(10496K) NonClass: 9175K(9280K)->9175K(9280K) Class: 1075K(1216K)->1075K(1216K)
[44.964s][info ][gc             ] GC(1728) Pause Young (Allocation Failure) 360M->24M(680M) 0.511ms
[44.964s][info ][gc,cpu         ] GC(1728) User=0.00s Sys=0.00s Real=0.00s
[44.994s][info ][gc,start       ] GC(1729) Pause Young (Allocation Failure)
[44.994s][debug][gc,age         ] GC(1729) Desired survivor size 2097152 bytes, new threshold 1 (max threshold 15)
[44.994s][info ][gc,heap        ] GC(1729) PSYoungGen: 346160K(347136K)->885K(347136K) Eden: 344795K(345088K)->0K(345088K) From: 1364K(2048K)->885K(2048K)
[44.994s][info ][gc,heap        ] GC(1729) ParOldGen: 24127K(349696K)->24855K(349696K)
[44.994s][info ][gc,metaspace   ] GC(1729) Metaspace: 10265K(10496K)->10265K(10496K) NonClass: 9190K(9280K)->9190K(9280K) Class: 1075K(1216K)->1075K(1216K)
[44.994s][info ][gc             ] GC(1729) Pause Young (Allocation Failure) 361M->25M(680M) 0.589ms
[44.994s][info ][gc,cpu         ] GC(1729) User=0.00s Sys=0.01s Real=0.00s
[45.024s][info ][gc,start       ] GC(1730) Pause Young (Allocation Failure)
[45.025s][debug][gc,age         ] GC(1730) Desired survivor size 2097152 bytes, new threshold 1 (max threshold 15)
[45.025s][info ][gc,heap        ] GC(1730) PSYoungGen: 345973K(347136K)->907K(347136K) Eden: 345088K(345088K)->0K(345088K) From: 885K(2048K)->907K(2048K)
[45.025s][info ][gc,heap        ] GC(1730) ParOldGen: 24855K(349696K)->25487K(349696K)
[45.025s][info ][gc,metaspace   ] GC(1730) Metaspace: 10274K(10496K)->10274K(10496K) NonClass: 9199K(9280K)->9199K(9280K) Class: 1075K(1216K)->1075K(1216K)
[45.025s][info ][gc             ] GC(1730) Pause Young (Allocation Failure) 362M->25M(680M) 0.547ms
[45.025s][info ][gc,cpu         ] GC(1730) User=0.00s Sys=0.00s Real=0.00s
[45.055s][info ][gc,start       ] GC(1731) Pause Young (Allocation Failure)
[45.055s][debug][gc,age         ] GC(1731) Desired survivor size 2097152 bytes, new threshold 1 (max threshold 15)
[45.055s][info ][gc,heap        ] GC(1731) PSYoungGen: 345717K(347136K)->1068K(347136K) Eden: 344810K(345088K)->0K(345088K) From: 907K(2048K)->1068K(2048K)
[45.055s][info ][gc,heap        ] GC(1731) ParOldGen: 25487K(349696K)->26231K(349696K)
[45.055s][info ][gc,metaspace   ] GC(1731) Metaspace: 10285K(10560K)->10285K(10560K) NonClass: 9209K(9344K)->9209K(9344K) Class: 1075K(1216K)->1075K(1216K)
[45.055s][info ][gc             ] GC(1731) Pause Young (Allocation Failure) 362M->26M(680M) 0.504ms
[45.055s][info ][gc,cpu         ] GC(1731) User=0.00s Sys=0.00s Real=0.01s
[45.085s][info ][gc,start       ] GC(1732) Pause Young (Allocation Failure)
[45.086s][debug][gc,age         ] GC(1732) Desired survivor size 2097152 bytes, new threshold 1 (max threshold 15)
[45.086s][info ][gc,heap        ] GC(1732) PSYoungGen: 346149K(347136K)->1333K(347136K) Eden: 345080K(345088K)->0K(345088K) From: 1068K(2048K)->1333K(2048K)
[45.086s][info ][gc,heap        ] GC(1732) ParOldGen: 26231K(349696K)->26976K(349696K)
[45.086s][info ][gc,metaspace   ] GC(1732) Metaspace: 10290K(10560K)->10290K(10560K) NonClass: 9214K(9344K)->9214K(9344K) Class: 1075K(1216K)->1075K(1216K)
[45.086s][info ][gc             ] GC(1732) Pause Young (Allocation Failure) 363M->27M(680M) 0.543ms
[45.086s][info ][gc,cpu         ] GC(1732) User=0.01s Sys=0.00s Real=0.00s
[45.117s][info ][gc,start       ] GC(1733) Pause Young (Allocation Failure)
[45.117s][debug][gc,age         ] GC(1733) Desired survivor size 2097152 bytes, new threshold 1 (max threshold 15)
[45.117s][info ][gc,heap        ] GC(1733) PSYoungGen: 346404K(347136K)->1551K(347136K) Eden: 345071K(345088K)->0K(345088K) From: 1333K(2048K)->1551K(2048K)
[45.117s][info ][gc,heap        ] GC(1733) ParOldGen: 26976K(349696K)->27741K(349696K)
[45.117s][info ][gc,metaspace   ] GC(1733) Metaspace: 10299K(10560K)->10299K(10560K) NonClass: 9223K(9344K)->9223K(9344K) Class: 1075K(1216K)->1075K(1216K)
[45.117s][info ][gc             ] GC(1733) Pause Young (Allocation Failure) 364M->28M(680M) 0.428ms
[45.117s][info ][gc,cpu         ] GC(1733) User=0.00s Sys=0.00s Real=0.00s
[45.147s][info ][gc,start       ] GC(1734) Pause Young (Allocation Failure)
[45.148s][debug][gc,age         ] GC(1734) Desired survivor size 2097152 bytes, new threshold 1 (max threshold 15)
[45.148s][info ][gc,heap        ] GC(1734) PSYoungGen: 346431K(347136K)->1341K(347136K) Eden: 344880K(345088K)->0K(345088K) From: 1551K(2048K)->1341K(2048K)
[45.148s][info ][gc,heap        ] GC(1734) ParOldGen: 27741K(349696K)->28636K(349696K)
[45.148s][info ][gc,metaspace   ] GC(1734) Metaspace: 10299K(10560K)->10299K(10560K) NonClass: 9223K(9344K)->9223K(9344K) Class: 1075K(1216K)->1075K(1216K)
[45.148s][info ][gc             ] GC(1734) Pause Young (Allocation Failure) 365M->29M(680M) 0.517ms
[45.148s][info ][gc,cpu         ] GC(1734) User=0.01s Sys=0.00s Real=0.00s
[45.178s][info ][gc,start       ] GC(1735) Pause Young (GCLocker Initiated GC)
[45.179s][debug][gc,age         ] GC(1735) Desired survivor size 2097152 bytes, new threshold 1 (max threshold 15)
[45.179s][info ][gc,heap        ] GC(1735) PSYoungGen: 346361K(347136K)->1471K(347136K) Eden: 345019K(345088K)->0K(345088K) From: 1341K(2048K)->1471K(2048K)
[45.179s][info ][gc,heap        ] GC(1735) ParOldGen: 29026K(349696K)->29792K(349696K)
[45.179s][info ][gc,metaspace   ] GC(1735) Metaspace: 10299K(10560K)->10299K(10560K) NonClass: 9223K(9344K)->9223K(9344K) Class: 1075K(1216K)->1075K(1216K)
[45.179s][info ][gc             ] GC(1735) Pause Young (GCLocker Initiated GC) 366M->30M(680M) 0.481ms
[45.179s][info ][gc,cpu         ] GC(1735) User=0.01s Sys=0.00s Real=0.00s
[45.211s][info ][gc,start       ] GC(1736) Pause Young (Allocation Failure)
[45.211s][debug][gc,age         ] GC(1736) Desired survivor size 2097152 bytes, new threshold 1 (max threshold 15)
[45.211s][info ][gc,heap        ] GC(1736) PSYoungGen: 346559K(347136K)->888K(347136K) Eden: 345088K(345088K)->0K(345088K) From: 1471K(2048K)->888K(2048K)
[45.211s][info ][gc,heap        ] GC(1736) ParOldGen: 39888K(349696K)->40753K(349696K)
[45.212s][info ][gc,metaspace   ] GC(1736) Metaspace: 10299K(10560K)->10299K(10560K) NonClass: 9223K(9344K)->9223K(9344K) Class: 1075K(1216K)->1075K(1216K)
[45.212s][info ][gc             ] GC(1736) Pause Young (Allocation Failure) 377M->40M(680M) 0.778ms
[45.212s][info ][gc,cpu         ] GC(1736) User=0.00s Sys=0.00s Real=0.00s
[45.241s][info ][gc,start       ] GC(1737) Pause Young (Allocation Failure)
[45.242s][debug][gc,age         ] GC(1737) Desired survivor size 2097152 bytes, new threshold 1 (max threshold 15)
[45.242s][info ][gc,heap        ] GC(1737) PSYoungGen: 345788K(347136K)->1156K(347136K) Eden: 344900K(345088K)->0K(345088K) From: 888K(2048K)->1156K(2048K)
[45.242s][info ][gc,heap        ] GC(1737) ParOldGen: 40753K(349696K)->41534K(349696K)
[45.242s][info ][gc,metaspace   ] GC(1737) Metaspace: 10300K(10560K)->10300K(10560K) NonClass: 9224K(9344K)->9224K(9344K) Class: 1075K(1216K)->1075K(1216K)
[45.242s][info ][gc             ] GC(1737) Pause Young (Allocation Failure) 377M->41M(680M) 0.770ms
[45.242s][info ][gc,cpu         ] GC(1737) User=0.00s Sys=0.00s Real=0.00s
[45.272s][info ][gc,start       ] GC(1738) Pause Young (GCLocker Initiated GC)
[45.273s][debug][gc,age         ] GC(1738) Desired survivor size 2097152 bytes, new threshold 1 (max threshold 15)
[45.273s][info ][gc,heap        ] GC(1738) PSYoungGen: 346244K(347136K)->1021K(347136K) Eden: 345088K(345088K)->0K(345088K) From: 1156K(2048K)->1021K(2048K)
[45.273s][info ][gc,heap        ] GC(1738) ParOldGen: 41925K(349696K)->42848K(349696K)
[45.273s][info ][gc,metaspace   ] GC(1738) Metaspace: 10300K(10560K)->10300K(10560K) NonClass: 9225K(9344K)->9225K(9344K) Class: 1075K(1216K)->1075K(1216K)
[45.273s][info ][gc             ] GC(1738) Pause Young (GCLocker Initiated GC) 379M->42M(680M) 0.994ms
[45.273s][info ][gc,cpu         ] GC(1738) User=0.00s Sys=0.00s Real=0.00s
[45.303s][info ][gc,start       ] GC(1739) Pause Young (Allocation Failure)
[45.304s][debug][gc,age         ] GC(1739) Desired survivor size 2097152 bytes, new threshold 1 (max threshold 15)
[45.304s][info ][gc,heap        ] GC(1739) PSYoungGen: 346109K(347136K)->903K(347136K) Eden: 345088K(345088K)->0K(345088K) From: 1021K(2048K)->903K(2048K)
[45.304s][info ][gc,heap        ] GC(1739) ParOldGen: 46186K(349696K)->47072K(349696K)
[45.304s][info ][gc,metaspace   ] GC(1739) Metaspace: 10305K(10560K)->10305K(10560K) NonClass: 9229K(9344K)->9229K(9344K) Class: 1075K(1216K)->1075K(1216K)
[45.304s][info ][gc             ] GC(1739) Pause Young (Allocation Failure) 383M->46M(680M) 0.904ms
[45.304s][info ][gc,cpu         ] GC(1739) User=0.00s Sys=0.00s Real=0.00s
[45.334s][info ][gc,start       ] GC(1740) Pause Young (Allocation Failure)
[45.335s][debug][gc,age         ] GC(1740) Desired survivor size 2097152 bytes, new threshold 1 (max threshold 15)
[45.335s][info ][gc,heap        ] GC(1740) PSYoungGen: 345958K(347136K)->1205K(347136K) Eden: 345054K(345088K)->0K(345088K) From: 903K(2048K)->1205K(2048K)
[45.335s][info ][gc,heap        ] GC(1740) ParOldGen: 47072K(349696K)->47776K(349696K)
[45.335s][info ][gc,metaspace   ] GC(1740) Metaspace: 10305K(10560K)->10305K(10560K) NonClass: 9229K(9344K)->9229K(9344K) Class: 1075K(1216K)->1075K(1216K)
[45.335s][info ][gc             ] GC(1740) Pause Young (Allocation Failure) 383M->47M(680M) 0.885ms
[45.335s][info ][gc,cpu         ] GC(1740) User=0.01s Sys=0.00s Real=0.00s
[45.365s][info ][gc,start       ] GC(1741) Pause Young (Allocation Failure)
[45.366s][debug][gc,age         ] GC(1741) Desired survivor size 2097152 bytes, new threshold 1 (max threshold 15)
[45.366s][info ][gc,heap        ] GC(1741) PSYoungGen: 346168K(347136K)->1634K(347136K) Eden: 344962K(345088K)->0K(345088K) From: 1205K(2048K)->1634K(2048K)
[45.366s][info ][gc,heap        ] GC(1741) ParOldGen: 47776K(349696K)->48678K(349696K)
[45.366s][info ][gc,metaspace   ] GC(1741) Metaspace: 10305K(10560K)->10305K(10560K) NonClass: 9229K(9344K)->9229K(9344K) Class: 1075K(1216K)->1075K(1216K)
[45.366s][info ][gc             ] GC(1741) Pause Young (Allocation Failure) 384M->49M(680M) 0.946ms
[45.366s][info ][gc,cpu         ] GC(1741) User=0.01s Sys=0.00s Real=0.01s
[45.396s][info ][gc,start       ] GC(1742) Pause Young (Allocation Failure)
[45.397s][debug][gc,age         ] GC(1742) Desired survivor size 2097152 bytes, new threshold 1 (max threshold 15)
[45.397s][info ][gc,heap        ] GC(1742) PSYoungGen: 346587K(347136K)->1525K(347136K) Eden: 344953K(345088K)->0K(345088K) From: 1634K(2048K)->1525K(2048K)
[45.397s][info ][gc,heap        ] GC(1742) ParOldGen: 48678K(349696K)->49727K(349696K)
[45.397s][info ][gc,metaspace   ] GC(1742) Metaspace: 10305K(10560K)->10305K(10560K) NonClass: 9229K(9344K)->9229K(9344K) Class: 1075K(1216K)->1075K(1216K)
[45.397s][info ][gc             ] GC(1742) Pause Young (Allocation Failure) 386M->50M(680M) 0.915ms
[45.397s][info ][gc,cpu         ] GC(1742) User=0.01s Sys=0.00s Real=0.00s
[45.427s][info ][gc,start       ] GC(1743) Pause Young (Allocation Failure)
[45.428s][debug][gc,age         ] GC(1743) Desired survivor size 2097152 bytes, new threshold 1 (max threshold 15)
[45.428s][info ][gc,heap        ] GC(1743) PSYoungGen: 346568K(347136K)->1175K(347136K) Eden: 345042K(345088K)->0K(345088K) From: 1525K(2048K)->1175K(2048K)
[45.428s][info ][gc,heap        ] GC(1743) ParOldGen: 49727K(349696K)->50659K(349696K)
[45.428s][info ][gc,metaspace   ] GC(1743) Metaspace: 10305K(10560K)->10305K(10560K) NonClass: 9229K(9344K)->9229K(9344K) Class: 1075K(1216K)->1075K(1216K)
[45.428s][info ][gc             ] GC(1743) Pause Young (Allocation Failure) 387M->50M(680M) 1.045ms
[45.428s][info ][gc,cpu         ] GC(1743) User=0.00s Sys=0.00s Real=0.00s
[45.458s][info ][gc,start       ] GC(1744) Pause Young (Allocation Failure)
[45.459s][debug][gc,age         ] GC(1744) Desired survivor size 2097152 bytes, new threshold 1 (max threshold 15)
[45.459s][info ][gc,heap        ] GC(1744) PSYoungGen: 346185K(347136K)->1759K(347136K) Eden: 345010K(345088K)->0K(345088K) From: 1175K(2048K)->1759K(2048K)
[45.459s][info ][gc,heap        ] GC(1744) ParOldGen: 50659K(349696K)->51544K(349696K)
[45.459s][info ][gc,metaspace   ] GC(1744) Metaspace: 10305K(10560K)->10305K(10560K) NonClass: 9230K(9344K)->9230K(9344K) Class: 1075K(1216K)->1075K(1216K)
[45.459s][info ][gc             ] GC(1744) Pause Young (Allocation Failure) 387M->52M(680M) 0.874ms
[45.459s][info ][gc,cpu         ] GC(1744) User=0.00s Sys=0.00s Real=0.00s
[45.488s][info ][gc,start       ] GC(1745) Pause Young (Allocation Failure)
[45.489s][debug][gc,age         ] GC(1745) Desired survivor size 2097152 bytes, new threshold 1 (max threshold 15)
[45.489s][info ][gc,heap        ] GC(1745) PSYoungGen: 346641K(347136K)->1153K(347136K) Eden: 344881K(345088K)->0K(345088K) From: 1759K(2048K)->1153K(2048K)
[45.489s][info ][gc,heap        ] GC(1745) ParOldGen: 51544K(349696K)->52551K(349696K)
[45.489s][info ][gc,metaspace   ] GC(1745) Metaspace: 10307K(10560K)->10307K(10560K) NonClass: 9231K(9344K)->9231K(9344K) Class: 1075K(1216K)->1075K(1216K)
[45.489s][info ][gc             ] GC(1745) Pause Young (Allocation Failure) 388M->52M(680M) 0.960ms
[45.489s][info ][gc,cpu         ] GC(1745) User=0.00s Sys=0.00s Real=0.00s
[45.518s][info ][gc,start       ] GC(1746) Pause Young (Allocation Failure)
[45.519s][debug][gc,age         ] GC(1746) Desired survivor size 2097152 bytes, new threshold 1 (max threshold 15)
[45.519s][info ][gc,heap        ] GC(1746) PSYoungGen: 346105K(347136K)->1580K(347136K) Eden: 344952K(345088K)->0K(345088K) From: 1153K(2048K)->1580K(2048K)
[45.519s][info ][gc,heap        ] GC(1746) ParOldGen: 52551K(349696K)->53437K(349696K)
[45.519s][info ][gc,metaspace   ] GC(1746) Metaspace: 10307K(10560K)->10307K(10560K) NonClass: 9231K(9344K)->9231K(9344K) Class: 1075K(1216K)->1075K(1216K)
[45.519s][info ][gc             ] GC(1746) Pause Young (Allocation Failure) 389M->53M(680M) 0.864ms
[45.519s][info ][gc,cpu         ] GC(1746) User=0.00s Sys=0.00s Real=0.00s
[45.550s][info ][gc,start       ] GC(1747) Pause Young (Allocation Failure)
[45.550s][debug][gc,age         ] GC(1747) Desired survivor size 2621440 bytes, new threshold 1 (max threshold 15)
[45.550s][info ][gc,heap        ] GC(1747) PSYoungGen: 346544K(347136K)->1741K(347136K) Eden: 344964K(345088K)->0K(345088K) From: 1580K(2048K)->1741K(2048K)
[45.550s][info ][gc,heap        ] GC(1747) ParOldGen: 53437K(349696K)->54464K(349696K)
[45.550s][info ][gc,metaspace   ] GC(1747) Metaspace: 10308K(10560K)->10308K(10560K) NonClass: 9232K(9344K)->9232K(9344K) Class: 1075K(1216K)->1075K(1216K)
[45.550s][info ][gc             ] GC(1747) Pause Young (Allocation Failure) 390M->54M(680M) 0.787ms
[45.550s][info ][gc,cpu         ] GC(1747) User=0.01s Sys=0.01s Real=0.00s
[45.579s][info ][gc,start       ] GC(1748) Pause Young (Allocation Failure)
[45.580s][debug][gc,age         ] GC(1748) Desired survivor size 2621440 bytes, new threshold 1 (max threshold 15)
[45.580s][info ][gc,heap        ] GC(1748) PSYoungGen: 346829K(347136K)->1534K(346112K) Eden: 345088K(345088K)->0K(344064K) From: 1741K(2048K)->1534K(2048K)
[45.580s][info ][gc,heap        ] GC(1748) ParOldGen: 54464K(349696K)->55546K(349696K)
[45.580s][info ][gc,metaspace   ] GC(1748) Metaspace: 10308K(10560K)->10308K(10560K) NonClass: 9232K(9344K)->9232K(9344K) Class: 1075K(1216K)->1075K(1216K)
[45.580s][info ][gc             ] GC(1748) Pause Young (Allocation Failure) 391M->55M(679M) 0.822ms
[45.580s][info ][gc,cpu         ] GC(1748) User=0.00s Sys=0.00s Real=0.00s
[45.608s][info ][gc,start       ] GC(1749) Pause Young (Allocation Failure)
[45.609s][debug][gc,age         ] GC(1749) Desired survivor size 2621440 bytes, new threshold 1 (max threshold 15)
[45.609s][info ][gc,heap        ] GC(1749) PSYoungGen: 345332K(346112K)->1584K(346624K) Eden: 343798K(344064K)->0K(344064K) From: 1534K(2048K)->1584K(2560K)
[45.609s][info ][gc,heap        ] GC(1749) ParOldGen: 55546K(349696K)->56499K(349696K)
[45.609s][info ][gc,metaspace   ] GC(1749) Metaspace: 10308K(10560K)->10308K(10560K) NonClass: 9232K(9344K)->9232K(9344K) Class: 1075K(1216K)->1075K(1216K)
[45.609s][info ][gc             ] GC(1749) Pause Young (Allocation Failure) 391M->56M(680M) 0.773ms
[45.609s][info ][gc,cpu         ] GC(1749) User=0.00s Sys=0.00s Real=0.00s
[45.637s][info ][gc,start       ] GC(1750) Pause Young (Allocation Failure)
[45.638s][debug][gc,age         ] GC(1750) Desired survivor size 2621440 bytes, new threshold 1 (max threshold 15)
[45.638s][info ][gc,heap        ] GC(1750) PSYoungGen: 345432K(346624K)->1196K(346624K) Eden: 343848K(344064K)->0K(344064K) From: 1584K(2560K)->1196K(2560K)
[45.638s][info ][gc,heap        ] GC(1750) ParOldGen: 56499K(349696K)->57368K(349696K)
[45.638s][info ][gc,metaspace   ] GC(1750) Metaspace: 10311K(10560K)->10311K(10560K) NonClass: 9235K(9344K)->9235K(9344K) Class: 1075K(1216K)->1075K(1216K)
[45.638s][info ][gc             ] GC(1750) Pause Young (Allocation Failure) 392M->57M(680M) 0.779ms
[45.638s][info ][gc,cpu         ] GC(1750) User=0.00s Sys=0.01s Real=0.00s
[45.666s][info ][gc,start       ] GC(1751) Pause Young (Allocation Failure)
[45.667s][debug][gc,age         ] GC(1751) Desired survivor size 2097152 bytes, new threshold 1 (max threshold 15)
[45.667s][info ][gc,heap        ] GC(1751) PSYoungGen: 345129K(346624K)->1167K(345600K) Eden: 343932K(344064K)->0K(344064K) From: 1196K(2560K)->1167K(1536K)
[45.667s][info ][gc,heap        ] GC(1751) ParOldGen: 57368K(349696K)->58222K(349696K)
[45.667s][info ][gc,metaspace   ] GC(1751) Metaspace: 10311K(10560K)->10311K(10560K) NonClass: 9235K(9344K)->9235K(9344K) Class: 1075K(1216K)->1075K(1216K)
[45.667s][info ][gc             ] GC(1751) Pause Young (Allocation Failure) 393M->57M(679M) 0.812ms
[45.667s][info ][gc,cpu         ] GC(1751) User=0.01s Sys=0.00s Real=0.00s
[45.695s][info ][gc,start       ] GC(1752) Pause Young (Allocation Failure)
[45.696s][debug][gc,age         ] GC(1752) Desired survivor size 2097152 bytes, new threshold 1 (max threshold 15)
[45.696s][info ][gc,heap        ] GC(1752) PSYoungGen: 345193K(345600K)->1074K(346112K) Eden: 344025K(344064K)->0K(344064K) From: 1167K(1536K)->1074K(2048K)
[45.696s][info ][gc,heap        ] GC(1752) ParOldGen: 58222K(349696K)->59137K(349696K)
[45.696s][info ][gc,metaspace   ] GC(1752) Metaspace: 10311K(10560K)->10311K(10560K) NonClass: 9235K(9344K)->9235K(9344K) Class: 1075K(1216K)->1075K(1216K)
[45.696s][info ][gc             ] GC(1752) Pause Young (Allocation Failure) 393M->58M(679M) 1.026ms
[45.696s][info ][gc,cpu         ] GC(1752) User=0.00s Sys=0.00s Real=0.00s
[45.724s][info ][gc,start       ] GC(1753) Pause Young (Allocation Failure)
[45.725s][debug][gc,age         ] GC(1753) Desired survivor size 2621440 bytes, new threshold 1 (max threshold 15)
[45.725s][info ][gc,heap        ] GC(1753) PSYoungGen: 344951K(346112K)->1746K(346112K) Eden: 343877K(344064K)->0K(344064K) From: 1074K(2048K)->1746K(2048K)
[45.725s][info ][gc,heap        ] GC(1753) ParOldGen: 59137K(349696K)->59970K(349696K)
[45.725s][info ][gc,metaspace   ] GC(1753) Metaspace: 10311K(10560K)->10311K(10560K) NonClass: 9235K(9344K)->9235K(9344K) Class: 1075K(1216K)->1075K(1216K)
[45.725s][info ][gc             ] GC(1753) Pause Young (Allocation Failure) 394M->60M(679M) 0.969ms
[45.725s][info ][gc,cpu         ] GC(1753) User=0.00s Sys=0.00s Real=0.00s
[45.754s][info ][gc,start       ] GC(1754) Pause Young (Allocation Failure)
[45.754s][debug][gc,age         ] GC(1754) Desired survivor size 2621440 bytes, new threshold 1 (max threshold 15)
[45.754s][info ][gc,heap        ] GC(1754) PSYoungGen: 345810K(346112K)->1013K(346624K) Eden: 344064K(344064K)->0K(344064K) From: 1746K(2048K)->1013K(2560K)
[45.754s][info ][gc,heap        ] GC(1754) ParOldGen: 59970K(349696K)->61051K(349696K)
[45.754s][info ][gc,metaspace   ] GC(1754) Metaspace: 10311K(10560K)->10311K(10560K) NonClass: 9235K(9344K)->9235K(9344K) Class: 1075K(1216K)->1075K(1216K)
[45.754s][info ][gc             ] GC(1754) Pause Young (Allocation Failure) 396M->60M(680M) 0.898ms
[45.754s][info ][gc,cpu         ] GC(1754) User=0.01s Sys=0.00s Real=0.00s
[45.783s][info ][gc,start       ] GC(1755) Pause Young (Allocation Failure)
[45.784s][debug][gc,age         ] GC(1755) Desired survivor size 2097152 bytes, new threshold 1 (max threshold 15)
[45.784s][info ][gc,heap        ] GC(1755) PSYoungGen: 345020K(346624K)->1216K(345600K) Eden: 344006K(344064K)->0K(344064K) From: 1013K(2560K)->1216K(1536K)
[45.784s][info ][gc,heap        ] GC(1755) ParOldGen: 61051K(349696K)->61875K(349696K)
[45.784s][info ][gc,metaspace   ] GC(1755) Metaspace: 10311K(10560K)->10311K(10560K) NonClass: 9235K(9344K)->9235K(9344K) Class: 1075K(1216K)->1075K(1216K)
[45.784s][info ][gc             ] GC(1755) Pause Young (Allocation Failure) 396M->61M(679M) 1.062ms
[45.784s][info ][gc,cpu         ] GC(1755) User=0.01s Sys=0.01s Real=0.00s
[45.812s][info ][gc,start       ] GC(1756) Pause Young (Allocation Failure)
[45.813s][debug][gc,age         ] GC(1756) Desired survivor size 2097152 bytes, new threshold 1 (max threshold 15)
[45.813s][info ][gc,heap        ] GC(1756) PSYoungGen: 345201K(345600K)->1342K(346112K) Eden: 343984K(344064K)->0K(344064K) From: 1216K(1536K)->1342K(2048K)
[45.813s][info ][gc,heap        ] GC(1756) ParOldGen: 61875K(349696K)->63040K(349696K)
[45.813s][info ][gc,metaspace   ] GC(1756) Metaspace: 10311K(10560K)->10311K(10560K) NonClass: 9235K(9344K)->9235K(9344K) Class: 1075K(1216K)->1075K(1216K)
[45.813s][info ][gc             ] GC(1756) Pause Young (Allocation Failure) 397M->62M(679M) 0.883ms
[45.813s][info ][gc,cpu         ] GC(1756) User=0.00s Sys=0.00s Real=0.00s
[45.840s][info ][gc,start       ] GC(1757) Pause Young (Allocation Failure)
[45.841s][debug][gc,age         ] GC(1757) Desired survivor size 2097152 bytes, new threshold 1 (max threshold 15)
[45.841s][info ][gc,heap        ] GC(1757) PSYoungGen: 345334K(346112K)->1538K(346112K) Eden: 343992K(344064K)->0K(344064K) From: 1342K(2048K)->1538K(2048K)
[45.841s][info ][gc,heap        ] GC(1757) ParOldGen: 63040K(349696K)->67698K(349696K)
[45.841s][info ][gc,metaspace   ] GC(1757) Metaspace: 10311K(10560K)->10311K(10560K) NonClass: 9235K(9344K)->9235K(9344K) Class: 1075K(1216K)->1075K(1216K)
[45.841s][info ][gc             ] GC(1757) Pause Young (Allocation Failure) 398M->67M(679M) 0.878ms
[45.841s][info ][gc,cpu         ] GC(1757) User=0.00s Sys=0.00s Real=0.00s
[45.870s][info ][gc,start       ] GC(1758) Pause Young (GCLocker Initiated GC)
[45.871s][debug][gc,age         ] GC(1758) Desired survivor size 2097152 bytes, new threshold 1 (max threshold 15)
[45.871s][info ][gc,heap        ] GC(1758) PSYoungGen: 345602K(346112K)->1153K(347136K) Eden: 344064K(344064K)->0K(345088K) From: 1538K(2048K)->1153K(2048K)
[45.871s][info ][gc,heap        ] GC(1758) ParOldGen: 68188K(349696K)->69028K(349696K)
[45.871s][info ][gc,metaspace   ] GC(1758) Metaspace: 10314K(10560K)->10314K(10560K) NonClass: 9238K(9344K)->9238K(9344K) Class: 1075K(1216K)->1075K(1216K)
[45.871s][info ][gc             ] GC(1758) Pause Young (GCLocker Initiated GC) 404M->68M(680M) 1.000ms
[45.871s][info ][gc,cpu         ] GC(1758) User=0.00s Sys=0.00s Real=0.00s
[45.903s][info ][gc,start       ] GC(1759) Pause Young (Allocation Failure)
[45.904s][debug][gc,age         ] GC(1759) Desired survivor size 2097152 bytes, new threshold 1 (max threshold 15)
[45.904s][info ][gc,heap        ] GC(1759) PSYoungGen: 346241K(347136K)->1070K(347136K) Eden: 345088K(345088K)->0K(345088K) From: 1153K(2048K)->1070K(2048K)
[45.904s][info ][gc,heap        ] GC(1759) ParOldGen: 85787K(349696K)->86770K(349696K)
[45.904s][info ][gc,metaspace   ] GC(1759) Metaspace: 10314K(10560K)->10314K(10560K) NonClass: 9238K(9344K)->9238K(9344K) Class: 1075K(1216K)->1075K(1216K)
[45.904s][info ][gc             ] GC(1759) Pause Young (Allocation Failure) 421M->85M(680M) 1.039ms
[45.904s][info ][gc,cpu         ] GC(1759) User=0.00s Sys=0.00s Real=0.00s
[45.932s][info ][gc,start       ] GC(1760) Pause Young (Allocation Failure)
[45.933s][debug][gc,age         ] GC(1760) Desired survivor size 2097152 bytes, new threshold 1 (max threshold 15)
[45.933s][info ][gc,heap        ] GC(1760) PSYoungGen: 345967K(347136K)->1338K(347136K) Eden: 344897K(345088K)->0K(345088K) From: 1070K(2048K)->1338K(2048K)
[45.933s][info ][gc,heap        ] GC(1760) ParOldGen: 86770K(349696K)->87851K(349696K)
[45.933s][info ][gc,metaspace   ] GC(1760) Metaspace: 10314K(10560K)->10314K(10560K) NonClass: 9238K(9344K)->9238K(9344K) Class: 1075K(1216K)->1075K(1216K)
[45.933s][info ][gc             ] GC(1760) Pause Young (Allocation Failure) 422M->87M(680M) 0.833ms
[45.933s][info ][gc,cpu         ] GC(1760) User=0.00s Sys=0.00s Real=0.00s
[45.962s][info ][gc,start       ] GC(1761) Pause Young (Allocation Failure)
[45.963s][debug][gc,age         ] GC(1761) Desired survivor size 2097152 bytes, new threshold 1 (max threshold 15)
[45.963s][info ][gc,heap        ] GC(1761) PSYoungGen: 346388K(347136K)->1056K(347136K) Eden: 345049K(345088K)->0K(345088K) From: 1338K(2048K)->1056K(2048K)
[45.963s][info ][gc,heap        ] GC(1761) ParOldGen: 87851K(349696K)->88903K(349696K)
[45.963s][info ][gc,metaspace   ] GC(1761) Metaspace: 10314K(10560K)->10314K(10560K) NonClass: 9238K(9344K)->9238K(9344K) Class: 1075K(1216K)->1075K(1216K)
[45.963s][info ][gc             ] GC(1761) Pause Young (Allocation Failure) 424M->87M(680M) 0.875ms
[45.963s][info ][gc,cpu         ] GC(1761) User=0.00s Sys=0.00s Real=0.00s
[45.992s][info ][gc,start       ] GC(1762) Pause Young (Allocation Failure)
[45.993s][debug][gc,age         ] GC(1762) Desired survivor size 2097152 bytes, new threshold 1 (max threshold 15)
[45.993s][info ][gc,heap        ] GC(1762) PSYoungGen: 346144K(347136K)->1132K(347136K) Eden: 345088K(345088K)->0K(345088K) From: 1056K(2048K)->1132K(2048K)
[45.993s][info ][gc,heap        ] GC(1762) ParOldGen: 88903K(349696K)->89810K(349696K)
[45.993s][info ][gc,metaspace   ] GC(1762) Metaspace: 10314K(10560K)->10314K(10560K) NonClass: 9238K(9344K)->9238K(9344K) Class: 1075K(1216K)->1075K(1216K)
[45.993s][info ][gc             ] GC(1762) Pause Young (Allocation Failure) 424M->88M(680M) 0.753ms
[45.993s][info ][gc,cpu         ] GC(1762) User=0.01s Sys=0.01s Real=0.00s
[46.022s][info ][gc,start       ] GC(1763) Pause Young (Allocation Failure)
[46.023s][debug][gc,age         ] GC(1763) Desired survivor size 2097152 bytes, new threshold 1 (max threshold 15)
[46.023s][info ][gc,heap        ] GC(1763) PSYoungGen: 346022K(347136K)->1770K(347136K) Eden: 344890K(345088K)->0K(345088K) From: 1132K(2048K)->1770K(2048K)
[46.023s][info ][gc,heap        ] GC(1763) ParOldGen: 89810K(349696K)->90717K(349696K)
[46.023s][info ][gc,metaspace   ] GC(1763) Metaspace: 10314K(10560K)->10314K(10560K) NonClass: 9238K(9344K)->9238K(9344K) Class: 1075K(1216K)->1075K(1216K)
[46.023s][info ][gc             ] GC(1763) Pause Young (Allocation Failure) 425M->90M(680M) 0.946ms
[46.023s][info ][gc,cpu         ] GC(1763) User=0.00s Sys=0.00s Real=0.00s
[46.052s][info ][gc,start       ] GC(1764) Pause Young (Allocation Failure)
[46.053s][debug][gc,age         ] GC(1764) Desired survivor size 2097152 bytes, new threshold 1 (max threshold 15)
[46.053s][info ][gc,heap        ] GC(1764) PSYoungGen: 346848K(347136K)->1494K(347136K) Eden: 345077K(345088K)->0K(345088K) From: 1770K(2048K)->1494K(2048K)
[46.053s][info ][gc,heap        ] GC(1764) ParOldGen: 90717K(349696K)->91633K(349696K)
[46.053s][info ][gc,metaspace   ] GC(1764) Metaspace: 10314K(10560K)->10314K(10560K) NonClass: 9238K(9344K)->9238K(9344K) Class: 1075K(1216K)->1075K(1216K)
[46.053s][info ][gc             ] GC(1764) Pause Young (Allocation Failure) 427M->90M(680M) 0.922ms
[46.053s][info ][gc,cpu         ] GC(1764) User=0.00s Sys=0.00s Real=0.00s
[46.082s][info ][gc,start       ] GC(1765) Pause Young (GCLocker Initiated GC)
[46.083s][debug][gc,age         ] GC(1765) Desired survivor size 2097152 bytes, new threshold 1 (max threshold 15)
[46.083s][info ][gc,heap        ] GC(1765) PSYoungGen: 346574K(347136K)->1174K(347136K) Eden: 345079K(345088K)->0K(345088K) From: 1494K(2048K)->1174K(2048K)
[46.083s][info ][gc,heap        ] GC(1765) ParOldGen: 92133K(349696K)->92995K(349696K)
[46.083s][info ][gc,metaspace   ] GC(1765) Metaspace: 10314K(10560K)->10314K(10560K) NonClass: 9238K(9344K)->9238K(9344K) Class: 1075K(1216K)->1075K(1216K)
[46.083s][info ][gc             ] GC(1765) Pause Young (GCLocker Initiated GC) 428M->91M(680M) 0.966ms
[46.083s][info ][gc,cpu         ] GC(1765) User=0.01s Sys=0.00s Real=0.00s
[46.112s][info ][gc,start       ] GC(1766) Pause Young (Allocation Failure)
[46.113s][debug][gc,age         ] GC(1766) Desired survivor size 2097152 bytes, new threshold 1 (max threshold 15)
[46.113s][info ][gc,heap        ] GC(1766) PSYoungGen: 346262K(347136K)->952K(347136K) Eden: 345088K(345088K)->0K(345088K) From: 1174K(2048K)->952K(2048K)
[46.113s][info ][gc,heap        ] GC(1766) ParOldGen: 97777K(349696K)->98746K(349696K)
[46.113s][info ][gc,metaspace   ] GC(1766) Metaspace: 10314K(10560K)->10314K(10560K) NonClass: 9238K(9344K)->9238K(9344K) Class: 1075K(1216K)->1075K(1216K)
[46.113s][info ][gc             ] GC(1766) Pause Young (Allocation Failure) 433M->97M(680M) 1.074ms
[46.113s][info ][gc,cpu         ] GC(1766) User=0.01s Sys=0.00s Real=0.00s
[46.142s][info ][gc,start       ] GC(1767) Pause Young (Allocation Failure)
[46.142s][debug][gc,age         ] GC(1767) Desired survivor size 2621440 bytes, new threshold 1 (max threshold 15)
[46.142s][info ][gc,heap        ] GC(1767) PSYoungGen: 345989K(347136K)->1788K(347136K) Eden: 345037K(345088K)->0K(345088K) From: 952K(2048K)->1788K(2048K)
[46.142s][info ][gc,heap        ] GC(1767) ParOldGen: 98746K(349696K)->99578K(349696K)
[46.142s][info ][gc,metaspace   ] GC(1767) Metaspace: 10315K(10560K)->10315K(10560K) NonClass: 9239K(9344K)->9239K(9344K) Class: 1075K(1216K)->1075K(1216K)
[46.142s][info ][gc             ] GC(1767) Pause Young (Allocation Failure) 434M->98M(680M) 0.876ms
[46.142s][info ][gc,cpu         ] GC(1767) User=0.01s Sys=0.00s Real=0.00s
[46.170s][info ][gc,start       ] GC(1768) Pause Young (Allocation Failure)
[46.171s][debug][gc,age         ] GC(1768) Desired survivor size 2621440 bytes, new threshold 1 (max threshold 15)
[46.171s][info ][gc,heap        ] GC(1768) PSYoungGen: 346774K(347136K)->1640K(346112K) Eden: 344986K(345088K)->0K(344064K) From: 1788K(2048K)->1640K(2048K)
[46.171s][info ][gc,heap        ] GC(1768) ParOldGen: 99578K(349696K)->100606K(349696K)
[46.171s][info ][gc,metaspace   ] GC(1768) Metaspace: 10315K(10560K)->10315K(10560K) NonClass: 9239K(9344K)->9239K(9344K) Class: 1075K(1216K)->1075K(1216K)
[46.171s][info ][gc             ] GC(1768) Pause Young (Allocation Failure) 435M->99M(679M) 1.003ms
[46.171s][info ][gc,cpu         ] GC(1768) User=0.00s Sys=0.00s Real=0.00s
[46.199s][info ][gc,start       ] GC(1769) Pause Young (Allocation Failure)
[46.200s][debug][gc,age         ] GC(1769) Desired survivor size 2621440 bytes, new threshold 1 (max threshold 15)
[46.200s][info ][gc,heap        ] GC(1769) PSYoungGen: 345704K(346112K)->1522K(346624K) Eden: 344064K(344064K)->0K(344064K) From: 1640K(2048K)->1522K(2560K)
[46.200s][info ][gc,heap        ] GC(1769) ParOldGen: 100606K(349696K)->101550K(349696K)
[46.200s][info ][gc,metaspace   ] GC(1769) Metaspace: 10316K(10560K)->10316K(10560K) NonClass: 9241K(9344K)->9241K(9344K) Class: 1075K(1216K)->1075K(1216K)
[46.200s][info ][gc             ] GC(1769) Pause Young (Allocation Failure) 435M->100M(680M) 0.928ms
[46.200s][info ][gc,cpu         ] GC(1769) User=0.01s Sys=0.00s Real=0.00s
[46.228s][info ][gc,start       ] GC(1770) Pause Young (Allocation Failure)
[46.229s][debug][gc,age         ] GC(1770) Desired survivor size 2621440 bytes, new threshold 1 (max threshold 15)
[46.229s][info ][gc,heap        ] GC(1770) PSYoungGen: 345556K(346624K)->1582K(346624K) Eden: 344034K(344064K)->0K(344064K) From: 1522K(2560K)->1582K(2560K)
[46.229s][info ][gc,heap        ] GC(1770) ParOldGen: 101550K(349696K)->102399K(349696K)
[46.229s][info ][gc,metaspace   ] GC(1770) Metaspace: 10319K(10560K)->10319K(10560K) NonClass: 9243K(9344K)->9243K(9344K) Class: 1075K(1216K)->1075K(1216K)
[46.229s][info ][gc             ] GC(1770) Pause Young (Allocation Failure) 436M->101M(680M) 1.054ms
[46.229s][info ][gc,cpu         ] GC(1770) User=0.01s Sys=0.00s Real=0.00s
[46.257s][info ][gc,start       ] GC(1771) Pause Young (Allocation Failure)
[46.258s][debug][gc,age         ] GC(1771) Desired survivor size 2097152 bytes, new threshold 1 (max threshold 15)
[46.258s][info ][gc,heap        ] GC(1771) PSYoungGen: 345637K(346624K)->1371K(345600K) Eden: 344054K(344064K)->0K(344064K) From: 1582K(2560K)->1371K(1536K)
[46.258s][info ][gc,heap        ] GC(1771) ParOldGen: 102399K(349696K)->103260K(349696K)
[46.258s][info ][gc,metaspace   ] GC(1771) Metaspace: 10320K(10560K)->10320K(10560K) NonClass: 9245K(9344K)->9245K(9344K) Class: 1075K(1216K)->1075K(1216K)
[46.258s][info ][gc             ] GC(1771) Pause Young (Allocation Failure) 437M->102M(679M) 0.980ms
[46.258s][info ][gc,cpu         ] GC(1771) User=0.00s Sys=0.00s Real=0.00s
[46.285s][info ][gc,start       ] GC(1772) Pause Young (Allocation Failure)
[46.286s][debug][gc,age         ] GC(1772) Desired survivor size 2097152 bytes, new threshold 1 (max threshold 15)
[46.286s][info ][gc,heap        ] GC(1772) PSYoungGen: 345209K(345600K)->1280K(346112K) Eden: 343838K(344064K)->0K(344064K) From: 1371K(1536K)->1280K(2048K)
[46.286s][info ][gc,heap        ] GC(1772) ParOldGen: 103260K(349696K)->104350K(349696K)
[46.286s][info ][gc,metaspace   ] GC(1772) Metaspace: 10320K(10560K)->10320K(10560K) NonClass: 9245K(9344K)->9245K(9344K) Class: 1075K(1216K)->1075K(1216K)
[46.286s][info ][gc             ] GC(1772) Pause Young (Allocation Failure) 437M->103M(679M) 1.047ms
[46.286s][info ][gc,cpu         ] GC(1772) User=0.00s Sys=0.00s Real=0.00s
[46.314s][info ][gc,start       ] GC(1773) Pause Young (Allocation Failure)
[46.315s][debug][gc,age         ] GC(1773) Desired survivor size 2097152 bytes, new threshold 1 (max threshold 15)
[46.315s][info ][gc,heap        ] GC(1773) PSYoungGen: 345344K(346112K)->1623K(346112K) Eden: 344064K(344064K)->0K(344064K) From: 1280K(2048K)->1623K(2048K)
[46.315s][info ][gc,heap        ] GC(1773) ParOldGen: 104350K(349696K)->105287K(349696K)
[46.315s][info ][gc,metaspace   ] GC(1773) Metaspace: 10320K(10560K)->10320K(10560K) NonClass: 9245K(9344K)->9245K(9344K) Class: 1075K(1216K)->1075K(1216K)
[46.315s][info ][gc             ] GC(1773) Pause Young (Allocation Failure) 439M->104M(679M) 0.869ms
[46.315s][info ][gc,cpu         ] GC(1773) User=0.01s Sys=0.00s Real=0.01s
[46.343s][info ][gc,start       ] GC(1774) Pause Young (Allocation Failure)
[46.344s][debug][gc,age         ] GC(1774) Desired survivor size 2097152 bytes, new threshold 1 (max threshold 15)
[46.344s][info ][gc,heap        ] GC(1774) PSYoungGen: 345373K(346112K)->1642K(347136K) Eden: 343750K(344064K)->0K(345088K) From: 1623K(2048K)->1642K(2048K)
[46.344s][info ][gc,heap        ] GC(1774) ParOldGen: 105287K(349696K)->106184K(349696K)
[46.344s][info ][gc,metaspace   ] GC(1774) Metaspace: 10320K(10560K)->10320K(10560K) NonClass: 9245K(9344K)->9245K(9344K) Class: 1075K(1216K)->1075K(1216K)
[46.344s][info ][gc             ] GC(1774) Pause Young (Allocation Failure) 440M->105M(680M) 1.034ms
[46.344s][info ][gc,cpu         ] GC(1774) User=0.01s Sys=0.01s Real=0.00s
[46.372s][info ][gc,start       ] GC(1775) Pause Young (Allocation Failure)
[46.373s][debug][gc,age         ] GC(1775) Desired survivor size 2097152 bytes, new threshold 1 (max threshold 15)
[46.373s][info ][gc,heap        ] GC(1775) PSYoungGen: 346717K(347136K)->1330K(347136K) Eden: 345075K(345088K)->0K(345088K) From: 1642K(2048K)->1330K(2048K)
[46.373s][info ][gc,heap        ] GC(1775) ParOldGen: 106184K(349696K)->106971K(349696K)
[46.373s][info ][gc,metaspace   ] GC(1775) Metaspace: 10320K(10560K)->10320K(10560K) NonClass: 9245K(9344K)->9245K(9344K) Class: 1075K(1216K)->1075K(1216K)
[46.373s][info ][gc             ] GC(1775) Pause Young (Allocation Failure) 442M->105M(680M) 0.893ms
[46.373s][info ][gc,cpu         ] GC(1775) User=0.00s Sys=0.00s Real=0.00s
[46.400s][info ][gc,start       ] GC(1776) Pause Young (Allocation Failure)
[46.401s][debug][gc,age         ] GC(1776) Desired survivor size 2097152 bytes, new threshold 1 (max threshold 15)
[46.401s][info ][gc,heap        ] GC(1776) PSYoungGen: 346297K(347136K)->1166K(347136K) Eden: 344966K(345088K)->0K(345088K) From: 1330K(2048K)->1166K(2048K)
[46.401s][info ][gc,heap        ] GC(1776) ParOldGen: 106971K(349696K)->107865K(349696K)
[46.401s][info ][gc,metaspace   ] GC(1776) Metaspace: 10322K(10560K)->10322K(10560K) NonClass: 9247K(9344K)->9247K(9344K) Class: 1075K(1216K)->1075K(1216K)
[46.401s][info ][gc             ] GC(1776) Pause Young (Allocation Failure) 442M->106M(680M) 0.801ms
[46.401s][info ][gc,cpu         ] GC(1776) User=0.01s Sys=0.00s Real=0.00s
[46.429s][info ][gc,start       ] GC(1777) Pause Young (Allocation Failure)
[46.430s][debug][gc,age         ] GC(1777) Desired survivor size 2097152 bytes, new threshold 1 (max threshold 15)
[46.430s][info ][gc,heap        ] GC(1777) PSYoungGen: 346254K(347136K)->1614K(347136K) Eden: 345088K(345088K)->0K(345088K) From: 1166K(2048K)->1614K(2048K)
[46.430s][info ][gc,heap        ] GC(1777) ParOldGen: 107865K(349696K)->108652K(349696K)
[46.430s][info ][gc,metaspace   ] GC(1777) Metaspace: 10322K(10560K)->10322K(10560K) NonClass: 9247K(9344K)->9247K(9344K) Class: 1075K(1216K)->1075K(1216K)
[46.430s][info ][gc             ] GC(1777) Pause Young (Allocation Failure) 443M->107M(680M) 0.897ms
[46.430s][info ][gc,cpu         ] GC(1777) User=0.00s Sys=0.00s Real=0.00s
[46.458s][info ][gc,start       ] GC(1778) Pause Young (Allocation Failure)
[46.458s][debug][gc,age         ] GC(1778) Desired survivor size 2097152 bytes, new threshold 1 (max threshold 15)
[46.459s][info ][gc,heap        ] GC(1778) PSYoungGen: 346445K(347136K)->1525K(347136K) Eden: 344830K(345088K)->0K(345088K) From: 1614K(2048K)->1525K(2048K)
[46.459s][info ][gc,heap        ] GC(1778) ParOldGen: 108652K(349696K)->109604K(349696K)
[46.459s][info ][gc,metaspace   ] GC(1778) Metaspace: 10322K(10560K)->10322K(10560K) NonClass: 9247K(9344K)->9247K(9344K) Class: 1075K(1216K)->1075K(1216K)
[46.459s][info ][gc             ] GC(1778) Pause Young (Allocation Failure) 444M->108M(680M) 0.938ms
[46.459s][info ][gc,cpu         ] GC(1778) User=0.01s Sys=0.00s Real=0.00s
[46.487s][info ][gc,start       ] GC(1779) Pause Young (Allocation Failure)
[46.488s][debug][gc,age         ] GC(1779) Desired survivor size 2097152 bytes, new threshold 1 (max threshold 15)
[46.488s][info ][gc,heap        ] GC(1779) PSYoungGen: 346604K(347136K)->1620K(347136K) Eden: 345079K(345088K)->0K(345088K) From: 1525K(2048K)->1620K(2048K)
[46.488s][info ][gc,heap        ] GC(1779) ParOldGen: 109604K(349696K)->110693K(349696K)
[46.488s][info ][gc,metaspace   ] GC(1779) Metaspace: 10322K(10560K)->10322K(10560K) NonClass: 9247K(9344K)->9247K(9344K) Class: 1075K(1216K)->1075K(1216K)
[46.488s][info ][gc             ] GC(1779) Pause Young (Allocation Failure) 445M->109M(680M) 0.896ms
[46.488s][info ][gc,cpu         ] GC(1779) User=0.01s Sys=0.01s Real=0.00s
[46.516s][info ][gc,start       ] GC(1780) Pause Young (Allocation Failure)
[46.516s][debug][gc,age         ] GC(1780) Desired survivor size 2097152 bytes, new threshold 1 (max threshold 15)
[46.516s][info ][gc,heap        ] GC(1780) PSYoungGen: 346658K(347136K)->1718K(347136K) Eden: 345037K(345088K)->0K(345088K) From: 1620K(2048K)->1718K(2048K)
[46.516s][info ][gc,heap        ] GC(1780) ParOldGen: 110693K(349696K)->111388K(349696K)
[46.516s][info ][gc,metaspace   ] GC(1780) Metaspace: 10322K(10560K)->10322K(10560K) NonClass: 9247K(9344K)->9247K(9344K) Class: 1075K(1216K)->1075K(1216K)
[46.516s][info ][gc             ] GC(1780) Pause Young (Allocation Failure) 446M->110M(680M) 0.842ms
[46.516s][info ][gc,cpu         ] GC(1780) User=0.01s Sys=0.00s Real=0.00s
[46.543s][info ][gc,start       ] GC(1781) Pause Young (Allocation Failure)
[46.544s][debug][gc,age         ] GC(1781) Desired survivor size 2621440 bytes, new threshold 1 (max threshold 15)
[46.544s][info ][gc,heap        ] GC(1781) PSYoungGen: 346702K(347136K)->1704K(347136K) Eden: 344983K(345088K)->0K(345088K) From: 1718K(2048K)->1704K(2048K)
[46.544s][info ][gc,heap        ] GC(1781) ParOldGen: 111388K(349696K)->112537K(349696K)
[46.544s][info ][gc,metaspace   ] GC(1781) Metaspace: 10322K(10560K)->10322K(10560K) NonClass: 9247K(9344K)->9247K(9344K) Class: 1075K(1216K)->1075K(1216K)
[46.544s][info ][gc             ] GC(1781) Pause Young (Allocation Failure) 447M->111M(680M) 1.047ms
[46.544s][info ][gc,cpu         ] GC(1781) User=0.00s Sys=0.00s Real=0.00s
[46.572s][info ][gc,start       ] GC(1782) Pause Young (GCLocker Initiated GC)
[46.572s][debug][gc,age         ] GC(1782) Desired survivor size 2097152 bytes, new threshold 1 (max threshold 15)
[46.572s][info ][gc,heap        ] GC(1782) PSYoungGen: 346685K(347136K)->1397K(347136K) Eden: 344981K(345088K)->0K(345088K) From: 1704K(2048K)->1397K(2048K)
[46.573s][info ][gc,heap        ] GC(1782) ParOldGen: 113062K(349696K)->113841K(349696K)
[46.573s][info ][gc,metaspace   ] GC(1782) Metaspace: 10322K(10560K)->10322K(10560K) NonClass: 9247K(9344K)->9247K(9344K) Class: 1075K(1216K)->1075K(1216K)
[46.573s][info ][gc             ] GC(1782) Pause Young (GCLocker Initiated GC) 448M->112M(680M) 0.906ms
[46.573s][info ][gc,cpu         ] GC(1782) User=0.00s Sys=0.00s Real=0.00s
[46.601s][info ][gc,start       ] GC(1783) Pause Young (Allocation Failure)
[46.602s][debug][gc,age         ] GC(1783) Desired survivor size 2621440 bytes, new threshold 1 (max threshold 15)
[46.602s][info ][gc,heap        ] GC(1783) PSYoungGen: 346485K(347136K)->845K(346112K) Eden: 345088K(345088K)->0K(345088K) From: 1397K(2048K)->845K(1024K)
[46.602s][info ][gc,heap        ] GC(1783) ParOldGen: 121315K(349696K)->122418K(349696K)
[46.602s][info ][gc,metaspace   ] GC(1783) Metaspace: 10322K(10560K)->10322K(10560K) NonClass: 9247K(9344K)->9247K(9344K) Class: 1075K(1216K)->1075K(1216K)
[46.602s][info ][gc             ] GC(1783) Pause Young (Allocation Failure) 456M->120M(679M) 1.041ms
[46.602s][info ][gc,cpu         ] GC(1783) User=0.00s Sys=0.01s Real=0.00s
[46.630s][info ][gc,start       ] GC(1784) Pause Young (Allocation Failure)
[46.631s][debug][gc,age         ] GC(1784) Desired survivor size 2621440 bytes, new threshold 1 (max threshold 15)
[46.631s][info ][gc,heap        ] GC(1784) PSYoungGen: 345933K(346112K)->1549K(346624K) Eden: 345088K(345088K)->0K(344064K) From: 845K(1024K)->1549K(2560K)
[46.631s][info ][gc,heap        ] GC(1784) ParOldGen: 122418K(349696K)->123167K(349696K)
[46.631s][info ][gc,metaspace   ] GC(1784) Metaspace: 10322K(10560K)->10322K(10560K) NonClass: 9247K(9344K)->9247K(9344K) Class: 1075K(1216K)->1075K(1216K)
[46.631s][info ][gc             ] GC(1784) Pause Young (Allocation Failure) 457M->121M(680M) 1.048ms
[46.631s][info ][gc,cpu         ] GC(1784) User=0.01s Sys=0.00s Real=0.00s
[46.658s][info ][gc,start       ] GC(1785) Pause Young (Allocation Failure)
[46.659s][debug][gc,age         ] GC(1785) Desired survivor size 2621440 bytes, new threshold 1 (max threshold 15)
[46.659s][info ][gc,heap        ] GC(1785) PSYoungGen: 345574K(346624K)->1620K(346624K) Eden: 344024K(344064K)->0K(344064K) From: 1549K(2560K)->1620K(2560K)
[46.659s][info ][gc,heap        ] GC(1785) ParOldGen: 123167K(349696K)->124045K(349696K)
[46.659s][info ][gc,metaspace   ] GC(1785) Metaspace: 10322K(10560K)->10322K(10560K) NonClass: 9247K(9344K)->9247K(9344K) Class: 1075K(1216K)->1075K(1216K)
[46.659s][info ][gc             ] GC(1785) Pause Young (Allocation Failure) 457M->122M(680M) 1.001ms
[46.659s][info ][gc,cpu         ] GC(1785) User=0.01s Sys=0.00s Real=0.00s
[46.686s][info ][gc,start       ] GC(1786) Pause Young (Allocation Failure)
[46.687s][debug][gc,age         ] GC(1786) Desired survivor size 2621440 bytes, new threshold 1 (max threshold 15)
[46.687s][info ][gc,heap        ] GC(1786) PSYoungGen: 345684K(346624K)->979K(346624K) Eden: 344064K(344064K)->0K(344064K) From: 1620K(2560K)->979K(2560K)
[46.687s][info ][gc,heap        ] GC(1786) ParOldGen: 124045K(349696K)->124869K(349696K)
[46.687s][info ][gc,metaspace   ] GC(1786) Metaspace: 10322K(10560K)->10322K(10560K) NonClass: 9247K(9344K)->9247K(9344K) Class: 1075K(1216K)->1075K(1216K)
[46.687s][info ][gc             ] GC(1786) Pause Young (Allocation Failure) 458M->122M(680M) 1.043ms
[46.687s][info ][gc,cpu         ] GC(1786) User=0.01s Sys=0.01s Real=0.00s
[46.715s][info ][gc,start       ] GC(1787) Pause Young (GCLocker Initiated GC)
[46.716s][debug][gc,age         ] GC(1787) Desired survivor size 2621440 bytes, new threshold 1 (max threshold 15)
[46.716s][info ][gc,heap        ] GC(1787) PSYoungGen: 344890K(346624K)->1917K(346624K) Eden: 343910K(344064K)->0K(344064K) From: 979K(2560K)->1917K(2560K)
[46.716s][info ][gc,heap        ] GC(1787) ParOldGen: 125260K(349696K)->125948K(349696K)
[46.716s][info ][gc,metaspace   ] GC(1787) Metaspace: 10322K(10560K)->10322K(10560K) NonClass: 9247K(9344K)->9247K(9344K) Class: 1075K(1216K)->1075K(1216K)
[46.716s][info ][gc             ] GC(1787) Pause Young (GCLocker Initiated GC) 459M->124M(680M) 0.966ms
[46.716s][info ][gc,cpu         ] GC(1787) User=0.00s Sys=0.00s Real=0.01s
[46.745s][info ][gc,start       ] GC(1788) Pause Young (Allocation Failure)
[46.746s][debug][gc,age         ] GC(1788) Desired survivor size 2621440 bytes, new threshold 1 (max threshold 15)
[46.746s][info ][gc,heap        ] GC(1788) PSYoungGen: 345981K(346624K)->882K(346624K) Eden: 344064K(344064K)->0K(344064K) From: 1917K(2560K)->882K(2560K)
[46.746s][info ][gc,heap        ] GC(1788) ParOldGen: 132172K(349696K)->133215K(349696K)
[46.746s][info ][gc,metaspace   ] GC(1788) Metaspace: 10322K(10560K)->10322K(10560K) NonClass: 9247K(9344K)->9247K(9344K) Class: 1075K(1216K)->1075K(1216K)
[46.746s][info ][gc             ] GC(1788) Pause Young (Allocation Failure) 466M->130M(680M) 1.061ms
[46.746s][info ][gc,cpu         ] GC(1788) User=0.01s Sys=0.01s Real=0.01s
[46.774s][info ][gc,start       ] GC(1789) Pause Young (Allocation Failure)
[46.774s][debug][gc,age         ] GC(1789) Desired survivor size 2621440 bytes, new threshold 1 (max threshold 15)
[46.774s][info ][gc,heap        ] GC(1789) PSYoungGen: 344771K(346624K)->1776K(346624K) Eden: 343889K(344064K)->0K(344064K) From: 882K(2560K)->1776K(2560K)
[46.774s][info ][gc,heap        ] GC(1789) ParOldGen: 133215K(349696K)->134010K(349696K)
[46.774s][info ][gc,metaspace   ] GC(1789) Metaspace: 10322K(10560K)->10322K(10560K) NonClass: 9247K(9344K)->9247K(9344K) Class: 1075K(1216K)->1075K(1216K)
[46.774s][info ][gc             ] GC(1789) Pause Young (Allocation Failure) 466M->132M(680M) 0.754ms
[46.774s][info ][gc,cpu         ] GC(1789) User=0.01s Sys=0.00s Real=0.00s
[46.802s][info ][gc,start       ] GC(1790) Pause Young (Allocation Failure)
[46.803s][debug][gc,age         ] GC(1790) Desired survivor size 2621440 bytes, new threshold 1 (max threshold 15)
[46.803s][info ][gc,heap        ] GC(1790) PSYoungGen: 345838K(346624K)->1131K(346624K) Eden: 344062K(344064K)->0K(344064K) From: 1776K(2560K)->1131K(2560K)
[46.803s][info ][gc,heap        ] GC(1790) ParOldGen: 134010K(349696K)->134963K(349696K)
[46.803s][info ][gc,metaspace   ] GC(1790) Metaspace: 10322K(10560K)->10322K(10560K) NonClass: 9247K(9344K)->9247K(9344K) Class: 1075K(1216K)->1075K(1216K)
[46.803s][info ][gc             ] GC(1790) Pause Young (Allocation Failure) 468M->132M(680M) 1.110ms
[46.803s][info ][gc,cpu         ] GC(1790) User=0.00s Sys=0.00s Real=0.00s
[46.831s][info ][gc,start       ] GC(1791) Pause Young (Allocation Failure)
[46.832s][debug][gc,age         ] GC(1791) Desired survivor size 2621440 bytes, new threshold 1 (max threshold 15)
[46.832s][info ][gc,heap        ] GC(1791) PSYoungGen: 345173K(346624K)->1969K(346624K) Eden: 344042K(344064K)->0K(344064K) From: 1131K(2560K)->1969K(2560K)
[46.832s][info ][gc,heap        ] GC(1791) ParOldGen: 134963K(349696K)->135651K(349696K)
[46.832s][info ][gc,metaspace   ] GC(1791) Metaspace: 10322K(10560K)->10322K(10560K) NonClass: 9247K(9344K)->9247K(9344K) Class: 1075K(1216K)->1075K(1216K)
[46.832s][info ][gc             ] GC(1791) Pause Young (Allocation Failure) 468M->134M(680M) 0.937ms
[46.832s][info ][gc,cpu         ] GC(1791) User=0.01s Sys=0.00s Real=0.00s
[46.860s][info ][gc,start       ] GC(1792) Pause Young (Allocation Failure)
[46.861s][debug][gc,age         ] GC(1792) Desired survivor size 2621440 bytes, new threshold 1 (max threshold 15)
[46.861s][info ][gc,heap        ] GC(1792) PSYoungGen: 345939K(346624K)->1486K(346624K) Eden: 343969K(344064K)->0K(344064K) From: 1969K(2560K)->1486K(2560K)
[46.861s][info ][gc,heap        ] GC(1792) ParOldGen: 135651K(349696K)->136686K(349696K)
[46.861s][info ][gc,metaspace   ] GC(1792) Metaspace: 10322K(10560K)->10322K(10560K) NonClass: 9247K(9344K)->9247K(9344K) Class: 1075K(1216K)->1075K(1216K)
[46.861s][info ][gc             ] GC(1792) Pause Young (Allocation Failure) 470M->134M(680M) 0.926ms
[46.861s][info ][gc,cpu         ] GC(1792) User=0.00s Sys=0.00s Real=0.00s
[46.889s][info ][gc,start       ] GC(1793) Pause Young (Allocation Failure)
[46.889s][debug][gc,age         ] GC(1793) Desired survivor size 2621440 bytes, new threshold 1 (max threshold 15)
[46.890s][info ][gc,heap        ] GC(1793) PSYoungGen: 345471K(346624K)->1680K(346624K) Eden: 343985K(344064K)->0K(344064K) From: 1486K(2560K)->1680K(2560K)
[46.890s][info ][gc,heap        ] GC(1793) ParOldGen: 136686K(349696K)->137457K(349696K)
[46.890s][info ][gc,metaspace   ] GC(1793) Metaspace: 10322K(10560K)->10322K(10560K) NonClass: 9247K(9344K)->9247K(9344K) Class: 1075K(1216K)->1075K(1216K)
[46.890s][info ][gc             ] GC(1793) Pause Young (Allocation Failure) 470M->135M(680M) 0.886ms
[46.890s][info ][gc,cpu         ] GC(1793) User=0.00s Sys=0.00s Real=0.00s
[46.917s][info ][gc,start       ] GC(1794) Pause Young (Allocation Failure)
[46.918s][debug][gc,age         ] GC(1794) Desired survivor size 2621440 bytes, new threshold 1 (max threshold 15)
[46.918s][info ][gc,heap        ] GC(1794) PSYoungGen: 345589K(346624K)->1722K(346624K) Eden: 343909K(344064K)->0K(344064K) From: 1680K(2560K)->1722K(2560K)
[46.918s][info ][gc,heap        ] GC(1794) ParOldGen: 137457K(349696K)->138252K(349696K)
[46.918s][info ][gc,metaspace   ] GC(1794) Metaspace: 10322K(10560K)->10322K(10560K) NonClass: 9247K(9344K)->9247K(9344K) Class: 1075K(1216K)->1075K(1216K)
[46.918s][info ][gc             ] GC(1794) Pause Young (Allocation Failure) 471M->136M(680M) 0.949ms
[46.918s][info ][gc,cpu         ] GC(1794) User=0.00s Sys=0.00s Real=0.00s
[46.945s][info ][gc,start       ] GC(1795) Pause Young (Allocation Failure)
[46.946s][debug][gc,age         ] GC(1795) Desired survivor size 2621440 bytes, new threshold 1 (max threshold 15)
[46.946s][info ][gc,heap        ] GC(1795) PSYoungGen: 345717K(346624K)->1769K(346624K) Eden: 343994K(344064K)->0K(344064K) From: 1722K(2560K)->1769K(2560K)
[46.946s][info ][gc,heap        ] GC(1795) ParOldGen: 138252K(349696K)->139031K(349696K)
[46.946s][info ][gc,metaspace   ] GC(1795) Metaspace: 10322K(10560K)->10322K(10560K) NonClass: 9247K(9344K)->9247K(9344K) Class: 1075K(1216K)->1075K(1216K)
[46.946s][info ][gc             ] GC(1795) Pause Young (Allocation Failure) 472M->137M(680M) 0.928ms
[46.946s][info ][gc,cpu         ] GC(1795) User=0.00s Sys=0.00s Real=0.01s
[46.974s][info ][gc,start       ] GC(1796) Pause Young (Allocation Failure)
[46.975s][debug][gc,age         ] GC(1796) Desired survivor size 2621440 bytes, new threshold 1 (max threshold 15)
[46.975s][info ][gc,heap        ] GC(1796) PSYoungGen: 345784K(346624K)->1720K(346624K) Eden: 344015K(344064K)->0K(344064K) From: 1769K(2560K)->1720K(2560K)
[46.975s][info ][gc,heap        ] GC(1796) ParOldGen: 139031K(349696K)->140013K(349696K)
[46.975s][info ][gc,metaspace   ] GC(1796) Metaspace: 10322K(10560K)->10322K(10560K) NonClass: 9247K(9344K)->9247K(9344K) Class: 1075K(1216K)->1075K(1216K)
[46.975s][info ][gc             ] GC(1796) Pause Young (Allocation Failure) 473M->138M(680M) 1.028ms
[46.975s][info ][gc,cpu         ] GC(1796) User=0.00s Sys=0.00s Real=0.00s
[47.003s][info ][gc,start       ] GC(1797) Pause Young (Allocation Failure)
[47.004s][debug][gc,age         ] GC(1797) Desired survivor size 2621440 bytes, new threshold 1 (max threshold 15)
[47.004s][info ][gc,heap        ] GC(1797) PSYoungGen: 345756K(346624K)->1150K(346624K) Eden: 344035K(344064K)->0K(344064K) From: 1720K(2560K)->1150K(2560K)
[47.004s][info ][gc,heap        ] GC(1797) ParOldGen: 140013K(349696K)->141049K(349696K)
[47.004s][info ][gc,metaspace   ] GC(1797) Metaspace: 10324K(10560K)->10324K(10560K) NonClass: 9248K(9344K)->9248K(9344K) Class: 1075K(1216K)->1075K(1216K)
[47.004s][info ][gc             ] GC(1797) Pause Young (Allocation Failure) 474M->138M(680M) 0.950ms
[47.004s][info ][gc,cpu         ] GC(1797) User=0.00s Sys=0.01s Real=0.00s
[47.032s][info ][gc,start       ] GC(1798) Pause Young (Allocation Failure)
[47.033s][debug][gc,age         ] GC(1798) Desired survivor size 2621440 bytes, new threshold 1 (max threshold 15)
[47.033s][info ][gc,heap        ] GC(1798) PSYoungGen: 345018K(346624K)->1764K(346624K) Eden: 343867K(344064K)->0K(344064K) From: 1150K(2560K)->1764K(2560K)
[47.033s][info ][gc,heap        ] GC(1798) ParOldGen: 141049K(349696K)->141744K(349696K)
[47.033s][info ][gc,metaspace   ] GC(1798) Metaspace: 10324K(10560K)->10324K(10560K) NonClass: 9248K(9344K)->9248K(9344K) Class: 1075K(1216K)->1075K(1216K)
[47.033s][info ][gc             ] GC(1798) Pause Young (Allocation Failure) 474M->140M(680M) 1.014ms
[47.033s][info ][gc,cpu         ] GC(1798) User=0.01s Sys=0.00s Real=0.00s
[47.061s][info ][gc,start       ] GC(1799) Pause Young (Allocation Failure)
[47.062s][debug][gc,age         ] GC(1799) Desired survivor size 2621440 bytes, new threshold 1 (max threshold 15)
[47.062s][info ][gc,heap        ] GC(1799) PSYoungGen: 345771K(346624K)->1691K(346624K) Eden: 344007K(344064K)->0K(344064K) From: 1764K(2560K)->1691K(2560K)
[47.062s][info ][gc,heap        ] GC(1799) ParOldGen: 141744K(349696K)->142668K(349696K)
[47.062s][info ][gc,metaspace   ] GC(1799) Metaspace: 10324K(10560K)->10324K(10560K) NonClass: 9248K(9344K)->9248K(9344K) Class: 1075K(1216K)->1075K(1216K)
[47.062s][info ][gc             ] GC(1799) Pause Young (Allocation Failure) 476M->140M(680M) 0.977ms
[47.062s][info ][gc,cpu         ] GC(1799) User=0.00s Sys=0.00s Real=0.00s
[47.090s][info ][gc,start       ] GC(1800) Pause Young (Allocation Failure)
[47.091s][debug][gc,age         ] GC(1800) Desired survivor size 2621440 bytes, new threshold 1 (max threshold 15)
[47.091s][info ][gc,heap        ] GC(1800) PSYoungGen: 345723K(346624K)->1827K(346624K) Eden: 344031K(344064K)->0K(344064K) From: 1691K(2560K)->1827K(2560K)
[47.091s][info ][gc,heap        ] GC(1800) ParOldGen: 142668K(349696K)->143492K(349696K)
[47.091s][info ][gc,metaspace   ] GC(1800) Metaspace: 10324K(10560K)->10324K(10560K) NonClass: 9248K(9344K)->9248K(9344K) Class: 1075K(1216K)->1075K(1216K)
[47.091s][info ][gc             ] GC(1800) Pause Young (Allocation Failure) 476M->141M(680M) 0.941ms
[47.091s][info ][gc,cpu         ] GC(1800) User=0.01s Sys=0.00s Real=0.00s
[47.120s][info ][gc,start       ] GC(1801) Pause Young (Allocation Failure)
[47.121s][debug][gc,age         ] GC(1801) Desired survivor size 2621440 bytes, new threshold 1 (max threshold 15)
[47.121s][info ][gc,heap        ] GC(1801) PSYoungGen: 345872K(346624K)->1837K(346624K) Eden: 344044K(344064K)->0K(344064K) From: 1827K(2560K)->1837K(2560K)
[47.121s][info ][gc,heap        ] GC(1801) ParOldGen: 143492K(349696K)->144370K(349696K)
[47.121s][info ][gc,metaspace   ] GC(1801) Metaspace: 10324K(10560K)->10324K(10560K) NonClass: 9248K(9344K)->9248K(9344K) Class: 1075K(1216K)->1075K(1216K)
[47.121s][info ][gc             ] GC(1801) Pause Young (Allocation Failure) 477M->142M(680M) 1.109ms
[47.121s][info ][gc,cpu         ] GC(1801) User=0.01s Sys=0.00s Real=0.00s
[47.149s][info ][gc,start       ] GC(1802) Pause Young (Allocation Failure)
[47.150s][debug][gc,age         ] GC(1802) Desired survivor size 2621440 bytes, new threshold 1 (max threshold 15)
[47.150s][info ][gc,heap        ] GC(1802) PSYoungGen: 345766K(346624K)->1630K(346624K) Eden: 343928K(344064K)->0K(344064K) From: 1837K(2560K)->1630K(2560K)
[47.150s][info ][gc,heap        ] GC(1802) ParOldGen: 144370K(349696K)->145028K(349696K)
[47.150s][info ][gc,metaspace   ] GC(1802) Metaspace: 10324K(10560K)->10324K(10560K) NonClass: 9248K(9344K)->9248K(9344K) Class: 1075K(1216K)->1075K(1216K)
[47.150s][info ][gc             ] GC(1802) Pause Young (Allocation Failure) 478M->143M(680M) 0.950ms
[47.150s][info ][gc,cpu         ] GC(1802) User=0.00s Sys=0.00s Real=0.00s
[47.178s][info ][gc,start       ] GC(1803) Pause Young (Allocation Failure)
[47.179s][debug][gc,age         ] GC(1803) Desired survivor size 2621440 bytes, new threshold 1 (max threshold 15)
[47.179s][info ][gc,heap        ] GC(1803) PSYoungGen: 345635K(346624K)->1533K(346624K) Eden: 344004K(344064K)->0K(344064K) From: 1630K(2560K)->1533K(2560K)
[47.179s][info ][gc,heap        ] GC(1803) ParOldGen: 145028K(349696K)->145839K(349696K)
[47.179s][info ][gc,metaspace   ] GC(1803) Metaspace: 10324K(10560K)->10324K(10560K) NonClass: 9248K(9344K)->9248K(9344K) Class: 1075K(1216K)->1075K(1216K)
[47.179s][info ][gc             ] GC(1803) Pause Young (Allocation Failure) 479M->143M(680M) 0.992ms
[47.179s][info ][gc,cpu         ] GC(1803) User=0.00s Sys=0.00s Real=0.00s
[96.224s][info ][gc,heap,exit   ] Heap
[96.225s][info ][gc,heap,exit   ]  PSYoungGen      total 346624K, used 41202K [0x00000007eab00000, 0x0000000800000000, 0x0000000800000000)
[96.225s][info ][gc,heap,exit   ]   eden space 344064K, 11% used [0x00000007eab00000,0x00000007ed1bd610,0x00000007ffb00000)
[96.225s][info ][gc,heap,exit   ]   from space 2560K, 59% used [0x00000007ffb00000,0x00000007ffc7f4c0,0x00000007ffd80000)
[96.225s][info ][gc,heap,exit   ]   to   space 2560K, 0% used [0x00000007ffd80000,0x00000007ffd80000,0x0000000800000000)
[96.225s][info ][gc,heap,exit   ]  ParOldGen       total 349696K, used 145839K [0x00000007c0000000, 0x00000007d5580000, 0x00000007eab00000)
[96.225s][info ][gc,heap,exit   ]   object space 349696K, 41% used [0x00000007c0000000,0x00000007c8e6bcc0,0x00000007d5580000)
[96.225s][info ][gc,heap,exit   ]  Metaspace       used 10375K, committed 10624K, reserved 1114112K
[96.225s][info ][gc,heap,exit   ]   class space    used 1084K, committed 1216K, reserved 1048576K
